Cleared: /home/shamim_ist/BN_Agent/workspace/der/bn_analysis.json
Cleared: /home/shamim_ist/BN_Agent/workspace/der/last_proposed_bn.jsonl
Cleared: /home/shamim_ist/BN_Agent/workspace/der/dangerous_cpt_report.json
Cleared: /home/shamim_ist/BN_Agent/workspace/der/failure_parameter_statistics.json
Cleared: /home/shamim_ist/BN_Agent/workspace/der/restart_final_bns.jsonl

==============================
PIPELINE RESTART #0
==============================
Cleared: /home/shamim_ist/BN_Agent/workspace/der/bn_analysis.json
Cleared: /home/shamim_ist/BN_Agent/workspace/der/last_proposed_bn.jsonl
Cleared: /home/shamim_ist/BN_Agent/workspace/der/dangerous_cpt_report.json
Cleared: /home/shamim_ist/BN_Agent/workspace/der/failure_parameter_statistics.json

===================================================
Dataset: /home/shamim_ist/BN_Agent/datasets/der/combined_train_scenarios.csv
===================================================
Accuracy: 68.06 %
Total: 72
Successes: 49
Failures: 23
Flawed BN Accuracy: 68.06%
Initial Acceptance Threshold: 77.64%

Initial Generation Attempt 0

Additional Parent Nodes Required for CPT Activation (0)

Activation trace saved to /home/shamim_ist/BN_Agent/workspace/der/activation_trace.csv
Failure parameter statistics saved to '/home/shamim_ist/BN_Agent/workspace/der/failure_parameter_statistics.json'
Valid danger report received on attempt 1.

===================================================

Accuracy: 68.06%

Workflow analysis for BN #0 stored in /home/shamim_ist/BN_Agent/workspace/der/bn_analysis.json
Valid response received on attempt 1.
Selected baseline BN: 0

===================================================
Dataset: /home/shamim_ist/BN_Agent/datasets/der/combined_train_scenarios.csv
===================================================
Accuracy: 63.89 %
Total: 72
Successes: 46
Failures: 26

Candidate 1: Accuracy = 0.6389, Failures = 26, Successes = 46

===================================================
Dataset: /home/shamim_ist/BN_Agent/datasets/der/combined_train_scenarios.csv
===================================================
Accuracy: 62.5 %
Total: 72
Successes: 45
Failures: 27

Candidate 2: Accuracy = 0.6250, Failures = 27, Successes = 45

===================================================
Dataset: /home/shamim_ist/BN_Agent/datasets/der/combined_train_scenarios.csv
===================================================
Accuracy: 63.89 %
Total: 72
Successes: 46
Failures: 26

Candidate 3: Accuracy = 0.6389, Failures = 26, Successes = 46

========================================
BEST REFINEMENT CANDIDATE
========================================
Candidate 1
Accuracy: 0.6389
Failures: 26
Successes: 46

===================================================
Dataset: /home/shamim_ist/BN_Agent/datasets/der/combined_train_scenarios.csv
===================================================
Accuracy: 63.89 %
Total: 72
Successes: 46
Failures: 26
Accuracy = 63.89%

Initial Generation Attempt 1
Removed workflow analysis for BN #0 from /home/shamim_ist/BN_Agent/workspace/der/bn_analysis.json

Additional Parent Nodes Required for CPT Activation (0)

Activation trace saved to /home/shamim_ist/BN_Agent/workspace/der/activation_trace.csv
Failure parameter statistics saved to '/home/shamim_ist/BN_Agent/workspace/der/failure_parameter_statistics.json'
Valid danger report received on attempt 1.

===================================================

Accuracy: 68.06%

Workflow analysis for BN #0 stored in /home/shamim_ist/BN_Agent/workspace/der/bn_analysis.json
Valid response received on attempt 1.
Selected baseline BN: 0

===================================================
Dataset: /home/shamim_ist/BN_Agent/datasets/der/combined_train_scenarios.csv
===================================================
Accuracy: 72.22 %
Total: 72
Successes: 52
Failures: 20

Candidate 1: Accuracy = 0.7222, Failures = 20, Successes = 52

===================================================
Dataset: /home/shamim_ist/BN_Agent/datasets/der/combined_train_scenarios.csv
===================================================
Accuracy: 69.44 %
Total: 72
Successes: 50
Failures: 22

Candidate 2: Accuracy = 0.6944, Failures = 22, Successes = 50

===================================================
Dataset: /home/shamim_ist/BN_Agent/datasets/der/combined_train_scenarios.csv
===================================================
Accuracy: 68.06 %
Total: 72
Successes: 49
Failures: 23

Candidate 3: Accuracy = 0.6806, Failures = 23, Successes = 49

========================================
BEST REFINEMENT CANDIDATE
========================================
Candidate 1
Accuracy: 0.7222
Failures: 20
Successes: 52

===================================================
Dataset: /home/shamim_ist/BN_Agent/datasets/der/combined_train_scenarios.csv
===================================================
Accuracy: 72.22 %
Total: 72
Successes: 52
Failures: 20
Accuracy = 72.22%

Initial Generation Attempt 2
Removed workflow analysis for BN #0 from /home/shamim_ist/BN_Agent/workspace/der/bn_analysis.json

Additional Parent Nodes Required for CPT Activation (0)

Activation trace saved to /home/shamim_ist/BN_Agent/workspace/der/activation_trace.csv
Failure parameter statistics saved to '/home/shamim_ist/BN_Agent/workspace/der/failure_parameter_statistics.json'
Valid danger report received on attempt 1.

===================================================

Accuracy: 68.06%

Workflow analysis for BN #0 stored in /home/shamim_ist/BN_Agent/workspace/der/bn_analysis.json
[Format Retry 1/3] Expecting ',' delimiter: line 95 column 13 (char 2027)
Valid response received on attempt 2.
Selected baseline BN: 0

===================================================
Dataset: /home/shamim_ist/BN_Agent/datasets/der/combined_train_scenarios.csv
===================================================
Accuracy: 72.22 %
Total: 72
Successes: 52
Failures: 20

Candidate 1: Accuracy = 0.7222, Failures = 20, Successes = 52

===================================================
Dataset: /home/shamim_ist/BN_Agent/datasets/der/combined_train_scenarios.csv
===================================================
Accuracy: 69.44 %
Total: 72
Successes: 50
Failures: 22

Candidate 2: Accuracy = 0.6944, Failures = 22, Successes = 50

===================================================
Dataset: /home/shamim_ist/BN_Agent/datasets/der/combined_train_scenarios.csv
===================================================
Accuracy: 69.44 %
Total: 72
Successes: 50
Failures: 22

Candidate 3: Accuracy = 0.6944, Failures = 22, Successes = 50

========================================
BEST REFINEMENT CANDIDATE
========================================
Candidate 1
Accuracy: 0.7222
Failures: 20
Successes: 52

===================================================
Dataset: /home/shamim_ist/BN_Agent/datasets/der/combined_train_scenarios.csv
===================================================
Accuracy: 72.22 %
Total: 72
Successes: 52
Failures: 20
Accuracy = 72.22%
Threshold (77.64%) not reached after 3 attempts. Using best generated BN (72.22%).
Removed workflow analysis for BN #0 from /home/shamim_ist/BN_Agent/workspace/der/bn_analysis.json

Initial BN generated

===== ITERATION 2 =====

===================================================
Dataset: /home/shamim_ist/BN_Agent/datasets/der/combined_train_scenarios.csv
===================================================
Accuracy: 72.22 %
Total: 72
Successes: 52
Failures: 20

Additional Parent Nodes Required for CPT Activation (0)

Activation trace saved to /home/shamim_ist/BN_Agent/workspace/der/activation_trace.csv
Failure parameter statistics saved to '/home/shamim_ist/BN_Agent/workspace/der/failure_parameter_statistics.json'
Valid danger report received on attempt 1.

===================================================

Accuracy: 72.22%

Workflow analysis for BN #1 stored in /home/shamim_ist/BN_Agent/workspace/der/bn_analysis.json
[Format Retry 1/3] Expecting ',' delimiter: line 151 column 13 (char 3193)
Valid response received on attempt 2.
Selected baseline BN: 1

===================================================
Dataset: /home/shamim_ist/BN_Agent/datasets/der/combined_train_scenarios.csv
===================================================
Accuracy: 72.22 %
Total: 72
Successes: 52
Failures: 20

Candidate 1: Accuracy = 0.7222, Failures = 20, Successes = 52

===================================================
Dataset: /home/shamim_ist/BN_Agent/datasets/der/combined_train_scenarios.csv
===================================================
Accuracy: 76.39 %
Total: 72
Successes: 55
Failures: 17

Candidate 2: Accuracy = 0.7639, Failures = 17, Successes = 55

===================================================
Dataset: /home/shamim_ist/BN_Agent/datasets/der/combined_train_scenarios.csv
===================================================
Accuracy: 73.61 %
Total: 72
Successes: 53
Failures: 19

Candidate 3: Accuracy = 0.7361, Failures = 19, Successes = 53

========================================
BEST REFINEMENT CANDIDATE
========================================
Candidate 2
Accuracy: 0.7639
Failures: 17
Successes: 55

===================================================
Dataset: /home/shamim_ist/BN_Agent/datasets/der/combined_train_scenarios.csv
===================================================
Accuracy: 76.39 %
Total: 72
Successes: 55
Failures: 17

Accuracy improved from 72.22% to 76.39%.

===== ITERATION 3 =====

===================================================
Dataset: /home/shamim_ist/BN_Agent/datasets/der/combined_train_scenarios.csv
===================================================
Accuracy: 76.39 %
Total: 72
Successes: 55
Failures: 17

Additional Parent Nodes Required for CPT Activation (0)

Activation trace saved to /home/shamim_ist/BN_Agent/workspace/der/activation_trace.csv
Failure parameter statistics saved to '/home/shamim_ist/BN_Agent/workspace/der/failure_parameter_statistics.json'
Valid danger report received on attempt 1.

===================================================

Accuracy: 76.39%

Workflow analysis for BN #2 stored in /home/shamim_ist/BN_Agent/workspace/der/bn_analysis.json
Valid response received on attempt 1.
Selected baseline BN: 2

===================================================
Dataset: /home/shamim_ist/BN_Agent/datasets/der/combined_train_scenarios.csv
===================================================
Accuracy: 76.39 %
Total: 72
Successes: 55
Failures: 17

Candidate 1: Accuracy = 0.7639, Failures = 17, Successes = 55

===================================================
Dataset: /home/shamim_ist/BN_Agent/datasets/der/combined_train_scenarios.csv
===================================================
Accuracy: 76.39 %
Total: 72
Successes: 55
Failures: 17

Candidate 2: Accuracy = 0.7639, Failures = 17, Successes = 55

===================================================
Dataset: /home/shamim_ist/BN_Agent/datasets/der/combined_train_scenarios.csv
===================================================
Accuracy: 73.61 %
Total: 72
Successes: 53
Failures: 19

Candidate 3: Accuracy = 0.7361, Failures = 19, Successes = 53

========================================
BEST REFINEMENT CANDIDATE
========================================
Candidate 1
Accuracy: 0.7639
Failures: 17
Successes: 55

===================================================
Dataset: /home/shamim_ist/BN_Agent/datasets/der/combined_train_scenarios.csv
===================================================
Accuracy: 76.39 %
Total: 72
Successes: 55
Failures: 17

Accuracy did not improve. Need improvement from 76.39% 
Removed 1 record(s) with bn_number=3
Valid response received on attempt 1.
Selected baseline BN: 2

===================================================
Dataset: /home/shamim_ist/BN_Agent/datasets/der/combined_train_scenarios.csv
===================================================
Accuracy: 73.61 %
Total: 72
Successes: 53
Failures: 19

Candidate 1: Accuracy = 0.7361, Failures = 19, Successes = 53

===================================================
Dataset: /home/shamim_ist/BN_Agent/datasets/der/combined_train_scenarios.csv
===================================================
Accuracy: 79.17 %
Total: 72
Successes: 57
Failures: 15

Candidate 2: Accuracy = 0.7917, Failures = 15, Successes = 57

===================================================
Dataset: /home/shamim_ist/BN_Agent/datasets/der/combined_train_scenarios.csv
===================================================
Accuracy: 73.61 %
Total: 72
Successes: 53
Failures: 19

Candidate 3: Accuracy = 0.7361, Failures = 19, Successes = 53

========================================
BEST REFINEMENT CANDIDATE
========================================
Candidate 2
Accuracy: 0.7917
Failures: 15
Successes: 57

===================================================
Dataset: /home/shamim_ist/BN_Agent/datasets/der/combined_train_scenarios.csv
===================================================
Accuracy: 79.17 %
Total: 72
Successes: 57
Failures: 15

Accuracy improved from 76.39% to 79.17%.

===== ITERATION 4 =====

===================================================
Dataset: /home/shamim_ist/BN_Agent/datasets/der/combined_train_scenarios.csv
===================================================
Accuracy: 79.17 %
Total: 72
Successes: 57
Failures: 15

Additional Parent Nodes Required for CPT Activation (0)

Activation trace saved to /home/shamim_ist/BN_Agent/workspace/der/activation_trace.csv
Failure parameter statistics saved to '/home/shamim_ist/BN_Agent/workspace/der/failure_parameter_statistics.json'
Valid danger report received on attempt 1.

===================================================

Accuracy: 79.17%

Workflow analysis for BN #3 stored in /home/shamim_ist/BN_Agent/workspace/der/bn_analysis.json
[Format Retry 1/3] Expecting ',' delimiter: line 224 column 13 (char 4679)
Valid response received on attempt 2.
Selected baseline BN: 3

===================================================
Dataset: /home/shamim_ist/BN_Agent/datasets/der/combined_train_scenarios.csv
===================================================
Accuracy: 76.39 %
Total: 72
Successes: 55
Failures: 17

Candidate 1: Accuracy = 0.7639, Failures = 17, Successes = 55

===================================================
Dataset: /home/shamim_ist/BN_Agent/datasets/der/combined_train_scenarios.csv
===================================================
Accuracy: 79.17 %
Total: 72
Successes: 57
Failures: 15

Candidate 2: Accuracy = 0.7917, Failures = 15, Successes = 57

===================================================
Dataset: /home/shamim_ist/BN_Agent/datasets/der/combined_train_scenarios.csv
===================================================
Accuracy: 77.78 %
Total: 72
Successes: 56
Failures: 16

Candidate 3: Accuracy = 0.7778, Failures = 16, Successes = 56

========================================
BEST REFINEMENT CANDIDATE
========================================
Candidate 2
Accuracy: 0.7917
Failures: 15
Successes: 57

===================================================
Dataset: /home/shamim_ist/BN_Agent/datasets/der/combined_train_scenarios.csv
===================================================
Accuracy: 79.17 %
Total: 72
Successes: 57
Failures: 15

Accuracy did not improve. Need improvement from 79.17% 
Removed 1 record(s) with bn_number=4
Valid response received on attempt 1.
Selected baseline BN: 3

===================================================
Dataset: /home/shamim_ist/BN_Agent/datasets/der/combined_train_scenarios.csv
===================================================
Accuracy: 76.39 %
Total: 72
Successes: 55
Failures: 17

Candidate 1: Accuracy = 0.7639, Failures = 17, Successes = 55

===================================================
Dataset: /home/shamim_ist/BN_Agent/datasets/der/combined_train_scenarios.csv
===================================================
Accuracy: 80.56 %
Total: 72
Successes: 58
Failures: 14

Candidate 2: Accuracy = 0.8056, Failures = 14, Successes = 58

===================================================
Dataset: /home/shamim_ist/BN_Agent/datasets/der/combined_train_scenarios.csv
===================================================
Accuracy: 77.78 %
Total: 72
Successes: 56
Failures: 16

Candidate 3: Accuracy = 0.7778, Failures = 16, Successes = 56

========================================
BEST REFINEMENT CANDIDATE
========================================
Candidate 2
Accuracy: 0.8056
Failures: 14
Successes: 58

===================================================
Dataset: /home/shamim_ist/BN_Agent/datasets/der/combined_train_scenarios.csv
===================================================
Accuracy: 80.56 %
Total: 72
Successes: 58
Failures: 14

Accuracy improved from 79.17% to 80.56%.

===================================================
Dataset: /home/shamim_ist/BN_Agent/datasets/der/combined_train_scenarios.csv
===================================================
Accuracy: 68.06 %
Total: 72
Successes: 49
Failures: 23

===================================================
Dataset: /home/shamim_ist/BN_Agent/datasets/der/combined_train_scenarios.csv
===================================================
Accuracy: 72.22 %
Total: 72
Successes: 52
Failures: 20

===================================================
Dataset: /home/shamim_ist/BN_Agent/datasets/der/combined_train_scenarios.csv
===================================================
Accuracy: 76.39 %
Total: 72
Successes: 55
Failures: 17

===================================================
Dataset: /home/shamim_ist/BN_Agent/datasets/der/combined_train_scenarios.csv
===================================================
Accuracy: 79.17 %
Total: 72
Successes: 57
Failures: 15

===================================================
Dataset: /home/shamim_ist/BN_Agent/datasets/der/combined_train_scenarios.csv
===================================================
Accuracy: 80.56 %
Total: 72
Successes: 58
Failures: 14


Best BN Number: 4
Best BN Accuracy: 0.8055555555555556
Saved CPT identity comparison to /home/shamim_ist/BN_Agent/workspace/der/cpt_comparison_analysis.json
BN number: 4
Agent change verdict: excellent
Expected changed CPTs: ['Execution_Integrity', 'Root_Causes']
Agent changed CPTs: ['Execution_Integrity', 'Root_Causes']
Unexpected changed CPTs: []
{'bn_number': 4, 'agent_changed_cpt_count': 2, 'agent_changed_cpts': ['Execution_Integrity', 'Root_Causes'], 'agent_change_report': {'verdict': 'excellent', 'total_cpts': 20, 'expected_changed_count': 2, 'expected_changed_cpts': ['Execution_Integrity', 'Root_Causes'], 'agent_changed_count': 2, 'agent_changed_cpts': ['Execution_Integrity', 'Root_Causes'], 'matched_expected_count': 2, 'matched_expected_cpts': ['Execution_Integrity', 'Root_Causes'], 'missed_expected_count': 0, 'missed_expected_cpts': [], 'unexpected_changed_count': 0, 'unexpected_changed_cpts': [], 'unflawed_cpt_count': 18, 'untouched_unflawed_count': 18, 'untouched_unflawed_cpts': ['Deviation_in_Dispatch', 'Deviation_in_Response', 'GPTN_1', 'GPTN_2', 'GPTN_3', 'GPTN_5', 'LPTN_1_i', 'LPTN_1_ii', 'LPTN_1_iii', 'LPTN_1_iv', 'LPTN_1_ix', 'LPTN_1_v', 'LPTN_1_vi', 'LPTN_1_viii', 'LPTN_1_x', 'Network_Manipulation', 'Physical_Anomaly', 'Program_Anomaly'], 'expected_change_recall': 1.0, 'unexpected_change_rate': 0.0, 'unflawed_preservation_rate': 1.0}}
======================================================================
Execution_Integrity            0.15672010
  Column 0:
    Flawed : [0.8 0.2]
    Prop   : [0.8 0.2]
    GT     : [0.98 0.02]
  Column 1:
    Flawed : [0.7 0.3]
    Prop   : [0.7 0.3]
    GT     : [0.98 0.02]
  Column 2:
    Flawed : [0.7 0.3]
    Prop   : [0.8 0.2]
    GT     : [0.95 0.05]
  Column 3:
    Flawed : [0.3 0.7]
    Prop   : [0.6 0.4]
    GT     : [0.75 0.25]
  Column 4:
    Flawed : [0.7 0.3]
    Prop   : [0.7 0.3]
    GT     : [0.9 0.1]
  Column 5:
    Flawed : [0.7 0.3]
    Prop   : [0.7 0.3]
    GT     : [0.9 0.1]
  Column 6:
    Flawed : [0.7 0.3]
    Prop   : [0.7 0.3]
    GT     : [0.9 0.1]
  Column 7:
    Flawed : [0.2 0.8]
    Prop   : [0.4 0.6]
    GT     : [0.05 0.95]
----------------------------------------------------------------------
Root_Causes                    0.33683877
  Column 0:
    Flawed : [0.3 0.3 0.4]
    Prop   : [0.35 0.45 0.2 ]
    GT     : [0.05 0.1  0.85]
  Column 1:
    Flawed : [0.2 0.4 0.4]
    Prop   : [0.2 0.6 0.2]
    GT     : [0.05 0.1  0.85]
  Column 2:
    Flawed : [0.4 0.4 0.2]
    Prop   : [0.4  0.45 0.15]
    GT     : [0.33 0.33 0.34]
  Column 3:
    Flawed : [0.15 0.7  0.15]
    Prop   : [0.2  0.65 0.15]
    GT     : [0.05 0.9  0.05]
  Column 4:
    Flawed : [0.15 0.15 0.7 ]
    Prop   : [0.15 0.15 0.7 ]
    GT     : [0.05 0.1  0.85]
  Column 5:
    Flawed : [0.1 0.1 0.8]
    Prop   : [0.1 0.1 0.8]
    GT     : [0.05 0.1  0.85]
  Column 6:
    Flawed : [0.7  0.15 0.15]
    Prop   : [0.6 0.2 0.2]
    GT     : [0.9  0.05 0.05]
  Column 7:
    Flawed : [0.2 0.2 0.6]
    Prop   : [0.2 0.2 0.6]
    GT     : [0.33 0.33 0.34]
----------------------------------------------------------------------
======================================================================
Overall Average CPT KL = 0.05483987
======================================================================
Execution_Integrity            RMSE = 0.22313113
  Column 0:
    Flawed : [0.8 0.2]
    Prop   : [0.8 0.2]
    GT     : [0.98 0.02]
  Column 1:
    Flawed : [0.7 0.3]
    Prop   : [0.7 0.3]
    GT     : [0.98 0.02]
  Column 2:
    Flawed : [0.7 0.3]
    Prop   : [0.8 0.2]
    GT     : [0.95 0.05]
  Column 3:
    Flawed : [0.3 0.7]
    Prop   : [0.6 0.4]
    GT     : [0.75 0.25]
  Column 4:
    Flawed : [0.7 0.3]
    Prop   : [0.7 0.3]
    GT     : [0.9 0.1]
  Column 5:
    Flawed : [0.7 0.3]
    Prop   : [0.7 0.3]
    GT     : [0.9 0.1]
  Column 6:
    Flawed : [0.7 0.3]
    Prop   : [0.7 0.3]
    GT     : [0.9 0.1]
  Column 7:
    Flawed : [0.2 0.8]
    Prop   : [0.4 0.6]
    GT     : [0.05 0.95]
----------------------------------------------------------------------
Root_Causes                    RMSE = 0.27055499
  Column 0:
    Flawed : [0.3 0.3 0.4]
    Prop   : [0.35 0.45 0.2 ]
    GT     : [0.05 0.1  0.85]
  Column 1:
    Flawed : [0.2 0.4 0.4]
    Prop   : [0.2 0.6 0.2]
    GT     : [0.05 0.1  0.85]
  Column 2:
    Flawed : [0.4 0.4 0.2]
    Prop   : [0.4  0.45 0.15]
    GT     : [0.33 0.33 0.34]
  Column 3:
    Flawed : [0.15 0.7  0.15]
    Prop   : [0.2  0.65 0.15]
    GT     : [0.05 0.9  0.05]
  Column 4:
    Flawed : [0.15 0.15 0.7 ]
    Prop   : [0.15 0.15 0.7 ]
    GT     : [0.05 0.1  0.85]
  Column 5:
    Flawed : [0.1 0.1 0.8]
    Prop   : [0.1 0.1 0.8]
    GT     : [0.05 0.1  0.85]
  Column 6:
    Flawed : [0.7  0.15 0.15]
    Prop   : [0.6 0.2 0.2]
    GT     : [0.9  0.05 0.05]
  Column 7:
    Flawed : [0.2 0.2 0.6]
    Prop   : [0.2 0.2 0.6]
    GT     : [0.33 0.33 0.34]
----------------------------------------------------------------------
======================================================================
Overall CPT RMSE = 0.12960974
======================================================================
Execution_Integrity            Hellinger = 0.21035064
  Column 0:
    Flawed : [0.8 0.2]
    Prop   : [0.8 0.2]
    GT     : [0.98 0.02]
  Column 1:
    Flawed : [0.7 0.3]
    Prop   : [0.7 0.3]
    GT     : [0.98 0.02]
  Column 2:
    Flawed : [0.7 0.3]
    Prop   : [0.8 0.2]
    GT     : [0.95 0.05]
  Column 3:
    Flawed : [0.3 0.7]
    Prop   : [0.6 0.4]
    GT     : [0.75 0.25]
  Column 4:
    Flawed : [0.7 0.3]
    Prop   : [0.7 0.3]
    GT     : [0.9 0.1]
  Column 5:
    Flawed : [0.7 0.3]
    Prop   : [0.7 0.3]
    GT     : [0.9 0.1]
  Column 6:
    Flawed : [0.7 0.3]
    Prop   : [0.7 0.3]
    GT     : [0.9 0.1]
  Column 7:
    Flawed : [0.2 0.8]
    Prop   : [0.4 0.6]
    GT     : [0.05 0.95]
----------------------------------------------------------------------
Root_Causes                    Hellinger = 0.25189424
  Column 0:
    Flawed : [0.3 0.3 0.4]
    Prop   : [0.35 0.45 0.2 ]
    GT     : [0.05 0.1  0.85]
  Column 1:
    Flawed : [0.2 0.4 0.4]
    Prop   : [0.2 0.6 0.2]
    GT     : [0.05 0.1  0.85]
  Column 2:
    Flawed : [0.4 0.4 0.2]
    Prop   : [0.4  0.45 0.15]
    GT     : [0.33 0.33 0.34]
  Column 3:
    Flawed : [0.15 0.7  0.15]
    Prop   : [0.2  0.65 0.15]
    GT     : [0.05 0.9  0.05]
  Column 4:
    Flawed : [0.15 0.15 0.7 ]
    Prop   : [0.15 0.15 0.7 ]
    GT     : [0.05 0.1  0.85]
  Column 5:
    Flawed : [0.1 0.1 0.8]
    Prop   : [0.1 0.1 0.8]
    GT     : [0.05 0.1  0.85]
  Column 6:
    Flawed : [0.7  0.15 0.15]
    Prop   : [0.6 0.2 0.2]
    GT     : [0.9  0.05 0.05]
  Column 7:
    Flawed : [0.2 0.2 0.6]
    Prop   : [0.2 0.2 0.6]
    GT     : [0.33 0.33 0.34]
----------------------------------------------------------------------
======================================================================
Overall Average Hellinger = 0.05136054
###------------------------------###

Restart 0 finished.
###------------------------------###

==============================
PIPELINE RESTART #1
==============================
Cleared: /home/shamim_ist/BN_Agent/workspace/der/bn_analysis.json
Cleared: /home/shamim_ist/BN_Agent/workspace/der/last_proposed_bn.jsonl
Cleared: /home/shamim_ist/BN_Agent/workspace/der/dangerous_cpt_report.json
Cleared: /home/shamim_ist/BN_Agent/workspace/der/failure_parameter_statistics.json

===================================================
Dataset: /home/shamim_ist/BN_Agent/datasets/der/combined_train_scenarios.csv
===================================================
Accuracy: 68.06 %
Total: 72
Successes: 49
Failures: 23
Flawed BN Accuracy: 68.06%
Initial Acceptance Threshold: 77.64%

Initial Generation Attempt 0

Additional Parent Nodes Required for CPT Activation (0)

Activation trace saved to /home/shamim_ist/BN_Agent/workspace/der/activation_trace.csv
Failure parameter statistics saved to '/home/shamim_ist/BN_Agent/workspace/der/failure_parameter_statistics.json'
Valid danger report received on attempt 1.

===================================================

Accuracy: 68.06%

Workflow analysis for BN #0 stored in /home/shamim_ist/BN_Agent/workspace/der/bn_analysis.json
Valid response received on attempt 1.
Selected baseline BN: 0

===================================================
Dataset: /home/shamim_ist/BN_Agent/datasets/der/combined_train_scenarios.csv
===================================================
Accuracy: 44.44 %
Total: 72
Successes: 32
Failures: 40

Candidate 1: Accuracy = 0.4444, Failures = 40, Successes = 32

===================================================
Dataset: /home/shamim_ist/BN_Agent/datasets/der/combined_train_scenarios.csv
===================================================
Accuracy: 79.17 %
Total: 72
Successes: 57
Failures: 15

Candidate 2: Accuracy = 0.7917, Failures = 15, Successes = 57

===================================================
Dataset: /home/shamim_ist/BN_Agent/datasets/der/combined_train_scenarios.csv
===================================================
Accuracy: 51.39 %
Total: 72
Successes: 37
Failures: 35

Candidate 3: Accuracy = 0.5139, Failures = 35, Successes = 37

========================================
BEST REFINEMENT CANDIDATE
========================================
Candidate 2
Accuracy: 0.7917
Failures: 15
Successes: 57

===================================================
Dataset: /home/shamim_ist/BN_Agent/datasets/der/combined_train_scenarios.csv
===================================================
Accuracy: 79.17 %
Total: 72
Successes: 57
Failures: 15
Accuracy = 79.17%
Initial BN accepted.
Accepted initial BN (79.17%).
Removed workflow analysis for BN #0 from /home/shamim_ist/BN_Agent/workspace/der/bn_analysis.json

Initial BN generated

===== ITERATION 2 =====

===================================================
Dataset: /home/shamim_ist/BN_Agent/datasets/der/combined_train_scenarios.csv
===================================================
Accuracy: 79.17 %
Total: 72
Successes: 57
Failures: 15

Additional Parent Nodes Required for CPT Activation (0)

Activation trace saved to /home/shamim_ist/BN_Agent/workspace/der/activation_trace.csv
Failure parameter statistics saved to '/home/shamim_ist/BN_Agent/workspace/der/failure_parameter_statistics.json'
Valid danger report received on attempt 1.

===================================================

Accuracy: 79.17%

Workflow analysis for BN #1 stored in /home/shamim_ist/BN_Agent/workspace/der/bn_analysis.json
Valid response received on attempt 1.
Selected baseline BN: 1

===================================================
Dataset: /home/shamim_ist/BN_Agent/datasets/der/combined_train_scenarios.csv
===================================================
Accuracy: 79.17 %
Total: 72
Successes: 57
Failures: 15

Candidate 1: Accuracy = 0.7917, Failures = 15, Successes = 57

===================================================
Dataset: /home/shamim_ist/BN_Agent/datasets/der/combined_train_scenarios.csv
===================================================
Accuracy: 79.17 %
Total: 72
Successes: 57
Failures: 15

Candidate 2: Accuracy = 0.7917, Failures = 15, Successes = 57

===================================================
Dataset: /home/shamim_ist/BN_Agent/datasets/der/combined_train_scenarios.csv
===================================================
Accuracy: 75.0 %
Total: 72
Successes: 54
Failures: 18

Candidate 3: Accuracy = 0.7500, Failures = 18, Successes = 54

========================================
BEST REFINEMENT CANDIDATE
========================================
Candidate 1
Accuracy: 0.7917
Failures: 15
Successes: 57

===================================================
Dataset: /home/shamim_ist/BN_Agent/datasets/der/combined_train_scenarios.csv
===================================================
Accuracy: 79.17 %
Total: 72
Successes: 57
Failures: 15

Accuracy did not improve. Need improvement from 79.17% 
Removed 1 record(s) with bn_number=2
Valid response received on attempt 1.
Selected baseline BN: 1

===================================================
Dataset: /home/shamim_ist/BN_Agent/datasets/der/combined_train_scenarios.csv
===================================================
Accuracy: 79.17 %
Total: 72
Successes: 57
Failures: 15

Candidate 1: Accuracy = 0.7917, Failures = 15, Successes = 57

===================================================
Dataset: /home/shamim_ist/BN_Agent/datasets/der/combined_train_scenarios.csv
===================================================
Accuracy: 79.17 %
Total: 72
Successes: 57
Failures: 15

Candidate 2: Accuracy = 0.7917, Failures = 15, Successes = 57

===================================================
Dataset: /home/shamim_ist/BN_Agent/datasets/der/combined_train_scenarios.csv
===================================================
Accuracy: 76.39 %
Total: 72
Successes: 55
Failures: 17

Candidate 3: Accuracy = 0.7639, Failures = 17, Successes = 55

========================================
BEST REFINEMENT CANDIDATE
========================================
Candidate 1
Accuracy: 0.7917
Failures: 15
Successes: 57

===================================================
Dataset: /home/shamim_ist/BN_Agent/datasets/der/combined_train_scenarios.csv
===================================================
Accuracy: 79.17 %
Total: 72
Successes: 57
Failures: 15
Removed 1 record(s) with bn_number=2
[Format Retry 1/3] Expecting ',' delimiter: line 224 column 13 (char 4691)
Valid response received on attempt 2.
Selected baseline BN: 1

===================================================
Dataset: /home/shamim_ist/BN_Agent/datasets/der/combined_train_scenarios.csv
===================================================
Accuracy: 70.83 %
Total: 72
Successes: 51
Failures: 21

Candidate 1: Accuracy = 0.7083, Failures = 21, Successes = 51

===================================================
Dataset: /home/shamim_ist/BN_Agent/datasets/der/combined_train_scenarios.csv
===================================================
Accuracy: 77.78 %
Total: 72
Successes: 56
Failures: 16

Candidate 2: Accuracy = 0.7778, Failures = 16, Successes = 56

===================================================
Dataset: /home/shamim_ist/BN_Agent/datasets/der/combined_train_scenarios.csv
===================================================
Accuracy: 76.39 %
Total: 72
Successes: 55
Failures: 17

Candidate 3: Accuracy = 0.7639, Failures = 17, Successes = 55

========================================
BEST REFINEMENT CANDIDATE
========================================
Candidate 2
Accuracy: 0.7778
Failures: 16
Successes: 56

===================================================
Dataset: /home/shamim_ist/BN_Agent/datasets/der/combined_train_scenarios.csv
===================================================
Accuracy: 77.78 %
Total: 72
Successes: 56
Failures: 16
Removed 1 record(s) with bn_number=2
Valid response received on attempt 1.
Selected baseline BN: 1

===================================================
Dataset: /home/shamim_ist/BN_Agent/datasets/der/combined_train_scenarios.csv
===================================================
Accuracy: 79.17 %
Total: 72
Successes: 57
Failures: 15

Candidate 1: Accuracy = 0.7917, Failures = 15, Successes = 57

===================================================
Dataset: /home/shamim_ist/BN_Agent/datasets/der/combined_train_scenarios.csv
===================================================
Accuracy: 79.17 %
Total: 72
Successes: 57
Failures: 15

Candidate 2: Accuracy = 0.7917, Failures = 15, Successes = 57

===================================================
Dataset: /home/shamim_ist/BN_Agent/datasets/der/combined_train_scenarios.csv
===================================================
Accuracy: 79.17 %
Total: 72
Successes: 57
Failures: 15

Candidate 3: Accuracy = 0.7917, Failures = 15, Successes = 57

========================================
BEST REFINEMENT CANDIDATE
========================================
Candidate 1
Accuracy: 0.7917
Failures: 15
Successes: 57

===================================================
Dataset: /home/shamim_ist/BN_Agent/datasets/der/combined_train_scenarios.csv
===================================================
Accuracy: 79.17 %
Total: 72
Successes: 57
Failures: 15

No improvement after 3 retries. Selecting best retry candidate (accuracy=79.17%).
Removed 1 record(s) with bn_number=2
Continuing with retry candidate (accuracy=79.17%).

===== ITERATION 3 =====

===================================================
Dataset: /home/shamim_ist/BN_Agent/datasets/der/combined_train_scenarios.csv
===================================================
Accuracy: 79.17 %
Total: 72
Successes: 57
Failures: 15

Additional Parent Nodes Required for CPT Activation (0)

Activation trace saved to /home/shamim_ist/BN_Agent/workspace/der/activation_trace.csv
Failure parameter statistics saved to '/home/shamim_ist/BN_Agent/workspace/der/failure_parameter_statistics.json'
Valid danger report received on attempt 1.

===================================================

Accuracy: 79.17%

Workflow analysis for BN #2 stored in /home/shamim_ist/BN_Agent/workspace/der/bn_analysis.json
Valid response received on attempt 1.
Selected baseline BN: 1

===================================================
Dataset: /home/shamim_ist/BN_Agent/datasets/der/combined_train_scenarios.csv
===================================================
Accuracy: 75.0 %
Total: 72
Successes: 54
Failures: 18

Candidate 1: Accuracy = 0.7500, Failures = 18, Successes = 54

===================================================
Dataset: /home/shamim_ist/BN_Agent/datasets/der/combined_train_scenarios.csv
===================================================
Accuracy: 77.78 %
Total: 72
Successes: 56
Failures: 16

Candidate 2: Accuracy = 0.7778, Failures = 16, Successes = 56

===================================================
Dataset: /home/shamim_ist/BN_Agent/datasets/der/combined_train_scenarios.csv
===================================================
Accuracy: 79.17 %
Total: 72
Successes: 57
Failures: 15

Candidate 3: Accuracy = 0.7917, Failures = 15, Successes = 57

========================================
BEST REFINEMENT CANDIDATE
========================================
Candidate 3
Accuracy: 0.7917
Failures: 15
Successes: 57

===================================================
Dataset: /home/shamim_ist/BN_Agent/datasets/der/combined_train_scenarios.csv
===================================================
Accuracy: 79.17 %
Total: 72
Successes: 57
Failures: 15

Accuracy did not improve. Need improvement from 79.17% 
Removed 1 record(s) with bn_number=3
Valid response received on attempt 1.
Selected baseline BN: 1

===================================================
Dataset: /home/shamim_ist/BN_Agent/datasets/der/combined_train_scenarios.csv
===================================================
Accuracy: 79.17 %
Total: 72
Successes: 57
Failures: 15

Candidate 1: Accuracy = 0.7917, Failures = 15, Successes = 57

===================================================
Dataset: /home/shamim_ist/BN_Agent/datasets/der/combined_train_scenarios.csv
===================================================
Accuracy: 79.17 %
Total: 72
Successes: 57
Failures: 15

Candidate 2: Accuracy = 0.7917, Failures = 15, Successes = 57

===================================================
Dataset: /home/shamim_ist/BN_Agent/datasets/der/combined_train_scenarios.csv
===================================================
Accuracy: 77.78 %
Total: 72
Successes: 56
Failures: 16

Candidate 3: Accuracy = 0.7778, Failures = 16, Successes = 56

========================================
BEST REFINEMENT CANDIDATE
========================================
Candidate 1
Accuracy: 0.7917
Failures: 15
Successes: 57

===================================================
Dataset: /home/shamim_ist/BN_Agent/datasets/der/combined_train_scenarios.csv
===================================================
Accuracy: 79.17 %
Total: 72
Successes: 57
Failures: 15
Removed 1 record(s) with bn_number=3
Valid response received on attempt 1.
Selected baseline BN: 1

===================================================
Dataset: /home/shamim_ist/BN_Agent/datasets/der/combined_train_scenarios.csv
===================================================
Accuracy: 79.17 %
Total: 72
Successes: 57
Failures: 15

Candidate 1: Accuracy = 0.7917, Failures = 15, Successes = 57

===================================================
Dataset: /home/shamim_ist/BN_Agent/datasets/der/combined_train_scenarios.csv
===================================================
Accuracy: 79.17 %
Total: 72
Successes: 57
Failures: 15

Candidate 2: Accuracy = 0.7917, Failures = 15, Successes = 57

===================================================
Dataset: /home/shamim_ist/BN_Agent/datasets/der/combined_train_scenarios.csv
===================================================
Accuracy: 76.39 %
Total: 72
Successes: 55
Failures: 17

Candidate 3: Accuracy = 0.7639, Failures = 17, Successes = 55

========================================
BEST REFINEMENT CANDIDATE
========================================
Candidate 1
Accuracy: 0.7917
Failures: 15
Successes: 57

===================================================
Dataset: /home/shamim_ist/BN_Agent/datasets/der/combined_train_scenarios.csv
===================================================
Accuracy: 79.17 %
Total: 72
Successes: 57
Failures: 15
Removed 1 record(s) with bn_number=3
Valid response received on attempt 1.
Selected baseline BN: 1

===================================================
Dataset: /home/shamim_ist/BN_Agent/datasets/der/combined_train_scenarios.csv
===================================================
Accuracy: 79.17 %
Total: 72
Successes: 57
Failures: 15

Candidate 1: Accuracy = 0.7917, Failures = 15, Successes = 57

===================================================
Dataset: /home/shamim_ist/BN_Agent/datasets/der/combined_train_scenarios.csv
===================================================
Accuracy: 79.17 %
Total: 72
Successes: 57
Failures: 15

Candidate 2: Accuracy = 0.7917, Failures = 15, Successes = 57

===================================================
Dataset: /home/shamim_ist/BN_Agent/datasets/der/combined_train_scenarios.csv
===================================================
Accuracy: 79.17 %
Total: 72
Successes: 57
Failures: 15

Candidate 3: Accuracy = 0.7917, Failures = 15, Successes = 57

========================================
BEST REFINEMENT CANDIDATE
========================================
Candidate 1
Accuracy: 0.7917
Failures: 15
Successes: 57

===================================================
Dataset: /home/shamim_ist/BN_Agent/datasets/der/combined_train_scenarios.csv
===================================================
Accuracy: 79.17 %
Total: 72
Successes: 57
Failures: 15

No improvement after 3 retries. Selecting best retry candidate (accuracy=79.17%).
Removed 1 record(s) with bn_number=3
Continuing with retry candidate (accuracy=79.17%).

===== ITERATION 4 =====

===================================================
Dataset: /home/shamim_ist/BN_Agent/datasets/der/combined_train_scenarios.csv
===================================================
Accuracy: 79.17 %
Total: 72
Successes: 57
Failures: 15

Additional Parent Nodes Required for CPT Activation (0)

Activation trace saved to /home/shamim_ist/BN_Agent/workspace/der/activation_trace.csv
Failure parameter statistics saved to '/home/shamim_ist/BN_Agent/workspace/der/failure_parameter_statistics.json'
Valid danger report received on attempt 1.

===================================================

Accuracy: 79.17%

Workflow analysis for BN #3 stored in /home/shamim_ist/BN_Agent/workspace/der/bn_analysis.json
Valid response received on attempt 1.
Selected baseline BN: 1

===================================================
Dataset: /home/shamim_ist/BN_Agent/datasets/der/combined_train_scenarios.csv
===================================================
Accuracy: 79.17 %
Total: 72
Successes: 57
Failures: 15

Candidate 1: Accuracy = 0.7917, Failures = 15, Successes = 57

===================================================
Dataset: /home/shamim_ist/BN_Agent/datasets/der/combined_train_scenarios.csv
===================================================
Accuracy: 79.17 %
Total: 72
Successes: 57
Failures: 15

Candidate 2: Accuracy = 0.7917, Failures = 15, Successes = 57

===================================================
Dataset: /home/shamim_ist/BN_Agent/datasets/der/combined_train_scenarios.csv
===================================================
Accuracy: 76.39 %
Total: 72
Successes: 55
Failures: 17

Candidate 3: Accuracy = 0.7639, Failures = 17, Successes = 55

========================================
BEST REFINEMENT CANDIDATE
========================================
Candidate 1
Accuracy: 0.7917
Failures: 15
Successes: 57

===================================================
Dataset: /home/shamim_ist/BN_Agent/datasets/der/combined_train_scenarios.csv
===================================================
Accuracy: 79.17 %
Total: 72
Successes: 57
Failures: 15

Accuracy did not improve. Need improvement from 79.17% 
Removed 1 record(s) with bn_number=4
Valid response received on attempt 1.
Selected baseline BN: 1

===================================================
Dataset: /home/shamim_ist/BN_Agent/datasets/der/combined_train_scenarios.csv
===================================================
Accuracy: 75.0 %
Total: 72
Successes: 54
Failures: 18

Candidate 1: Accuracy = 0.7500, Failures = 18, Successes = 54

===================================================
Dataset: /home/shamim_ist/BN_Agent/datasets/der/combined_train_scenarios.csv
===================================================
Accuracy: 77.78 %
Total: 72
Successes: 56
Failures: 16

Candidate 2: Accuracy = 0.7778, Failures = 16, Successes = 56

===================================================
Dataset: /home/shamim_ist/BN_Agent/datasets/der/combined_train_scenarios.csv
===================================================
Accuracy: 79.17 %
Total: 72
Successes: 57
Failures: 15

Candidate 3: Accuracy = 0.7917, Failures = 15, Successes = 57

========================================
BEST REFINEMENT CANDIDATE
========================================
Candidate 3
Accuracy: 0.7917
Failures: 15
Successes: 57

===================================================
Dataset: /home/shamim_ist/BN_Agent/datasets/der/combined_train_scenarios.csv
===================================================
Accuracy: 79.17 %
Total: 72
Successes: 57
Failures: 15
Removed 1 record(s) with bn_number=4
Valid response received on attempt 1.
Selected baseline BN: 1

===================================================
Dataset: /home/shamim_ist/BN_Agent/datasets/der/combined_train_scenarios.csv
===================================================
Accuracy: 79.17 %
Total: 72
Successes: 57
Failures: 15

Candidate 1: Accuracy = 0.7917, Failures = 15, Successes = 57

===================================================
Dataset: /home/shamim_ist/BN_Agent/datasets/der/combined_train_scenarios.csv
===================================================
Accuracy: 79.17 %
Total: 72
Successes: 57
Failures: 15

Candidate 2: Accuracy = 0.7917, Failures = 15, Successes = 57

===================================================
Dataset: /home/shamim_ist/BN_Agent/datasets/der/combined_train_scenarios.csv
===================================================
Accuracy: 76.39 %
Total: 72
Successes: 55
Failures: 17

Candidate 3: Accuracy = 0.7639, Failures = 17, Successes = 55

========================================
BEST REFINEMENT CANDIDATE
========================================
Candidate 1
Accuracy: 0.7917
Failures: 15
Successes: 57

===================================================
Dataset: /home/shamim_ist/BN_Agent/datasets/der/combined_train_scenarios.csv
===================================================
Accuracy: 79.17 %
Total: 72
Successes: 57
Failures: 15
Removed 1 record(s) with bn_number=4
Valid response received on attempt 1.
Selected baseline BN: 1

===================================================
Dataset: /home/shamim_ist/BN_Agent/datasets/der/combined_train_scenarios.csv
===================================================
Accuracy: 79.17 %
Total: 72
Successes: 57
Failures: 15

Candidate 1: Accuracy = 0.7917, Failures = 15, Successes = 57

===================================================
Dataset: /home/shamim_ist/BN_Agent/datasets/der/combined_train_scenarios.csv
===================================================
Accuracy: 79.17 %
Total: 72
Successes: 57
Failures: 15

Candidate 2: Accuracy = 0.7917, Failures = 15, Successes = 57

===================================================
Dataset: /home/shamim_ist/BN_Agent/datasets/der/combined_train_scenarios.csv
===================================================
Accuracy: 76.39 %
Total: 72
Successes: 55
Failures: 17

Candidate 3: Accuracy = 0.7639, Failures = 17, Successes = 55

========================================
BEST REFINEMENT CANDIDATE
========================================
Candidate 1
Accuracy: 0.7917
Failures: 15
Successes: 57

===================================================
Dataset: /home/shamim_ist/BN_Agent/datasets/der/combined_train_scenarios.csv
===================================================
Accuracy: 79.17 %
Total: 72
Successes: 57
Failures: 15

No improvement after 3 retries. Selecting best retry candidate (accuracy=79.17%).
Removed 1 record(s) with bn_number=4
Continuing with retry candidate (accuracy=79.17%).

===================================================
Dataset: /home/shamim_ist/BN_Agent/datasets/der/combined_train_scenarios.csv
===================================================
Accuracy: 68.06 %
Total: 72
Successes: 49
Failures: 23

===================================================
Dataset: /home/shamim_ist/BN_Agent/datasets/der/combined_train_scenarios.csv
===================================================
Accuracy: 79.17 %
Total: 72
Successes: 57
Failures: 15

===================================================
Dataset: /home/shamim_ist/BN_Agent/datasets/der/combined_train_scenarios.csv
===================================================
Accuracy: 79.17 %
Total: 72
Successes: 57
Failures: 15

===================================================
Dataset: /home/shamim_ist/BN_Agent/datasets/der/combined_train_scenarios.csv
===================================================
Accuracy: 79.17 %
Total: 72
Successes: 57
Failures: 15

===================================================
Dataset: /home/shamim_ist/BN_Agent/datasets/der/combined_train_scenarios.csv
===================================================
Accuracy: 79.17 %
Total: 72
Successes: 57
Failures: 15


Best BN Number: 4
Best BN Accuracy: 0.7916666666666666
Saved CPT identity comparison to /home/shamim_ist/BN_Agent/workspace/der/cpt_comparison_analysis.json
BN number: 4
Agent change verdict: excellent
Expected changed CPTs: ['Execution_Integrity', 'Root_Causes']
Agent changed CPTs: ['Execution_Integrity', 'Root_Causes']
Unexpected changed CPTs: []
{'bn_number': 4, 'agent_changed_cpt_count': 2, 'agent_changed_cpts': ['Execution_Integrity', 'Root_Causes'], 'agent_change_report': {'verdict': 'excellent', 'total_cpts': 20, 'expected_changed_count': 2, 'expected_changed_cpts': ['Execution_Integrity', 'Root_Causes'], 'agent_changed_count': 2, 'agent_changed_cpts': ['Execution_Integrity', 'Root_Causes'], 'matched_expected_count': 2, 'matched_expected_cpts': ['Execution_Integrity', 'Root_Causes'], 'missed_expected_count': 0, 'missed_expected_cpts': [], 'unexpected_changed_count': 0, 'unexpected_changed_cpts': [], 'unflawed_cpt_count': 18, 'untouched_unflawed_count': 18, 'untouched_unflawed_cpts': ['Deviation_in_Dispatch', 'Deviation_in_Response', 'GPTN_1', 'GPTN_2', 'GPTN_3', 'GPTN_5', 'LPTN_1_i', 'LPTN_1_ii', 'LPTN_1_iii', 'LPTN_1_iv', 'LPTN_1_ix', 'LPTN_1_v', 'LPTN_1_vi', 'LPTN_1_viii', 'LPTN_1_x', 'Network_Manipulation', 'Physical_Anomaly', 'Program_Anomaly'], 'expected_change_recall': 1.0, 'unexpected_change_rate': 0.0, 'unflawed_preservation_rate': 1.0}}
======================================================================
Execution_Integrity            0.13490787
  Column 0:
    Flawed : [0.8 0.2]
    Prop   : [0.85 0.15]
    GT     : [0.98 0.02]
  Column 1:
    Flawed : [0.7 0.3]
    Prop   : [0.75 0.25]
    GT     : [0.98 0.02]
  Column 2:
    Flawed : [0.7 0.3]
    Prop   : [0.8 0.2]
    GT     : [0.95 0.05]
  Column 3:
    Flawed : [0.3 0.7]
    Prop   : [0.4 0.6]
    GT     : [0.75 0.25]
  Column 4:
    Flawed : [0.7 0.3]
    Prop   : [0.75 0.25]
    GT     : [0.9 0.1]
  Column 5:
    Flawed : [0.7 0.3]
    Prop   : [0.75 0.25]
    GT     : [0.9 0.1]
  Column 6:
    Flawed : [0.7 0.3]
    Prop   : [0.6 0.4]
    GT     : [0.9 0.1]
  Column 7:
    Flawed : [0.2 0.8]
    Prop   : [0.15 0.85]
    GT     : [0.05 0.95]
----------------------------------------------------------------------
Root_Causes                    0.33319506
  Column 0:
    Flawed : [0.3 0.3 0.4]
    Prop   : [0.35 0.45 0.2 ]
    GT     : [0.05 0.1  0.85]
  Column 1:
    Flawed : [0.2 0.4 0.4]
    Prop   : [0.15 0.65 0.2 ]
    GT     : [0.05 0.1  0.85]
  Column 2:
    Flawed : [0.4 0.4 0.2]
    Prop   : [0.45 0.5  0.05]
    GT     : [0.33 0.33 0.34]
  Column 3:
    Flawed : [0.15 0.7  0.15]
    Prop   : [0.15 0.75 0.1 ]
    GT     : [0.05 0.9  0.05]
  Column 4:
    Flawed : [0.15 0.15 0.7 ]
    Prop   : [0.1  0.15 0.75]
    GT     : [0.05 0.1  0.85]
  Column 5:
    Flawed : [0.1 0.1 0.8]
    Prop   : [0.08 0.12 0.8 ]
    GT     : [0.05 0.1  0.85]
  Column 6:
    Flawed : [0.7  0.15 0.15]
    Prop   : [0.75 0.15 0.1 ]
    GT     : [0.9  0.05 0.05]
  Column 7:
    Flawed : [0.2 0.2 0.6]
    Prop   : [0.25 0.2  0.55]
    GT     : [0.33 0.33 0.34]
----------------------------------------------------------------------
======================================================================
Overall Average CPT KL = 0.05201144
======================================================================
Execution_Integrity            RMSE = 0.21207310
  Column 0:
    Flawed : [0.8 0.2]
    Prop   : [0.85 0.15]
    GT     : [0.98 0.02]
  Column 1:
    Flawed : [0.7 0.3]
    Prop   : [0.75 0.25]
    GT     : [0.98 0.02]
  Column 2:
    Flawed : [0.7 0.3]
    Prop   : [0.8 0.2]
    GT     : [0.95 0.05]
  Column 3:
    Flawed : [0.3 0.7]
    Prop   : [0.4 0.6]
    GT     : [0.75 0.25]
  Column 4:
    Flawed : [0.7 0.3]
    Prop   : [0.75 0.25]
    GT     : [0.9 0.1]
  Column 5:
    Flawed : [0.7 0.3]
    Prop   : [0.75 0.25]
    GT     : [0.9 0.1]
  Column 6:
    Flawed : [0.7 0.3]
    Prop   : [0.6 0.4]
    GT     : [0.9 0.1]
  Column 7:
    Flawed : [0.2 0.8]
    Prop   : [0.15 0.85]
    GT     : [0.05 0.95]
----------------------------------------------------------------------
Root_Causes                    RMSE = 0.26248809
  Column 0:
    Flawed : [0.3 0.3 0.4]
    Prop   : [0.35 0.45 0.2 ]
    GT     : [0.05 0.1  0.85]
  Column 1:
    Flawed : [0.2 0.4 0.4]
    Prop   : [0.15 0.65 0.2 ]
    GT     : [0.05 0.1  0.85]
  Column 2:
    Flawed : [0.4 0.4 0.2]
    Prop   : [0.45 0.5  0.05]
    GT     : [0.33 0.33 0.34]
  Column 3:
    Flawed : [0.15 0.7  0.15]
    Prop   : [0.15 0.75 0.1 ]
    GT     : [0.05 0.9  0.05]
  Column 4:
    Flawed : [0.15 0.15 0.7 ]
    Prop   : [0.1  0.15 0.75]
    GT     : [0.05 0.1  0.85]
  Column 5:
    Flawed : [0.1 0.1 0.8]
    Prop   : [0.08 0.12 0.8 ]
    GT     : [0.05 0.1  0.85]
  Column 6:
    Flawed : [0.7  0.15 0.15]
    Prop   : [0.75 0.15 0.1 ]
    GT     : [0.9  0.05 0.05]
  Column 7:
    Flawed : [0.2 0.2 0.6]
    Prop   : [0.25 0.2  0.55]
    GT     : [0.33 0.33 0.34]
----------------------------------------------------------------------
======================================================================
Overall CPT RMSE = 0.12495262
======================================================================
Execution_Integrity            Hellinger = 0.19167258
  Column 0:
    Flawed : [0.8 0.2]
    Prop   : [0.85 0.15]
    GT     : [0.98 0.02]
  Column 1:
    Flawed : [0.7 0.3]
    Prop   : [0.75 0.25]
    GT     : [0.98 0.02]
  Column 2:
    Flawed : [0.7 0.3]
    Prop   : [0.8 0.2]
    GT     : [0.95 0.05]
  Column 3:
    Flawed : [0.3 0.7]
    Prop   : [0.4 0.6]
    GT     : [0.75 0.25]
  Column 4:
    Flawed : [0.7 0.3]
    Prop   : [0.75 0.25]
    GT     : [0.9 0.1]
  Column 5:
    Flawed : [0.7 0.3]
    Prop   : [0.75 0.25]
    GT     : [0.9 0.1]
  Column 6:
    Flawed : [0.7 0.3]
    Prop   : [0.6 0.4]
    GT     : [0.9 0.1]
  Column 7:
    Flawed : [0.2 0.8]
    Prop   : [0.15 0.85]
    GT     : [0.05 0.95]
----------------------------------------------------------------------
Root_Causes                    Hellinger = 0.23184515
  Column 0:
    Flawed : [0.3 0.3 0.4]
    Prop   : [0.35 0.45 0.2 ]
    GT     : [0.05 0.1  0.85]
  Column 1:
    Flawed : [0.2 0.4 0.4]
    Prop   : [0.15 0.65 0.2 ]
    GT     : [0.05 0.1  0.85]
  Column 2:
    Flawed : [0.4 0.4 0.2]
    Prop   : [0.45 0.5  0.05]
    GT     : [0.33 0.33 0.34]
  Column 3:
    Flawed : [0.15 0.7  0.15]
    Prop   : [0.15 0.75 0.1 ]
    GT     : [0.05 0.9  0.05]
  Column 4:
    Flawed : [0.15 0.15 0.7 ]
    Prop   : [0.1  0.15 0.75]
    GT     : [0.05 0.1  0.85]
  Column 5:
    Flawed : [0.1 0.1 0.8]
    Prop   : [0.08 0.12 0.8 ]
    GT     : [0.05 0.1  0.85]
  Column 6:
    Flawed : [0.7  0.15 0.15]
    Prop   : [0.75 0.15 0.1 ]
    GT     : [0.9  0.05 0.05]
  Column 7:
    Flawed : [0.2 0.2 0.6]
    Prop   : [0.25 0.2  0.55]
    GT     : [0.33 0.33 0.34]
----------------------------------------------------------------------
======================================================================
Overall Average Hellinger = 0.04705753
###------------------------------###

Restart 1 finished.
###------------------------------###

==============================
PIPELINE RESTART #2
==============================
Cleared: /home/shamim_ist/BN_Agent/workspace/der/bn_analysis.json
Cleared: /home/shamim_ist/BN_Agent/workspace/der/last_proposed_bn.jsonl
Cleared: /home/shamim_ist/BN_Agent/workspace/der/dangerous_cpt_report.json
Cleared: /home/shamim_ist/BN_Agent/workspace/der/failure_parameter_statistics.json

===================================================
Dataset: /home/shamim_ist/BN_Agent/datasets/der/combined_train_scenarios.csv
===================================================
Accuracy: 68.06 %
Total: 72
Successes: 49
Failures: 23
Flawed BN Accuracy: 68.06%
Initial Acceptance Threshold: 77.64%

Initial Generation Attempt 0

Additional Parent Nodes Required for CPT Activation (0)

Activation trace saved to /home/shamim_ist/BN_Agent/workspace/der/activation_trace.csv
Failure parameter statistics saved to '/home/shamim_ist/BN_Agent/workspace/der/failure_parameter_statistics.json'
Valid danger report received on attempt 1.

===================================================

Accuracy: 68.06%

Workflow analysis for BN #0 stored in /home/shamim_ist/BN_Agent/workspace/der/bn_analysis.json
Valid response received on attempt 1.
Selected baseline BN: 0

===================================================
Dataset: /home/shamim_ist/BN_Agent/datasets/der/combined_train_scenarios.csv
===================================================
Accuracy: 54.17 %
Total: 72
Successes: 39
Failures: 33

Candidate 1: Accuracy = 0.5417, Failures = 33, Successes = 39

===================================================
Dataset: /home/shamim_ist/BN_Agent/datasets/der/combined_train_scenarios.csv
===================================================
Accuracy: 48.61 %
Total: 72
Successes: 35
Failures: 37

Candidate 2: Accuracy = 0.4861, Failures = 37, Successes = 35

===================================================
Dataset: /home/shamim_ist/BN_Agent/datasets/der/combined_train_scenarios.csv
===================================================
Accuracy: 48.61 %
Total: 72
Successes: 35
Failures: 37

Candidate 3: Accuracy = 0.4861, Failures = 37, Successes = 35

========================================
BEST REFINEMENT CANDIDATE
========================================
Candidate 1
Accuracy: 0.5417
Failures: 33
Successes: 39

===================================================
Dataset: /home/shamim_ist/BN_Agent/datasets/der/combined_train_scenarios.csv
===================================================
Accuracy: 54.17 %
Total: 72
Successes: 39
Failures: 33
Accuracy = 54.17%

Initial Generation Attempt 1
Removed workflow analysis for BN #0 from /home/shamim_ist/BN_Agent/workspace/der/bn_analysis.json

Additional Parent Nodes Required for CPT Activation (0)

Activation trace saved to /home/shamim_ist/BN_Agent/workspace/der/activation_trace.csv
Failure parameter statistics saved to '/home/shamim_ist/BN_Agent/workspace/der/failure_parameter_statistics.json'
Valid danger report received on attempt 1.

===================================================

Accuracy: 68.06%

Workflow analysis for BN #0 stored in /home/shamim_ist/BN_Agent/workspace/der/bn_analysis.json
Valid response received on attempt 1.
Selected baseline BN: 0

===================================================
Dataset: /home/shamim_ist/BN_Agent/datasets/der/combined_train_scenarios.csv
===================================================
Accuracy: 76.39 %
Total: 72
Successes: 55
Failures: 17

Candidate 1: Accuracy = 0.7639, Failures = 17, Successes = 55

===================================================
Dataset: /home/shamim_ist/BN_Agent/datasets/der/combined_train_scenarios.csv
===================================================
Accuracy: 72.22 %
Total: 72
Successes: 52
Failures: 20

Candidate 2: Accuracy = 0.7222, Failures = 20, Successes = 52

===================================================
Dataset: /home/shamim_ist/BN_Agent/datasets/der/combined_train_scenarios.csv
===================================================
Accuracy: 70.83 %
Total: 72
Successes: 51
Failures: 21

Candidate 3: Accuracy = 0.7083, Failures = 21, Successes = 51

========================================
BEST REFINEMENT CANDIDATE
========================================
Candidate 1
Accuracy: 0.7639
Failures: 17
Successes: 55

===================================================
Dataset: /home/shamim_ist/BN_Agent/datasets/der/combined_train_scenarios.csv
===================================================
Accuracy: 76.39 %
Total: 72
Successes: 55
Failures: 17
Accuracy = 76.39%

Initial Generation Attempt 2
Removed workflow analysis for BN #0 from /home/shamim_ist/BN_Agent/workspace/der/bn_analysis.json

Additional Parent Nodes Required for CPT Activation (0)

Activation trace saved to /home/shamim_ist/BN_Agent/workspace/der/activation_trace.csv
Failure parameter statistics saved to '/home/shamim_ist/BN_Agent/workspace/der/failure_parameter_statistics.json'
Valid danger report received on attempt 1.

===================================================

Accuracy: 68.06%

Workflow analysis for BN #0 stored in /home/shamim_ist/BN_Agent/workspace/der/bn_analysis.json
Valid response received on attempt 1.
Selected baseline BN: 0

===================================================
Dataset: /home/shamim_ist/BN_Agent/datasets/der/combined_train_scenarios.csv
===================================================
Accuracy: 77.78 %
Total: 72
Successes: 56
Failures: 16

Candidate 1: Accuracy = 0.7778, Failures = 16, Successes = 56

===================================================
Dataset: /home/shamim_ist/BN_Agent/datasets/der/combined_train_scenarios.csv
===================================================
Accuracy: 72.22 %
Total: 72
Successes: 52
Failures: 20

Candidate 2: Accuracy = 0.7222, Failures = 20, Successes = 52

===================================================
Dataset: /home/shamim_ist/BN_Agent/datasets/der/combined_train_scenarios.csv
===================================================
Accuracy: 75.0 %
Total: 72
Successes: 54
Failures: 18

Candidate 3: Accuracy = 0.7500, Failures = 18, Successes = 54

========================================
BEST REFINEMENT CANDIDATE
========================================
Candidate 1
Accuracy: 0.7778
Failures: 16
Successes: 56

===================================================
Dataset: /home/shamim_ist/BN_Agent/datasets/der/combined_train_scenarios.csv
===================================================
Accuracy: 77.78 %
Total: 72
Successes: 56
Failures: 16
Accuracy = 77.78%
Initial BN accepted.
Accepted initial BN (77.78%).
Removed workflow analysis for BN #0 from /home/shamim_ist/BN_Agent/workspace/der/bn_analysis.json

Initial BN generated

===== ITERATION 2 =====

===================================================
Dataset: /home/shamim_ist/BN_Agent/datasets/der/combined_train_scenarios.csv
===================================================
Accuracy: 77.78 %
Total: 72
Successes: 56
Failures: 16

Additional Parent Nodes Required for CPT Activation (0)

Activation trace saved to /home/shamim_ist/BN_Agent/workspace/der/activation_trace.csv
Failure parameter statistics saved to '/home/shamim_ist/BN_Agent/workspace/der/failure_parameter_statistics.json'
Valid danger report received on attempt 1.

===================================================

Accuracy: 77.78%

Workflow analysis for BN #1 stored in /home/shamim_ist/BN_Agent/workspace/der/bn_analysis.json
Valid response received on attempt 1.
Selected baseline BN: 1

===================================================
Dataset: /home/shamim_ist/BN_Agent/datasets/der/combined_train_scenarios.csv
===================================================
Accuracy: 6.94 %
Total: 72
Successes: 5
Failures: 67

Candidate 1: Accuracy = 0.0694, Failures = 67, Successes = 5

===================================================
Dataset: /home/shamim_ist/BN_Agent/datasets/der/combined_train_scenarios.csv
===================================================
Accuracy: 0.0 %
Total: 72
Successes: 0
Failures: 72

Candidate 2: Accuracy = 0.0000, Failures = 72, Successes = 0

===================================================
Dataset: /home/shamim_ist/BN_Agent/datasets/der/combined_train_scenarios.csv
===================================================
Accuracy: 6.94 %
Total: 72
Successes: 5
Failures: 67

Candidate 3: Accuracy = 0.0694, Failures = 67, Successes = 5

========================================
BEST REFINEMENT CANDIDATE
========================================
Candidate 1
Accuracy: 0.0694
Failures: 67
Successes: 5

===================================================
Dataset: /home/shamim_ist/BN_Agent/datasets/der/combined_train_scenarios.csv
===================================================
Accuracy: 6.94 %
Total: 72
Successes: 5
Failures: 67

Accuracy did not improve. Need improvement from 77.78% 
Removed 1 record(s) with bn_number=2
Valid response received on attempt 1.
Selected baseline BN: 1

===================================================
Dataset: /home/shamim_ist/BN_Agent/datasets/der/combined_train_scenarios.csv
===================================================
Accuracy: 6.94 %
Total: 72
Successes: 5
Failures: 67

Candidate 1: Accuracy = 0.0694, Failures = 67, Successes = 5

===================================================
Dataset: /home/shamim_ist/BN_Agent/datasets/der/combined_train_scenarios.csv
===================================================
Accuracy: 6.94 %
Total: 72
Successes: 5
Failures: 67

Candidate 2: Accuracy = 0.0694, Failures = 67, Successes = 5

===================================================
Dataset: /home/shamim_ist/BN_Agent/datasets/der/combined_train_scenarios.csv
===================================================
Accuracy: 6.94 %
Total: 72
Successes: 5
Failures: 67

Candidate 3: Accuracy = 0.0694, Failures = 67, Successes = 5

========================================
BEST REFINEMENT CANDIDATE
========================================
Candidate 1
Accuracy: 0.0694
Failures: 67
Successes: 5

===================================================
Dataset: /home/shamim_ist/BN_Agent/datasets/der/combined_train_scenarios.csv
===================================================
Accuracy: 6.94 %
Total: 72
Successes: 5
Failures: 67
Removed 1 record(s) with bn_number=2
Valid response received on attempt 1.
Selected baseline BN: 1

===================================================
Dataset: /home/shamim_ist/BN_Agent/datasets/der/combined_train_scenarios.csv
===================================================
Accuracy: 47.22 %
Total: 72
Successes: 34
Failures: 38

Candidate 1: Accuracy = 0.4722, Failures = 38, Successes = 34

===================================================
Dataset: /home/shamim_ist/BN_Agent/datasets/der/combined_train_scenarios.csv
===================================================
Accuracy: 40.28 %
Total: 72
Successes: 29
Failures: 43

Candidate 2: Accuracy = 0.4028, Failures = 43, Successes = 29

===================================================
Dataset: /home/shamim_ist/BN_Agent/datasets/der/combined_train_scenarios.csv
===================================================
Accuracy: 47.22 %
Total: 72
Successes: 34
Failures: 38

Candidate 3: Accuracy = 0.4722, Failures = 38, Successes = 34

========================================
BEST REFINEMENT CANDIDATE
========================================
Candidate 1
Accuracy: 0.4722
Failures: 38
Successes: 34

===================================================
Dataset: /home/shamim_ist/BN_Agent/datasets/der/combined_train_scenarios.csv
===================================================
Accuracy: 47.22 %
Total: 72
Successes: 34
Failures: 38
Removed 1 record(s) with bn_number=2
Valid response received on attempt 1.
Selected baseline BN: 1

===================================================
Dataset: /home/shamim_ist/BN_Agent/datasets/der/combined_train_scenarios.csv
===================================================
Accuracy: 6.94 %
Total: 72
Successes: 5
Failures: 67

Candidate 1: Accuracy = 0.0694, Failures = 67, Successes = 5

===================================================
Dataset: /home/shamim_ist/BN_Agent/datasets/der/combined_train_scenarios.csv
===================================================
Accuracy: 6.94 %
Total: 72
Successes: 5
Failures: 67

Candidate 2: Accuracy = 0.0694, Failures = 67, Successes = 5

===================================================
Dataset: /home/shamim_ist/BN_Agent/datasets/der/combined_train_scenarios.csv
===================================================
Accuracy: 6.94 %
Total: 72
Successes: 5
Failures: 67

Candidate 3: Accuracy = 0.0694, Failures = 67, Successes = 5

========================================
BEST REFINEMENT CANDIDATE
========================================
Candidate 1
Accuracy: 0.0694
Failures: 67
Successes: 5

===================================================
Dataset: /home/shamim_ist/BN_Agent/datasets/der/combined_train_scenarios.csv
===================================================
Accuracy: 6.94 %
Total: 72
Successes: 5
Failures: 67

No improvement after 3 retries. Selecting best retry candidate (accuracy=47.22%).
Removed 1 record(s) with bn_number=2
Continuing with retry candidate (accuracy=47.22%).

===== ITERATION 3 =====

===================================================
Dataset: /home/shamim_ist/BN_Agent/datasets/der/combined_train_scenarios.csv
===================================================
Accuracy: 47.22 %
Total: 72
Successes: 34
Failures: 38

Additional Parent Nodes Required for CPT Activation (0)

Activation trace saved to /home/shamim_ist/BN_Agent/workspace/der/activation_trace.csv
Failure parameter statistics saved to '/home/shamim_ist/BN_Agent/workspace/der/failure_parameter_statistics.json'
Valid danger report received on attempt 1.

===================================================

Accuracy: 47.22%

Workflow analysis for BN #2 stored in /home/shamim_ist/BN_Agent/workspace/der/bn_analysis.json
Valid response received on attempt 1.
Selected baseline BN: 1

===================================================
Dataset: /home/shamim_ist/BN_Agent/datasets/der/combined_train_scenarios.csv
===================================================
Accuracy: 47.22 %
Total: 72
Successes: 34
Failures: 38

Candidate 1: Accuracy = 0.4722, Failures = 38, Successes = 34

===================================================
Dataset: /home/shamim_ist/BN_Agent/datasets/der/combined_train_scenarios.csv
===================================================
Accuracy: 47.22 %
Total: 72
Successes: 34
Failures: 38

Candidate 2: Accuracy = 0.4722, Failures = 38, Successes = 34

===================================================
Dataset: /home/shamim_ist/BN_Agent/datasets/der/combined_train_scenarios.csv
===================================================
Accuracy: 47.22 %
Total: 72
Successes: 34
Failures: 38

Candidate 3: Accuracy = 0.4722, Failures = 38, Successes = 34

========================================
BEST REFINEMENT CANDIDATE
========================================
Candidate 1
Accuracy: 0.4722
Failures: 38
Successes: 34

===================================================
Dataset: /home/shamim_ist/BN_Agent/datasets/der/combined_train_scenarios.csv
===================================================
Accuracy: 47.22 %
Total: 72
Successes: 34
Failures: 38

Accuracy did not improve. Need improvement from 47.22% 
Removed 1 record(s) with bn_number=3
Valid response received on attempt 1.
Selected baseline BN: 1

===================================================
Dataset: /home/shamim_ist/BN_Agent/datasets/der/combined_train_scenarios.csv
===================================================
Accuracy: 47.22 %
Total: 72
Successes: 34
Failures: 38

Candidate 1: Accuracy = 0.4722, Failures = 38, Successes = 34

===================================================
Dataset: /home/shamim_ist/BN_Agent/datasets/der/combined_train_scenarios.csv
===================================================
Accuracy: 47.22 %
Total: 72
Successes: 34
Failures: 38

Candidate 2: Accuracy = 0.4722, Failures = 38, Successes = 34

===================================================
Dataset: /home/shamim_ist/BN_Agent/datasets/der/combined_train_scenarios.csv
===================================================
Accuracy: 47.22 %
Total: 72
Successes: 34
Failures: 38

Candidate 3: Accuracy = 0.4722, Failures = 38, Successes = 34

========================================
BEST REFINEMENT CANDIDATE
========================================
Candidate 1
Accuracy: 0.4722
Failures: 38
Successes: 34

===================================================
Dataset: /home/shamim_ist/BN_Agent/datasets/der/combined_train_scenarios.csv
===================================================
Accuracy: 47.22 %
Total: 72
Successes: 34
Failures: 38
Removed 1 record(s) with bn_number=3
Valid response received on attempt 1.
Selected baseline BN: 1

===================================================
Dataset: /home/shamim_ist/BN_Agent/datasets/der/combined_train_scenarios.csv
===================================================
Accuracy: 47.22 %
Total: 72
Successes: 34
Failures: 38

Candidate 1: Accuracy = 0.4722, Failures = 38, Successes = 34

===================================================
Dataset: /home/shamim_ist/BN_Agent/datasets/der/combined_train_scenarios.csv
===================================================
Accuracy: 47.22 %
Total: 72
Successes: 34
Failures: 38

Candidate 2: Accuracy = 0.4722, Failures = 38, Successes = 34

===================================================
Dataset: /home/shamim_ist/BN_Agent/datasets/der/combined_train_scenarios.csv
===================================================
Accuracy: 47.22 %
Total: 72
Successes: 34
Failures: 38

Candidate 3: Accuracy = 0.4722, Failures = 38, Successes = 34

========================================
BEST REFINEMENT CANDIDATE
========================================
Candidate 1
Accuracy: 0.4722
Failures: 38
Successes: 34

===================================================
Dataset: /home/shamim_ist/BN_Agent/datasets/der/combined_train_scenarios.csv
===================================================
Accuracy: 47.22 %
Total: 72
Successes: 34
Failures: 38
Removed 1 record(s) with bn_number=3
[Format Retry 1/3] Expecting ',' delimiter: line 156 column 13 (char 3309)
Valid response received on attempt 2.
Selected baseline BN: 1

===================================================
Dataset: /home/shamim_ist/BN_Agent/datasets/der/combined_train_scenarios.csv
===================================================
Accuracy: 47.22 %
Total: 72
Successes: 34
Failures: 38

Candidate 1: Accuracy = 0.4722, Failures = 38, Successes = 34

===================================================
Dataset: /home/shamim_ist/BN_Agent/datasets/der/combined_train_scenarios.csv
===================================================
Accuracy: 41.67 %
Total: 72
Successes: 30
Failures: 42

Candidate 2: Accuracy = 0.4167, Failures = 42, Successes = 30

===================================================
Dataset: /home/shamim_ist/BN_Agent/datasets/der/combined_train_scenarios.csv
===================================================
Accuracy: 47.22 %
Total: 72
Successes: 34
Failures: 38

Candidate 3: Accuracy = 0.4722, Failures = 38, Successes = 34

========================================
BEST REFINEMENT CANDIDATE
========================================
Candidate 1
Accuracy: 0.4722
Failures: 38
Successes: 34

===================================================
Dataset: /home/shamim_ist/BN_Agent/datasets/der/combined_train_scenarios.csv
===================================================
Accuracy: 47.22 %
Total: 72
Successes: 34
Failures: 38

No improvement after 3 retries. Selecting best retry candidate (accuracy=47.22%).
Removed 1 record(s) with bn_number=3
Continuing with retry candidate (accuracy=47.22%).

===== ITERATION 4 =====

===================================================
Dataset: /home/shamim_ist/BN_Agent/datasets/der/combined_train_scenarios.csv
===================================================
Accuracy: 47.22 %
Total: 72
Successes: 34
Failures: 38

Additional Parent Nodes Required for CPT Activation (0)

Activation trace saved to /home/shamim_ist/BN_Agent/workspace/der/activation_trace.csv
Failure parameter statistics saved to '/home/shamim_ist/BN_Agent/workspace/der/failure_parameter_statistics.json'
Valid danger report received on attempt 1.

===================================================

Accuracy: 47.22%

Workflow analysis for BN #3 stored in /home/shamim_ist/BN_Agent/workspace/der/bn_analysis.json
Valid response received on attempt 1.
Selected baseline BN: 1

===================================================
Dataset: /home/shamim_ist/BN_Agent/datasets/der/combined_train_scenarios.csv
===================================================
Accuracy: 47.22 %
Total: 72
Successes: 34
Failures: 38

Candidate 1: Accuracy = 0.4722, Failures = 38, Successes = 34

===================================================
Dataset: /home/shamim_ist/BN_Agent/datasets/der/combined_train_scenarios.csv
===================================================
Accuracy: 47.22 %
Total: 72
Successes: 34
Failures: 38

Candidate 2: Accuracy = 0.4722, Failures = 38, Successes = 34

===================================================
Dataset: /home/shamim_ist/BN_Agent/datasets/der/combined_train_scenarios.csv
===================================================
Accuracy: 47.22 %
Total: 72
Successes: 34
Failures: 38

Candidate 3: Accuracy = 0.4722, Failures = 38, Successes = 34

========================================
BEST REFINEMENT CANDIDATE
========================================
Candidate 1
Accuracy: 0.4722
Failures: 38
Successes: 34

===================================================
Dataset: /home/shamim_ist/BN_Agent/datasets/der/combined_train_scenarios.csv
===================================================
Accuracy: 47.22 %
Total: 72
Successes: 34
Failures: 38

Accuracy did not improve. Need improvement from 47.22% 
Removed 1 record(s) with bn_number=4
Valid response received on attempt 1.
Selected baseline BN: 1

===================================================
Dataset: /home/shamim_ist/BN_Agent/datasets/der/combined_train_scenarios.csv
===================================================
Accuracy: 47.22 %
Total: 72
Successes: 34
Failures: 38

Candidate 1: Accuracy = 0.4722, Failures = 38, Successes = 34

===================================================
Dataset: /home/shamim_ist/BN_Agent/datasets/der/combined_train_scenarios.csv
===================================================
Accuracy: 47.22 %
Total: 72
Successes: 34
Failures: 38

Candidate 2: Accuracy = 0.4722, Failures = 38, Successes = 34

===================================================
Dataset: /home/shamim_ist/BN_Agent/datasets/der/combined_train_scenarios.csv
===================================================
Accuracy: 47.22 %
Total: 72
Successes: 34
Failures: 38

Candidate 3: Accuracy = 0.4722, Failures = 38, Successes = 34

========================================
BEST REFINEMENT CANDIDATE
========================================
Candidate 1
Accuracy: 0.4722
Failures: 38
Successes: 34

===================================================
Dataset: /home/shamim_ist/BN_Agent/datasets/der/combined_train_scenarios.csv
===================================================
Accuracy: 47.22 %
Total: 72
Successes: 34
Failures: 38
Removed 1 record(s) with bn_number=4
Valid response received on attempt 1.
Selected baseline BN: 1

===================================================
Dataset: /home/shamim_ist/BN_Agent/datasets/der/combined_train_scenarios.csv
===================================================
Accuracy: 47.22 %
Total: 72
Successes: 34
Failures: 38

Candidate 1: Accuracy = 0.4722, Failures = 38, Successes = 34

===================================================
Dataset: /home/shamim_ist/BN_Agent/datasets/der/combined_train_scenarios.csv
===================================================
Accuracy: 43.06 %
Total: 72
Successes: 31
Failures: 41

Candidate 2: Accuracy = 0.4306, Failures = 41, Successes = 31

===================================================
Dataset: /home/shamim_ist/BN_Agent/datasets/der/combined_train_scenarios.csv
===================================================
Accuracy: 47.22 %
Total: 72
Successes: 34
Failures: 38

Candidate 3: Accuracy = 0.4722, Failures = 38, Successes = 34

========================================
BEST REFINEMENT CANDIDATE
========================================
Candidate 1
Accuracy: 0.4722
Failures: 38
Successes: 34

===================================================
Dataset: /home/shamim_ist/BN_Agent/datasets/der/combined_train_scenarios.csv
===================================================
Accuracy: 47.22 %
Total: 72
Successes: 34
Failures: 38
Removed 1 record(s) with bn_number=4
Valid response received on attempt 1.
Selected baseline BN: 1

===================================================
Dataset: /home/shamim_ist/BN_Agent/datasets/der/combined_train_scenarios.csv
===================================================
Accuracy: 47.22 %
Total: 72
Successes: 34
Failures: 38

Candidate 1: Accuracy = 0.4722, Failures = 38, Successes = 34

===================================================
Dataset: /home/shamim_ist/BN_Agent/datasets/der/combined_train_scenarios.csv
===================================================
Accuracy: 47.22 %
Total: 72
Successes: 34
Failures: 38

Candidate 2: Accuracy = 0.4722, Failures = 38, Successes = 34

===================================================
Dataset: /home/shamim_ist/BN_Agent/datasets/der/combined_train_scenarios.csv
===================================================
Accuracy: 47.22 %
Total: 72
Successes: 34
Failures: 38

Candidate 3: Accuracy = 0.4722, Failures = 38, Successes = 34

========================================
BEST REFINEMENT CANDIDATE
========================================
Candidate 1
Accuracy: 0.4722
Failures: 38
Successes: 34

===================================================
Dataset: /home/shamim_ist/BN_Agent/datasets/der/combined_train_scenarios.csv
===================================================
Accuracy: 47.22 %
Total: 72
Successes: 34
Failures: 38

No improvement after 3 retries. Selecting best retry candidate (accuracy=47.22%).
Removed 1 record(s) with bn_number=4
Continuing with retry candidate (accuracy=47.22%).

===================================================
Dataset: /home/shamim_ist/BN_Agent/datasets/der/combined_train_scenarios.csv
===================================================
Accuracy: 68.06 %
Total: 72
Successes: 49
Failures: 23

===================================================
Dataset: /home/shamim_ist/BN_Agent/datasets/der/combined_train_scenarios.csv
===================================================
Accuracy: 77.78 %
Total: 72
Successes: 56
Failures: 16

===================================================
Dataset: /home/shamim_ist/BN_Agent/datasets/der/combined_train_scenarios.csv
===================================================
Accuracy: 47.22 %
Total: 72
Successes: 34
Failures: 38

===================================================
Dataset: /home/shamim_ist/BN_Agent/datasets/der/combined_train_scenarios.csv
===================================================
Accuracy: 47.22 %
Total: 72
Successes: 34
Failures: 38

===================================================
Dataset: /home/shamim_ist/BN_Agent/datasets/der/combined_train_scenarios.csv
===================================================
Accuracy: 47.22 %
Total: 72
Successes: 34
Failures: 38


Best BN Number: 1
Best BN Accuracy: 0.7777777777777778
Saved CPT identity comparison to /home/shamim_ist/BN_Agent/workspace/der/cpt_comparison_analysis.json
BN number: 1
Agent change verdict: very_good
Expected changed CPTs: ['Execution_Integrity', 'Root_Causes']
Agent changed CPTs: ['Deviation_in_Dispatch', 'Execution_Integrity', 'Root_Causes']
Unexpected changed CPTs: ['Deviation_in_Dispatch']
{'bn_number': 1, 'agent_changed_cpt_count': 3, 'agent_changed_cpts': ['Deviation_in_Dispatch', 'Execution_Integrity', 'Root_Causes'], 'agent_change_report': {'verdict': 'very_good', 'total_cpts': 20, 'expected_changed_count': 2, 'expected_changed_cpts': ['Execution_Integrity', 'Root_Causes'], 'agent_changed_count': 3, 'agent_changed_cpts': ['Deviation_in_Dispatch', 'Execution_Integrity', 'Root_Causes'], 'matched_expected_count': 2, 'matched_expected_cpts': ['Execution_Integrity', 'Root_Causes'], 'missed_expected_count': 0, 'missed_expected_cpts': [], 'unexpected_changed_count': 1, 'unexpected_changed_cpts': ['Deviation_in_Dispatch'], 'unflawed_cpt_count': 18, 'untouched_unflawed_count': 17, 'untouched_unflawed_cpts': ['Deviation_in_Response', 'GPTN_1', 'GPTN_2', 'GPTN_3', 'GPTN_5', 'LPTN_1_i', 'LPTN_1_ii', 'LPTN_1_iii', 'LPTN_1_iv', 'LPTN_1_ix', 'LPTN_1_v', 'LPTN_1_vi', 'LPTN_1_viii', 'LPTN_1_x', 'Network_Manipulation', 'Physical_Anomaly', 'Program_Anomaly'], 'expected_change_recall': 1.0, 'unexpected_change_rate': 0.0556, 'unflawed_preservation_rate': 0.9444}}
======================================================================
Deviation_in_Dispatch          0.06019329
  Column 0:
    Flawed : [0.05 0.95]
    Prop   : [0.7 0.3]
    GT     : [0.05 0.95]
----------------------------------------------------------------------
Execution_Integrity            0.14468932
  Column 0:
    Flawed : [0.8 0.2]
    Prop   : [0.8 0.2]
    GT     : [0.98 0.02]
  Column 1:
    Flawed : [0.7 0.3]
    Prop   : [0.7 0.3]
    GT     : [0.98 0.02]
  Column 2:
    Flawed : [0.7 0.3]
    Prop   : [0.7 0.3]
    GT     : [0.95 0.05]
  Column 3:
    Flawed : [0.3 0.7]
    Prop   : [0.55 0.45]
    GT     : [0.75 0.25]
  Column 4:
    Flawed : [0.7 0.3]
    Prop   : [0.7 0.3]
    GT     : [0.9 0.1]
  Column 5:
    Flawed : [0.7 0.3]
    Prop   : [0.7 0.3]
    GT     : [0.9 0.1]
  Column 6:
    Flawed : [0.7 0.3]
    Prop   : [0.7 0.3]
    GT     : [0.9 0.1]
  Column 7:
    Flawed : [0.2 0.8]
    Prop   : [0.2 0.8]
    GT     : [0.05 0.95]
----------------------------------------------------------------------
Root_Causes                    0.25659572
  Column 0:
    Flawed : [0.3 0.3 0.4]
    Prop   : [0.3  0.45 0.25]
    GT     : [0.05 0.1  0.85]
  Column 1:
    Flawed : [0.2 0.4 0.4]
    Prop   : [0.2 0.5 0.3]
    GT     : [0.05 0.1  0.85]
  Column 2:
    Flawed : [0.4 0.4 0.2]
    Prop   : [0.55 0.3  0.15]
    GT     : [0.33 0.33 0.34]
  Column 3:
    Flawed : [0.15 0.7  0.15]
    Prop   : [0.15 0.7  0.15]
    GT     : [0.05 0.9  0.05]
  Column 4:
    Flawed : [0.15 0.15 0.7 ]
    Prop   : [0.15 0.15 0.7 ]
    GT     : [0.05 0.1  0.85]
  Column 5:
    Flawed : [0.1 0.1 0.8]
    Prop   : [0.1 0.1 0.8]
    GT     : [0.05 0.1  0.85]
  Column 6:
    Flawed : [0.7  0.15 0.15]
    Prop   : [0.7  0.15 0.15]
    GT     : [0.9  0.05 0.05]
  Column 7:
    Flawed : [0.2 0.2 0.6]
    Prop   : [0.2 0.2 0.6]
    GT     : [0.33 0.33 0.34]
----------------------------------------------------------------------
======================================================================
Overall Average CPT KL = 0.05796351
======================================================================
Deviation_in_Dispatch          RMSE = 0.16250000
  Column 0:
    Flawed : [0.05 0.95]
    Prop   : [0.7 0.3]
    GT     : [0.05 0.95]
----------------------------------------------------------------------
Execution_Integrity            RMSE = 0.21089097
  Column 0:
    Flawed : [0.8 0.2]
    Prop   : [0.8 0.2]
    GT     : [0.98 0.02]
  Column 1:
    Flawed : [0.7 0.3]
    Prop   : [0.7 0.3]
    GT     : [0.98 0.02]
  Column 2:
    Flawed : [0.7 0.3]
    Prop   : [0.7 0.3]
    GT     : [0.95 0.05]
  Column 3:
    Flawed : [0.3 0.7]
    Prop   : [0.55 0.45]
    GT     : [0.75 0.25]
  Column 4:
    Flawed : [0.7 0.3]
    Prop   : [0.7 0.3]
    GT     : [0.9 0.1]
  Column 5:
    Flawed : [0.7 0.3]
    Prop   : [0.7 0.3]
    GT     : [0.9 0.1]
  Column 6:
    Flawed : [0.7 0.3]
    Prop   : [0.7 0.3]
    GT     : [0.9 0.1]
  Column 7:
    Flawed : [0.2 0.8]
    Prop   : [0.2 0.8]
    GT     : [0.05 0.95]
----------------------------------------------------------------------
Root_Causes                    RMSE = 0.23951340
  Column 0:
    Flawed : [0.3 0.3 0.4]
    Prop   : [0.3  0.45 0.25]
    GT     : [0.05 0.1  0.85]
  Column 1:
    Flawed : [0.2 0.4 0.4]
    Prop   : [0.2 0.5 0.3]
    GT     : [0.05 0.1  0.85]
  Column 2:
    Flawed : [0.4 0.4 0.2]
    Prop   : [0.55 0.3  0.15]
    GT     : [0.33 0.33 0.34]
  Column 3:
    Flawed : [0.15 0.7  0.15]
    Prop   : [0.15 0.7  0.15]
    GT     : [0.05 0.9  0.05]
  Column 4:
    Flawed : [0.15 0.15 0.7 ]
    Prop   : [0.15 0.15 0.7 ]
    GT     : [0.05 0.1  0.85]
  Column 5:
    Flawed : [0.1 0.1 0.8]
    Prop   : [0.1 0.1 0.8]
    GT     : [0.05 0.1  0.85]
  Column 6:
    Flawed : [0.7  0.15 0.15]
    Prop   : [0.7  0.15 0.15]
    GT     : [0.9  0.05 0.05]
  Column 7:
    Flawed : [0.2 0.2 0.6]
    Prop   : [0.2 0.2 0.6]
    GT     : [0.33 0.33 0.34]
----------------------------------------------------------------------
======================================================================
Overall CPT RMSE = 0.13891970
======================================================================
Deviation_in_Dispatch          Hellinger = 0.03301652
  Column 0:
    Flawed : [0.05 0.95]
    Prop   : [0.7 0.3]
    GT     : [0.05 0.95]
----------------------------------------------------------------------
Execution_Integrity            Hellinger = 0.20570772
  Column 0:
    Flawed : [0.8 0.2]
    Prop   : [0.8 0.2]
    GT     : [0.98 0.02]
  Column 1:
    Flawed : [0.7 0.3]
    Prop   : [0.7 0.3]
    GT     : [0.98 0.02]
  Column 2:
    Flawed : [0.7 0.3]
    Prop   : [0.7 0.3]
    GT     : [0.95 0.05]
  Column 3:
    Flawed : [0.3 0.7]
    Prop   : [0.55 0.45]
    GT     : [0.75 0.25]
  Column 4:
    Flawed : [0.7 0.3]
    Prop   : [0.7 0.3]
    GT     : [0.9 0.1]
  Column 5:
    Flawed : [0.7 0.3]
    Prop   : [0.7 0.3]
    GT     : [0.9 0.1]
  Column 6:
    Flawed : [0.7 0.3]
    Prop   : [0.7 0.3]
    GT     : [0.9 0.1]
  Column 7:
    Flawed : [0.2 0.8]
    Prop   : [0.2 0.8]
    GT     : [0.05 0.95]
----------------------------------------------------------------------
Root_Causes                    Hellinger = 0.22585901
  Column 0:
    Flawed : [0.3 0.3 0.4]
    Prop   : [0.3  0.45 0.25]
    GT     : [0.05 0.1  0.85]
  Column 1:
    Flawed : [0.2 0.4 0.4]
    Prop   : [0.2 0.5 0.3]
    GT     : [0.05 0.1  0.85]
  Column 2:
    Flawed : [0.4 0.4 0.2]
    Prop   : [0.55 0.3  0.15]
    GT     : [0.33 0.33 0.34]
  Column 3:
    Flawed : [0.15 0.7  0.15]
    Prop   : [0.15 0.7  0.15]
    GT     : [0.05 0.9  0.05]
  Column 4:
    Flawed : [0.15 0.15 0.7 ]
    Prop   : [0.15 0.15 0.7 ]
    GT     : [0.05 0.1  0.85]
  Column 5:
    Flawed : [0.1 0.1 0.8]
    Prop   : [0.1 0.1 0.8]
    GT     : [0.05 0.1  0.85]
  Column 6:
    Flawed : [0.7  0.15 0.15]
    Prop   : [0.7  0.15 0.15]
    GT     : [0.9  0.05 0.05]
  Column 7:
    Flawed : [0.2 0.2 0.6]
    Prop   : [0.2 0.2 0.6]
    GT     : [0.33 0.33 0.34]
----------------------------------------------------------------------
======================================================================
Overall Average Hellinger = 0.05528886
###------------------------------###

Restart 2 finished.
###------------------------------###
Restart: 0
BN keys: dict_keys(['edges', 'nodes'])
Evaluating restart 0

===================================================
Dataset: /home/shamim_ist/BN_Agent/datasets/der/combined_test_scenarios.csv
===================================================
Accuracy: 80.0 %
Total: 20
Successes: 16
Failures: 4
Restart: 1
BN keys: dict_keys(['edges', 'nodes'])
Evaluating restart 1

===================================================
Dataset: /home/shamim_ist/BN_Agent/datasets/der/combined_test_scenarios.csv
===================================================
Accuracy: 75.0 %
Total: 20
Successes: 15
Failures: 5
Restart: 2
BN keys: dict_keys(['edges', 'nodes'])
Evaluating restart 2

===================================================
Dataset: /home/shamim_ist/BN_Agent/datasets/der/combined_test_scenarios.csv
===================================================
Accuracy: 80.0 %
Total: 20
Successes: 16
Failures: 4

===================================
BEST RESTART
===================================
Restart: 0
Accuracy: 0.8
Failures: 4
Saved CPT identity comparison to /home/shamim_ist/BN_Agent/workspace/der/cpt_comparison_analysis.json
BN number: None
Agent change verdict: excellent
Expected changed CPTs: ['Execution_Integrity', 'Root_Causes']
Agent changed CPTs: ['Execution_Integrity', 'Root_Causes']
Unexpected changed CPTs: []
{'bn_number': None, 'agent_changed_cpt_count': 2, 'agent_changed_cpts': ['Execution_Integrity', 'Root_Causes'], 'agent_change_report': {'verdict': 'excellent', 'total_cpts': 20, 'expected_changed_count': 2, 'expected_changed_cpts': ['Execution_Integrity', 'Root_Causes'], 'agent_changed_count': 2, 'agent_changed_cpts': ['Execution_Integrity', 'Root_Causes'], 'matched_expected_count': 2, 'matched_expected_cpts': ['Execution_Integrity', 'Root_Causes'], 'missed_expected_count': 0, 'missed_expected_cpts': [], 'unexpected_changed_count': 0, 'unexpected_changed_cpts': [], 'unflawed_cpt_count': 18, 'untouched_unflawed_count': 18, 'untouched_unflawed_cpts': ['Deviation_in_Dispatch', 'Deviation_in_Response', 'GPTN_1', 'GPTN_2', 'GPTN_3', 'GPTN_5', 'LPTN_1_i', 'LPTN_1_ii', 'LPTN_1_iii', 'LPTN_1_iv', 'LPTN_1_ix', 'LPTN_1_v', 'LPTN_1_vi', 'LPTN_1_viii', 'LPTN_1_x', 'Network_Manipulation', 'Physical_Anomaly', 'Program_Anomaly'], 'expected_change_recall': 1.0, 'unexpected_change_rate': 0.0, 'unflawed_preservation_rate': 1.0}}
======================================================================
Execution_Integrity            0.15672010
  Column 0:
    Flawed : [0.8 0.2]
    Prop   : [0.8 0.2]
    GT     : [0.98 0.02]
  Column 1:
    Flawed : [0.7 0.3]
    Prop   : [0.7 0.3]
    GT     : [0.98 0.02]
  Column 2:
    Flawed : [0.7 0.3]
    Prop   : [0.8 0.2]
    GT     : [0.95 0.05]
  Column 3:
    Flawed : [0.3 0.7]
    Prop   : [0.6 0.4]
    GT     : [0.75 0.25]
  Column 4:
    Flawed : [0.7 0.3]
    Prop   : [0.7 0.3]
    GT     : [0.9 0.1]
  Column 5:
    Flawed : [0.7 0.3]
    Prop   : [0.7 0.3]
    GT     : [0.9 0.1]
  Column 6:
    Flawed : [0.7 0.3]
    Prop   : [0.7 0.3]
    GT     : [0.9 0.1]
  Column 7:
    Flawed : [0.2 0.8]
    Prop   : [0.4 0.6]
    GT     : [0.05 0.95]
----------------------------------------------------------------------
Root_Causes                    0.33683877
  Column 0:
    Flawed : [0.3 0.3 0.4]
    Prop   : [0.35 0.45 0.2 ]
    GT     : [0.05 0.1  0.85]
  Column 1:
    Flawed : [0.2 0.4 0.4]
    Prop   : [0.2 0.6 0.2]
    GT     : [0.05 0.1  0.85]
  Column 2:
    Flawed : [0.4 0.4 0.2]
    Prop   : [0.4  0.45 0.15]
    GT     : [0.33 0.33 0.34]
  Column 3:
    Flawed : [0.15 0.7  0.15]
    Prop   : [0.2  0.65 0.15]
    GT     : [0.05 0.9  0.05]
  Column 4:
    Flawed : [0.15 0.15 0.7 ]
    Prop   : [0.15 0.15 0.7 ]
    GT     : [0.05 0.1  0.85]
  Column 5:
    Flawed : [0.1 0.1 0.8]
    Prop   : [0.1 0.1 0.8]
    GT     : [0.05 0.1  0.85]
  Column 6:
    Flawed : [0.7  0.15 0.15]
    Prop   : [0.6 0.2 0.2]
    GT     : [0.9  0.05 0.05]
  Column 7:
    Flawed : [0.2 0.2 0.6]
    Prop   : [0.2 0.2 0.6]
    GT     : [0.33 0.33 0.34]
----------------------------------------------------------------------
======================================================================
Overall Average CPT KL = 0.05483987
======================================================================
Execution_Integrity            RMSE = 0.22313113
  Column 0:
    Flawed : [0.8 0.2]
    Prop   : [0.8 0.2]
    GT     : [0.98 0.02]
  Column 1:
    Flawed : [0.7 0.3]
    Prop   : [0.7 0.3]
    GT     : [0.98 0.02]
  Column 2:
    Flawed : [0.7 0.3]
    Prop   : [0.8 0.2]
    GT     : [0.95 0.05]
  Column 3:
    Flawed : [0.3 0.7]
    Prop   : [0.6 0.4]
    GT     : [0.75 0.25]
  Column 4:
    Flawed : [0.7 0.3]
    Prop   : [0.7 0.3]
    GT     : [0.9 0.1]
  Column 5:
    Flawed : [0.7 0.3]
    Prop   : [0.7 0.3]
    GT     : [0.9 0.1]
  Column 6:
    Flawed : [0.7 0.3]
    Prop   : [0.7 0.3]
    GT     : [0.9 0.1]
  Column 7:
    Flawed : [0.2 0.8]
    Prop   : [0.4 0.6]
    GT     : [0.05 0.95]
----------------------------------------------------------------------
Root_Causes                    RMSE = 0.27055499
  Column 0:
    Flawed : [0.3 0.3 0.4]
    Prop   : [0.35 0.45 0.2 ]
    GT     : [0.05 0.1  0.85]
  Column 1:
    Flawed : [0.2 0.4 0.4]
    Prop   : [0.2 0.6 0.2]
    GT     : [0.05 0.1  0.85]
  Column 2:
    Flawed : [0.4 0.4 0.2]
    Prop   : [0.4  0.45 0.15]
    GT     : [0.33 0.33 0.34]
  Column 3:
    Flawed : [0.15 0.7  0.15]
    Prop   : [0.2  0.65 0.15]
    GT     : [0.05 0.9  0.05]
  Column 4:
    Flawed : [0.15 0.15 0.7 ]
    Prop   : [0.15 0.15 0.7 ]
    GT     : [0.05 0.1  0.85]
  Column 5:
    Flawed : [0.1 0.1 0.8]
    Prop   : [0.1 0.1 0.8]
    GT     : [0.05 0.1  0.85]
  Column 6:
    Flawed : [0.7  0.15 0.15]
    Prop   : [0.6 0.2 0.2]
    GT     : [0.9  0.05 0.05]
  Column 7:
    Flawed : [0.2 0.2 0.6]
    Prop   : [0.2 0.2 0.6]
    GT     : [0.33 0.33 0.34]
----------------------------------------------------------------------
======================================================================
Overall CPT RMSE = 0.12960974
======================================================================
Execution_Integrity            Hellinger = 0.21035064
  Column 0:
    Flawed : [0.8 0.2]
    Prop   : [0.8 0.2]
    GT     : [0.98 0.02]
  Column 1:
    Flawed : [0.7 0.3]
    Prop   : [0.7 0.3]
    GT     : [0.98 0.02]
  Column 2:
    Flawed : [0.7 0.3]
    Prop   : [0.8 0.2]
    GT     : [0.95 0.05]
  Column 3:
    Flawed : [0.3 0.7]
    Prop   : [0.6 0.4]
    GT     : [0.75 0.25]
  Column 4:
    Flawed : [0.7 0.3]
    Prop   : [0.7 0.3]
    GT     : [0.9 0.1]
  Column 5:
    Flawed : [0.7 0.3]
    Prop   : [0.7 0.3]
    GT     : [0.9 0.1]
  Column 6:
    Flawed : [0.7 0.3]
    Prop   : [0.7 0.3]
    GT     : [0.9 0.1]
  Column 7:
    Flawed : [0.2 0.8]
    Prop   : [0.4 0.6]
    GT     : [0.05 0.95]
----------------------------------------------------------------------
Root_Causes                    Hellinger = 0.25189424
  Column 0:
    Flawed : [0.3 0.3 0.4]
    Prop   : [0.35 0.45 0.2 ]
    GT     : [0.05 0.1  0.85]
  Column 1:
    Flawed : [0.2 0.4 0.4]
    Prop   : [0.2 0.6 0.2]
    GT     : [0.05 0.1  0.85]
  Column 2:
    Flawed : [0.4 0.4 0.2]
    Prop   : [0.4  0.45 0.15]
    GT     : [0.33 0.33 0.34]
  Column 3:
    Flawed : [0.15 0.7  0.15]
    Prop   : [0.2  0.65 0.15]
    GT     : [0.05 0.9  0.05]
  Column 4:
    Flawed : [0.15 0.15 0.7 ]
    Prop   : [0.15 0.15 0.7 ]
    GT     : [0.05 0.1  0.85]
  Column 5:
    Flawed : [0.1 0.1 0.8]
    Prop   : [0.1 0.1 0.8]
    GT     : [0.05 0.1  0.85]
  Column 6:
    Flawed : [0.7  0.15 0.15]
    Prop   : [0.6 0.2 0.2]
    GT     : [0.9  0.05 0.05]
  Column 7:
    Flawed : [0.2 0.2 0.6]
    Prop   : [0.2 0.2 0.6]
    GT     : [0.33 0.33 0.34]
----------------------------------------------------------------------
======================================================================
Overall Average Hellinger = 0.05136054
###------------------------------###

Pipeline finished.
###------------------------------###
