Cleared: /home/shamim_ist/BN_Agent/workspace/der/bn_analysis.json
Cleared: /home/shamim_ist/BN_Agent/workspace/der/last_proposed_bn.jsonl
Cleared: /home/shamim_ist/BN_Agent/workspace/der/dangerous_cpt_report.json
Cleared: /home/shamim_ist/BN_Agent/workspace/der/failure_parameter_statistics.json
Cleared: /home/shamim_ist/BN_Agent/workspace/der/restart_final_bns.jsonl

==============================
PIPELINE RESTART #0
==============================
Cleared: /home/shamim_ist/BN_Agent/workspace/der/bn_analysis.json
Cleared: /home/shamim_ist/BN_Agent/workspace/der/last_proposed_bn.jsonl
Cleared: /home/shamim_ist/BN_Agent/workspace/der/dangerous_cpt_report.json
Cleared: /home/shamim_ist/BN_Agent/workspace/der/failure_parameter_statistics.json

===================================================
Dataset: /home/shamim_ist/BN_Agent/datasets/der/combined_train_scenarios.csv
===================================================
Accuracy: 68.06 %
Total: 72
Successes: 49
Failures: 23
Flawed BN Accuracy: 68.06%
Initial Acceptance Threshold: 77.64%

Initial Generation Attempt 0

======================================================================
Finding Target-Evidence Paths
Target Node: Root_Causes
======================================================================

Evidence: GPTN_1
  Direction : EVIDENCE -> TARGET
  Paths Found : 1
    Path 1: GPTN_1 -> Network_Manipulation -> Root_Causes

Evidence: GPTN_2
  Direction : EVIDENCE -> TARGET
  Paths Found : 1
    Path 1: GPTN_2 -> Network_Manipulation -> Root_Causes

Evidence: GPTN_3
  Direction : EVIDENCE -> TARGET
  Paths Found : 1
    Path 1: GPTN_3 -> Program_Anomaly -> Execution_Integrity -> Root_Causes

Evidence: GPTN_5
  Direction : EVIDENCE -> TARGET
  Paths Found : 1
    Path 1: GPTN_5 -> Physical_Anomaly -> Root_Causes

Evidence: LPTN_1_i
  Direction : EVIDENCE -> TARGET
  Paths Found : 5
    Path 1: LPTN_1_i -> Deviation_in_Response -> Execution_Integrity -> Root_Causes
    Path 2: LPTN_1_i -> LPTN_1_ii -> Deviation_in_Response -> Execution_Integrity -> Root_Causes
    Path 3: LPTN_1_i -> LPTN_1_ii -> LPTN_1_iii -> Deviation_in_Response -> Execution_Integrity -> Root_Causes
    Path 4: LPTN_1_i -> LPTN_1_ii -> LPTN_1_iii -> LPTN_1_iv -> Deviation_in_Response -> Execution_Integrity -> Root_Causes
    Path 5: LPTN_1_i -> LPTN_1_ii -> LPTN_1_iii -> LPTN_1_iv -> LPTN_1_v -> Deviation_in_Response -> Execution_Integrity -> Root_Causes

Evidence: LPTN_1_ii
  Direction : EVIDENCE -> TARGET
  Paths Found : 4
    Path 1: LPTN_1_ii -> Deviation_in_Response -> Execution_Integrity -> Root_Causes
    Path 2: LPTN_1_ii -> LPTN_1_iii -> Deviation_in_Response -> Execution_Integrity -> Root_Causes
    Path 3: LPTN_1_ii -> LPTN_1_iii -> LPTN_1_iv -> Deviation_in_Response -> Execution_Integrity -> Root_Causes
    Path 4: LPTN_1_ii -> LPTN_1_iii -> LPTN_1_iv -> LPTN_1_v -> Deviation_in_Response -> Execution_Integrity -> Root_Causes

Evidence: LPTN_1_iii
  Direction : EVIDENCE -> TARGET
  Paths Found : 3
    Path 1: LPTN_1_iii -> Deviation_in_Response -> Execution_Integrity -> Root_Causes
    Path 2: LPTN_1_iii -> LPTN_1_iv -> Deviation_in_Response -> Execution_Integrity -> Root_Causes
    Path 3: LPTN_1_iii -> LPTN_1_iv -> LPTN_1_v -> Deviation_in_Response -> Execution_Integrity -> Root_Causes

Evidence: LPTN_1_iv
  Direction : EVIDENCE -> TARGET
  Paths Found : 2
    Path 1: LPTN_1_iv -> Deviation_in_Response -> Execution_Integrity -> Root_Causes
    Path 2: LPTN_1_iv -> LPTN_1_v -> Deviation_in_Response -> Execution_Integrity -> Root_Causes

Evidence: LPTN_1_v
  Direction : EVIDENCE -> TARGET
  Paths Found : 1
    Path 1: LPTN_1_v -> Deviation_in_Response -> Execution_Integrity -> Root_Causes

Evidence: LPTN_1_vi
  Direction : EVIDENCE -> TARGET
  Paths Found : 4
    Path 1: LPTN_1_vi -> Deviation_in_Dispatch -> Execution_Integrity -> Root_Causes
    Path 2: LPTN_1_vi -> LPTN_1_viii -> Deviation_in_Dispatch -> Execution_Integrity -> Root_Causes
    Path 3: LPTN_1_vi -> LPTN_1_viii -> LPTN_1_ix -> Deviation_in_Dispatch -> Execution_Integrity -> Root_Causes
    Path 4: LPTN_1_vi -> LPTN_1_viii -> LPTN_1_ix -> LPTN_1_x -> Deviation_in_Dispatch -> Execution_Integrity -> Root_Causes

Evidence: LPTN_1_viii
  Direction : EVIDENCE -> TARGET
  Paths Found : 3
    Path 1: LPTN_1_viii -> Deviation_in_Dispatch -> Execution_Integrity -> Root_Causes
    Path 2: LPTN_1_viii -> LPTN_1_ix -> Deviation_in_Dispatch -> Execution_Integrity -> Root_Causes
    Path 3: LPTN_1_viii -> LPTN_1_ix -> LPTN_1_x -> Deviation_in_Dispatch -> Execution_Integrity -> Root_Causes

Evidence: LPTN_1_ix
  Direction : EVIDENCE -> TARGET
  Paths Found : 2
    Path 1: LPTN_1_ix -> Deviation_in_Dispatch -> Execution_Integrity -> Root_Causes
    Path 2: LPTN_1_ix -> LPTN_1_x -> Deviation_in_Dispatch -> Execution_Integrity -> Root_Causes

Evidence: LPTN_1_x
  Direction : EVIDENCE -> TARGET
  Paths Found : 1
    Path 1: LPTN_1_x -> Deviation_in_Dispatch -> Execution_Integrity -> Root_Causes

======================================================================
Path Nodes (20)
  Deviation_in_Dispatch
  Deviation_in_Response
  Execution_Integrity
  GPTN_1
  GPTN_2
  GPTN_3
  GPTN_5
  LPTN_1_i
  LPTN_1_ii
  LPTN_1_iii
  LPTN_1_iv
  LPTN_1_ix
  LPTN_1_v
  LPTN_1_vi
  LPTN_1_viii
  LPTN_1_x
  Network_Manipulation
  Physical_Anomaly
  Program_Anomaly
  Root_Causes

Additional Parent Nodes Required for CPT Activation (0)
  None

----------------------------------------------------------------------
Final Relevant Nodes (20)
  Deviation_in_Dispatch
  Deviation_in_Response
  Execution_Integrity
  GPTN_1
  GPTN_2
  GPTN_3
  GPTN_5
  LPTN_1_i
  LPTN_1_ii
  LPTN_1_iii
  LPTN_1_iv
  LPTN_1_ix
  LPTN_1_v
  LPTN_1_vi
  LPTN_1_viii
  LPTN_1_x
  Network_Manipulation
  Physical_Anomaly
  Program_Anomaly
  Root_Causes
======================================================================

Activation trace saved to /home/shamim_ist/BN_Agent/workspace/der/activation_trace.csv
Failure parameter statistics saved to '/home/shamim_ist/BN_Agent/workspace/der/failure_parameter_statistics.json'
Valid danger report received on attempt 1.

===================================================

Accuracy: 68.06%

Workflow analysis for BN #0 stored in /home/shamim_ist/BN_Agent/workspace/der/bn_analysis.json
Valid response received on attempt 1.
Selected baseline BN: 0

===================================================
Dataset: /home/shamim_ist/BN_Agent/datasets/der/combined_train_scenarios.csv
===================================================
Accuracy: 72.22 %
Total: 72
Successes: 52
Failures: 20

Candidate 1: Accuracy = 0.7222, Failures = 20, Successes = 52

===================================================
Dataset: /home/shamim_ist/BN_Agent/datasets/der/combined_train_scenarios.csv
===================================================
Accuracy: 68.06 %
Total: 72
Successes: 49
Failures: 23

Candidate 2: Accuracy = 0.6806, Failures = 23, Successes = 49

===================================================
Dataset: /home/shamim_ist/BN_Agent/datasets/der/combined_train_scenarios.csv
===================================================
Accuracy: 73.61 %
Total: 72
Successes: 53
Failures: 19

Candidate 3: Accuracy = 0.7361, Failures = 19, Successes = 53

========================================
BEST REFINEMENT CANDIDATE
========================================
Candidate 3
Accuracy: 0.7361
Failures: 19
Successes: 53

===================================================
Dataset: /home/shamim_ist/BN_Agent/datasets/der/combined_train_scenarios.csv
===================================================
Accuracy: 73.61 %
Total: 72
Successes: 53
Failures: 19
Accuracy = 73.61%

Initial Generation Attempt 1
Removed workflow analysis for BN #0 from /home/shamim_ist/BN_Agent/workspace/der/bn_analysis.json

======================================================================
Finding Target-Evidence Paths
Target Node: Root_Causes
======================================================================

Evidence: GPTN_1
  Direction : EVIDENCE -> TARGET
  Paths Found : 1
    Path 1: GPTN_1 -> Network_Manipulation -> Root_Causes

Evidence: GPTN_2
  Direction : EVIDENCE -> TARGET
  Paths Found : 1
    Path 1: GPTN_2 -> Network_Manipulation -> Root_Causes

Evidence: GPTN_3
  Direction : EVIDENCE -> TARGET
  Paths Found : 1
    Path 1: GPTN_3 -> Program_Anomaly -> Execution_Integrity -> Root_Causes

Evidence: GPTN_5
  Direction : EVIDENCE -> TARGET
  Paths Found : 1
    Path 1: GPTN_5 -> Physical_Anomaly -> Root_Causes

Evidence: LPTN_1_i
  Direction : EVIDENCE -> TARGET
  Paths Found : 5
    Path 1: LPTN_1_i -> Deviation_in_Response -> Execution_Integrity -> Root_Causes
    Path 2: LPTN_1_i -> LPTN_1_ii -> Deviation_in_Response -> Execution_Integrity -> Root_Causes
    Path 3: LPTN_1_i -> LPTN_1_ii -> LPTN_1_iii -> Deviation_in_Response -> Execution_Integrity -> Root_Causes
    Path 4: LPTN_1_i -> LPTN_1_ii -> LPTN_1_iii -> LPTN_1_iv -> Deviation_in_Response -> Execution_Integrity -> Root_Causes
    Path 5: LPTN_1_i -> LPTN_1_ii -> LPTN_1_iii -> LPTN_1_iv -> LPTN_1_v -> Deviation_in_Response -> Execution_Integrity -> Root_Causes

Evidence: LPTN_1_ii
  Direction : EVIDENCE -> TARGET
  Paths Found : 4
    Path 1: LPTN_1_ii -> Deviation_in_Response -> Execution_Integrity -> Root_Causes
    Path 2: LPTN_1_ii -> LPTN_1_iii -> Deviation_in_Response -> Execution_Integrity -> Root_Causes
    Path 3: LPTN_1_ii -> LPTN_1_iii -> LPTN_1_iv -> Deviation_in_Response -> Execution_Integrity -> Root_Causes
    Path 4: LPTN_1_ii -> LPTN_1_iii -> LPTN_1_iv -> LPTN_1_v -> Deviation_in_Response -> Execution_Integrity -> Root_Causes

Evidence: LPTN_1_iii
  Direction : EVIDENCE -> TARGET
  Paths Found : 3
    Path 1: LPTN_1_iii -> Deviation_in_Response -> Execution_Integrity -> Root_Causes
    Path 2: LPTN_1_iii -> LPTN_1_iv -> Deviation_in_Response -> Execution_Integrity -> Root_Causes
    Path 3: LPTN_1_iii -> LPTN_1_iv -> LPTN_1_v -> Deviation_in_Response -> Execution_Integrity -> Root_Causes

Evidence: LPTN_1_iv
  Direction : EVIDENCE -> TARGET
  Paths Found : 2
    Path 1: LPTN_1_iv -> Deviation_in_Response -> Execution_Integrity -> Root_Causes
    Path 2: LPTN_1_iv -> LPTN_1_v -> Deviation_in_Response -> Execution_Integrity -> Root_Causes

Evidence: LPTN_1_v
  Direction : EVIDENCE -> TARGET
  Paths Found : 1
    Path 1: LPTN_1_v -> Deviation_in_Response -> Execution_Integrity -> Root_Causes

Evidence: LPTN_1_vi
  Direction : EVIDENCE -> TARGET
  Paths Found : 4
    Path 1: LPTN_1_vi -> Deviation_in_Dispatch -> Execution_Integrity -> Root_Causes
    Path 2: LPTN_1_vi -> LPTN_1_viii -> Deviation_in_Dispatch -> Execution_Integrity -> Root_Causes
    Path 3: LPTN_1_vi -> LPTN_1_viii -> LPTN_1_ix -> Deviation_in_Dispatch -> Execution_Integrity -> Root_Causes
    Path 4: LPTN_1_vi -> LPTN_1_viii -> LPTN_1_ix -> LPTN_1_x -> Deviation_in_Dispatch -> Execution_Integrity -> Root_Causes

Evidence: LPTN_1_viii
  Direction : EVIDENCE -> TARGET
  Paths Found : 3
    Path 1: LPTN_1_viii -> Deviation_in_Dispatch -> Execution_Integrity -> Root_Causes
    Path 2: LPTN_1_viii -> LPTN_1_ix -> Deviation_in_Dispatch -> Execution_Integrity -> Root_Causes
    Path 3: LPTN_1_viii -> LPTN_1_ix -> LPTN_1_x -> Deviation_in_Dispatch -> Execution_Integrity -> Root_Causes

Evidence: LPTN_1_ix
  Direction : EVIDENCE -> TARGET
  Paths Found : 2
    Path 1: LPTN_1_ix -> Deviation_in_Dispatch -> Execution_Integrity -> Root_Causes
    Path 2: LPTN_1_ix -> LPTN_1_x -> Deviation_in_Dispatch -> Execution_Integrity -> Root_Causes

Evidence: LPTN_1_x
  Direction : EVIDENCE -> TARGET
  Paths Found : 1
    Path 1: LPTN_1_x -> Deviation_in_Dispatch -> Execution_Integrity -> Root_Causes

======================================================================
Path Nodes (20)
  Deviation_in_Dispatch
  Deviation_in_Response
  Execution_Integrity
  GPTN_1
  GPTN_2
  GPTN_3
  GPTN_5
  LPTN_1_i
  LPTN_1_ii
  LPTN_1_iii
  LPTN_1_iv
  LPTN_1_ix
  LPTN_1_v
  LPTN_1_vi
  LPTN_1_viii
  LPTN_1_x
  Network_Manipulation
  Physical_Anomaly
  Program_Anomaly
  Root_Causes

Additional Parent Nodes Required for CPT Activation (0)
  None

----------------------------------------------------------------------
Final Relevant Nodes (20)
  Deviation_in_Dispatch
  Deviation_in_Response
  Execution_Integrity
  GPTN_1
  GPTN_2
  GPTN_3
  GPTN_5
  LPTN_1_i
  LPTN_1_ii
  LPTN_1_iii
  LPTN_1_iv
  LPTN_1_ix
  LPTN_1_v
  LPTN_1_vi
  LPTN_1_viii
  LPTN_1_x
  Network_Manipulation
  Physical_Anomaly
  Program_Anomaly
  Root_Causes
======================================================================

Activation trace saved to /home/shamim_ist/BN_Agent/workspace/der/activation_trace.csv
Failure parameter statistics saved to '/home/shamim_ist/BN_Agent/workspace/der/failure_parameter_statistics.json'
Valid danger report received on attempt 1.

===================================================

Accuracy: 68.06%

Workflow analysis for BN #0 stored in /home/shamim_ist/BN_Agent/workspace/der/bn_analysis.json
[Format Retry 1/3] Expecting ',' delimiter: line 95 column 13 (char 2031)
Valid response received on attempt 2.
Selected baseline BN: 0

===================================================
Dataset: /home/shamim_ist/BN_Agent/datasets/der/combined_train_scenarios.csv
===================================================
Accuracy: 75.0 %
Total: 72
Successes: 54
Failures: 18

Candidate 1: Accuracy = 0.7500, Failures = 18, Successes = 54

===================================================
Dataset: /home/shamim_ist/BN_Agent/datasets/der/combined_train_scenarios.csv
===================================================
Accuracy: 72.22 %
Total: 72
Successes: 52
Failures: 20

Candidate 2: Accuracy = 0.7222, Failures = 20, Successes = 52

===================================================
Dataset: /home/shamim_ist/BN_Agent/datasets/der/combined_train_scenarios.csv
===================================================
Accuracy: 79.17 %
Total: 72
Successes: 57
Failures: 15

Candidate 3: Accuracy = 0.7917, Failures = 15, Successes = 57

========================================
BEST REFINEMENT CANDIDATE
========================================
Candidate 3
Accuracy: 0.7917
Failures: 15
Successes: 57

===================================================
Dataset: /home/shamim_ist/BN_Agent/datasets/der/combined_train_scenarios.csv
===================================================
Accuracy: 79.17 %
Total: 72
Successes: 57
Failures: 15
Accuracy = 79.17%
Initial BN accepted.
Accepted initial BN (79.17%).
Removed workflow analysis for BN #0 from /home/shamim_ist/BN_Agent/workspace/der/bn_analysis.json

Initial BN generated

===== ITERATION 2 =====

===================================================
Dataset: /home/shamim_ist/BN_Agent/datasets/der/combined_train_scenarios.csv
===================================================
Accuracy: 79.17 %
Total: 72
Successes: 57
Failures: 15

======================================================================
Finding Target-Evidence Paths
Target Node: Root_Causes
======================================================================

Evidence: GPTN_1
  Direction : EVIDENCE -> TARGET
  Paths Found : 1
    Path 1: GPTN_1 -> Network_Manipulation -> Root_Causes

Evidence: GPTN_2
  Direction : EVIDENCE -> TARGET
  Paths Found : 1
    Path 1: GPTN_2 -> Network_Manipulation -> Root_Causes

Evidence: GPTN_3
  Direction : EVIDENCE -> TARGET
  Paths Found : 1
    Path 1: GPTN_3 -> Program_Anomaly -> Execution_Integrity -> Root_Causes

Evidence: GPTN_5
  Direction : EVIDENCE -> TARGET
  Paths Found : 1
    Path 1: GPTN_5 -> Physical_Anomaly -> Root_Causes

Evidence: LPTN_1_i
  Direction : EVIDENCE -> TARGET
  Paths Found : 5
    Path 1: LPTN_1_i -> Deviation_in_Response -> Execution_Integrity -> Root_Causes
    Path 2: LPTN_1_i -> LPTN_1_ii -> Deviation_in_Response -> Execution_Integrity -> Root_Causes
    Path 3: LPTN_1_i -> LPTN_1_ii -> LPTN_1_iii -> Deviation_in_Response -> Execution_Integrity -> Root_Causes
    Path 4: LPTN_1_i -> LPTN_1_ii -> LPTN_1_iii -> LPTN_1_iv -> Deviation_in_Response -> Execution_Integrity -> Root_Causes
    Path 5: LPTN_1_i -> LPTN_1_ii -> LPTN_1_iii -> LPTN_1_iv -> LPTN_1_v -> Deviation_in_Response -> Execution_Integrity -> Root_Causes

Evidence: LPTN_1_ii
  Direction : EVIDENCE -> TARGET
  Paths Found : 4
    Path 1: LPTN_1_ii -> Deviation_in_Response -> Execution_Integrity -> Root_Causes
    Path 2: LPTN_1_ii -> LPTN_1_iii -> Deviation_in_Response -> Execution_Integrity -> Root_Causes
    Path 3: LPTN_1_ii -> LPTN_1_iii -> LPTN_1_iv -> Deviation_in_Response -> Execution_Integrity -> Root_Causes
    Path 4: LPTN_1_ii -> LPTN_1_iii -> LPTN_1_iv -> LPTN_1_v -> Deviation_in_Response -> Execution_Integrity -> Root_Causes

Evidence: LPTN_1_iii
  Direction : EVIDENCE -> TARGET
  Paths Found : 3
    Path 1: LPTN_1_iii -> Deviation_in_Response -> Execution_Integrity -> Root_Causes
    Path 2: LPTN_1_iii -> LPTN_1_iv -> Deviation_in_Response -> Execution_Integrity -> Root_Causes
    Path 3: LPTN_1_iii -> LPTN_1_iv -> LPTN_1_v -> Deviation_in_Response -> Execution_Integrity -> Root_Causes

Evidence: LPTN_1_iv
  Direction : EVIDENCE -> TARGET
  Paths Found : 2
    Path 1: LPTN_1_iv -> Deviation_in_Response -> Execution_Integrity -> Root_Causes
    Path 2: LPTN_1_iv -> LPTN_1_v -> Deviation_in_Response -> Execution_Integrity -> Root_Causes

Evidence: LPTN_1_v
  Direction : EVIDENCE -> TARGET
  Paths Found : 1
    Path 1: LPTN_1_v -> Deviation_in_Response -> Execution_Integrity -> Root_Causes

Evidence: LPTN_1_vi
  Direction : EVIDENCE -> TARGET
  Paths Found : 4
    Path 1: LPTN_1_vi -> Deviation_in_Dispatch -> Execution_Integrity -> Root_Causes
    Path 2: LPTN_1_vi -> LPTN_1_viii -> Deviation_in_Dispatch -> Execution_Integrity -> Root_Causes
    Path 3: LPTN_1_vi -> LPTN_1_viii -> LPTN_1_ix -> Deviation_in_Dispatch -> Execution_Integrity -> Root_Causes
    Path 4: LPTN_1_vi -> LPTN_1_viii -> LPTN_1_ix -> LPTN_1_x -> Deviation_in_Dispatch -> Execution_Integrity -> Root_Causes

Evidence: LPTN_1_viii
  Direction : EVIDENCE -> TARGET
  Paths Found : 3
    Path 1: LPTN_1_viii -> Deviation_in_Dispatch -> Execution_Integrity -> Root_Causes
    Path 2: LPTN_1_viii -> LPTN_1_ix -> Deviation_in_Dispatch -> Execution_Integrity -> Root_Causes
    Path 3: LPTN_1_viii -> LPTN_1_ix -> LPTN_1_x -> Deviation_in_Dispatch -> Execution_Integrity -> Root_Causes

Evidence: LPTN_1_ix
  Direction : EVIDENCE -> TARGET
  Paths Found : 2
    Path 1: LPTN_1_ix -> Deviation_in_Dispatch -> Execution_Integrity -> Root_Causes
    Path 2: LPTN_1_ix -> LPTN_1_x -> Deviation_in_Dispatch -> Execution_Integrity -> Root_Causes

Evidence: LPTN_1_x
  Direction : EVIDENCE -> TARGET
  Paths Found : 1
    Path 1: LPTN_1_x -> Deviation_in_Dispatch -> Execution_Integrity -> Root_Causes

======================================================================
Path Nodes (20)
  Deviation_in_Dispatch
  Deviation_in_Response
  Execution_Integrity
  GPTN_1
  GPTN_2
  GPTN_3
  GPTN_5
  LPTN_1_i
  LPTN_1_ii
  LPTN_1_iii
  LPTN_1_iv
  LPTN_1_ix
  LPTN_1_v
  LPTN_1_vi
  LPTN_1_viii
  LPTN_1_x
  Network_Manipulation
  Physical_Anomaly
  Program_Anomaly
  Root_Causes

Additional Parent Nodes Required for CPT Activation (0)
  None

----------------------------------------------------------------------
Final Relevant Nodes (20)
  Deviation_in_Dispatch
  Deviation_in_Response
  Execution_Integrity
  GPTN_1
  GPTN_2
  GPTN_3
  GPTN_5
  LPTN_1_i
  LPTN_1_ii
  LPTN_1_iii
  LPTN_1_iv
  LPTN_1_ix
  LPTN_1_v
  LPTN_1_vi
  LPTN_1_viii
  LPTN_1_x
  Network_Manipulation
  Physical_Anomaly
  Program_Anomaly
  Root_Causes
======================================================================

Activation trace saved to /home/shamim_ist/BN_Agent/workspace/der/activation_trace.csv
Failure parameter statistics saved to '/home/shamim_ist/BN_Agent/workspace/der/failure_parameter_statistics.json'
Valid danger report received on attempt 1.

===================================================

Accuracy: 79.17%

Workflow analysis for BN #1 stored in /home/shamim_ist/BN_Agent/workspace/der/bn_analysis.json
Valid response received on attempt 1.
Selected baseline BN: 1

===================================================
Dataset: /home/shamim_ist/BN_Agent/datasets/der/combined_train_scenarios.csv
===================================================
Accuracy: 79.17 %
Total: 72
Successes: 57
Failures: 15

Candidate 1: Accuracy = 0.7917, Failures = 15, Successes = 57

===================================================
Dataset: /home/shamim_ist/BN_Agent/datasets/der/combined_train_scenarios.csv
===================================================
Accuracy: 76.39 %
Total: 72
Successes: 55
Failures: 17

Candidate 2: Accuracy = 0.7639, Failures = 17, Successes = 55

===================================================
Dataset: /home/shamim_ist/BN_Agent/datasets/der/combined_train_scenarios.csv
===================================================
Accuracy: 76.39 %
Total: 72
Successes: 55
Failures: 17

Candidate 3: Accuracy = 0.7639, Failures = 17, Successes = 55

========================================
BEST REFINEMENT CANDIDATE
========================================
Candidate 1
Accuracy: 0.7917
Failures: 15
Successes: 57

===================================================
Dataset: /home/shamim_ist/BN_Agent/datasets/der/combined_train_scenarios.csv
===================================================
Accuracy: 79.17 %
Total: 72
Successes: 57
Failures: 15

Accuracy did not improve. Need improvement from 79.17% 
Removed 1 record(s) with bn_number=2
Valid response received on attempt 1.
Selected baseline BN: 1

===================================================
Dataset: /home/shamim_ist/BN_Agent/datasets/der/combined_train_scenarios.csv
===================================================
Accuracy: 79.17 %
Total: 72
Successes: 57
Failures: 15

Candidate 1: Accuracy = 0.7917, Failures = 15, Successes = 57

===================================================
Dataset: /home/shamim_ist/BN_Agent/datasets/der/combined_train_scenarios.csv
===================================================
Accuracy: 76.39 %
Total: 72
Successes: 55
Failures: 17

Candidate 2: Accuracy = 0.7639, Failures = 17, Successes = 55

===================================================
Dataset: /home/shamim_ist/BN_Agent/datasets/der/combined_train_scenarios.csv
===================================================
Accuracy: 75.0 %
Total: 72
Successes: 54
Failures: 18

Candidate 3: Accuracy = 0.7500, Failures = 18, Successes = 54

========================================
BEST REFINEMENT CANDIDATE
========================================
Candidate 1
Accuracy: 0.7917
Failures: 15
Successes: 57

===================================================
Dataset: /home/shamim_ist/BN_Agent/datasets/der/combined_train_scenarios.csv
===================================================
Accuracy: 79.17 %
Total: 72
Successes: 57
Failures: 15
Removed 1 record(s) with bn_number=2
Valid response received on attempt 1.
Selected baseline BN: 1

===================================================
Dataset: /home/shamim_ist/BN_Agent/datasets/der/combined_train_scenarios.csv
===================================================
Accuracy: 76.39 %
Total: 72
Successes: 55
Failures: 17

Candidate 1: Accuracy = 0.7639, Failures = 17, Successes = 55

===================================================
Dataset: /home/shamim_ist/BN_Agent/datasets/der/combined_train_scenarios.csv
===================================================
Accuracy: 80.56 %
Total: 72
Successes: 58
Failures: 14

Candidate 2: Accuracy = 0.8056, Failures = 14, Successes = 58

===================================================
Dataset: /home/shamim_ist/BN_Agent/datasets/der/combined_train_scenarios.csv
===================================================
Accuracy: 76.39 %
Total: 72
Successes: 55
Failures: 17

Candidate 3: Accuracy = 0.7639, Failures = 17, Successes = 55

========================================
BEST REFINEMENT CANDIDATE
========================================
Candidate 2
Accuracy: 0.8056
Failures: 14
Successes: 58

===================================================
Dataset: /home/shamim_ist/BN_Agent/datasets/der/combined_train_scenarios.csv
===================================================
Accuracy: 80.56 %
Total: 72
Successes: 58
Failures: 14

Accuracy improved from 79.17% to 80.56%.

===== ITERATION 3 =====

===================================================
Dataset: /home/shamim_ist/BN_Agent/datasets/der/combined_train_scenarios.csv
===================================================
Accuracy: 80.56 %
Total: 72
Successes: 58
Failures: 14

======================================================================
Finding Target-Evidence Paths
Target Node: Root_Causes
======================================================================

Evidence: GPTN_1
  Direction : EVIDENCE -> TARGET
  Paths Found : 1
    Path 1: GPTN_1 -> Network_Manipulation -> Root_Causes

Evidence: GPTN_2
  Direction : EVIDENCE -> TARGET
  Paths Found : 1
    Path 1: GPTN_2 -> Network_Manipulation -> Root_Causes

Evidence: GPTN_3
  Direction : EVIDENCE -> TARGET
  Paths Found : 1
    Path 1: GPTN_3 -> Program_Anomaly -> Execution_Integrity -> Root_Causes

Evidence: GPTN_5
  Direction : EVIDENCE -> TARGET
  Paths Found : 1
    Path 1: GPTN_5 -> Physical_Anomaly -> Root_Causes

Evidence: LPTN_1_i
  Direction : EVIDENCE -> TARGET
  Paths Found : 5
    Path 1: LPTN_1_i -> Deviation_in_Response -> Execution_Integrity -> Root_Causes
    Path 2: LPTN_1_i -> LPTN_1_ii -> Deviation_in_Response -> Execution_Integrity -> Root_Causes
    Path 3: LPTN_1_i -> LPTN_1_ii -> LPTN_1_iii -> Deviation_in_Response -> Execution_Integrity -> Root_Causes
    Path 4: LPTN_1_i -> LPTN_1_ii -> LPTN_1_iii -> LPTN_1_iv -> Deviation_in_Response -> Execution_Integrity -> Root_Causes
    Path 5: LPTN_1_i -> LPTN_1_ii -> LPTN_1_iii -> LPTN_1_iv -> LPTN_1_v -> Deviation_in_Response -> Execution_Integrity -> Root_Causes

Evidence: LPTN_1_ii
  Direction : EVIDENCE -> TARGET
  Paths Found : 4
    Path 1: LPTN_1_ii -> Deviation_in_Response -> Execution_Integrity -> Root_Causes
    Path 2: LPTN_1_ii -> LPTN_1_iii -> Deviation_in_Response -> Execution_Integrity -> Root_Causes
    Path 3: LPTN_1_ii -> LPTN_1_iii -> LPTN_1_iv -> Deviation_in_Response -> Execution_Integrity -> Root_Causes
    Path 4: LPTN_1_ii -> LPTN_1_iii -> LPTN_1_iv -> LPTN_1_v -> Deviation_in_Response -> Execution_Integrity -> Root_Causes

Evidence: LPTN_1_iii
  Direction : EVIDENCE -> TARGET
  Paths Found : 3
    Path 1: LPTN_1_iii -> Deviation_in_Response -> Execution_Integrity -> Root_Causes
    Path 2: LPTN_1_iii -> LPTN_1_iv -> Deviation_in_Response -> Execution_Integrity -> Root_Causes
    Path 3: LPTN_1_iii -> LPTN_1_iv -> LPTN_1_v -> Deviation_in_Response -> Execution_Integrity -> Root_Causes

Evidence: LPTN_1_iv
  Direction : EVIDENCE -> TARGET
  Paths Found : 2
    Path 1: LPTN_1_iv -> Deviation_in_Response -> Execution_Integrity -> Root_Causes
    Path 2: LPTN_1_iv -> LPTN_1_v -> Deviation_in_Response -> Execution_Integrity -> Root_Causes

Evidence: LPTN_1_v
  Direction : EVIDENCE -> TARGET
  Paths Found : 1
    Path 1: LPTN_1_v -> Deviation_in_Response -> Execution_Integrity -> Root_Causes

Evidence: LPTN_1_vi
  Direction : EVIDENCE -> TARGET
  Paths Found : 4
    Path 1: LPTN_1_vi -> Deviation_in_Dispatch -> Execution_Integrity -> Root_Causes
    Path 2: LPTN_1_vi -> LPTN_1_viii -> Deviation_in_Dispatch -> Execution_Integrity -> Root_Causes
    Path 3: LPTN_1_vi -> LPTN_1_viii -> LPTN_1_ix -> Deviation_in_Dispatch -> Execution_Integrity -> Root_Causes
    Path 4: LPTN_1_vi -> LPTN_1_viii -> LPTN_1_ix -> LPTN_1_x -> Deviation_in_Dispatch -> Execution_Integrity -> Root_Causes

Evidence: LPTN_1_viii
  Direction : EVIDENCE -> TARGET
  Paths Found : 3
    Path 1: LPTN_1_viii -> Deviation_in_Dispatch -> Execution_Integrity -> Root_Causes
    Path 2: LPTN_1_viii -> LPTN_1_ix -> Deviation_in_Dispatch -> Execution_Integrity -> Root_Causes
    Path 3: LPTN_1_viii -> LPTN_1_ix -> LPTN_1_x -> Deviation_in_Dispatch -> Execution_Integrity -> Root_Causes

Evidence: LPTN_1_ix
  Direction : EVIDENCE -> TARGET
  Paths Found : 2
    Path 1: LPTN_1_ix -> Deviation_in_Dispatch -> Execution_Integrity -> Root_Causes
    Path 2: LPTN_1_ix -> LPTN_1_x -> Deviation_in_Dispatch -> Execution_Integrity -> Root_Causes

Evidence: LPTN_1_x
  Direction : EVIDENCE -> TARGET
  Paths Found : 1
    Path 1: LPTN_1_x -> Deviation_in_Dispatch -> Execution_Integrity -> Root_Causes

======================================================================
Path Nodes (20)
  Deviation_in_Dispatch
  Deviation_in_Response
  Execution_Integrity
  GPTN_1
  GPTN_2
  GPTN_3
  GPTN_5
  LPTN_1_i
  LPTN_1_ii
  LPTN_1_iii
  LPTN_1_iv
  LPTN_1_ix
  LPTN_1_v
  LPTN_1_vi
  LPTN_1_viii
  LPTN_1_x
  Network_Manipulation
  Physical_Anomaly
  Program_Anomaly
  Root_Causes

Additional Parent Nodes Required for CPT Activation (0)
  None

----------------------------------------------------------------------
Final Relevant Nodes (20)
  Deviation_in_Dispatch
  Deviation_in_Response
  Execution_Integrity
  GPTN_1
  GPTN_2
  GPTN_3
  GPTN_5
  LPTN_1_i
  LPTN_1_ii
  LPTN_1_iii
  LPTN_1_iv
  LPTN_1_ix
  LPTN_1_v
  LPTN_1_vi
  LPTN_1_viii
  LPTN_1_x
  Network_Manipulation
  Physical_Anomaly
  Program_Anomaly
  Root_Causes
======================================================================

Activation trace saved to /home/shamim_ist/BN_Agent/workspace/der/activation_trace.csv
Failure parameter statistics saved to '/home/shamim_ist/BN_Agent/workspace/der/failure_parameter_statistics.json'
Valid danger report received on attempt 1.

===================================================

Accuracy: 80.56%

Workflow analysis for BN #2 stored in /home/shamim_ist/BN_Agent/workspace/der/bn_analysis.json
Valid response received on attempt 1.
Selected baseline BN: 2

===================================================
Dataset: /home/shamim_ist/BN_Agent/datasets/der/combined_train_scenarios.csv
===================================================
Accuracy: 80.56 %
Total: 72
Successes: 58
Failures: 14

Candidate 1: Accuracy = 0.8056, Failures = 14, Successes = 58

===================================================
Dataset: /home/shamim_ist/BN_Agent/datasets/der/combined_train_scenarios.csv
===================================================
Accuracy: 81.94 %
Total: 72
Successes: 59
Failures: 13

Candidate 2: Accuracy = 0.8194, Failures = 13, Successes = 59

===================================================
Dataset: /home/shamim_ist/BN_Agent/datasets/der/combined_train_scenarios.csv
===================================================
Accuracy: 80.56 %
Total: 72
Successes: 58
Failures: 14

Candidate 3: Accuracy = 0.8056, Failures = 14, Successes = 58

========================================
BEST REFINEMENT CANDIDATE
========================================
Candidate 2
Accuracy: 0.8194
Failures: 13
Successes: 59

===================================================
Dataset: /home/shamim_ist/BN_Agent/datasets/der/combined_train_scenarios.csv
===================================================
Accuracy: 81.94 %
Total: 72
Successes: 59
Failures: 13

Accuracy improved from 80.56% to 81.94%.

===== ITERATION 4 =====

===================================================
Dataset: /home/shamim_ist/BN_Agent/datasets/der/combined_train_scenarios.csv
===================================================
Accuracy: 81.94 %
Total: 72
Successes: 59
Failures: 13

======================================================================
Finding Target-Evidence Paths
Target Node: Root_Causes
======================================================================

Evidence: GPTN_1
  Direction : EVIDENCE -> TARGET
  Paths Found : 1
    Path 1: GPTN_1 -> Network_Manipulation -> Root_Causes

Evidence: GPTN_2
  Direction : EVIDENCE -> TARGET
  Paths Found : 1
    Path 1: GPTN_2 -> Network_Manipulation -> Root_Causes

Evidence: GPTN_3
  Direction : EVIDENCE -> TARGET
  Paths Found : 1
    Path 1: GPTN_3 -> Program_Anomaly -> Execution_Integrity -> Root_Causes

Evidence: GPTN_5
  Direction : EVIDENCE -> TARGET
  Paths Found : 1
    Path 1: GPTN_5 -> Physical_Anomaly -> Root_Causes

Evidence: LPTN_1_i
  Direction : EVIDENCE -> TARGET
  Paths Found : 5
    Path 1: LPTN_1_i -> Deviation_in_Response -> Execution_Integrity -> Root_Causes
    Path 2: LPTN_1_i -> LPTN_1_ii -> Deviation_in_Response -> Execution_Integrity -> Root_Causes
    Path 3: LPTN_1_i -> LPTN_1_ii -> LPTN_1_iii -> Deviation_in_Response -> Execution_Integrity -> Root_Causes
    Path 4: LPTN_1_i -> LPTN_1_ii -> LPTN_1_iii -> LPTN_1_iv -> Deviation_in_Response -> Execution_Integrity -> Root_Causes
    Path 5: LPTN_1_i -> LPTN_1_ii -> LPTN_1_iii -> LPTN_1_iv -> LPTN_1_v -> Deviation_in_Response -> Execution_Integrity -> Root_Causes

Evidence: LPTN_1_ii
  Direction : EVIDENCE -> TARGET
  Paths Found : 4
    Path 1: LPTN_1_ii -> Deviation_in_Response -> Execution_Integrity -> Root_Causes
    Path 2: LPTN_1_ii -> LPTN_1_iii -> Deviation_in_Response -> Execution_Integrity -> Root_Causes
    Path 3: LPTN_1_ii -> LPTN_1_iii -> LPTN_1_iv -> Deviation_in_Response -> Execution_Integrity -> Root_Causes
    Path 4: LPTN_1_ii -> LPTN_1_iii -> LPTN_1_iv -> LPTN_1_v -> Deviation_in_Response -> Execution_Integrity -> Root_Causes

Evidence: LPTN_1_iii
  Direction : EVIDENCE -> TARGET
  Paths Found : 3
    Path 1: LPTN_1_iii -> Deviation_in_Response -> Execution_Integrity -> Root_Causes
    Path 2: LPTN_1_iii -> LPTN_1_iv -> Deviation_in_Response -> Execution_Integrity -> Root_Causes
    Path 3: LPTN_1_iii -> LPTN_1_iv -> LPTN_1_v -> Deviation_in_Response -> Execution_Integrity -> Root_Causes

Evidence: LPTN_1_iv
  Direction : EVIDENCE -> TARGET
  Paths Found : 2
    Path 1: LPTN_1_iv -> Deviation_in_Response -> Execution_Integrity -> Root_Causes
    Path 2: LPTN_1_iv -> LPTN_1_v -> Deviation_in_Response -> Execution_Integrity -> Root_Causes

Evidence: LPTN_1_v
  Direction : EVIDENCE -> TARGET
  Paths Found : 1
    Path 1: LPTN_1_v -> Deviation_in_Response -> Execution_Integrity -> Root_Causes

Evidence: LPTN_1_vi
  Direction : EVIDENCE -> TARGET
  Paths Found : 4
    Path 1: LPTN_1_vi -> Deviation_in_Dispatch -> Execution_Integrity -> Root_Causes
    Path 2: LPTN_1_vi -> LPTN_1_viii -> Deviation_in_Dispatch -> Execution_Integrity -> Root_Causes
    Path 3: LPTN_1_vi -> LPTN_1_viii -> LPTN_1_ix -> Deviation_in_Dispatch -> Execution_Integrity -> Root_Causes
    Path 4: LPTN_1_vi -> LPTN_1_viii -> LPTN_1_ix -> LPTN_1_x -> Deviation_in_Dispatch -> Execution_Integrity -> Root_Causes

Evidence: LPTN_1_viii
  Direction : EVIDENCE -> TARGET
  Paths Found : 3
    Path 1: LPTN_1_viii -> Deviation_in_Dispatch -> Execution_Integrity -> Root_Causes
    Path 2: LPTN_1_viii -> LPTN_1_ix -> Deviation_in_Dispatch -> Execution_Integrity -> Root_Causes
    Path 3: LPTN_1_viii -> LPTN_1_ix -> LPTN_1_x -> Deviation_in_Dispatch -> Execution_Integrity -> Root_Causes

Evidence: LPTN_1_ix
  Direction : EVIDENCE -> TARGET
  Paths Found : 2
    Path 1: LPTN_1_ix -> Deviation_in_Dispatch -> Execution_Integrity -> Root_Causes
    Path 2: LPTN_1_ix -> LPTN_1_x -> Deviation_in_Dispatch -> Execution_Integrity -> Root_Causes

Evidence: LPTN_1_x
  Direction : EVIDENCE -> TARGET
  Paths Found : 1
    Path 1: LPTN_1_x -> Deviation_in_Dispatch -> Execution_Integrity -> Root_Causes

======================================================================
Path Nodes (20)
  Deviation_in_Dispatch
  Deviation_in_Response
  Execution_Integrity
  GPTN_1
  GPTN_2
  GPTN_3
  GPTN_5
  LPTN_1_i
  LPTN_1_ii
  LPTN_1_iii
  LPTN_1_iv
  LPTN_1_ix
  LPTN_1_v
  LPTN_1_vi
  LPTN_1_viii
  LPTN_1_x
  Network_Manipulation
  Physical_Anomaly
  Program_Anomaly
  Root_Causes

Additional Parent Nodes Required for CPT Activation (0)
  None

----------------------------------------------------------------------
Final Relevant Nodes (20)
  Deviation_in_Dispatch
  Deviation_in_Response
  Execution_Integrity
  GPTN_1
  GPTN_2
  GPTN_3
  GPTN_5
  LPTN_1_i
  LPTN_1_ii
  LPTN_1_iii
  LPTN_1_iv
  LPTN_1_ix
  LPTN_1_v
  LPTN_1_vi
  LPTN_1_viii
  LPTN_1_x
  Network_Manipulation
  Physical_Anomaly
  Program_Anomaly
  Root_Causes
======================================================================

Activation trace saved to /home/shamim_ist/BN_Agent/workspace/der/activation_trace.csv
Failure parameter statistics saved to '/home/shamim_ist/BN_Agent/workspace/der/failure_parameter_statistics.json'
Valid danger report received on attempt 1.

===================================================

Accuracy: 81.94%

Workflow analysis for BN #3 stored in /home/shamim_ist/BN_Agent/workspace/der/bn_analysis.json
Valid response received on attempt 1.
Selected baseline BN: 3

===================================================
Dataset: /home/shamim_ist/BN_Agent/datasets/der/combined_train_scenarios.csv
===================================================
Accuracy: 79.17 %
Total: 72
Successes: 57
Failures: 15

Candidate 1: Accuracy = 0.7917, Failures = 15, Successes = 57

===================================================
Dataset: /home/shamim_ist/BN_Agent/datasets/der/combined_train_scenarios.csv
===================================================
Accuracy: 76.39 %
Total: 72
Successes: 55
Failures: 17

Candidate 2: Accuracy = 0.7639, Failures = 17, Successes = 55

===================================================
Dataset: /home/shamim_ist/BN_Agent/datasets/der/combined_train_scenarios.csv
===================================================
Accuracy: 88.89 %
Total: 72
Successes: 64
Failures: 8

Candidate 3: Accuracy = 0.8889, Failures = 8, Successes = 64

========================================
BEST REFINEMENT CANDIDATE
========================================
Candidate 3
Accuracy: 0.8889
Failures: 8
Successes: 64

===================================================
Dataset: /home/shamim_ist/BN_Agent/datasets/der/combined_train_scenarios.csv
===================================================
Accuracy: 88.89 %
Total: 72
Successes: 64
Failures: 8

Accuracy improved from 81.94% to 88.89%.

===================================================
Dataset: /home/shamim_ist/BN_Agent/datasets/der/combined_train_scenarios.csv
===================================================
Accuracy: 68.06 %
Total: 72
Successes: 49
Failures: 23

===================================================
Dataset: /home/shamim_ist/BN_Agent/datasets/der/combined_train_scenarios.csv
===================================================
Accuracy: 79.17 %
Total: 72
Successes: 57
Failures: 15

===================================================
Dataset: /home/shamim_ist/BN_Agent/datasets/der/combined_train_scenarios.csv
===================================================
Accuracy: 80.56 %
Total: 72
Successes: 58
Failures: 14

===================================================
Dataset: /home/shamim_ist/BN_Agent/datasets/der/combined_train_scenarios.csv
===================================================
Accuracy: 81.94 %
Total: 72
Successes: 59
Failures: 13

===================================================
Dataset: /home/shamim_ist/BN_Agent/datasets/der/combined_train_scenarios.csv
===================================================
Accuracy: 88.89 %
Total: 72
Successes: 64
Failures: 8


Best BN Number: 4
Best BN Accuracy: 0.8888888888888888
Saved CPT identity comparison to /home/shamim_ist/BN_Agent/workspace/der/cpt_comparison_analysis.json
BN number: 4
Agent change verdict: very_good
Expected changed CPTs: ['Execution_Integrity', 'Root_Causes']
Actual changed CPTs: ['Execution_Integrity', 'Network_Manipulation', 'Root_Causes']
Unexpected changed CPTs: ['Network_Manipulation']
{'bn_number': 4, 'non_identical_cpt_count': 3, 'non_identical_cpts': ['Execution_Integrity', 'Network_Manipulation', 'Root_Causes'], 'missing_in_proposed': [], 'agent_change_report': {'verdict': 'very_good', 'total_cpts': 20, 'expected_changed_count': 2, 'expected_changed_cpts': ['Execution_Integrity', 'Root_Causes'], 'actual_changed_count': 3, 'actual_changed_cpts': ['Execution_Integrity', 'Network_Manipulation', 'Root_Causes'], 'matched_expected_count': 2, 'matched_expected_cpts': ['Execution_Integrity', 'Root_Causes'], 'missed_expected_count': 0, 'missed_expected_cpts': [], 'unexpected_changed_count': 1, 'unexpected_changed_cpts': ['Network_Manipulation'], 'unflawed_cpt_count': 18, 'untouched_unflawed_count': 17, 'untouched_unflawed_cpts': ['Deviation_in_Dispatch', 'Deviation_in_Response', 'GPTN_1', 'GPTN_2', 'GPTN_3', 'GPTN_5', 'LPTN_1_i', 'LPTN_1_ii', 'LPTN_1_iii', 'LPTN_1_iv', 'LPTN_1_ix', 'LPTN_1_v', 'LPTN_1_vi', 'LPTN_1_viii', 'LPTN_1_x', 'Physical_Anomaly', 'Program_Anomaly'], 'expected_change_recall': 1.0, 'unexpected_change_rate': 0.0556, 'unflawed_preservation_rate': 0.9444}}
======================================================================
Deviation_in_Dispatch          0.00000000
Deviation_in_Response          0.00000000
Execution_Integrity            0.10247300
Network_Manipulation           0.12610002
Physical_Anomaly               0.00000000
Program_Anomaly                0.00000000
Root_Causes                    0.12056745
======================================================================
Overall Average CPT KL = 0.03178783
======================================================================
Deviation_in_Dispatch          RMSE = 0.00000000
Deviation_in_Response          RMSE = 0.00000000
Execution_Integrity            RMSE = 0.17403304
Network_Manipulation           RMSE = 0.22500000
Physical_Anomaly               RMSE = 0.00000000
Program_Anomaly                RMSE = 0.00000000
Root_Causes                    RMSE = 0.16015617
======================================================================
Overall CPT RMSE = 0.09951197
======================================================================
Deviation_in_Dispatch          Hellinger = 0.00000000
Deviation_in_Response          Hellinger = 0.00000000
Execution_Integrity            Hellinger = 0.16734096
Network_Manipulation           Hellinger = 0.16079603
Physical_Anomaly               Hellinger = 0.00000000
Program_Anomaly                Hellinger = 0.00000000
Root_Causes                    Hellinger = 0.16105409
======================================================================
Overall Average Hellinger = 0.04542145
###------------------------------###

Restart 0 finished.
###------------------------------###

==============================
PIPELINE RESTART #1
==============================
Cleared: /home/shamim_ist/BN_Agent/workspace/der/bn_analysis.json
Cleared: /home/shamim_ist/BN_Agent/workspace/der/last_proposed_bn.jsonl
Cleared: /home/shamim_ist/BN_Agent/workspace/der/dangerous_cpt_report.json
Cleared: /home/shamim_ist/BN_Agent/workspace/der/failure_parameter_statistics.json

===================================================
Dataset: /home/shamim_ist/BN_Agent/datasets/der/combined_train_scenarios.csv
===================================================
Accuracy: 68.06 %
Total: 72
Successes: 49
Failures: 23
Flawed BN Accuracy: 68.06%
Initial Acceptance Threshold: 77.64%

Initial Generation Attempt 0

======================================================================
Finding Target-Evidence Paths
Target Node: Root_Causes
======================================================================

Evidence: GPTN_1
  Direction : EVIDENCE -> TARGET
  Paths Found : 1
    Path 1: GPTN_1 -> Network_Manipulation -> Root_Causes

Evidence: GPTN_2
  Direction : EVIDENCE -> TARGET
  Paths Found : 1
    Path 1: GPTN_2 -> Network_Manipulation -> Root_Causes

Evidence: GPTN_3
  Direction : EVIDENCE -> TARGET
  Paths Found : 1
    Path 1: GPTN_3 -> Program_Anomaly -> Execution_Integrity -> Root_Causes

Evidence: GPTN_5
  Direction : EVIDENCE -> TARGET
  Paths Found : 1
    Path 1: GPTN_5 -> Physical_Anomaly -> Root_Causes

Evidence: LPTN_1_i
  Direction : EVIDENCE -> TARGET
  Paths Found : 5
    Path 1: LPTN_1_i -> Deviation_in_Response -> Execution_Integrity -> Root_Causes
    Path 2: LPTN_1_i -> LPTN_1_ii -> Deviation_in_Response -> Execution_Integrity -> Root_Causes
    Path 3: LPTN_1_i -> LPTN_1_ii -> LPTN_1_iii -> Deviation_in_Response -> Execution_Integrity -> Root_Causes
    Path 4: LPTN_1_i -> LPTN_1_ii -> LPTN_1_iii -> LPTN_1_iv -> Deviation_in_Response -> Execution_Integrity -> Root_Causes
    Path 5: LPTN_1_i -> LPTN_1_ii -> LPTN_1_iii -> LPTN_1_iv -> LPTN_1_v -> Deviation_in_Response -> Execution_Integrity -> Root_Causes

Evidence: LPTN_1_ii
  Direction : EVIDENCE -> TARGET
  Paths Found : 4
    Path 1: LPTN_1_ii -> Deviation_in_Response -> Execution_Integrity -> Root_Causes
    Path 2: LPTN_1_ii -> LPTN_1_iii -> Deviation_in_Response -> Execution_Integrity -> Root_Causes
    Path 3: LPTN_1_ii -> LPTN_1_iii -> LPTN_1_iv -> Deviation_in_Response -> Execution_Integrity -> Root_Causes
    Path 4: LPTN_1_ii -> LPTN_1_iii -> LPTN_1_iv -> LPTN_1_v -> Deviation_in_Response -> Execution_Integrity -> Root_Causes

Evidence: LPTN_1_iii
  Direction : EVIDENCE -> TARGET
  Paths Found : 3
    Path 1: LPTN_1_iii -> Deviation_in_Response -> Execution_Integrity -> Root_Causes
    Path 2: LPTN_1_iii -> LPTN_1_iv -> Deviation_in_Response -> Execution_Integrity -> Root_Causes
    Path 3: LPTN_1_iii -> LPTN_1_iv -> LPTN_1_v -> Deviation_in_Response -> Execution_Integrity -> Root_Causes

Evidence: LPTN_1_iv
  Direction : EVIDENCE -> TARGET
  Paths Found : 2
    Path 1: LPTN_1_iv -> Deviation_in_Response -> Execution_Integrity -> Root_Causes
    Path 2: LPTN_1_iv -> LPTN_1_v -> Deviation_in_Response -> Execution_Integrity -> Root_Causes

Evidence: LPTN_1_v
  Direction : EVIDENCE -> TARGET
  Paths Found : 1
    Path 1: LPTN_1_v -> Deviation_in_Response -> Execution_Integrity -> Root_Causes

Evidence: LPTN_1_vi
  Direction : EVIDENCE -> TARGET
  Paths Found : 4
    Path 1: LPTN_1_vi -> Deviation_in_Dispatch -> Execution_Integrity -> Root_Causes
    Path 2: LPTN_1_vi -> LPTN_1_viii -> Deviation_in_Dispatch -> Execution_Integrity -> Root_Causes
    Path 3: LPTN_1_vi -> LPTN_1_viii -> LPTN_1_ix -> Deviation_in_Dispatch -> Execution_Integrity -> Root_Causes
    Path 4: LPTN_1_vi -> LPTN_1_viii -> LPTN_1_ix -> LPTN_1_x -> Deviation_in_Dispatch -> Execution_Integrity -> Root_Causes

Evidence: LPTN_1_viii
  Direction : EVIDENCE -> TARGET
  Paths Found : 3
    Path 1: LPTN_1_viii -> Deviation_in_Dispatch -> Execution_Integrity -> Root_Causes
    Path 2: LPTN_1_viii -> LPTN_1_ix -> Deviation_in_Dispatch -> Execution_Integrity -> Root_Causes
    Path 3: LPTN_1_viii -> LPTN_1_ix -> LPTN_1_x -> Deviation_in_Dispatch -> Execution_Integrity -> Root_Causes

Evidence: LPTN_1_ix
  Direction : EVIDENCE -> TARGET
  Paths Found : 2
    Path 1: LPTN_1_ix -> Deviation_in_Dispatch -> Execution_Integrity -> Root_Causes
    Path 2: LPTN_1_ix -> LPTN_1_x -> Deviation_in_Dispatch -> Execution_Integrity -> Root_Causes

Evidence: LPTN_1_x
  Direction : EVIDENCE -> TARGET
  Paths Found : 1
    Path 1: LPTN_1_x -> Deviation_in_Dispatch -> Execution_Integrity -> Root_Causes

======================================================================
Path Nodes (20)
  Deviation_in_Dispatch
  Deviation_in_Response
  Execution_Integrity
  GPTN_1
  GPTN_2
  GPTN_3
  GPTN_5
  LPTN_1_i
  LPTN_1_ii
  LPTN_1_iii
  LPTN_1_iv
  LPTN_1_ix
  LPTN_1_v
  LPTN_1_vi
  LPTN_1_viii
  LPTN_1_x
  Network_Manipulation
  Physical_Anomaly
  Program_Anomaly
  Root_Causes

Additional Parent Nodes Required for CPT Activation (0)
  None

----------------------------------------------------------------------
Final Relevant Nodes (20)
  Deviation_in_Dispatch
  Deviation_in_Response
  Execution_Integrity
  GPTN_1
  GPTN_2
  GPTN_3
  GPTN_5
  LPTN_1_i
  LPTN_1_ii
  LPTN_1_iii
  LPTN_1_iv
  LPTN_1_ix
  LPTN_1_v
  LPTN_1_vi
  LPTN_1_viii
  LPTN_1_x
  Network_Manipulation
  Physical_Anomaly
  Program_Anomaly
  Root_Causes
======================================================================

Activation trace saved to /home/shamim_ist/BN_Agent/workspace/der/activation_trace.csv
Failure parameter statistics saved to '/home/shamim_ist/BN_Agent/workspace/der/failure_parameter_statistics.json'
Valid danger report received on attempt 1.

===================================================

Accuracy: 68.06%

Workflow analysis for BN #0 stored in /home/shamim_ist/BN_Agent/workspace/der/bn_analysis.json
Valid response received on attempt 1.
Selected baseline BN: 0

===================================================
Dataset: /home/shamim_ist/BN_Agent/datasets/der/combined_train_scenarios.csv
===================================================
Accuracy: 50.0 %
Total: 72
Successes: 36
Failures: 36

Candidate 1: Accuracy = 0.5000, Failures = 36, Successes = 36

===================================================
Dataset: /home/shamim_ist/BN_Agent/datasets/der/combined_train_scenarios.csv
===================================================
Accuracy: 77.78 %
Total: 72
Successes: 56
Failures: 16

Candidate 2: Accuracy = 0.7778, Failures = 16, Successes = 56

===================================================
Dataset: /home/shamim_ist/BN_Agent/datasets/der/combined_train_scenarios.csv
===================================================
Accuracy: 72.22 %
Total: 72
Successes: 52
Failures: 20

Candidate 3: Accuracy = 0.7222, Failures = 20, Successes = 52

========================================
BEST REFINEMENT CANDIDATE
========================================
Candidate 2
Accuracy: 0.7778
Failures: 16
Successes: 56

===================================================
Dataset: /home/shamim_ist/BN_Agent/datasets/der/combined_train_scenarios.csv
===================================================
Accuracy: 77.78 %
Total: 72
Successes: 56
Failures: 16
Accuracy = 77.78%
Initial BN accepted.
Accepted initial BN (77.78%).
Removed workflow analysis for BN #0 from /home/shamim_ist/BN_Agent/workspace/der/bn_analysis.json

Initial BN generated

===== ITERATION 2 =====

===================================================
Dataset: /home/shamim_ist/BN_Agent/datasets/der/combined_train_scenarios.csv
===================================================
Accuracy: 77.78 %
Total: 72
Successes: 56
Failures: 16

======================================================================
Finding Target-Evidence Paths
Target Node: Root_Causes
======================================================================

Evidence: GPTN_1
  Direction : EVIDENCE -> TARGET
  Paths Found : 1
    Path 1: GPTN_1 -> Network_Manipulation -> Root_Causes

Evidence: GPTN_2
  Direction : EVIDENCE -> TARGET
  Paths Found : 1
    Path 1: GPTN_2 -> Network_Manipulation -> Root_Causes

Evidence: GPTN_3
  Direction : EVIDENCE -> TARGET
  Paths Found : 1
    Path 1: GPTN_3 -> Program_Anomaly -> Execution_Integrity -> Root_Causes

Evidence: GPTN_5
  Direction : EVIDENCE -> TARGET
  Paths Found : 1
    Path 1: GPTN_5 -> Physical_Anomaly -> Root_Causes

Evidence: LPTN_1_i
  Direction : EVIDENCE -> TARGET
  Paths Found : 5
    Path 1: LPTN_1_i -> Deviation_in_Response -> Execution_Integrity -> Root_Causes
    Path 2: LPTN_1_i -> LPTN_1_ii -> Deviation_in_Response -> Execution_Integrity -> Root_Causes
    Path 3: LPTN_1_i -> LPTN_1_ii -> LPTN_1_iii -> Deviation_in_Response -> Execution_Integrity -> Root_Causes
    Path 4: LPTN_1_i -> LPTN_1_ii -> LPTN_1_iii -> LPTN_1_iv -> Deviation_in_Response -> Execution_Integrity -> Root_Causes
    Path 5: LPTN_1_i -> LPTN_1_ii -> LPTN_1_iii -> LPTN_1_iv -> LPTN_1_v -> Deviation_in_Response -> Execution_Integrity -> Root_Causes

Evidence: LPTN_1_ii
  Direction : EVIDENCE -> TARGET
  Paths Found : 4
    Path 1: LPTN_1_ii -> Deviation_in_Response -> Execution_Integrity -> Root_Causes
    Path 2: LPTN_1_ii -> LPTN_1_iii -> Deviation_in_Response -> Execution_Integrity -> Root_Causes
    Path 3: LPTN_1_ii -> LPTN_1_iii -> LPTN_1_iv -> Deviation_in_Response -> Execution_Integrity -> Root_Causes
    Path 4: LPTN_1_ii -> LPTN_1_iii -> LPTN_1_iv -> LPTN_1_v -> Deviation_in_Response -> Execution_Integrity -> Root_Causes

Evidence: LPTN_1_iii
  Direction : EVIDENCE -> TARGET
  Paths Found : 3
    Path 1: LPTN_1_iii -> Deviation_in_Response -> Execution_Integrity -> Root_Causes
    Path 2: LPTN_1_iii -> LPTN_1_iv -> Deviation_in_Response -> Execution_Integrity -> Root_Causes
    Path 3: LPTN_1_iii -> LPTN_1_iv -> LPTN_1_v -> Deviation_in_Response -> Execution_Integrity -> Root_Causes

Evidence: LPTN_1_iv
  Direction : EVIDENCE -> TARGET
  Paths Found : 2
    Path 1: LPTN_1_iv -> Deviation_in_Response -> Execution_Integrity -> Root_Causes
    Path 2: LPTN_1_iv -> LPTN_1_v -> Deviation_in_Response -> Execution_Integrity -> Root_Causes

Evidence: LPTN_1_v
  Direction : EVIDENCE -> TARGET
  Paths Found : 1
    Path 1: LPTN_1_v -> Deviation_in_Response -> Execution_Integrity -> Root_Causes

Evidence: LPTN_1_vi
  Direction : EVIDENCE -> TARGET
  Paths Found : 4
    Path 1: LPTN_1_vi -> Deviation_in_Dispatch -> Execution_Integrity -> Root_Causes
    Path 2: LPTN_1_vi -> LPTN_1_viii -> Deviation_in_Dispatch -> Execution_Integrity -> Root_Causes
    Path 3: LPTN_1_vi -> LPTN_1_viii -> LPTN_1_ix -> Deviation_in_Dispatch -> Execution_Integrity -> Root_Causes
    Path 4: LPTN_1_vi -> LPTN_1_viii -> LPTN_1_ix -> LPTN_1_x -> Deviation_in_Dispatch -> Execution_Integrity -> Root_Causes

Evidence: LPTN_1_viii
  Direction : EVIDENCE -> TARGET
  Paths Found : 3
    Path 1: LPTN_1_viii -> Deviation_in_Dispatch -> Execution_Integrity -> Root_Causes
    Path 2: LPTN_1_viii -> LPTN_1_ix -> Deviation_in_Dispatch -> Execution_Integrity -> Root_Causes
    Path 3: LPTN_1_viii -> LPTN_1_ix -> LPTN_1_x -> Deviation_in_Dispatch -> Execution_Integrity -> Root_Causes

Evidence: LPTN_1_ix
  Direction : EVIDENCE -> TARGET
  Paths Found : 2
    Path 1: LPTN_1_ix -> Deviation_in_Dispatch -> Execution_Integrity -> Root_Causes
    Path 2: LPTN_1_ix -> LPTN_1_x -> Deviation_in_Dispatch -> Execution_Integrity -> Root_Causes

Evidence: LPTN_1_x
  Direction : EVIDENCE -> TARGET
  Paths Found : 1
    Path 1: LPTN_1_x -> Deviation_in_Dispatch -> Execution_Integrity -> Root_Causes

======================================================================
Path Nodes (20)
  Deviation_in_Dispatch
  Deviation_in_Response
  Execution_Integrity
  GPTN_1
  GPTN_2
  GPTN_3
  GPTN_5
  LPTN_1_i
  LPTN_1_ii
  LPTN_1_iii
  LPTN_1_iv
  LPTN_1_ix
  LPTN_1_v
  LPTN_1_vi
  LPTN_1_viii
  LPTN_1_x
  Network_Manipulation
  Physical_Anomaly
  Program_Anomaly
  Root_Causes

Additional Parent Nodes Required for CPT Activation (0)
  None

----------------------------------------------------------------------
Final Relevant Nodes (20)
  Deviation_in_Dispatch
  Deviation_in_Response
  Execution_Integrity
  GPTN_1
  GPTN_2
  GPTN_3
  GPTN_5
  LPTN_1_i
  LPTN_1_ii
  LPTN_1_iii
  LPTN_1_iv
  LPTN_1_ix
  LPTN_1_v
  LPTN_1_vi
  LPTN_1_viii
  LPTN_1_x
  Network_Manipulation
  Physical_Anomaly
  Program_Anomaly
  Root_Causes
======================================================================

Activation trace saved to /home/shamim_ist/BN_Agent/workspace/der/activation_trace.csv
Failure parameter statistics saved to '/home/shamim_ist/BN_Agent/workspace/der/failure_parameter_statistics.json'
Valid danger report received on attempt 1.

===================================================

Accuracy: 77.78%

Workflow analysis for BN #1 stored in /home/shamim_ist/BN_Agent/workspace/der/bn_analysis.json
Valid response received on attempt 1.
Selected baseline BN: 1

===================================================
Dataset: /home/shamim_ist/BN_Agent/datasets/der/combined_train_scenarios.csv
===================================================
Accuracy: 77.78 %
Total: 72
Successes: 56
Failures: 16

Candidate 1: Accuracy = 0.7778, Failures = 16, Successes = 56

===================================================
Dataset: /home/shamim_ist/BN_Agent/datasets/der/combined_train_scenarios.csv
===================================================
Accuracy: 77.78 %
Total: 72
Successes: 56
Failures: 16

Candidate 2: Accuracy = 0.7778, Failures = 16, Successes = 56

===================================================
Dataset: /home/shamim_ist/BN_Agent/datasets/der/combined_train_scenarios.csv
===================================================
Accuracy: 77.78 %
Total: 72
Successes: 56
Failures: 16

Candidate 3: Accuracy = 0.7778, Failures = 16, Successes = 56

========================================
BEST REFINEMENT CANDIDATE
========================================
Candidate 1
Accuracy: 0.7778
Failures: 16
Successes: 56

===================================================
Dataset: /home/shamim_ist/BN_Agent/datasets/der/combined_train_scenarios.csv
===================================================
Accuracy: 77.78 %
Total: 72
Successes: 56
Failures: 16

Accuracy did not improve. Need improvement from 77.78% 
Removed 1 record(s) with bn_number=2
Valid response received on attempt 1.
Selected baseline BN: 1

===================================================
Dataset: /home/shamim_ist/BN_Agent/datasets/der/combined_train_scenarios.csv
===================================================
Accuracy: 77.78 %
Total: 72
Successes: 56
Failures: 16

Candidate 1: Accuracy = 0.7778, Failures = 16, Successes = 56

===================================================
Dataset: /home/shamim_ist/BN_Agent/datasets/der/combined_train_scenarios.csv
===================================================
Accuracy: 77.78 %
Total: 72
Successes: 56
Failures: 16

Candidate 2: Accuracy = 0.7778, Failures = 16, Successes = 56

===================================================
Dataset: /home/shamim_ist/BN_Agent/datasets/der/combined_train_scenarios.csv
===================================================
Accuracy: 77.78 %
Total: 72
Successes: 56
Failures: 16

Candidate 3: Accuracy = 0.7778, Failures = 16, Successes = 56

========================================
BEST REFINEMENT CANDIDATE
========================================
Candidate 1
Accuracy: 0.7778
Failures: 16
Successes: 56

===================================================
Dataset: /home/shamim_ist/BN_Agent/datasets/der/combined_train_scenarios.csv
===================================================
Accuracy: 77.78 %
Total: 72
Successes: 56
Failures: 16
Removed 1 record(s) with bn_number=2
[Format Retry 1/3] Expecting ',' delimiter: line 54 column 13 (char 1145)
Valid response received on attempt 2.
Selected baseline BN: 1

===================================================
Dataset: /home/shamim_ist/BN_Agent/datasets/der/combined_train_scenarios.csv
===================================================
Accuracy: 77.78 %
Total: 72
Successes: 56
Failures: 16

Candidate 1: Accuracy = 0.7778, Failures = 16, Successes = 56

===================================================
Dataset: /home/shamim_ist/BN_Agent/datasets/der/combined_train_scenarios.csv
===================================================
Accuracy: 77.78 %
Total: 72
Successes: 56
Failures: 16

Candidate 2: Accuracy = 0.7778, Failures = 16, Successes = 56

===================================================
Dataset: /home/shamim_ist/BN_Agent/datasets/der/combined_train_scenarios.csv
===================================================
Accuracy: 77.78 %
Total: 72
Successes: 56
Failures: 16

Candidate 3: Accuracy = 0.7778, Failures = 16, Successes = 56

========================================
BEST REFINEMENT CANDIDATE
========================================
Candidate 1
Accuracy: 0.7778
Failures: 16
Successes: 56

===================================================
Dataset: /home/shamim_ist/BN_Agent/datasets/der/combined_train_scenarios.csv
===================================================
Accuracy: 77.78 %
Total: 72
Successes: 56
Failures: 16
Removed 1 record(s) with bn_number=2
[Format Retry 1/3] Expecting ',' delimiter: line 54 column 13 (char 1143)
Valid response received on attempt 2.
Selected baseline BN: 1

===================================================
Dataset: /home/shamim_ist/BN_Agent/datasets/der/combined_train_scenarios.csv
===================================================
Accuracy: 77.78 %
Total: 72
Successes: 56
Failures: 16

Candidate 1: Accuracy = 0.7778, Failures = 16, Successes = 56

===================================================
Dataset: /home/shamim_ist/BN_Agent/datasets/der/combined_train_scenarios.csv
===================================================
Accuracy: 77.78 %
Total: 72
Successes: 56
Failures: 16

Candidate 2: Accuracy = 0.7778, Failures = 16, Successes = 56

===================================================
Dataset: /home/shamim_ist/BN_Agent/datasets/der/combined_train_scenarios.csv
===================================================
Accuracy: 77.78 %
Total: 72
Successes: 56
Failures: 16

Candidate 3: Accuracy = 0.7778, Failures = 16, Successes = 56

========================================
BEST REFINEMENT CANDIDATE
========================================
Candidate 1
Accuracy: 0.7778
Failures: 16
Successes: 56

===================================================
Dataset: /home/shamim_ist/BN_Agent/datasets/der/combined_train_scenarios.csv
===================================================
Accuracy: 77.78 %
Total: 72
Successes: 56
Failures: 16

No improvement after 3 retries. Selecting best retry candidate (accuracy=77.78%).
Removed 1 record(s) with bn_number=2
Continuing with retry candidate (accuracy=77.78%).

===== ITERATION 3 =====

===================================================
Dataset: /home/shamim_ist/BN_Agent/datasets/der/combined_train_scenarios.csv
===================================================
Accuracy: 77.78 %
Total: 72
Successes: 56
Failures: 16

======================================================================
Finding Target-Evidence Paths
Target Node: Root_Causes
======================================================================

Evidence: GPTN_1
  Direction : EVIDENCE -> TARGET
  Paths Found : 1
    Path 1: GPTN_1 -> Network_Manipulation -> Root_Causes

Evidence: GPTN_2
  Direction : EVIDENCE -> TARGET
  Paths Found : 1
    Path 1: GPTN_2 -> Network_Manipulation -> Root_Causes

Evidence: GPTN_3
  Direction : EVIDENCE -> TARGET
  Paths Found : 1
    Path 1: GPTN_3 -> Program_Anomaly -> Execution_Integrity -> Root_Causes

Evidence: GPTN_5
  Direction : EVIDENCE -> TARGET
  Paths Found : 1
    Path 1: GPTN_5 -> Physical_Anomaly -> Root_Causes

Evidence: LPTN_1_i
  Direction : EVIDENCE -> TARGET
  Paths Found : 5
    Path 1: LPTN_1_i -> Deviation_in_Response -> Execution_Integrity -> Root_Causes
    Path 2: LPTN_1_i -> LPTN_1_ii -> Deviation_in_Response -> Execution_Integrity -> Root_Causes
    Path 3: LPTN_1_i -> LPTN_1_ii -> LPTN_1_iii -> Deviation_in_Response -> Execution_Integrity -> Root_Causes
    Path 4: LPTN_1_i -> LPTN_1_ii -> LPTN_1_iii -> LPTN_1_iv -> Deviation_in_Response -> Execution_Integrity -> Root_Causes
    Path 5: LPTN_1_i -> LPTN_1_ii -> LPTN_1_iii -> LPTN_1_iv -> LPTN_1_v -> Deviation_in_Response -> Execution_Integrity -> Root_Causes

Evidence: LPTN_1_ii
  Direction : EVIDENCE -> TARGET
  Paths Found : 4
    Path 1: LPTN_1_ii -> Deviation_in_Response -> Execution_Integrity -> Root_Causes
    Path 2: LPTN_1_ii -> LPTN_1_iii -> Deviation_in_Response -> Execution_Integrity -> Root_Causes
    Path 3: LPTN_1_ii -> LPTN_1_iii -> LPTN_1_iv -> Deviation_in_Response -> Execution_Integrity -> Root_Causes
    Path 4: LPTN_1_ii -> LPTN_1_iii -> LPTN_1_iv -> LPTN_1_v -> Deviation_in_Response -> Execution_Integrity -> Root_Causes

Evidence: LPTN_1_iii
  Direction : EVIDENCE -> TARGET
  Paths Found : 3
    Path 1: LPTN_1_iii -> Deviation_in_Response -> Execution_Integrity -> Root_Causes
    Path 2: LPTN_1_iii -> LPTN_1_iv -> Deviation_in_Response -> Execution_Integrity -> Root_Causes
    Path 3: LPTN_1_iii -> LPTN_1_iv -> LPTN_1_v -> Deviation_in_Response -> Execution_Integrity -> Root_Causes

Evidence: LPTN_1_iv
  Direction : EVIDENCE -> TARGET
  Paths Found : 2
    Path 1: LPTN_1_iv -> Deviation_in_Response -> Execution_Integrity -> Root_Causes
    Path 2: LPTN_1_iv -> LPTN_1_v -> Deviation_in_Response -> Execution_Integrity -> Root_Causes

Evidence: LPTN_1_v
  Direction : EVIDENCE -> TARGET
  Paths Found : 1
    Path 1: LPTN_1_v -> Deviation_in_Response -> Execution_Integrity -> Root_Causes

Evidence: LPTN_1_vi
  Direction : EVIDENCE -> TARGET
  Paths Found : 4
    Path 1: LPTN_1_vi -> Deviation_in_Dispatch -> Execution_Integrity -> Root_Causes
    Path 2: LPTN_1_vi -> LPTN_1_viii -> Deviation_in_Dispatch -> Execution_Integrity -> Root_Causes
    Path 3: LPTN_1_vi -> LPTN_1_viii -> LPTN_1_ix -> Deviation_in_Dispatch -> Execution_Integrity -> Root_Causes
    Path 4: LPTN_1_vi -> LPTN_1_viii -> LPTN_1_ix -> LPTN_1_x -> Deviation_in_Dispatch -> Execution_Integrity -> Root_Causes

Evidence: LPTN_1_viii
  Direction : EVIDENCE -> TARGET
  Paths Found : 3
    Path 1: LPTN_1_viii -> Deviation_in_Dispatch -> Execution_Integrity -> Root_Causes
    Path 2: LPTN_1_viii -> LPTN_1_ix -> Deviation_in_Dispatch -> Execution_Integrity -> Root_Causes
    Path 3: LPTN_1_viii -> LPTN_1_ix -> LPTN_1_x -> Deviation_in_Dispatch -> Execution_Integrity -> Root_Causes

Evidence: LPTN_1_ix
  Direction : EVIDENCE -> TARGET
  Paths Found : 2
    Path 1: LPTN_1_ix -> Deviation_in_Dispatch -> Execution_Integrity -> Root_Causes
    Path 2: LPTN_1_ix -> LPTN_1_x -> Deviation_in_Dispatch -> Execution_Integrity -> Root_Causes

Evidence: LPTN_1_x
  Direction : EVIDENCE -> TARGET
  Paths Found : 1
    Path 1: LPTN_1_x -> Deviation_in_Dispatch -> Execution_Integrity -> Root_Causes

======================================================================
Path Nodes (20)
  Deviation_in_Dispatch
  Deviation_in_Response
  Execution_Integrity
  GPTN_1
  GPTN_2
  GPTN_3
  GPTN_5
  LPTN_1_i
  LPTN_1_ii
  LPTN_1_iii
  LPTN_1_iv
  LPTN_1_ix
  LPTN_1_v
  LPTN_1_vi
  LPTN_1_viii
  LPTN_1_x
  Network_Manipulation
  Physical_Anomaly
  Program_Anomaly
  Root_Causes

Additional Parent Nodes Required for CPT Activation (0)
  None

----------------------------------------------------------------------
Final Relevant Nodes (20)
  Deviation_in_Dispatch
  Deviation_in_Response
  Execution_Integrity
  GPTN_1
  GPTN_2
  GPTN_3
  GPTN_5
  LPTN_1_i
  LPTN_1_ii
  LPTN_1_iii
  LPTN_1_iv
  LPTN_1_ix
  LPTN_1_v
  LPTN_1_vi
  LPTN_1_viii
  LPTN_1_x
  Network_Manipulation
  Physical_Anomaly
  Program_Anomaly
  Root_Causes
======================================================================

Activation trace saved to /home/shamim_ist/BN_Agent/workspace/der/activation_trace.csv
Failure parameter statistics saved to '/home/shamim_ist/BN_Agent/workspace/der/failure_parameter_statistics.json'
Valid danger report received on attempt 1.

===================================================

Accuracy: 77.78%

Workflow analysis for BN #2 stored in /home/shamim_ist/BN_Agent/workspace/der/bn_analysis.json
Valid response received on attempt 1.
Selected baseline BN: 1

===================================================
Dataset: /home/shamim_ist/BN_Agent/datasets/der/combined_train_scenarios.csv
===================================================
Accuracy: 77.78 %
Total: 72
Successes: 56
Failures: 16

Candidate 1: Accuracy = 0.7778, Failures = 16, Successes = 56

===================================================
Dataset: /home/shamim_ist/BN_Agent/datasets/der/combined_train_scenarios.csv
===================================================
Accuracy: 77.78 %
Total: 72
Successes: 56
Failures: 16

Candidate 2: Accuracy = 0.7778, Failures = 16, Successes = 56

===================================================
Dataset: /home/shamim_ist/BN_Agent/datasets/der/combined_train_scenarios.csv
===================================================
Accuracy: 77.78 %
Total: 72
Successes: 56
Failures: 16

Candidate 3: Accuracy = 0.7778, Failures = 16, Successes = 56

========================================
BEST REFINEMENT CANDIDATE
========================================
Candidate 1
Accuracy: 0.7778
Failures: 16
Successes: 56

===================================================
Dataset: /home/shamim_ist/BN_Agent/datasets/der/combined_train_scenarios.csv
===================================================
Accuracy: 77.78 %
Total: 72
Successes: 56
Failures: 16

Accuracy did not improve. Need improvement from 77.78% 
Removed 1 record(s) with bn_number=3
Valid response received on attempt 1.
Selected baseline BN: 1

===================================================
Dataset: /home/shamim_ist/BN_Agent/datasets/der/combined_train_scenarios.csv
===================================================
Accuracy: 77.78 %
Total: 72
Successes: 56
Failures: 16

Candidate 1: Accuracy = 0.7778, Failures = 16, Successes = 56

===================================================
Dataset: /home/shamim_ist/BN_Agent/datasets/der/combined_train_scenarios.csv
===================================================
Accuracy: 77.78 %
Total: 72
Successes: 56
Failures: 16

Candidate 2: Accuracy = 0.7778, Failures = 16, Successes = 56

===================================================
Dataset: /home/shamim_ist/BN_Agent/datasets/der/combined_train_scenarios.csv
===================================================
Accuracy: 77.78 %
Total: 72
Successes: 56
Failures: 16

Candidate 3: Accuracy = 0.7778, Failures = 16, Successes = 56

========================================
BEST REFINEMENT CANDIDATE
========================================
Candidate 1
Accuracy: 0.7778
Failures: 16
Successes: 56

===================================================
Dataset: /home/shamim_ist/BN_Agent/datasets/der/combined_train_scenarios.csv
===================================================
Accuracy: 77.78 %
Total: 72
Successes: 56
Failures: 16
Removed 1 record(s) with bn_number=3
Valid response received on attempt 1.
Selected baseline BN: 1

===================================================
Dataset: /home/shamim_ist/BN_Agent/datasets/der/combined_train_scenarios.csv
===================================================
Accuracy: 77.78 %
Total: 72
Successes: 56
Failures: 16

Candidate 1: Accuracy = 0.7778, Failures = 16, Successes = 56

===================================================
Dataset: /home/shamim_ist/BN_Agent/datasets/der/combined_train_scenarios.csv
===================================================
Accuracy: 77.78 %
Total: 72
Successes: 56
Failures: 16

Candidate 2: Accuracy = 0.7778, Failures = 16, Successes = 56

===================================================
Dataset: /home/shamim_ist/BN_Agent/datasets/der/combined_train_scenarios.csv
===================================================
Accuracy: 77.78 %
Total: 72
Successes: 56
Failures: 16

Candidate 3: Accuracy = 0.7778, Failures = 16, Successes = 56

========================================
BEST REFINEMENT CANDIDATE
========================================
Candidate 1
Accuracy: 0.7778
Failures: 16
Successes: 56

===================================================
Dataset: /home/shamim_ist/BN_Agent/datasets/der/combined_train_scenarios.csv
===================================================
Accuracy: 77.78 %
Total: 72
Successes: 56
Failures: 16
Removed 1 record(s) with bn_number=3
Valid response received on attempt 1.
Selected baseline BN: 1

===================================================
Dataset: /home/shamim_ist/BN_Agent/datasets/der/combined_train_scenarios.csv
===================================================
Accuracy: 77.78 %
Total: 72
Successes: 56
Failures: 16

Candidate 1: Accuracy = 0.7778, Failures = 16, Successes = 56

===================================================
Dataset: /home/shamim_ist/BN_Agent/datasets/der/combined_train_scenarios.csv
===================================================
Accuracy: 77.78 %
Total: 72
Successes: 56
Failures: 16

Candidate 2: Accuracy = 0.7778, Failures = 16, Successes = 56

===================================================
Dataset: /home/shamim_ist/BN_Agent/datasets/der/combined_train_scenarios.csv
===================================================
Accuracy: 77.78 %
Total: 72
Successes: 56
Failures: 16

Candidate 3: Accuracy = 0.7778, Failures = 16, Successes = 56

========================================
BEST REFINEMENT CANDIDATE
========================================
Candidate 1
Accuracy: 0.7778
Failures: 16
Successes: 56

===================================================
Dataset: /home/shamim_ist/BN_Agent/datasets/der/combined_train_scenarios.csv
===================================================
Accuracy: 77.78 %
Total: 72
Successes: 56
Failures: 16

No improvement after 3 retries. Selecting best retry candidate (accuracy=77.78%).
Removed 1 record(s) with bn_number=3
Continuing with retry candidate (accuracy=77.78%).

===== ITERATION 4 =====

===================================================
Dataset: /home/shamim_ist/BN_Agent/datasets/der/combined_train_scenarios.csv
===================================================
Accuracy: 77.78 %
Total: 72
Successes: 56
Failures: 16

======================================================================
Finding Target-Evidence Paths
Target Node: Root_Causes
======================================================================

Evidence: GPTN_1
  Direction : EVIDENCE -> TARGET
  Paths Found : 1
    Path 1: GPTN_1 -> Network_Manipulation -> Root_Causes

Evidence: GPTN_2
  Direction : EVIDENCE -> TARGET
  Paths Found : 1
    Path 1: GPTN_2 -> Network_Manipulation -> Root_Causes

Evidence: GPTN_3
  Direction : EVIDENCE -> TARGET
  Paths Found : 1
    Path 1: GPTN_3 -> Program_Anomaly -> Execution_Integrity -> Root_Causes

Evidence: GPTN_5
  Direction : EVIDENCE -> TARGET
  Paths Found : 1
    Path 1: GPTN_5 -> Physical_Anomaly -> Root_Causes

Evidence: LPTN_1_i
  Direction : EVIDENCE -> TARGET
  Paths Found : 5
    Path 1: LPTN_1_i -> Deviation_in_Response -> Execution_Integrity -> Root_Causes
    Path 2: LPTN_1_i -> LPTN_1_ii -> Deviation_in_Response -> Execution_Integrity -> Root_Causes
    Path 3: LPTN_1_i -> LPTN_1_ii -> LPTN_1_iii -> Deviation_in_Response -> Execution_Integrity -> Root_Causes
    Path 4: LPTN_1_i -> LPTN_1_ii -> LPTN_1_iii -> LPTN_1_iv -> Deviation_in_Response -> Execution_Integrity -> Root_Causes
    Path 5: LPTN_1_i -> LPTN_1_ii -> LPTN_1_iii -> LPTN_1_iv -> LPTN_1_v -> Deviation_in_Response -> Execution_Integrity -> Root_Causes

Evidence: LPTN_1_ii
  Direction : EVIDENCE -> TARGET
  Paths Found : 4
    Path 1: LPTN_1_ii -> Deviation_in_Response -> Execution_Integrity -> Root_Causes
    Path 2: LPTN_1_ii -> LPTN_1_iii -> Deviation_in_Response -> Execution_Integrity -> Root_Causes
    Path 3: LPTN_1_ii -> LPTN_1_iii -> LPTN_1_iv -> Deviation_in_Response -> Execution_Integrity -> Root_Causes
    Path 4: LPTN_1_ii -> LPTN_1_iii -> LPTN_1_iv -> LPTN_1_v -> Deviation_in_Response -> Execution_Integrity -> Root_Causes

Evidence: LPTN_1_iii
  Direction : EVIDENCE -> TARGET
  Paths Found : 3
    Path 1: LPTN_1_iii -> Deviation_in_Response -> Execution_Integrity -> Root_Causes
    Path 2: LPTN_1_iii -> LPTN_1_iv -> Deviation_in_Response -> Execution_Integrity -> Root_Causes
    Path 3: LPTN_1_iii -> LPTN_1_iv -> LPTN_1_v -> Deviation_in_Response -> Execution_Integrity -> Root_Causes

Evidence: LPTN_1_iv
  Direction : EVIDENCE -> TARGET
  Paths Found : 2
    Path 1: LPTN_1_iv -> Deviation_in_Response -> Execution_Integrity -> Root_Causes
    Path 2: LPTN_1_iv -> LPTN_1_v -> Deviation_in_Response -> Execution_Integrity -> Root_Causes

Evidence: LPTN_1_v
  Direction : EVIDENCE -> TARGET
  Paths Found : 1
    Path 1: LPTN_1_v -> Deviation_in_Response -> Execution_Integrity -> Root_Causes

Evidence: LPTN_1_vi
  Direction : EVIDENCE -> TARGET
  Paths Found : 4
    Path 1: LPTN_1_vi -> Deviation_in_Dispatch -> Execution_Integrity -> Root_Causes
    Path 2: LPTN_1_vi -> LPTN_1_viii -> Deviation_in_Dispatch -> Execution_Integrity -> Root_Causes
    Path 3: LPTN_1_vi -> LPTN_1_viii -> LPTN_1_ix -> Deviation_in_Dispatch -> Execution_Integrity -> Root_Causes
    Path 4: LPTN_1_vi -> LPTN_1_viii -> LPTN_1_ix -> LPTN_1_x -> Deviation_in_Dispatch -> Execution_Integrity -> Root_Causes

Evidence: LPTN_1_viii
  Direction : EVIDENCE -> TARGET
  Paths Found : 3
    Path 1: LPTN_1_viii -> Deviation_in_Dispatch -> Execution_Integrity -> Root_Causes
    Path 2: LPTN_1_viii -> LPTN_1_ix -> Deviation_in_Dispatch -> Execution_Integrity -> Root_Causes
    Path 3: LPTN_1_viii -> LPTN_1_ix -> LPTN_1_x -> Deviation_in_Dispatch -> Execution_Integrity -> Root_Causes

Evidence: LPTN_1_ix
  Direction : EVIDENCE -> TARGET
  Paths Found : 2
    Path 1: LPTN_1_ix -> Deviation_in_Dispatch -> Execution_Integrity -> Root_Causes
    Path 2: LPTN_1_ix -> LPTN_1_x -> Deviation_in_Dispatch -> Execution_Integrity -> Root_Causes

Evidence: LPTN_1_x
  Direction : EVIDENCE -> TARGET
  Paths Found : 1
    Path 1: LPTN_1_x -> Deviation_in_Dispatch -> Execution_Integrity -> Root_Causes

======================================================================
Path Nodes (20)
  Deviation_in_Dispatch
  Deviation_in_Response
  Execution_Integrity
  GPTN_1
  GPTN_2
  GPTN_3
  GPTN_5
  LPTN_1_i
  LPTN_1_ii
  LPTN_1_iii
  LPTN_1_iv
  LPTN_1_ix
  LPTN_1_v
  LPTN_1_vi
  LPTN_1_viii
  LPTN_1_x
  Network_Manipulation
  Physical_Anomaly
  Program_Anomaly
  Root_Causes

Additional Parent Nodes Required for CPT Activation (0)
  None

----------------------------------------------------------------------
Final Relevant Nodes (20)
  Deviation_in_Dispatch
  Deviation_in_Response
  Execution_Integrity
  GPTN_1
  GPTN_2
  GPTN_3
  GPTN_5
  LPTN_1_i
  LPTN_1_ii
  LPTN_1_iii
  LPTN_1_iv
  LPTN_1_ix
  LPTN_1_v
  LPTN_1_vi
  LPTN_1_viii
  LPTN_1_x
  Network_Manipulation
  Physical_Anomaly
  Program_Anomaly
  Root_Causes
======================================================================

Activation trace saved to /home/shamim_ist/BN_Agent/workspace/der/activation_trace.csv
Failure parameter statistics saved to '/home/shamim_ist/BN_Agent/workspace/der/failure_parameter_statistics.json'
Valid danger report received on attempt 1.

===================================================

Accuracy: 77.78%

Workflow analysis for BN #3 stored in /home/shamim_ist/BN_Agent/workspace/der/bn_analysis.json
Valid response received on attempt 1.
Selected baseline BN: 1

===================================================
Dataset: /home/shamim_ist/BN_Agent/datasets/der/combined_train_scenarios.csv
===================================================
Accuracy: 77.78 %
Total: 72
Successes: 56
Failures: 16

Candidate 1: Accuracy = 0.7778, Failures = 16, Successes = 56

===================================================
Dataset: /home/shamim_ist/BN_Agent/datasets/der/combined_train_scenarios.csv
===================================================
Accuracy: 77.78 %
Total: 72
Successes: 56
Failures: 16

Candidate 2: Accuracy = 0.7778, Failures = 16, Successes = 56

===================================================
Dataset: /home/shamim_ist/BN_Agent/datasets/der/combined_train_scenarios.csv
===================================================
Accuracy: 77.78 %
Total: 72
Successes: 56
Failures: 16

Candidate 3: Accuracy = 0.7778, Failures = 16, Successes = 56

========================================
BEST REFINEMENT CANDIDATE
========================================
Candidate 1
Accuracy: 0.7778
Failures: 16
Successes: 56

===================================================
Dataset: /home/shamim_ist/BN_Agent/datasets/der/combined_train_scenarios.csv
===================================================
Accuracy: 77.78 %
Total: 72
Successes: 56
Failures: 16

Accuracy did not improve. Need improvement from 77.78% 
Removed 1 record(s) with bn_number=4
Valid response received on attempt 1.
Selected baseline BN: 1

===================================================
Dataset: /home/shamim_ist/BN_Agent/datasets/der/combined_train_scenarios.csv
===================================================
Accuracy: 77.78 %
Total: 72
Successes: 56
Failures: 16

Candidate 1: Accuracy = 0.7778, Failures = 16, Successes = 56

===================================================
Dataset: /home/shamim_ist/BN_Agent/datasets/der/combined_train_scenarios.csv
===================================================
Accuracy: 77.78 %
Total: 72
Successes: 56
Failures: 16

Candidate 2: Accuracy = 0.7778, Failures = 16, Successes = 56

===================================================
Dataset: /home/shamim_ist/BN_Agent/datasets/der/combined_train_scenarios.csv
===================================================
Accuracy: 77.78 %
Total: 72
Successes: 56
Failures: 16

Candidate 3: Accuracy = 0.7778, Failures = 16, Successes = 56

========================================
BEST REFINEMENT CANDIDATE
========================================
Candidate 1
Accuracy: 0.7778
Failures: 16
Successes: 56

===================================================
Dataset: /home/shamim_ist/BN_Agent/datasets/der/combined_train_scenarios.csv
===================================================
Accuracy: 77.78 %
Total: 72
Successes: 56
Failures: 16
Removed 1 record(s) with bn_number=4
Valid response received on attempt 1.
Selected baseline BN: 1

===================================================
Dataset: /home/shamim_ist/BN_Agent/datasets/der/combined_train_scenarios.csv
===================================================
Accuracy: 77.78 %
Total: 72
Successes: 56
Failures: 16

Candidate 1: Accuracy = 0.7778, Failures = 16, Successes = 56

===================================================
Dataset: /home/shamim_ist/BN_Agent/datasets/der/combined_train_scenarios.csv
===================================================
Accuracy: 77.78 %
Total: 72
Successes: 56
Failures: 16

Candidate 2: Accuracy = 0.7778, Failures = 16, Successes = 56

===================================================
Dataset: /home/shamim_ist/BN_Agent/datasets/der/combined_train_scenarios.csv
===================================================
Accuracy: 77.78 %
Total: 72
Successes: 56
Failures: 16

Candidate 3: Accuracy = 0.7778, Failures = 16, Successes = 56

========================================
BEST REFINEMENT CANDIDATE
========================================
Candidate 1
Accuracy: 0.7778
Failures: 16
Successes: 56

===================================================
Dataset: /home/shamim_ist/BN_Agent/datasets/der/combined_train_scenarios.csv
===================================================
Accuracy: 77.78 %
Total: 72
Successes: