Cleared: /home/shamim_ist/AgentBN/workspace/der/bn_analysis.json
Cleared: /home/shamim_ist/AgentBN/workspace/der/last_proposed_bn.jsonl
Cleared: /home/shamim_ist/AgentBN/workspace/der/dangerous_cpt_report.json
Cleared: /home/shamim_ist/AgentBN/workspace/der/diagnostic_report.json
Cleared: /home/shamim_ist/AgentBN/workspace/der/failure_parameter_statistics.json
Cleared: /home/shamim_ist/AgentBN/workspace/der/restart_final_bns.jsonl
Cleared: /home/shamim_ist/AgentBN/workspace/der/restart_bn_analysis.jsonl

==============================
PIPELINE RESTART #0
==============================
Cleared: /home/shamim_ist/AgentBN/workspace/der/bn_analysis.json
Cleared: /home/shamim_ist/AgentBN/workspace/der/last_proposed_bn.jsonl
Cleared: /home/shamim_ist/AgentBN/workspace/der/dangerous_cpt_report.json
Cleared: /home/shamim_ist/AgentBN/workspace/der/failure_parameter_statistics.json
Cleared: /home/shamim_ist/AgentBN/workspace/der/diagnostic_report.json

===================================================
Dataset: /home/shamim_ist/AgentBN/datasets/der/combined_train_scenarios.csv
===================================================
Accuracy: 68.06 %
Total: 72
Successes: 49
Failures: 23
Flawed BN Accuracy: 68.06%
Initial Acceptance Threshold: 77.64%

Initial Generation Attempt 0

Activation trace saved to /home/shamim_ist/AgentBN/workspace/der/activation_trace.csv
Failure parameter statistics saved to '/home/shamim_ist/AgentBN/workspace/der/failure_parameter_statistics.json'
Valid response received on attempt 1.
Valid response received on attempt 1.

===================================================

Accuracy: 68.06%

Workflow analysis for BN #0 stored in /home/shamim_ist/AgentBN/workspace/der/bn_analysis.json
[Format Retry 1/3] Expecting ',' delimiter: line 202 column 13 (char 4351)
[Format Retry 2/3] Expecting ',' delimiter: line 202 column 13 (char 4351)
Valid response received on attempt 3.
Selected baseline BN: 0

===================================================
Dataset: /home/shamim_ist/AgentBN/datasets/der/combined_train_scenarios.csv
===================================================
Accuracy: 59.72 %
Total: 72
Successes: 43
Failures: 29

Candidate 1: Accuracy = 0.5972, Failures = 29, Successes = 43

===================================================
Dataset: /home/shamim_ist/AgentBN/datasets/der/combined_train_scenarios.csv
===================================================
Accuracy: 63.89 %
Total: 72
Successes: 46
Failures: 26

Candidate 2: Accuracy = 0.6389, Failures = 26, Successes = 46

===================================================
Dataset: /home/shamim_ist/AgentBN/datasets/der/combined_train_scenarios.csv
===================================================
Accuracy: 66.67 %
Total: 72
Successes: 48
Failures: 24

Candidate 3: Accuracy = 0.6667, Failures = 24, Successes = 48

========================================
BEST REFINEMENT CANDIDATE
========================================
Candidate 3
Accuracy: 0.6667
Failures: 24
Successes: 48

===================================================
Dataset: /home/shamim_ist/AgentBN/datasets/der/combined_train_scenarios.csv
===================================================
Accuracy: 66.67 %
Total: 72
Successes: 48
Failures: 24
Accuracy = 66.67%

Initial Generation Attempt 1
Removed workflow analysis for BN #0 from /home/shamim_ist/AgentBN/workspace/der/bn_analysis.json

Activation trace saved to /home/shamim_ist/AgentBN/workspace/der/activation_trace.csv
Failure parameter statistics saved to '/home/shamim_ist/AgentBN/workspace/der/failure_parameter_statistics.json'
[Format Retry 1/3] Expecting property name enclosed in double quotes: line 718 column 23 (char 34616)
[Format Retry 2/3] Expecting value: line 737 column 17 (char 34421)
Valid response received on attempt 3.
Valid response received on attempt 1.

===================================================

Accuracy: 68.06%

Workflow analysis for BN #0 stored in /home/shamim_ist/AgentBN/workspace/der/bn_analysis.json
[Format Retry 1/3] Expecting ',' delimiter: line 426 column 13 (char 9135)
Valid response received on attempt 2.
Selected baseline BN: 0

===================================================
Dataset: /home/shamim_ist/AgentBN/datasets/der/combined_train_scenarios.csv
===================================================
Accuracy: 69.44 %
Total: 72
Successes: 50
Failures: 22

Candidate 1: Accuracy = 0.6944, Failures = 22, Successes = 50

===================================================
Dataset: /home/shamim_ist/AgentBN/datasets/der/combined_train_scenarios.csv
===================================================
Accuracy: 76.39 %
Total: 72
Successes: 55
Failures: 17

Candidate 2: Accuracy = 0.7639, Failures = 17, Successes = 55

===================================================
Dataset: /home/shamim_ist/AgentBN/datasets/der/combined_train_scenarios.csv
===================================================
Accuracy: 76.39 %
Total: 72
Successes: 55
Failures: 17

Candidate 3: Accuracy = 0.7639, Failures = 17, Successes = 55

========================================
BEST REFINEMENT CANDIDATE
========================================
Candidate 2
Accuracy: 0.7639
Failures: 17
Successes: 55

===================================================
Dataset: /home/shamim_ist/AgentBN/datasets/der/combined_train_scenarios.csv
===================================================
Accuracy: 76.39 %
Total: 72
Successes: 55
Failures: 17
Accuracy = 76.39%

Initial Generation Attempt 2
Removed workflow analysis for BN #0 from /home/shamim_ist/AgentBN/workspace/der/bn_analysis.json

Activation trace saved to /home/shamim_ist/AgentBN/workspace/der/activation_trace.csv
Failure parameter statistics saved to '/home/shamim_ist/AgentBN/workspace/der/failure_parameter_statistics.json'
Valid response received on attempt 1.
Valid response received on attempt 1.

===================================================

Accuracy: 68.06%

Workflow analysis for BN #0 stored in /home/shamim_ist/AgentBN/workspace/der/bn_analysis.json
Valid response received on attempt 1.
Selected baseline BN: 0

===================================================
Dataset: /home/shamim_ist/AgentBN/datasets/der/combined_train_scenarios.csv
===================================================
Accuracy: 80.56 %
Total: 72
Successes: 58
Failures: 14

Candidate 1: Accuracy = 0.8056, Failures = 14, Successes = 58

===================================================
Dataset: /home/shamim_ist/AgentBN/datasets/der/combined_train_scenarios.csv
===================================================
Accuracy: 80.56 %
Total: 72
Successes: 58
Failures: 14

Candidate 2: Accuracy = 0.8056, Failures = 14, Successes = 58

===================================================
Dataset: /home/shamim_ist/AgentBN/datasets/der/combined_train_scenarios.csv
===================================================
Accuracy: 80.56 %
Total: 72
Successes: 58
Failures: 14

Candidate 3: Accuracy = 0.8056, Failures = 14, Successes = 58

========================================
BEST REFINEMENT CANDIDATE
========================================
Candidate 1
Accuracy: 0.8056
Failures: 14
Successes: 58

===================================================
Dataset: /home/shamim_ist/AgentBN/datasets/der/combined_train_scenarios.csv
===================================================
Accuracy: 80.56 %
Total: 72
Successes: 58
Failures: 14
Accuracy = 80.56%
Initial BN accepted.
Accepted initial BN (80.56%).
Removed workflow analysis for BN #0 from /home/shamim_ist/AgentBN/workspace/der/bn_analysis.json

Initial BN generated

===== ITERATION 2 =====

===================================================
Dataset: /home/shamim_ist/AgentBN/datasets/der/combined_train_scenarios.csv
===================================================
Accuracy: 80.56 %
Total: 72
Successes: 58
Failures: 14

Activation trace saved to /home/shamim_ist/AgentBN/workspace/der/activation_trace.csv
Failure parameter statistics saved to '/home/shamim_ist/AgentBN/workspace/der/failure_parameter_statistics.json'
Valid response received on attempt 1.
Valid response received on attempt 1.

===================================================

Accuracy: 80.56%

Workflow analysis for BN #1 stored in /home/shamim_ist/AgentBN/workspace/der/bn_analysis.json
Valid response received on attempt 1.
Selected baseline BN: 1

===================================================
Dataset: /home/shamim_ist/AgentBN/datasets/der/combined_train_scenarios.csv
===================================================
Accuracy: 76.39 %
Total: 72
Successes: 55
Failures: 17

Candidate 1: Accuracy = 0.7639, Failures = 17, Successes = 55

===================================================
Dataset: /home/shamim_ist/AgentBN/datasets/der/combined_train_scenarios.csv
===================================================
Accuracy: 76.39 %
Total: 72
Successes: 55
Failures: 17

Candidate 2: Accuracy = 0.7639, Failures = 17, Successes = 55

===================================================
Dataset: /home/shamim_ist/AgentBN/datasets/der/combined_train_scenarios.csv
===================================================
Accuracy: 76.39 %
Total: 72
Successes: 55
Failures: 17

Candidate 3: Accuracy = 0.7639, Failures = 17, Successes = 55

========================================
BEST REFINEMENT CANDIDATE
========================================
Candidate 1
Accuracy: 0.7639
Failures: 17
Successes: 55

===================================================
Dataset: /home/shamim_ist/AgentBN/datasets/der/combined_train_scenarios.csv
===================================================
Accuracy: 76.39 %
Total: 72
Successes: 55
Failures: 17

Accuracy did not improve. Need improvement from 80.56% 
Removed 1 record(s) with bn_number=2
Valid response received on attempt 1.
Selected baseline BN: 1

===================================================
Dataset: /home/shamim_ist/AgentBN/datasets/der/combined_train_scenarios.csv
===================================================
Accuracy: 76.39 %
Total: 72
Successes: 55
Failures: 17

Candidate 1: Accuracy = 0.7639, Failures = 17, Successes = 55

===================================================
Dataset: /home/shamim_ist/AgentBN/datasets/der/combined_train_scenarios.csv
===================================================
Accuracy: 76.39 %
Total: 72
Successes: 55
Failures: 17

Candidate 2: Accuracy = 0.7639, Failures = 17, Successes = 55

===================================================
Dataset: /home/shamim_ist/AgentBN/datasets/der/combined_train_scenarios.csv
===================================================
Accuracy: 76.39 %
Total: 72
Successes: 55
Failures: 17

Candidate 3: Accuracy = 0.7639, Failures = 17, Successes = 55

========================================
BEST REFINEMENT CANDIDATE
========================================
Candidate 1
Accuracy: 0.7639
Failures: 17
Successes: 55

===================================================
Dataset: /home/shamim_ist/AgentBN/datasets/der/combined_train_scenarios.csv
===================================================
Accuracy: 76.39 %
Total: 72
Successes: 55
Failures: 17
Removed 1 record(s) with bn_number=2
Valid response received on attempt 1.
Selected baseline BN: 1

===================================================
Dataset: /home/shamim_ist/AgentBN/datasets/der/combined_train_scenarios.csv
===================================================
Accuracy: 76.39 %
Total: 72
Successes: 55
Failures: 17

Candidate 1: Accuracy = 0.7639, Failures = 17, Successes = 55

===================================================
Dataset: /home/shamim_ist/AgentBN/datasets/der/combined_train_scenarios.csv
===================================================
Accuracy: 76.39 %
Total: 72
Successes: 55
Failures: 17

Candidate 2: Accuracy = 0.7639, Failures = 17, Successes = 55

===================================================
Dataset: /home/shamim_ist/AgentBN/datasets/der/combined_train_scenarios.csv
===================================================
Accuracy: 76.39 %
Total: 72
Successes: 55
Failures: 17

Candidate 3: Accuracy = 0.7639, Failures = 17, Successes = 55

========================================
BEST REFINEMENT CANDIDATE
========================================
Candidate 1
Accuracy: 0.7639
Failures: 17
Successes: 55

===================================================
Dataset: /home/shamim_ist/AgentBN/datasets/der/combined_train_scenarios.csv
===================================================
Accuracy: 76.39 %
Total: 72
Successes: 55
Failures: 17
Removed 1 record(s) with bn_number=2
Valid response received on attempt 1.
Selected baseline BN: 1

===================================================
Dataset: /home/shamim_ist/AgentBN/datasets/der/combined_train_scenarios.csv
===================================================
Accuracy: 76.39 %
Total: 72
Successes: 55
Failures: 17

Candidate 1: Accuracy = 0.7639, Failures = 17, Successes = 55

===================================================
Dataset: /home/shamim_ist/AgentBN/datasets/der/combined_train_scenarios.csv
===================================================
Accuracy: 76.39 %
Total: 72
Successes: 55
Failures: 17

Candidate 2: Accuracy = 0.7639, Failures = 17, Successes = 55

===================================================
Dataset: /home/shamim_ist/AgentBN/datasets/der/combined_train_scenarios.csv
===================================================
Accuracy: 76.39 %
Total: 72
Successes: 55
Failures: 17

Candidate 3: Accuracy = 0.7639, Failures = 17, Successes = 55

========================================
BEST REFINEMENT CANDIDATE
========================================
Candidate 1
Accuracy: 0.7639
Failures: 17
Successes: 55

===================================================
Dataset: /home/shamim_ist/AgentBN/datasets/der/combined_train_scenarios.csv
===================================================
Accuracy: 76.39 %
Total: 72
Successes: 55
Failures: 17

No improvement after 3 retries. Selecting best retry candidate (accuracy=76.39%).
Removed 1 record(s) with bn_number=2
Continuing with retry candidate (accuracy=76.39%).

===== ITERATION 3 =====

===================================================
Dataset: /home/shamim_ist/AgentBN/datasets/der/combined_train_scenarios.csv
===================================================
Accuracy: 76.39 %
Total: 72
Successes: 55
Failures: 17

Activation trace saved to /home/shamim_ist/AgentBN/workspace/der/activation_trace.csv
Failure parameter statistics saved to '/home/shamim_ist/AgentBN/workspace/der/failure_parameter_statistics.json'
Valid response received on attempt 1.
Valid response received on attempt 1.

===================================================

Accuracy: 76.39%

Workflow analysis for BN #2 stored in /home/shamim_ist/AgentBN/workspace/der/bn_analysis.json
Valid response received on attempt 1.
Selected baseline BN: 1

===================================================
Dataset: /home/shamim_ist/AgentBN/datasets/der/combined_train_scenarios.csv
===================================================
Accuracy: 76.39 %
Total: 72
Successes: 55
Failures: 17

Candidate 1: Accuracy = 0.7639, Failures = 17, Successes = 55

===================================================
Dataset: /home/shamim_ist/AgentBN/datasets/der/combined_train_scenarios.csv
===================================================
Accuracy: 76.39 %
Total: 72
Successes: 55
Failures: 17

Candidate 2: Accuracy = 0.7639, Failures = 17, Successes = 55

===================================================
Dataset: /home/shamim_ist/AgentBN/datasets/der/combined_train_scenarios.csv
===================================================
Accuracy: 76.39 %
Total: 72
Successes: 55
Failures: 17

Candidate 3: Accuracy = 0.7639, Failures = 17, Successes = 55

========================================
BEST REFINEMENT CANDIDATE
========================================
Candidate 1
Accuracy: 0.7639
Failures: 17
Successes: 55

===================================================
Dataset: /home/shamim_ist/AgentBN/datasets/der/combined_train_scenarios.csv
===================================================
Accuracy: 76.39 %
Total: 72
Successes: 55
Failures: 17

Accuracy did not improve. Need improvement from 76.39% 
Removed 1 record(s) with bn_number=3
Valid response received on attempt 1.
Selected baseline BN: 1

===================================================
Dataset: /home/shamim_ist/AgentBN/datasets/der/combined_train_scenarios.csv
===================================================
Accuracy: 76.39