Cleared: /home/shamim_ist/AgentBN/workspace/der/bn_analysis.json
Cleared: /home/shamim_ist/AgentBN/workspace/der/last_proposed_bn.jsonl
Cleared: /home/shamim_ist/AgentBN/workspace/der/dangerous_cpt_report.json
Cleared: /home/shamim_ist/AgentBN/workspace/der/failure_parameter_statistics.json
Cleared: /home/shamim_ist/AgentBN/workspace/der/restart_final_bns.jsonl
Cleared: /home/shamim_ist/AgentBN/workspace/der/restart_bn_analysis.jsonl

==============================
PIPELINE RESTART #0
==============================
Cleared: /home/shamim_ist/AgentBN/workspace/der/bn_analysis.json
Cleared: /home/shamim_ist/AgentBN/workspace/der/last_proposed_bn.jsonl
Cleared: /home/shamim_ist/AgentBN/workspace/der/dangerous_cpt_report.json
Cleared: /home/shamim_ist/AgentBN/workspace/der/failure_parameter_statistics.json

===================================================
Dataset: /home/shamim_ist/AgentBN/datasets/der/combined_train_scenarios.csv
===================================================
Accuracy: 68.06 %
Total: 72
Successes: 49
Failures: 23
Flawed BN Accuracy: 68.06%
Initial Acceptance Threshold: 77.64%

Initial Generation Attempt 0

Activation trace saved to /home/shamim_ist/AgentBN/workspace/der/activation_trace.csv
Failure parameter statistics saved to '/home/shamim_ist/AgentBN/workspace/der/failure_parameter_statistics.json'
[Format Retry 1/3] Unterminated string starting at: line 331 column 11 (char 17497)
[Format Retry 2/3] Unterminated string starting at: line 348 column 28 (char 17089)
[Format Retry 3/3] Expecting ',' delimiter: line 334 column 34 (char 17139)
Response successfully repaired on attempt 1.
Valid response received on attempt 1.

===================================================

Accuracy: 68.06%

Workflow analysis for BN #0 stored in /home/shamim_ist/AgentBN/workspace/der/bn_analysis.json
Valid response received on attempt 1.
Selected baseline BN: 0

===================================================
Dataset: /home/shamim_ist/AgentBN/datasets/der/combined_train_scenarios.csv
===================================================
Accuracy: 62.5 %
Total: 72
Successes: 45
Failures: 27

Candidate 1: Accuracy = 0.6250, Failures = 27, Successes = 45

===================================================
Dataset: /home/shamim_ist/AgentBN/datasets/der/combined_train_scenarios.csv
===================================================
Accuracy: 54.17 %
Total: 72
Successes: 39
Failures: 33

Candidate 2: Accuracy = 0.5417, Failures = 33, Successes = 39

===================================================
Dataset: /home/shamim_ist/AgentBN/datasets/der/combined_train_scenarios.csv
===================================================
Accuracy: 62.5 %
Total: 72
Successes: 45
Failures: 27

Candidate 3: Accuracy = 0.6250, Failures = 27, Successes = 45

========================================
BEST REFINEMENT CANDIDATE
========================================
Candidate 1
Accuracy: 0.6250
Failures: 27
Successes: 45

===================================================
Dataset: /home/shamim_ist/AgentBN/datasets/der/combined_train_scenarios.csv
===================================================
Accuracy: 62.5 %
Total: 72
Successes: 45
Failures: 27
Accuracy = 62.50%

Initial Generation Attempt 1
Removed workflow analysis for BN #0 from /home/shamim_ist/AgentBN/workspace/der/bn_analysis.json

Activation trace saved to /home/shamim_ist/AgentBN/workspace/der/activation_trace.csv
Failure parameter statistics saved to '/home/shamim_ist/AgentBN/workspace/der/failure_parameter_statistics.json'
[Format Retry 1/3] Expecting property name enclosed in double quotes: line 350 column 10 (char 17461)
[Format Retry 2/3] Unterminated string starting at: line 338 column 11 (char 17522)
[Format Retry 3/3] Expecting ',' delimiter: line 327 column 144 (char 17398)
[Repair Retry 1/2] Unterminated string starting at: line 359 column 28 (char 17295)
[Repair Retry 2/2] Unterminated string starting at: line 359 column 28 (char 17295)
