Cleared: /home/shamim_ist/AgentBN/workspace/der/bn_analysis.json
Cleared: /home/shamim_ist/AgentBN/workspace/der/last_proposed_bn.jsonl
Cleared: /home/shamim_ist/AgentBN/workspace/der/dangerous_cpt_report.json
Cleared: /home/shamim_ist/AgentBN/workspace/der/failure_parameter_statistics.json
Cleared: /home/shamim_ist/AgentBN/workspace/der/restart_final_bns.jsonl
Cleared: /home/shamim_ist/AgentBN/workspace/der/restart_bn_analysis.jsonl

==============================
PIPELINE RESTART #0
==============================
Cleared: /home/shamim_ist/AgentBN/workspace/der/bn_analysis.json
Cleared: /home/shamim_ist/AgentBN/workspace/der/last_proposed_bn.jsonl
Cleared: /home/shamim_ist/AgentBN/workspace/der/dangerous_cpt_report.json
Cleared: /home/shamim_ist/AgentBN/workspace/der/failure_parameter_statistics.json

===================================================
Dataset: /home/shamim_ist/AgentBN/datasets/der/combined_train_scenarios.csv
===================================================
Accuracy: 68.06 %
Total: 72
Successes: 49
Failures: 23
Flawed BN Accuracy: 68.06%
Initial Acceptance Threshold: 77.64%

Initial Generation Attempt 0

Activation trace saved to /home/shamim_ist/AgentBN/workspace/der/activation_trace.csv
Failure parameter statistics saved to '/home/shamim_ist/AgentBN/workspace/der/failure_parameter_statistics.json'

Diagnostic batch 1/10 (3 paths)
Valid response received on attempt 1.

Diagnostic batch 2/10 (3 paths)
Valid response received on attempt 1.

Diagnostic batch 3/10 (3 paths)
Valid response received on attempt 1.

Diagnostic batch 4/10 (3 paths)
Valid response received on attempt 1.

Diagnostic batch 5/10 (3 paths)
Valid response received on attempt 1.

Diagnostic batch 6/10 (3 paths)
Valid response received on attempt 1.

Diagnostic batch 7/10 (3 paths)
Valid response received on attempt 1.

Diagnostic batch 8/10 (3 paths)
Valid response received on attempt 1.

Diagnostic batch 9/10 (3 paths)
Valid response received on attempt 1.

Diagnostic batch 10/10 (2 paths)
Valid response received on attempt 1.
Valid response received on attempt 1.

===================================================

Accuracy: 68.06%

Workflow analysis for BN #0 stored in /home/shamim_ist/AgentBN/workspace/der/bn_analysis.json
Valid response received on attempt 1.
Selected baseline BN: 0

===================================================
Dataset: /home/shamim_ist/AgentBN/datasets/der/combined_train_scenarios.csv
===================================================
Accuracy: 69.44 %
Total: 72
Successes: 50
Failures: 22

Candidate 1: Accuracy = 0.6944, Failures = 22, Successes = 50

===================================================
Dataset: /home/shamim_ist/AgentBN/datasets/der/combined_train_scenarios.csv
===================================================
Accuracy: 76.39 %
Total: 72
Successes: 55
Failures: 17

Candidate 2: Accuracy = 0.7639, Failures = 17, Successes = 55

===================================================
Dataset: /home/shamim_ist/AgentBN/datasets/der/combined_train_scenarios.csv
===================================================
Accuracy: 76.39 %
Total: 72
Successes: 55
Failures: 17

Candidate 3: Accuracy = 0.7639, Failures = 17, Successes = 55

========================================
BEST REFINEMENT CANDIDATE
========================================
Candidate 2
Accuracy: 0.7639
Failures: 17
Successes: 55

===================================================
Dataset: /home/shamim_ist/AgentBN/datasets/der/combined_train_scenarios.csv
===================================================
Accuracy: 76.39 %
Total: 72
Successes: 55
Failures: 17
Accuracy = 76.39%

Initial Generation Attempt 1
Removed workflow analysis for BN #0 from /home/shamim_ist/AgentBN/workspace/der/bn_analysis.json

Activation trace saved to /home/shamim_ist/AgentBN/workspace/der/activation_trace.csv
Failure parameter statistics saved to '/home/shamim_ist/AgentBN/workspace/der/failure_parameter_statistics.json'

Diagnostic batch 1/10 (3 paths)
Valid response received on attempt 1.

Diagnostic batch 2/10 (3 paths)
Valid response received on attempt 1.

Diagnostic batch 3/10 (3 paths)
Valid response received on attempt 1.

Diagnostic batch 4/10 (3 paths)
Valid response received on attempt 1.

Diagnostic batch 5/10 (3 paths)
Valid response received on attempt 1.

Diagnostic batch 6/10 (3 paths)
Valid response received on attempt 1.

Diagnostic batch 7/10 (3 paths)
Valid response received on attempt 1.

Diagnostic batch 8/10 (3 paths)
Valid response received on attempt 1.

Diagnostic batch 9/10 (3 paths)
Valid response received on attempt 1.

Diagnostic batch 10/10 (2 paths)
[Format Retry 1/3] Unterminated string starting at: line 379 column 11 (char 17604)
Valid response received on attempt 2.
Valid response received on attempt 1.

===================================================

Accuracy: 68.06%

Workflow analysis for BN #0 stored in /home/shamim_ist/AgentBN/workspace/der/bn_analysis.json
Valid response received on attempt 1.
Selected baseline BN: 0

===================================================
Dataset: /home/shamim_ist/AgentBN/datasets/der/combined_train_scenarios.csv
===================================================
Accuracy: 69.44 %
Total: 72
Successes: 50
Failures: 22

Candidate 1: Accuracy = 0.6944, Failures = 22, Successes = 50

===================================================
Dataset: /home/shamim_ist/AgentBN/datasets/der/combined_train_scenarios.csv
===================================================
Accuracy: 76.39 %
Total: 72
Successes: 55
Failures: 17

Candidate 2: Accuracy = 0.7639, Failures = 17, Successes = 55

===================================================
Dataset: /home/shamim_ist/AgentBN/datasets/der/combined_train_scenarios.csv
===================================================
Accuracy: 76.39 %
Total: 72
Successes: 55
Failures: 17

Candidate 3: Accuracy = 0.7639, Failures = 17, Successes = 55

========================================
BEST REFINEMENT CANDIDATE
========================================
Candidate 2
Accuracy: 0.7639
Failures: 17
Successes: 55

===================================================
Dataset: /home/shamim_ist/AgentBN/datasets/der/combined_train_scenarios.csv
===================================================
Accuracy: 76.39 %
Total: 72
Successes: 55
Failures: 17
Accuracy = 76.39%

Initial Generation Attempt 2
Removed workflow analysis for BN #0 from /home/shamim_ist/AgentBN/workspace/der/bn_analysis.json

Activation trace saved to /home/shamim_ist/AgentBN/workspace/der/activation_trace.csv
Failure parameter statistics saved to '/home/shamim_ist/AgentBN/workspace/der/failure_parameter_statistics.json'

Diagnostic batch 1/10 (3 paths)
Valid response received on attempt 1.

Diagnostic batch 2/10 (3 paths)
Valid response received on attempt 1.

Diagnostic batch 3/10 (3 paths)
Valid response received on attempt 1.

Diagnostic batch 4/10 (3 paths)
Valid response received on attempt 1.

Diagnostic batch 5/10 (3 paths)
Valid response received on attempt 1.

Diagnostic batch 6/10 (3 paths)
Valid response received on attempt 1.

Diagnostic batch 7/10 (3 paths)
Valid response received on attempt 1.

Diagnostic batch 8/10 (3 paths)
Valid response received on attempt 1.

Diagnostic batch 9/10 (3 paths)
[Format Retry 1/3] Expecting value: line 366 column 32 (char 17611)
[Format Retry 2/3] Unterminated string starting at: line 375 column 20 (char 17180)
[Format Retry 3/3] Expecting value: line 364 column 28 (char 17708)
[Repair Retry 1/2] Expecting value: line 364 column 28 (char 17708)
[Repair Retry 2/2] Expecting value: line 364 column 28 (char 17708)
