Cleared: /home/shamim097/AgentBN/workspace/der/bn_analysis.json
Cleared: /home/shamim097/AgentBN/workspace/der/last_proposed_bn.jsonl
Cleared: /home/shamim097/AgentBN/workspace/der/dangerous_cpt_report.json
Cleared: /home/shamim097/AgentBN/workspace/der/failure_parameter_statistics.json
Cleared: /home/shamim097/AgentBN/workspace/der/restart_final_bns.jsonl
Cleared: /home/shamim097/AgentBN/workspace/der/restart_bn_analysis.jsonl

==============================
PIPELINE RESTART #0
==============================
Cleared: /home/shamim097/AgentBN/workspace/der/bn_analysis.json
Cleared: /home/shamim097/AgentBN/workspace/der/last_proposed_bn.jsonl
Cleared: /home/shamim097/AgentBN/workspace/der/dangerous_cpt_report.json
Cleared: /home/shamim097/AgentBN/workspace/der/failure_parameter_statistics.json

===================================================
Dataset: /home/shamim097/AgentBN/datasets/der/combined_train_scenarios.csv
===================================================
Accuracy: 68.06 %
Total: 72
Successes: 49
Failures: 23
Flawed BN Accuracy: 68.06%
Initial Acceptance Threshold: 77.64%

Initial Generation Attempt 0

Additional Parent Nodes Required for CPT Activation (0)

Activation trace saved to /home/shamim097/AgentBN/workspace/der/activation_trace.csv
Failure parameter statistics saved to '/home/shamim097/AgentBN/workspace/der/failure_parameter_statistics.json'
Valid danger report received on attempt 1.

===================================================

Accuracy: 68.06%

Workflow analysis for BN #0 stored in /home/shamim097/AgentBN/workspace/der/bn_analysis.json
Valid response received on attempt 1.
Selected baseline BN: 0

===================================================
Dataset: /home/shamim097/AgentBN/datasets/der/combined_train_scenarios.csv
===================================================
Accuracy: 68.06 %
Total: 72
Successes: 49
Failures: 23

Candidate 1: Accuracy = 0.6806, Failures = 23, Successes = 49

===================================================
Dataset: /home/shamim097/AgentBN/datasets/der/combined_train_scenarios.csv
===================================================
Accuracy: 70.83 %
Total: 72
Successes: 51
Failures: 21

Candidate 2: Accuracy = 0.7083, Failures = 21, Successes = 51

===================================================
Dataset: /home/shamim097/AgentBN/datasets/der/combined_train_scenarios.csv
===================================================
Accuracy: 65.28 %
Total: 72
Successes: 47
Failures: 25

Candidate 3: Accuracy = 0.6528, Failures = 25, Successes = 47

========================================
BEST REFINEMENT CANDIDATE
========================================
Candidate 2
Accuracy: 0.7083
Failures: 21
Successes: 51

===================================================
Dataset: /home/shamim097/AgentBN/datasets/der/combined_train_scenarios.csv
===================================================
Accuracy: 70.83 %
Total: 72
Successes: 51
Failures: 21
Accuracy = 70.83%

Initial Generation Attempt 1
Removed workflow analysis for BN #0 from /home/shamim097/AgentBN/workspace/der/bn_analysis.json

Additional Parent Nodes Required for CPT Activation (0)

Activation trace saved to /home/shamim097/AgentBN/workspace/der/activation_trace.csv
Failure parameter statistics saved to '/home/shamim097/AgentBN/workspace/der/failure_parameter_statistics.json'
Valid danger report received on attempt 1.

===================================================

Accuracy: 68.06%

Workflow analysis for BN #0 stored in /home/shamim097/AgentBN/workspace/der/bn_analysis.json
Valid response received on attempt 1.
Selected baseline BN: 0

===================================================
Dataset: /home/shamim097/AgentBN/datasets/der/combined_train_scenarios.csv
===================================================
Accuracy: 65.28 %
Total: 72
Successes: 47
Failures: 25

Candidate 1: Accuracy = 0.6528, Failures = 25, Successes = 47

===================================================
Dataset: /home/shamim097/AgentBN/datasets/der/combined_train_scenarios.csv
===================================================
Accuracy: 44.44 %
Total: 72
Successes: 32
Failures: 40

Candidate 2: Accuracy = 0.4444, Failures = 40, Successes = 32

===================================================
Dataset: /home/shamim097/AgentBN/datasets/der/combined_train_scenarios.csv
===================================================
Accuracy: 44.44 %
Total: 72
Successes: 32
Failures: 40

Candidate 3: Accuracy = 0.4444, Failures = 40, Successes = 32

========================================
BEST REFINEMENT CANDIDATE
========================================
Candidate 1
Accuracy: 0.6528
Failures: 25
Successes: 47

===================================================
Dataset: /home/shamim097/AgentBN/datasets/der/combined_train_scenarios.csv
===================================================
Accuracy: 65.28 %
Total: 72
Successes: 47
Failures: 25
Accuracy = 65.28%

Initial Generation Attempt 2
Removed workflow analysis for BN #0 from /home/shamim097/AgentBN/workspace/der/bn_analysis.json

Additional Parent Nodes Required for CPT Activation (0)

Activation trace saved to /home/shamim097/AgentBN/workspace/der/activation_trace.csv
Failure parameter statistics saved to '/home/shamim097/AgentBN/workspace/der/failure_parameter_statistics.json'
Valid danger report received on attempt 1.

===================================================

Accuracy: 68.06%

Workflow analysis for BN #0 stored in /home/shamim097/AgentBN/workspace/der/bn_analysis.json
Valid response received on attempt 1.
Selected baseline BN: 0

===================================================
Dataset: /home/shamim097/AgentBN/datasets/der/combined_train_scenarios.csv
===================================================
Accuracy: 69.44 %
Total: 72
Successes: 50
Failures: 22

Candidate 1: Accuracy = 0.6944, Failures = 22, Successes = 50

===================================================
Dataset: /home/shamim097/AgentBN/datasets/der/combined_train_scenarios.csv
===================================================
Accuracy: 75.0 %
Total: 72
Successes: 54
Failures: 18

Candidate 2: Accuracy = 0.7500, Failures = 18, Successes = 54

===================================================
Dataset: /home/shamim097/AgentBN/datasets/der/combined_train_scenarios.csv
===================================================
Accuracy: 43.06 %
Total: 72
Successes: 31
Failures: 41

Candidate 3: Accuracy = 0.4306, Failures = 41, Successes = 31

========================================
BEST REFINEMENT CANDIDATE
========================================
Candidate 2
Accuracy: 0.7500
Failures: 18
Successes: 54

===================================================
Dataset: /home/shamim097/AgentBN/datasets/der/combined_train_scenarios.csv
===================================================
Accuracy: 75.0 %
Total: 72
Successes: 54
Failures: 18
Accuracy = 75.00%
Threshold (77.64%) not reached after 3 attempts. Using best generated BN (75.00%).
Removed workflow analysis for BN #0 from /home/shamim097/AgentBN/workspace/der/bn_analysis.json

Initial BN generated

===== ITERATION 2 =====

===================================================
Dataset: /home/shamim097/AgentBN/datasets/der/combined_train_scenarios.csv
===================================================
Accuracy: 75.0 %
Total: 72
Successes: 54
Failures: 18

Additional Parent Nodes Required for CPT Activation (0)

Activation trace saved to /home/shamim097/AgentBN/workspace/der/activation_trace.csv
Failure parameter statistics saved to '/home/shamim097/AgentBN/workspace/der/failure_parameter_statistics.json'
Valid danger report received on attempt 1.

===================================================

Accuracy: 75.00%

Workflow analysis for BN #1 stored in /home/shamim097/AgentBN/workspace/der/bn_analysis.json
Valid response received on attempt 1.
Selected baseline BN: 1

===================================================
Dataset: /home/shamim097/AgentBN/datasets/der/combined_train_scenarios.csv
===================================================
Accuracy: 75.0 %
Total: 72
Successes: 54
Failures: 18

Candidate 1: Accuracy = 0.7500, Failures = 18, Successes = 54

===================================================
Dataset: /home/shamim097/AgentBN/datasets/der/combined_train_scenarios.csv
===================================================
Accuracy: 68.06 %
Total: 72
Successes: 49
Failures: 23

Candidate 2: Accuracy = 0.6806, Failures = 23, Successes = 49

===================================================
Dataset: /home/shamim097/AgentBN/datasets/der/combined_train_scenarios.csv
===================================================
Accuracy: 70.83 %
Total: 72
Successes: 51
Failures: 21

Candidate 3: Accuracy = 0.7083, Failures = 21, Successes = 51

========================================
BEST REFINEMENT CANDIDATE
========================================
Candidate 1
Accuracy: 0.7500
Failures: 18
Successes: 54

===================================================
Dataset: /home/shamim097/AgentBN/datasets/der/combined_train_scenarios.csv
===================================================
Accuracy: 75.0 %
Total: 72
Successes: 54
Failures: 18

Accuracy did not improve. Need improvement from 75.00% 
Removed 1 record(s) with bn_number=2
Valid response received on attempt 1.
Selected baseline BN: 1

===================================================
Dataset: /home/shamim097/AgentBN/datasets/der/combined_train_scenarios.csv
===================================================
Accuracy: 75.0 %
Total: 72
Successes: 54
Failures: 18

Candidate 1: Accuracy = 0.7500, Failures = 18, Successes = 54

===================================================
Dataset: /home/shamim097/AgentBN/datasets/der/combined_train_scenarios.csv
===================================================
Accuracy: 68.06 %
Total: 72
Successes: 49
Failures: 23

Candidate 2: Accuracy = 0.6806, Failures = 23, Successes = 49

===================================================
Dataset: /home/shamim097/AgentBN/datasets/der/combined_train_scenarios.csv
===================================================
Accuracy: 70.83 %
Total: 72
Successes: 51
Failures: 21

Candidate 3: Accuracy = 0.7083, Failures = 21, Successes = 51

========================================
BEST REFINEMENT CANDIDATE
========================================
Candidate 1
Accuracy: 0.7500
Failures: 18
Successes: 54

===================================================
Dataset: /home/shamim097/AgentBN/datasets/der/combined_train_scenarios.csv
===================================================
Accuracy: 75.0 %
Total: 72
Successes: 54
Failures: 18
Removed 1 record(s) with bn_number=2
Valid response received on attempt 1.
Selected baseline BN: 1

===================================================
Dataset: /home/shamim097/AgentBN/datasets/der/combined_train_scenarios.csv
===================================================
Accuracy: 65.28 %
Total: 72
Successes: 47
Failures: 25

Candidate 1: Accuracy = 0.6528, Failures = 25, Successes = 47

===================================================
Dataset: /home/shamim097/AgentBN/datasets/der/combined_train_scenarios.csv
===================================================
Accuracy: 79.17 %
Total: 72
Successes: 57
Failures: 15

Candidate 2: Accuracy = 0.7917, Failures = 15, Successes = 57

===================================================
Dataset: /home/shamim097/AgentBN/datasets/der/combined_train_scenarios.csv
===================================================
Accuracy: 69.44 %
Total: 72
Successes: 50
Failures: 22

Candidate 3: Accuracy = 0.6944, Failures = 22, Successes = 50

========================================
BEST REFINEMENT CANDIDATE
========================================
Candidate 2
Accuracy: 0.7917
Failures: 15
Successes: 57

===================================================
Dataset: /home/shamim097/AgentBN/datasets/der/combined_train_scenarios.csv
===================================================
Accuracy: 79.17 %
Total: 72
Successes: 57
Failures: 15

Accuracy improved from 75.00% to 79.17%.

===== ITERATION 3 =====

===================================================
Dataset: /home/shamim097/AgentBN/datasets/der/combined_train_scenarios.csv
===================================================
Accuracy: 79.17 %
Total: 72
Successes: 57
Failures: 15

Additional Parent Nodes Required for CPT Activation (0)

Activation trace saved to /home/shamim097/AgentBN/workspace/der/activation_trace.csv
Failure parameter statistics saved to '/home/shamim097/AgentBN/workspace/der/failure_parameter_statistics.json'
Valid danger report received on attempt 1.

===================================================

Accuracy: 79.17%

Workflow analysis for BN #2 stored in /home/shamim097/AgentBN/workspace/der/bn_analysis.json
Valid response received on attempt 1.
Selected baseline BN: 2

===================================================
Dataset: /home/shamim097/AgentBN/datasets/der/combined_train_scenarios.csv
===================================================
Accuracy: 79.17 %
Total: 72
Successes: 57
Failures: 15

Candidate 1: Accuracy = 0.7917, Failures = 15, Successes = 57

===================================================
Dataset: /home/shamim097/AgentBN/datasets/der/combined_train_scenarios.csv
===================================================
Accuracy: 75.0 %
Total: 72
Successes: 54
Failures: 18

Candidate 2: Accuracy = 0.7500, Failures = 18, Successes = 54

===================================================
Dataset: /home/shamim097/AgentBN/datasets/der/combined_train_scenarios.csv
===================================================
Accuracy: 75.0 %
Total: 72
Successes: 54
Failures: 18

Candidate 3: Accuracy = 0.7500, Failures = 18, Successes = 54

========================================
BEST REFINEMENT CANDIDATE
========================================
Candidate 1
Accuracy: 0.7917
Failures: 15
Successes: 57

===================================================
Dataset: /home/shamim097/AgentBN/datasets/der/combined_train_scenarios.csv
===================================================
Accuracy: 79.17 %
Total: 72
Successes: 57
Failures: 15

Accuracy did not improve. Need improvement from 79.17% 
Removed 1 record(s) with bn_number=3
Valid response received on attempt 1.
Selected baseline BN: 2

===================================================
Dataset: /home/shamim097/AgentBN/datasets/der/combined_train_scenarios.csv
===================================================
Accuracy: 79.17 %
Total: 72
Successes: 57
Failures: 15

Candidate 1: Accuracy = 0.7917, Failures = 15, Successes = 57

===================================================
Dataset: /home/shamim097/AgentBN/datasets/der/combined_train_scenarios.csv
===================================================
Accuracy: 75.0 %
Total: 72
Successes: 54
Failures: 18

Candidate 2: Accuracy = 0.7500, Failures = 18, Successes = 54

===================================================
Dataset: /home/shamim097/AgentBN/datasets/der/combined_train_scenarios.csv
===================================================
Accuracy: 77.78 %
Total: 72
Successes: 56
Failures: 16

Candidate 3: Accuracy = 0.7778, Failures = 16, Successes = 56

========================================
BEST REFINEMENT CANDIDATE
========================================
Candidate 1
Accuracy: 0.7917
Failures: 15
Successes: 57

===================================================
Dataset: /home/shamim097/AgentBN/datasets/der/combined_train_scenarios.csv
===================================================
Accuracy: 79.17 %
Total: 72
Successes: 57
Failures: 15
Removed 1 record(s) with bn_number=3
Valid response received on attempt 1.
Selected baseline BN: 2

===================================================
Dataset: /home/shamim097/AgentBN/datasets/der/combined_train_scenarios.csv
===================================================
Accuracy: 79.17 %
Total: 72
Successes: 57
Failures: 15

Candidate 1: Accuracy = 0.7917, Failures = 15, Successes = 57

===================================================
Dataset: /home/shamim097/AgentBN/datasets/der/combined_train_scenarios.csv
===================================================
Accuracy: 75.0 %
Total: 72
Successes: 54
Failures: 18

Candidate 2: Accuracy = 0.7500, Failures = 18, Successes = 54

===================================================
Dataset: /home/shamim097/AgentBN/datasets/der/combined_train_scenarios.csv
===================================================
Accuracy: 76.39 %
Total: 72
Successes: 55
Failures: 17

Candidate 3: Accuracy = 0.7639, Failures = 17, Successes = 55

========================================
BEST REFINEMENT CANDIDATE
========================================
Candidate 1
Accuracy: 0.7917
Failures: 15
Successes: 57

===================================================
Dataset: /home/shamim097/AgentBN/datasets/der/combined_train_scenarios.csv
===================================================
Accuracy: 79.17 %
Total: 72
Successes: 57
Failures: 15
Removed 1 record(s) with bn_number=3
Valid response received on attempt 1.
Selected baseline BN: 2

===================================================
Dataset: /home/shamim097/AgentBN/datasets/der/combined_train_scenarios.csv
===================================================
Accuracy: 79.17 %
Total: 72
Successes: 57
Failures: 15

Candidate 1: Accuracy = 0.7917, Failures = 15, Successes = 57

===================================================
Dataset: /home/shamim097/AgentBN/datasets/der/combined_train_scenarios.csv
===================================================
Accuracy: 75.0 %
Total: 72
Successes: 54
Failures: 18

Candidate 2: Accuracy = 0.7500, Failures = 18, Successes = 54

===================================================
Dataset: /home/shamim097/AgentBN/datasets/der/combined_train_scenarios.csv
===================================================
Accuracy: 77.78 %
Total: 72
Successes: 56
Failures: 16

Candidate 3: Accuracy = 0.7778, Failures = 16, Successes = 56

========================================
BEST REFINEMENT CANDIDATE
========================================
Candidate 1
Accuracy: 0.7917
Failures: 15
Successes: 57

===================================================
Dataset: /home/shamim097/AgentBN/datasets/der/combined_train_scenarios.csv
===================================================
Accuracy: 79.17 %
Total: 72
Successes: 57
Failures: 15

No improvement after 3 retries. Selecting best retry candidate (accuracy=79.17%).
Removed 1 record(s) with bn_number=3
Continuing with retry candidate (accuracy=79.17%).

===== ITERATION 4 =====

===================================================
Dataset: /home/shamim097/AgentBN/datasets/der/combined_train_scenarios.csv
===================================================
Accuracy: 79.17 %
Total: 72
Successes: 57
Failures: 15

Additional Parent Nodes Required for CPT Activation (0)

Activation trace saved to /home/shamim097/AgentBN/workspace/der/activation_trace.csv
Failure parameter statistics saved to '/home/shamim097/AgentBN/workspace/der/failure_parameter_statistics.json'
Valid danger report received on attempt 1.

===================================================

Accuracy: 79.17%

Workflow analysis for BN #3 stored in /home/shamim097/AgentBN/workspace/der/bn_analysis.json
Valid response received on attempt 1.
Selected baseline BN: 2

===================================================
Dataset: /home/shamim097/AgentBN/datasets/der/combined_train_scenarios.csv
===================================================
Accuracy: 75.0 %
Total: 72
Successes: 54
Failures: 18

Candidate 1: Accuracy = 0.7500, Failures = 18, Successes = 54

===================================================
Dataset: /home/shamim097/AgentBN/datasets/der/combined_train_scenarios.csv
===================================================
Accuracy: 76.39 %
Total: 72
Successes: 55
Failures: 17

Candidate 2: Accuracy = 0.7639, Failures = 17, Successes = 55

===================================================
Dataset: /home/shamim097/AgentBN/datasets/der/combined_train_scenarios.csv
===================================================
Accuracy: 75.0 %
Total: 72
Successes: 54
Failures: 18

Candidate 3: Accuracy = 0.7500, Failures = 18, Successes = 54

========================================
BEST REFINEMENT CANDIDATE
========================================
Candidate 2
Accuracy: 0.7639
Failures: 17
Successes: 55

===================================================
Dataset: /home/shamim097/AgentBN/datasets/der/combined_train_scenarios.csv
===================================================
Accuracy: 76.39 %
Total: 72
Successes: 55
Failures: 17

Accuracy did not improve. Need improvement from 79.17% 
Removed 1 record(s) with bn_number=4
Valid response received on attempt 1.
Selected baseline BN: 2

===================================================
Dataset: /home/shamim097/AgentBN/datasets/der/combined_train_scenarios.csv
===================================================
Accuracy: 79.17 %
Total: 72
Successes: 57
Failures: 15

Candidate 1: Accuracy = 0.7917, Failures = 15, Successes = 57

===================================================
Dataset: /home/shamim097/AgentBN/datasets/der/combined_train_scenarios.csv
===================================================
Accuracy: 75.0 %
Total: 72
Successes: 54
Failures: 18

Candidate 2: Accuracy = 0.7500, Failures = 18, Successes = 54

===================================================
Dataset: /home/shamim097/AgentBN/datasets/der/combined_train_scenarios.csv
===================================================
Accuracy: 77.78 %
Total: 72
Successes: 56
Failures: 16

Candidate 3: Accuracy = 0.7778, Failures = 16, Successes = 56

========================================
BEST REFINEMENT CANDIDATE
========================================
Candidate 1
Accuracy: 0.7917
Failures: 15
Successes: 57

===================================================
Dataset: /home/shamim097/AgentBN/datasets/der/combined_train_scenarios.csv
===================================================
Accuracy: 79.17 %
Total: 72
Successes: 57
Failures: 15
Removed 1 record(s) with bn_number=4
Valid response received on attempt 1.
Selected baseline BN: 2

===================================================
Dataset: /home/shamim097/AgentBN/datasets/der/combined_train_scenarios.csv
===================================================
Accuracy: 79.17 %
Total: 72
Successes: 57
Failures: 15

Candidate 1: Accuracy = 0.7917, Failures = 15, Successes = 57

===================================================
Dataset: /home/shamim097/AgentBN/datasets/der/combined_train_scenarios.csv
===================================================
Accuracy: 75.0 %
Total: 72
Successes: 54
Failures: 18

Candidate 2: Accuracy = 0.7500, Failures = 18, Successes = 54

===================================================
Dataset: /home/shamim097/AgentBN/datasets/der/combined_train_scenarios.csv
===================================================
Accuracy: 77.78 %
Total: 72
Successes: 56
Failures: 16

Candidate 3: Accuracy = 0.7778, Failures = 16, Successes = 56

========================================
BEST REFINEMENT CANDIDATE
========================================
Candidate 1
Accuracy: 0.7917
Failures: 15
Successes: 57

===================================================
Dataset: /home/shamim097/AgentBN/datasets/der/combined_train_scenarios.csv
===================================================
Accuracy: 79.17 %
Total: 72
Successes: 57
Failures: 15
Removed 1 record(s) with bn_number=4
Valid response received on attempt 1.
Selected baseline BN: 2

===================================================
Dataset: /home/shamim097/AgentBN/datasets/der/combined_train_scenarios.csv
===================================================
Accuracy: 79.17 %
Total: 72
Successes: 57
Failures: 15

Candidate 1: Accuracy = 0.7917, Failures = 15, Successes = 57

===================================================
Dataset: /home/shamim097/AgentBN/datasets/der/combined_train_scenarios.csv
===================================================
Accuracy: 75.0 %
Total: 72
Successes: 54
Failures: 18

Candidate 2: Accuracy = 0.7500, Failures = 18, Successes = 54

===================================================
Dataset: /home/shamim097/AgentBN/datasets/der/combined_train_scenarios.csv
===================================================
Accuracy: 77.78 %
Total: 72
Successes: 56
Failures: 16

Candidate 3: Accuracy = 0.7778, Failures = 16, Successes = 56

========================================
BEST REFINEMENT CANDIDATE
========================================
Candidate 1
Accuracy: 0.7917
Failures: 15
Successes: 57

===================================================
Dataset: /home/shamim097/AgentBN/datasets/der/combined_train_scenarios.csv
===================================================
Accuracy: 79.17 %
Total: 72
Successes: 57
Failures: 15

No improvement after 3 retries. Selecting best retry candidate (accuracy=79.17%).
Removed 1 record(s) with bn_number=4
Continuing with retry candidate (accuracy=79.17%).

===================================================
Dataset: /home/shamim097/AgentBN/datasets/der/combined_train_scenarios.csv
===================================================
Accuracy: 68.06 %
Total: 72
Successes: 49
Failures: 23

===================================================
Dataset: /home/shamim097/AgentBN/datasets/der/combined_train_scenarios.csv
===================================================
Accuracy: 75.0 %
Total: 72
Successes: 54
Failures: 18

===================================================
Dataset: /home/shamim097/AgentBN/datasets/der/combined_train_scenarios.csv
===================================================
Accuracy: 79.17 %
Total: 72
Successes: 57
Failures: 15

===================================================
Dataset: /home/shamim097/AgentBN/datasets/der/combined_train_scenarios.csv
===================================================
Accuracy: 79.17 %
Total: 72
Successes: 57
Failures: 15

===================================================
Dataset: /home/shamim097/AgentBN/datasets/der/combined_train_scenarios.csv
===================================================
Accuracy: 79.17 %
Total: 72
Successes: 57
Failures: 15


Best BN Number: 4
Best BN Accuracy: 0.7916666666666666
Saved CPT identity comparison to /home/shamim097/AgentBN/workspace/der/cpt_comparison_analysis.json
BN number: 4
Agent change verdict: very_good
Expected changed CPTs: ['Execution_Integrity', 'Root_Causes']
Agent changed CPTs: ['Execution_Integrity', 'Network_Manipulation', 'Root_Causes']
Unexpected changed CPTs: ['Network_Manipulation']
{'bn_number': 4, 'agent_changed_cpt_count': 3, 'agent_changed_cpts': ['Execution_Integrity', 'Network_Manipulation', 'Root_Causes'], 'agent_change_report': {'verdict': 'very_good', 'total_cpts': 20, 'expected_changed_count': 2, 'expected_changed_cpts': ['Execution_Integrity', 'Root_Causes'], 'agent_changed_count': 3, 'agent_changed_cpts': ['Execution_Integrity', 'Network_Manipulation', 'Root_Causes'], 'matched_expected_count': 2, 'matched_expected_cpts': ['Execution_Integrity', 'Root_Causes'], 'missed_expected_count': 0, 'missed_expected_cpts': [], 'unexpected_changed_count': 1, 'unexpected_changed_cpts': ['Network_Manipulation'], 'unflawed_cpt_count': 18, 'untouched_unflawed_count': 17, 'untouched_unflawed_cpts': ['Deviation_in_Dispatch', 'Deviation_in_Response', 'GPTN_1', 'GPTN_2', 'GPTN_3', 'GPTN_5', 'LPTN_1_i', 'LPTN_1_ii', 'LPTN_1_iii', 'LPTN_1_iv', 'LPTN_1_ix', 'LPTN_1_v', 'LPTN_1_vi', 'LPTN_1_viii', 'LPTN_1_x', 'Physical_Anomaly', 'Program_Anomaly'], 'expected_change_recall': 1.0, 'unexpected_change_rate': 0.0556, 'unflawed_preservation_rate': 0.9444}}
======================================================================
Execution_Integrity            0.17932859
  Column 0:
    Flawed : [0.8 0.2]
    Prop   : [0.8 0.2]
    GT     : [0.98 0.02]
  Column 1:
    Flawed : [0.7 0.3]
    Prop   : [0.7 0.3]
    GT     : [0.98 0.02]
  Column 2:
    Flawed : [0.7 0.3]
    Prop   : [0.65 0.35]
    GT     : [0.95 0.05]
  Column 3:
    Flawed : [0.3 0.7]
    Prop   : [0.5 0.5]
    GT     : [0.75 0.25]
  Column 4:
    Flawed : [0.7 0.3]
    Prop   : [0.7 0.3]
    GT     : [0.9 0.1]
  Column 5:
    Flawed : [0.7 0.3]
    Prop   : [0.7 0.3]
    GT     : [0.9 0.1]
  Column 6:
    Flawed : [0.7 0.3]
    Prop   : [0.7 0.3]
    GT     : [0.9 0.1]
  Column 7:
    Flawed : [0.2 0.8]
    Prop   : [0.35 0.65]
    GT     : [0.05 0.95]
----------------------------------------------------------------------
Network_Manipulation           0.02756585
  Column 0:
    Flawed : [0.95 0.05]
    Prop   : [0.85 0.15]
    GT     : [0.95 0.05]
  Column 1:
    Flawed : [0.85 0.15]
    Prop   : [0.75 0.25]
    GT     : [0.85 0.15]
  Column 2:
    Flawed : [0.85 0.15]
    Prop   : [0.75 0.25]
    GT     : [0.85 0.15]
----------------------------------------------------------------------
Root_Causes                    0.30545048
  Column 0:
    Flawed : [0.3 0.3 0.4]
    Prop   : [0.35 0.3  0.35]
    GT     : [0.05 0.1  0.85]
  Column 1:
    Flawed : [0.2 0.4 0.4]
    Prop   : [0.35 0.5  0.15]
    GT     : [0.05 0.1  0.85]
  Column 2:
    Flawed : [0.4 0.4 0.2]
    Prop   : [0.45 0.4  0.15]
    GT     : [0.33 0.33 0.34]
  Column 3:
    Flawed : [0.15 0.7  0.15]
    Prop   : [0.2  0.75 0.05]
    GT     : [0.05 0.9  0.05]
  Column 4:
    Flawed : [0.15 0.15 0.7 ]
    Prop   : [0.15 0.15 0.7 ]
    GT     : [0.05 0.1  0.85]
  Column 5:
    Flawed : [0.1 0.1 0.8]
    Prop   : [0.1 0.1 0.8]
    GT     : [0.05 0.1  0.85]
  Column 6:
    Flawed : [0.7  0.15 0.15]
    Prop   : [0.55 0.2  0.25]
    GT     : [0.9  0.05 0.05]
  Column 7:
    Flawed : [0.2 0.2 0.6]
    Prop   : [0.2  0.25 0.55]
    GT     : [0.33 0.33 0.34]
----------------------------------------------------------------------
======================================================================
Overall Average CPT KL = 0.05539578
======================================================================
Execution_Integrity            RMSE = 0.24323343
  Column 0:
    Flawed : [0.8 0.2]
    Prop   : [0.8 0.2]
    GT     : [0.98 0.02]
  Column 1:
    Flawed : [0.7 0.3]
    Prop   : [0.7 0.3]
    GT     : [0.98 0.02]
  Column 2:
    Flawed : [0.7 0.3]
    Prop   : [0.65 0.35]
    GT     : [0.95 0.05]
  Column 3:
    Flawed : [0.3 0.7]
    Prop   : [0.5 0.5]
    GT     : [0.75 0.25]
  Column 4:
    Flawed : [0.7 0.3]
    Prop   : [0.7 0.3]
    GT     : [0.9 0.1]
  Column 5:
    Flawed : [0.7 0.3]
    Prop   : [0.7 0.3]
    GT     : [0.9 0.1]
  Column 6:
    Flawed : [0.7 0.3]
    Prop   : [0.7 0.3]
    GT     : [0.9 0.1]
  Column 7:
    Flawed : [0.2 0.8]
    Prop   : [0.35 0.65]
    GT     : [0.05 0.95]
----------------------------------------------------------------------
Network_Manipulation           RMSE = 0.08660254
  Column 0:
    Flawed : [0.95 0.05]
    Prop   : [0.85 0.15]
    GT     : [0.95 0.05]
  Column 1:
    Flawed : [0.85 0.15]
    Prop   : [0.75 0.25]
    GT     : [0.85 0.15]
  Column 2:
    Flawed : [0.85 0.15]
    Prop   : [0.75 0.25]
    GT     : [0.85 0.15]
----------------------------------------------------------------------
Root_Causes                    RMSE = 0.25106440
  Column 0:
    Flawed : [0.3 0.3 0.4]
    Prop   : [0.35 0.3  0.35]
    GT     : [0.05 0.1  0.85]
  Column 1:
    Flawed : [0.2 0.4 0.4]
    Prop   : [0.35 0.5  0.15]
    GT     : [0.05 0.1  0.85]
  Column 2:
    Flawed : [0.4 0.4 0.2]
    Prop   : [0.45 0.4  0.15]
    GT     : [0.33 0.33 0.34]
  Column 3:
    Flawed : [0.15 0.7  0.15]
    Prop   : [0.2  0.75 0.05]
    GT     : [0.05 0.9  0.05]
  Column 4:
    Flawed : [0.15 0.15 0.7 ]
    Prop   : [0.15 0.15 0.7 ]
    GT     : [0.05 0.1  0.85]
  Column 5:
    Flawed : [0.1 0.1 0.8]
    Prop   : [0.1 0.1 0.8]
    GT     : [0.05 0.1  0.85]
  Column 6:
    Flawed : [0.7  0.15 0.15]
    Prop   : [0.55 0.2  0.25]
    GT     : [0.9  0.05 0.05]
  Column 7:
    Flawed : [0.2 0.2 0.6]
    Prop   : [0.2  0.25 0.55]
    GT     : [0.33 0.33 0.34]
----------------------------------------------------------------------
======================================================================
Overall CPT RMSE = 0.12874393
======================================================================
Execution_Integrity            Hellinger = 0.22951328
  Column 0:
    Flawed : [0.8 0.2]
    Prop   : [0.8 0.2]
    GT     : [0.98 0.02]
  Column 1:
    Flawed : [0.7 0.3]
    Prop   : [0.7 0.3]
    GT     : [0.98 0.02]
  Column 2:
    Flawed : [0.7 0.3]
    Prop   : [0.65 0.35]
    GT     : [0.95 0.05]
  Column 3:
    Flawed : [0.3 0.7]
    Prop   : [0.5 0.5]
    GT     : [0.75 0.25]
  Column 4:
    Flawed : [0.7 0.3]
    Prop   : [0.7 0.3]
    GT     : [0.9 0.1]
  Column 5:
    Flawed : [0.7 0.3]
    Prop   : [0.7 0.3]
    GT     : [0.9 0.1]
  Column 6:
    Flawed : [0.7 0.3]
    Prop   : [0.7 0.3]
    GT     : [0.9 0.1]
  Column 7:
    Flawed : [0.2 0.8]
    Prop   : [0.35 0.65]
    GT     : [0.05 0.95]
----------------------------------------------------------------------
Network_Manipulation           Hellinger = 0.07488364
  Column 0:
    Flawed : [0.95 0.05]
    Prop   : [0.85 0.15]
    GT     : [0.95 0.05]
  Column 1:
    Flawed : [0.85 0.15]
    Prop   : [0.75 0.25]
    GT     : [0.85 0.15]
  Column 2:
    Flawed : [0.85 0.15]
    Prop   : [0.75 0.25]
    GT     : [0.85 0.15]
----------------------------------------------------------------------
Root_Causes                    Hellinger = 0.23778368
  Column 0:
    Flawed : [0.3 0.3 0.4]
    Prop   : [0.35 0.3  0.35]
    GT     : [0.05 0.1  0.85]
  Column 1:
    Flawed : [0.2 0.4 0.4]
    Prop   : [0.35 0.5  0.15]
    GT     : [0.05 0.1  0.85]
  Column 2:
    Flawed : [0.4 0.4 0.2]
    Prop   : [0.45 0.4  0.15]
    GT     : [0.33 0.33 0.34]
  Column 3:
    Flawed : [0.15 0.7  0.15]
    Prop   : [0.2  0.75 0.05]
    GT     : [0.05 0.9  0.05]
  Column 4:
    Flawed : [0.15 0.15 0.7 ]
    Prop   : [0.15 0.15 0.7 ]
    GT     : [0.05 0.1  0.85]
  Column 5:
    Flawed : [0.1 0.1 0.8]
    Prop   : [0.1 0.1 0.8]
    GT     : [0.05 0.1  0.85]
  Column 6:
    Flawed : [0.7  0.15 0.15]
    Prop   : [0.55 0.2  0.25]
    GT     : [0.9  0.05 0.05]
  Column 7:
    Flawed : [0.2 0.2 0.6]
    Prop   : [0.2  0.25 0.55]
    GT     : [0.33 0.33 0.34]
----------------------------------------------------------------------
======================================================================
Overall Average Hellinger = 0.05608209
###------------------------------###

Restart 0 finished.
###------------------------------###

==============================
PIPELINE RESTART #1
==============================
Cleared: /home/shamim097/AgentBN/workspace/der/bn_analysis.json
Cleared: /home/shamim097/AgentBN/workspace/der/last_proposed_bn.jsonl
Cleared: /home/shamim097/AgentBN/workspace/der/dangerous_cpt_report.json
Cleared: /home/shamim097/AgentBN/workspace/der/failure_parameter_statistics.json

===================================================
Dataset: /home/shamim097/AgentBN/datasets/der/combined_train_scenarios.csv
===================================================
Accuracy: 68.06 %
Total: 72
Successes: 49
Failures: 23
Flawed BN Accuracy: 68.06%
Initial Acceptance Threshold: 77.64%

Initial Generation Attempt 0

Additional Parent Nodes Required for CPT Activation (0)

Activation trace saved to /home/shamim097/AgentBN/workspace/der/activation_trace.csv
Failure parameter statistics saved to '/home/shamim097/AgentBN/workspace/der/failure_parameter_statistics.json'
Valid danger report received on attempt 1.

===================================================

Accuracy: 68.06%

Workflow analysis for BN #0 stored in /home/shamim097/AgentBN/workspace/der/bn_analysis.json
Valid response received on attempt 1.
Selected baseline BN: 0

===================================================
Dataset: /home/shamim097/AgentBN/datasets/der/combined_train_scenarios.csv
===================================================
Accuracy: 76.39 %
Total: 72
Successes: 55
Failures: 17

Candidate 1: Accuracy = 0.7639, Failures = 17, Successes = 55

===================================================
Dataset: /home/shamim097/AgentBN/datasets/der/combined_train_scenarios.csv
===================================================
Accuracy: 75.0 %
Total: 72
Successes: 54
Failures: 18

Candidate 2: Accuracy = 0.7500, Failures = 18, Successes = 54

===================================================
Dataset: /home/shamim097/AgentBN/datasets/der/combined_train_scenarios.csv
===================================================
Accuracy: 79.17 %
Total: 72
Successes: 57
Failures: 15

Candidate 3: Accuracy = 0.7917, Failures = 15, Successes = 57

========================================
BEST REFINEMENT CANDIDATE
========================================
Candidate 3
Accuracy: 0.7917
Failures: 15
Successes: 57

===================================================
Dataset: /home/shamim097/AgentBN/datasets/der/combined_train_scenarios.csv
===================================================
Accuracy: 79.17 %
Total: 72
Successes: 57
Failures: 15
Accuracy = 79.17%
Initial BN accepted.
Accepted initial BN (79.17%).
Removed workflow analysis for BN #0 from /home/shamim097/AgentBN/workspace/der/bn_analysis.json

Initial BN generated

===== ITERATION 2 =====

===================================================
Dataset: /home/shamim097/AgentBN/datasets/der/combined_train_scenarios.csv
===================================================
Accuracy: 79.17 %
Total: 72
Successes: 57
Failures: 15

Additional Parent Nodes Required for CPT Activation (0)

Activation trace saved to /home/shamim097/AgentBN/workspace/der/activation_trace.csv
Failure parameter statistics saved to '/home/shamim097/AgentBN/workspace/der/failure_parameter_statistics.json'
Valid danger report received on attempt 1.

===================================================

Accuracy: 79.17%

Workflow analysis for BN #1 stored in /home/shamim097/AgentBN/workspace/der/bn_analysis.json
Valid response received on attempt 1.
Selected baseline BN: 1

===================================================
Dataset: /home/shamim097/AgentBN/datasets/der/combined_train_scenarios.csv
===================================================
Accuracy: 80.56 %
Total: 72
Successes: 58
Failures: 14

Candidate 1: Accuracy = 0.8056, Failures = 14, Successes = 58

===================================================
Dataset: /home/shamim097/AgentBN/datasets/der/combined_train_scenarios.csv
===================================================
Accuracy: 75.0 %
Total: 72
Successes: 54
Failures: 18

Candidate 2: Accuracy = 0.7500, Failures = 18, Successes = 54

===================================================
Dataset: /home/shamim097/AgentBN/datasets/der/combined_train_scenarios.csv
===================================================
Accuracy: 77.78 %
Total: 72
Successes: 56
Failures: 16

Candidate 3: Accuracy = 0.7778, Failures = 16, Successes = 56

========================================
BEST REFINEMENT CANDIDATE
========================================
Candidate 1
Accuracy: 0.8056
Failures: 14
Successes: 58

===================================================
Dataset: /home/shamim097/AgentBN/datasets/der/combined_train_scenarios.csv
===================================================
Accuracy: 80.56 %
Total: 72
Successes: 58
Failures: 14

Accuracy improved from 79.17% to 80.56%.

===== ITERATION 3 =====

===================================================
Dataset: /home/shamim097/AgentBN/datasets/der/combined_train_scenarios.csv
===================================================
Accuracy: 80.56 %
Total: 72
Successes: 58
Failures: 14

Additional Parent Nodes Required for CPT Activation (0)

Activation trace saved to /home/shamim097/AgentBN/workspace/der/activation_trace.csv
Failure parameter statistics saved to '/home/shamim097/AgentBN/workspace/der/failure_parameter_statistics.json'
Valid danger report received on attempt 1.

===================================================

Accuracy: 80.56%

Workflow analysis for BN #2 stored in /home/shamim097/AgentBN/workspace/der/bn_analysis.json
Valid response received on attempt 1.
Selected baseline BN: 2

===================================================
Dataset: /home/shamim097/AgentBN/datasets/der/combined_train_scenarios.csv
===================================================
Accuracy: 77.78 %
Total: 72
Successes: 56
Failures: 16

Candidate 1: Accuracy = 0.7778, Failures = 16, Successes = 56

===================================================
Dataset: /home/shamim097/AgentBN/datasets/der/combined_train_scenarios.csv
===================================================
Accuracy: 77.78 %
Total: 72
Successes: 56
Failures: 16

Candidate 2: Accuracy = 0.7778, Failures = 16, Successes = 56

===================================================
Dataset: /home/shamim097/AgentBN/datasets/der/combined_train_scenarios.csv
===================================================
Accuracy: 75.0 %
Total: 72
Successes: 54
Failures: 18

Candidate 3: Accuracy = 0.7500, Failures = 18, Successes = 54

========================================
BEST REFINEMENT CANDIDATE
========================================
Candidate 1
Accuracy: 0.7778
Failures: 16
Successes: 56

===================================================
Dataset: /home/shamim097/AgentBN/datasets/der/combined_train_scenarios.csv
===================================================
Accuracy: 77.78 %
Total: 72
Successes: 56
Failures: 16

Accuracy did not improve. Need improvement from 80.56% 
Removed 1 record(s) with bn_number=3
Valid response received on attempt 1.
Selected baseline BN: 2

===================================================
Dataset: /home/shamim097/AgentBN/datasets/der/combined_train_scenarios.csv
===================================================
Accuracy: 77.78 %
Total: 72
Successes: 56
Failures: 16

Candidate 1: Accuracy = 0.7778, Failures = 16, Successes = 56

===================================================
Dataset: /home/shamim097/AgentBN/datasets/der/combined_train_scenarios.csv
===================================================
Accuracy: 77.78 %
Total: 72
Successes: 56
Failures: 16

Candidate 2: Accuracy = 0.7778, Failures = 16, Successes = 56

===================================================
Dataset: /home/shamim097/AgentBN/datasets/der/combined_train_scenarios.csv
===================================================
Accuracy: 72.22 %
Total: 72
Successes: 52
Failures: 20

Candidate 3: Accuracy = 0.7222, Failures = 20, Successes = 52

========================================
BEST REFINEMENT CANDIDATE
========================================
Candidate 1
Accuracy: 0.7778
Failures: 16
Successes: 56

===================================================
Dataset: /home/shamim097/AgentBN/datasets/der/combined_train_scenarios.csv
===================================================
Accuracy: 77.78 %
Total: 72
Successes: 56
Failures: 16
Removed 1 record(s) with bn_number=3
Valid response received on attempt 1.
Selected baseline BN: 2

===================================================
Dataset: /home/shamim097/AgentBN/datasets/der/combined_train_scenarios.csv
===================================================
Accuracy: 77.78 %
Total: 72
Successes: 56
Failures: 16

Candidate 1: Accuracy = 0.7778, Failures = 16, Successes = 56

===================================================
Dataset: /home/shamim097/AgentBN/datasets/der/combined_train_scenarios.csv
===================================================
Accuracy: 76.39 %
Total: 72
Successes: 55
Failures: 17

Candidate 2: Accuracy = 0.7639, Failures = 17, Successes = 55

===================================================
Dataset: /home/shamim097/AgentBN/datasets/der/combined_train_scenarios.csv
===================================================
Accuracy: 72.22 %
Total: 72
Successes: 52
Failures: 20

Candidate 3: Accuracy = 0.7222, Failures = 20, Successes = 52

========================================
BEST REFINEMENT CANDIDATE
========================================
Candidate 1
Accuracy: 0.7778
Failures: 16
Successes: 56

===================================================
Dataset: /home/shamim097/AgentBN/datasets/der/combined_train_scenarios.csv
===================================================
Accuracy: 77.78 %
Total: 72
Successes: 56
Failures: 16
Removed 1 record(s) with bn_number=3
Valid response received on attempt 1.
Selected baseline BN: 2

===================================================
Dataset: /home/shamim097/AgentBN/datasets/der/combined_train_scenarios.csv
===================================================
Accuracy: 77.78 %
Total: 72
Successes: 56
Failures: 16

Candidate 1: Accuracy = 0.7778, Failures = 16, Successes = 56

===================================================
Dataset: /home/shamim097/AgentBN/datasets/der/combined_train_scenarios.csv
===================================================
Accuracy: 76.39 %
Total: 72
Successes: 55
Failures: 17

Candidate 2: Accuracy = 0.7639, Failures = 17, Successes = 55

===================================================
Dataset: /home/shamim097/AgentBN/datasets/der/combined_train_scenarios.csv
===================================================
Accuracy: 73.61 %
Total: 72
Successes: 53
Failures: 19

Candidate 3: Accuracy = 0.7361, Failures = 19, Successes = 53

========================================
BEST REFINEMENT CANDIDATE
========================================
Candidate 1
Accuracy: 0.7778
Failures: 16
Successes: 56

===================================================
Dataset: /home/shamim097/AgentBN/datasets/der/combined_train_scenarios.csv
===================================================
Accuracy: 77.78 %
Total: 72
Successes: 56
Failures: 16

No improvement after 3 retries. Selecting best retry candidate (accuracy=77.78%).
Removed 1 record(s) with bn_number=3
Continuing with retry candidate (accuracy=77.78%).

===== ITERATION 4 =====

===================================================
Dataset: /home/shamim097/AgentBN/datasets/der/combined_train_scenarios.csv
===================================================
Accuracy: 77.78 %
Total: 72
Successes: 56
Failures: 16

Additional Parent Nodes Required for CPT Activation (0)

Activation trace saved to /home/shamim097/AgentBN/workspace/der/activation_trace.csv
Failure parameter statistics saved to '/home/shamim097/AgentBN/workspace/der/failure_parameter_statistics.json'
Valid danger report received on attempt 1.

===================================================

Accuracy: 77.78%

Workflow analysis for BN #3 stored in /home/shamim097/AgentBN/workspace/der/bn_analysis.json
Valid response received on attempt 1.
Selected baseline BN: 2

===================================================
Dataset: /home/shamim097/AgentBN/datasets/der/combined_train_scenarios.csv
===================================================
Accuracy: 77.78 %
Total: 72
Successes: 56
Failures: 16

Candidate 1: Accuracy = 0.7778, Failures = 16, Successes = 56

===================================================
Dataset: /home/shamim097/AgentBN/datasets/der/combined_train_scenarios.csv
===================================================
Accuracy: 76.39 %
Total: 72
Successes: 55
Failures: 17

Candidate 2: Accuracy = 0.7639, Failures = 17, Successes = 55

===================================================
Dataset: /home/shamim097/AgentBN/datasets/der/combined_train_scenarios.csv
===================================================
Accuracy: 72.22 %
Total: 72
Successes: 52
Failures: 20

Candidate 3: Accuracy = 0.7222, Failures = 20, Successes = 52

========================================
BEST REFINEMENT CANDIDATE
========================================
Candidate 1
Accuracy: 0.7778
Failures: 16
Successes: 56

===================================================
Dataset: /home/shamim097/AgentBN/datasets/der/combined_train_scenarios.csv
===================================================
Accuracy: 77.78 %
Total: 72
Successes: 56
Failures: 16

Accuracy did not improve. Need improvement from 77.78% 
Removed 1 record(s) with bn_number=4
Valid response received on attempt 1.
Selected baseline BN: 2

===================================================
Dataset: /home/shamim097/AgentBN/datasets/der/combined_train_scenarios.csv
===================================================
Accuracy: 77.78 %
Total: 72
Successes: 56
Failures: 16

Candidate 1: Accuracy = 0.7778, Failures = 16, Successes = 56

===================================================
Dataset: /home/shamim097/AgentBN/datasets/der/combined_train_scenarios.csv
===================================================
Accuracy: 76.39 %
Total: 72
Successes: 55
Failures: 17

Candidate 2: Accuracy = 0.7639, Failures = 17, Successes = 55

===================================================
Dataset: /home/shamim097/AgentBN/datasets/der/combined_train_scenarios.csv
===================================================
Accuracy: 76.39 %
Total: 72
Successes: 55
Failures: 17

Candidate 3: Accuracy = 0.7639, Failures = 17, Successes = 55

========================================
BEST REFINEMENT CANDIDATE
========================================
Candidate 1
Accuracy: 0.7778
Failures: 16
Successes: 56

===================================================
Dataset: /home/shamim097/AgentBN/datasets/der/combined_train_scenarios.csv
===================================================
Accuracy: 77.78 %
Total: 72
Successes: 56
Failures: 16
Removed 1 record(s) with bn_number=4
Valid response received on attempt 1.
Selected baseline BN: 2

===================================================
Dataset: /home/shamim097/AgentBN/datasets/der/combined_train_scenarios.csv
===================================================
Accuracy: 77.78 %
Total: 72
Successes: 56
Failures: 16

Candidate 1: Accuracy = 0.7778, Failures = 16, Successes = 56

===================================================
Dataset: /home/shamim097/AgentBN/datasets/der/combined_train_scenarios.csv
===================================================
Accuracy: 76.39 %
Total: 72
Successes: 55
Failures: 17

Candidate 2: Accuracy = 0.7639, Failures = 17, Successes = 55

===================================================
Dataset: /home/shamim097/AgentBN/datasets/der/combined_train_scenarios.csv
===================================================
Accuracy: 75.0 %
Total: 72
Successes: 54
Failures: 18

Candidate 3: Accuracy = 0.7500, Failures = 18, Successes = 54

========================================
BEST REFINEMENT CANDIDATE
========================================
Candidate 1
Accuracy: 0.7778
Failures: 16
Successes: 56

===================================================
Dataset: /home/shamim097/AgentBN/datasets/der/combined_train_scenarios.csv
===================================================
Accuracy: 77.78 %
Total: 72
Successes: 56
Failures: 16
Removed 1 record(s) with bn_number=4
Valid response received on attempt 1.
Selected baseline BN: 2

===================================================
Dataset: /home/shamim097/AgentBN/datasets/der/combined_train_scenarios.csv
===================================================
Accuracy: 77.78 %
Total: 72
Successes: 56
Failures: 16

Candidate 1: Accuracy = 0.7778, Failures = 16, Successes = 56

===================================================
Dataset: /home/shamim097/AgentBN/datasets/der/combined_train_scenarios.csv
===================================================
Accuracy: 77.78 %
Total: 72
Successes: 56
Failures: 16

Candidate 2: Accuracy = 0.7778, Failures = 16, Successes = 56

===================================================
Dataset: /home/shamim097/AgentBN/datasets/der/combined_train_scenarios.csv
===================================================
Accuracy: 73.61 %
Total: 72
Successes: 53
Failures: 19

Candidate 3: Accuracy = 0.7361, Failures = 19, Successes = 53

========================================
BEST REFINEMENT CANDIDATE
========================================
Candidate 1
Accuracy: 0.7778
Failures: 16
Successes: 56

===================================================
Dataset: /home/shamim097/AgentBN/datasets/der/combined_train_scenarios.csv
===================================================
Accuracy: 77.78 %
Total: 72
Successes: 56
Failures: 16

No improvement after 3 retries. Selecting best retry candidate (accuracy=77.78%).
Removed 1 record(s) with bn_number=4
Continuing with retry candidate (accuracy=77.78%).

===================================================
Dataset: /home/shamim097/AgentBN/datasets/der/combined_train_scenarios.csv
===================================================
Accuracy: 68.06 %
Total: 72
Successes: 49
Failures: 23

===================================================
Dataset: /home/shamim097/AgentBN/datasets/der/combined_train_scenarios.csv
===================================================
Accuracy: 79.17 %
Total: 72
Successes: 57
Failures: 15

===================================================
Dataset: /home/shamim097/AgentBN/datasets/der/combined_train_scenarios.csv
===================================================
Accuracy: 80.56 %
Total: 72
Successes: 58
Failures: 14

===================================================
Dataset: /home/shamim097/AgentBN/datasets/der/combined_train_scenarios.csv
===================================================
Accuracy: 77.78 %
Total: 72
Successes: 56
Failures: 16

===================================================
Dataset: /home/shamim097/AgentBN/datasets/der/combined_train_scenarios.csv
===================================================
Accuracy: 77.78 %
Total: 72
Successes: 56
Failures: 16


Best BN Number: 2
Best BN Accuracy: 0.8055555555555556
Saved CPT identity comparison to /home/shamim097/AgentBN/workspace/der/cpt_comparison_analysis.json
BN number: 2
Agent change verdict: very_good
Expected changed CPTs: ['Execution_Integrity', 'Root_Causes']
Agent changed CPTs: ['Execution_Integrity', 'Network_Manipulation', 'Root_Causes']
Unexpected changed CPTs: ['Network_Manipulation']
{'bn_number': 2, 'agent_changed_cpt_count': 3, 'agent_changed_cpts': ['Execution_Integrity', 'Network_Manipulation', 'Root_Causes'], 'agent_change_report': {'verdict': 'very_good', 'total_cpts': 20, 'expected_changed_count': 2, 'expected_changed_cpts': ['Execution_Integrity', 'Root_Causes'], 'agent_changed_count': 3, 'agent_changed_cpts': ['Execution_Integrity', 'Network_Manipulation', 'Root_Causes'], 'matched_expected_count': 2, 'matched_expected_cpts': ['Execution_Integrity', 'Root_Causes'], 'missed_expected_count': 0, 'missed_expected_cpts': [], 'unexpected_changed_count': 1, 'unexpected_changed_cpts': ['Network_Manipulation'], 'unflawed_cpt_count': 18, 'untouched_unflawed_count': 17, 'untouched_unflawed_cpts': ['Deviation_in_Dispatch', 'Deviation_in_Response', 'GPTN_1', 'GPTN_2', 'GPTN_3', 'GPTN_5', 'LPTN_1_i', 'LPTN_1_ii', 'LPTN_1_iii', 'LPTN_1_iv', 'LPTN_1_ix', 'LPTN_1_v', 'LPTN_1_vi', 'LPTN_1_viii', 'LPTN_1_x', 'Physical_Anomaly', 'Program_Anomaly'], 'expected_change_recall': 1.0, 'unexpected_change_rate': 0.0556, 'unflawed_preservation_rate': 0.9444}}
======================================================================
Execution_Integrity            0.13688157
  Column 0:
    Flawed : [0.8 0.2]
    Prop   : [0.8 0.2]
    GT     : [0.98 0.02]
  Column 1:
    Flawed : [0.7 0.3]
    Prop   : [0.7 0.3]
    GT     : [0.98 0.02]
  Column 2:
    Flawed : [0.7 0.3]
    Prop   : [0.7 0.3]
    GT     : [0.95 0.05]
  Column 3:
    Flawed : [0.3 0.7]
    Prop   : [0.65 0.35]
    GT     : [0.75 0.25]
  Column 4:
    Flawed : [0.7 0.3]
    Prop   : [0.7 0.3]
    GT     : [0.9 0.1]
  Column 5:
    Flawed : [0.7 0.3]
    Prop   : [0.7 0.3]
    GT     : [0.9 0.1]
  Column 6:
    Flawed : [0.7 0.3]
    Prop   : [0.7 0.3]
    GT     : [0.9 0.1]
  Column 7:
    Flawed : [0.2 0.8]
    Prop   : [0.2 0.8]
    GT     : [0.05 0.95]
----------------------------------------------------------------------
Network_Manipulation           0.01905904
  Column 0:
    Flawed : [0.95 0.05]
    Prop   : [0.9 0.1]
    GT     : [0.95 0.05]
  Column 1:
    Flawed : [0.85 0.15]
    Prop   : [0.75 0.25]
    GT     : [0.85 0.15]
  Column 2:
    Flawed : [0.85 0.15]
    Prop   : [0.75 0.25]
    GT     : [0.85 0.15]
----------------------------------------------------------------------
Root_Causes                    0.25579758
  Column 0:
    Flawed : [0.3 0.3 0.4]
    Prop   : [0.3 0.3 0.4]
    GT     : [0.05 0.1  0.85]
  Column 1:
    Flawed : [0.2 0.4 0.4]
    Prop   : [0.3 0.5 0.2]
    GT     : [0.05 0.1  0.85]
  Column 2:
    Flawed : [0.4 0.4 0.2]
    Prop   : [0.4 0.4 0.2]
    GT     : [0.33 0.33 0.34]
  Column 3:
    Flawed : [0.15 0.7  0.15]
    Prop   : [0.2 0.7 0.1]
    GT     : [0.05 0.9  0.05]
  Column 4:
    Flawed : [0.15 0.15 0.7 ]
    Prop   : [0.15 0.15 0.7 ]
    GT     : [0.05 0.1  0.85]
  Column 5:
    Flawed : [0.1 0.1 0.8]
    Prop   : [0.1 0.1 0.8]
    GT     : [0.05 0.1  0.85]
  Column 6:
    Flawed : [0.7  0.15 0.15]
    Prop   : [0.6 0.2 0.2]
    GT     : [0.9  0.05 0.05]
  Column 7:
    Flawed : [0.2 0.2 0.6]
    Prop   : [0.2 0.2 0.6]
    GT     : [0.33 0.33 0.34]
----------------------------------------------------------------------
======================================================================
Overall Average CPT KL = 0.04468985
======================================================================
Execution_Integrity            RMSE = 0.20180436
  Column 0:
    Flawed : [0.8 0.2]
    Prop   : [0.8 0.2]
    GT     : [0.98 0.02]
  Column 1:
    Flawed : [0.7 0.3]
    Prop   : [0.7 0.3]
    GT     : [0.98 0.02]
  Column 2:
    Flawed : [0.7 0.3]
    Prop   : [0.7 0.3]
    GT     : [0.95 0.05]
  Column 3:
    Flawed : [0.3 0.7]
    Prop   : [0.65 0.35]
    GT     : [0.75 0.25]
  Column 4:
    Flawed : [0.7 0.3]
    Prop   : [0.7 0.3]
    GT     : [0.9 0.1]
  Column 5:
    Flawed : [0.7 0.3]
    Prop   : [0.7 0.3]
    GT     : [0.9 0.1]
  Column 6:
    Flawed : [0.7 0.3]
    Prop   : [0.7 0.3]
    GT     : [0.9 0.1]
  Column 7:
    Flawed : [0.2 0.8]
    Prop   : [0.2 0.8]
    GT     : [0.05 0.95]
----------------------------------------------------------------------
Network_Manipulation           RMSE = 0.07500000
  Column 0:
    Flawed : [0.95 0.05]
    Prop   : [0.9 0.1]
    GT     : [0.95 0.05]
  Column 1:
    Flawed : [0.85 0.15]
    Prop   : [0.75 0.25]
    GT     : [0.85 0.15]
  Column 2:
    Flawed : [0.85 0.15]
    Prop   : [0.75 0.25]
    GT     : [0.85 0.15]
----------------------------------------------------------------------
Root_Causes                    RMSE = 0.23459184
  Column 0:
    Flawed : [0.3 0.3 0.4]
    Prop   : [0.3 0.3 0.4]
    GT     : [0.05 0.1  0.85]
  Column 1:
    Flawed : [0.2 0.4 0.4]
    Prop   : [0.3 0.5 0.2]
    GT     : [0.05 0.1  0.85]
  Column 2:
    Flawed : [0.4 0.4 0.2]
    Prop   : [0.4 0.4 0.2]
    GT     : [0.33 0.33 0.34]
  Column 3:
    Flawed : [0.15 0.7  0.15]
    Prop   : [0.2 0.7 0.1]
    GT     : [0.05 0.9  0.05]
  Column 4:
    Flawed : [0.15 0.15 0.7 ]
    Prop   : [0.15 0.15 0.7 ]
    GT     : [0.05 0.1  0.85]
  Column 5:
    Flawed : [0.1 0.1 0.8]
    Prop   : [0.1 0.1 0.8]
    GT     : [0.05 0.1  0.85]
  Column 6:
    Flawed : [0.7  0.15 0.15]
    Prop   : [0.6 0.2 0.2]
    GT     : [0.9  0.05 0.05]
  Column 7:
    Flawed : [0.2 0.2 0.6]
    Prop   : [0.2 0.2 0.6]
    GT     : [0.33 0.33 0.34]
----------------------------------------------------------------------
======================================================================
Overall CPT RMSE = 0.11520577
======================================================================
Execution_Integrity            Hellinger = 0.19669900
  Column 0:
    Flawed : [0.8 0.2]
    Prop   : [0.8 0.2]
    GT     : [0.98 0.02]
  Column 1:
    Flawed : [0.7 0.3]
    Prop   : [0.7 0.3]
    GT     : [0.98 0.02]
  Column 2:
    Flawed : [0.7 0.3]
    Prop   : [0.7 0.3]
    GT     : [0.95 0.05]
  Column 3:
    Flawed : [0.3 0.7]
    Prop   : [0.65 0.35]
    GT     : [0.75 0.25]
  Column 4:
    Flawed : [0.7 0.3]
    Prop   : [0.7 0.3]
    GT     : [0.9 0.1]
  Column 5:
    Flawed : [0.7 0.3]
    Prop   : [0.7 0.3]
    GT     : [0.9 0.1]
  Column 6:
    Flawed : [0.7 0.3]
    Prop   : [0.7 0.3]
    GT     : [0.9 0.1]
  Column 7:
    Flawed : [0.2 0.8]
    Prop   : [0.2 0.8]
    GT     : [0.05 0.95]
----------------------------------------------------------------------
Network_Manipulation           Hellinger = 0.06148867
  Column 0:
    Flawed : [0.95 0.05]
    Prop   : [0.9 0.1]
    GT     : [0.95 0.05]
  Column 1:
    Flawed : [0.85 0.15]
    Prop   : [0.75 0.25]
    GT     : [0.85 0.15]
  Column 2:
    Flawed : [0.85 0.15]
    Prop   : [0.75 0.25]
    GT     : [0.85 0.15]
----------------------------------------------------------------------
Root_Causes                    Hellinger = 0.22372184
  Column 0:
    Flawed : [0.3 0.3 0.4]
    Prop   : [0.3 0.3 0.4]
    GT     : [0.05 0.1  0.85]
  Column 1:
    Flawed : [0.2 0.4 0.4]
    Prop   : [0.3 0.5 0.2]
    GT     : [0.05 0.1  0.85]
  Column 2:
    Flawed : [0.4 0.4 0.2]
    Prop   : [0.4 0.4 0.2]
    GT     : [0.33 0.33 0.34]
  Column 3:
    Flawed : [0.15 0.7  0.15]
    Prop   : [0.2 0.7 0.1]
    GT     : [0.05 0.9  0.05]
  Column 4:
    Flawed : [0.15 0.15 0.7 ]
    Prop   : [0.15 0.15 0.7 ]
    GT     : [0.05 0.1  0.85]
  Column 5:
    Flawed : [0.1 0.1 0.8]
    Prop   : [0.1 0.1 0.8]
    GT     : [0.05 0.1  0.85]
  Column 6:
    Flawed : [0.7  0.15 0.15]
    Prop   : [0.6 0.2 0.2]
    GT     : [0.9  0.05 0.05]
  Column 7:
    Flawed : [0.2 0.2 0.6]
    Prop   : [0.2 0.2 0.6]
    GT     : [0.33 0.33 0.34]
----------------------------------------------------------------------
======================================================================
Overall Average Hellinger = 0.05012946
###------------------------------###

Restart 1 finished.
###------------------------------###

==============================
PIPELINE RESTART #2
==============================
Cleared: /home/shamim097/AgentBN/workspace/der/bn_analysis.json
Cleared: /home/shamim097/AgentBN/workspace/der/last_proposed_bn.jsonl
Cleared: /home/shamim097/AgentBN/workspace/der/dangerous_cpt_report.json
Cleared: /home/shamim097/AgentBN/workspace/der/failure_parameter_statistics.json

===================================================
Dataset: /home/shamim097/AgentBN/datasets/der/combined_train_scenarios.csv
===================================================
Accuracy: 68.06 %
Total: 72
Successes: 49
Failures: 23
Flawed BN Accuracy: 68.06%
Initial Acceptance Threshold: 77.64%

Initial Generation Attempt 0

Additional Parent Nodes Required for CPT Activation (0)

Activation trace saved to /home/shamim097/AgentBN/workspace/der/activation_trace.csv
Failure parameter statistics saved to '/home/shamim097/AgentBN/workspace/der/failure_parameter_statistics.json'
Valid danger report received on attempt 1.

===================================================

Accuracy: 68.06%

Workflow analysis for BN #0 stored in /home/shamim097/AgentBN/workspace/der/bn_analysis.json
Valid response received on attempt 1.
Selected baseline BN: 0

===================================================
Dataset: /home/shamim097/AgentBN/datasets/der/combined_train_scenarios.csv
===================================================
Accuracy: 48.61 %
Total: 72
Successes: 35
Failures: 37

Candidate 1: Accuracy = 0.4861, Failures = 37, Successes = 35

===================================================
Dataset: /home/shamim097/AgentBN/datasets/der/combined_train_scenarios.csv
===================================================
Accuracy: 54.17 %
Total: 72
Successes: 39
Failures: 33

Candidate 2: Accuracy = 0.5417, Failures = 33, Successes = 39

===================================================
Dataset: /home/shamim097/AgentBN/datasets/der/combined_train_scenarios.csv
===================================================
Accuracy: 68.06 %
Total: 72
Successes: 49
Failures: 23

Candidate 3: Accuracy = 0.6806, Failures = 23, Successes = 49

========================================
BEST REFINEMENT CANDIDATE
========================================
Candidate 3
Accuracy: 0.6806
Failures: 23
Successes: 49

===================================================
Dataset: /home/shamim097/AgentBN/datasets/der/combined_train_scenarios.csv
===================================================
Accuracy: 68.06 %
Total: 72
Successes: 49
Failures: 23
Accuracy = 68.06%

Initial Generation Attempt 1
Removed workflow analysis for BN #0 from /home/shamim097/AgentBN/workspace/der/bn_analysis.json

Additional Parent Nodes Required for CPT Activation (0)

Activation trace saved to /home/shamim097/AgentBN/workspace/der/activation_trace.csv
Failure parameter statistics saved to '/home/shamim097/AgentBN/workspace/der/failure_parameter_statistics.json'
Valid danger report received on attempt 1.

===================================================

Accuracy: 68.06%

Workflow analysis for BN #0 stored in /home/shamim097/AgentBN/workspace/der/bn_analysis.json
Valid response received on attempt 1.
Selected baseline BN: 0

===================================================
Dataset: /home/shamim097/AgentBN/datasets/der/combined_train_scenarios.csv
===================================================
Accuracy: 68.06 %
Total: 72
Successes: 49
Failures: 23

Candidate 1: Accuracy = 0.6806, Failures = 23, Successes = 49

===================================================
Dataset: /home/shamim097/AgentBN/datasets/der/combined_train_scenarios.csv
===================================================
Accuracy: 54.17 %
Total: 72
Successes: 39
Failures: 33

Candidate 2: Accuracy = 0.5417, Failures = 33, Successes = 39

===================================================
Dataset: /home/shamim097/AgentBN/datasets/der/combined_train_scenarios.csv
===================================================
Accuracy: 73.61 %
Total: 72
Successes: 53
Failures: 19

Candidate 3: Accuracy = 0.7361, Failures = 19, Successes = 53

========================================
BEST REFINEMENT CANDIDATE
========================================
Candidate 3
Accuracy: 0.7361
Failures: 19
Successes: 53

===================================================
Dataset: /home/shamim097/AgentBN/datasets/der/combined_train_scenarios.csv
===================================================
Accuracy: 73.61 %
Total: 72
Successes: 53
Failures: 19
Accuracy = 73.61%

Initial Generation Attempt 2
Removed workflow analysis for BN #0 from /home/shamim097/AgentBN/workspace/der/bn_analysis.json

Additional Parent Nodes Required for CPT Activation (0)

Activation trace saved to /home/shamim097/AgentBN/workspace/der/activation_trace.csv
Failure parameter statistics saved to '/home/shamim097/AgentBN/workspace/der/failure_parameter_statistics.json'
Valid danger report received on attempt 1.

===================================================

Accuracy: 68.06%

Workflow analysis for BN #0 stored in /home/shamim097/AgentBN/workspace/der/bn_analysis.json
[Format Retry 1/3] Expecting ',' delimiter: line 100 column 13 (char 2101)
Valid response received on attempt 2.
Selected baseline BN: 0

===================================================
Dataset: /home/shamim097/AgentBN/datasets/der/combined_train_scenarios.csv
===================================================
Accuracy: 56.94 %
Total: 72
Successes: 41
Failures: 31

Candidate 1: Accuracy = 0.5694, Failures = 31, Successes = 41

===================================================
Dataset: /home/shamim097/AgentBN/datasets/der/combined_train_scenarios.csv
===================================================
Accuracy: 69.44 %
Total: 72
Successes: 50
Failures: 22

Candidate 2: Accuracy = 0.6944, Failures = 22, Successes = 50

===================================================
Dataset: /home/shamim097/AgentBN/datasets/der/combined_train_scenarios.csv
===================================================
Accuracy: 69.44 %
Total: 72
Successes: 50
Failures: 22

Candidate 3: Accuracy = 0.6944, Failures = 22, Successes = 50

========================================
BEST REFINEMENT CANDIDATE
========================================
Candidate 2
Accuracy: 0.6944
Failures: 22
Successes: 50

===================================================
Dataset: /home/shamim097/AgentBN/datasets/der/combined_train_scenarios.csv
===================================================
Accuracy: 69.44 %
Total: 72
Successes: 50
Failures: 22
Accuracy = 69.44%
Threshold (77.64%) not reached after 3 attempts. Using best generated BN (73.61%).
Removed workflow analysis for BN #0 from /home/shamim097/AgentBN/workspace/der/bn_analysis.json

Initial BN generated

===== ITERATION 2 =====

===================================================
Dataset: /home/shamim097/AgentBN/datasets/der/combined_train_scenarios.csv
===================================================
Accuracy: 73.61 %
Total: 72
Successes: 53
Failures: 19

Additional Parent Nodes Required for CPT Activation (0)

Activation trace saved to /home/shamim097/AgentBN/workspace/der/activation_trace.csv
Failure parameter statistics saved to '/home/shamim097/AgentBN/workspace/der/failure_parameter_statistics.json'
Valid danger report received on attempt 1.

===================================================

Accuracy: 73.61%

Workflow analysis for BN #1 stored in /home/shamim097/AgentBN/workspace/der/bn_analysis.json
Valid response received on attempt 1.
Selected baseline BN: 1

===================================================
Dataset: /home/shamim097/AgentBN/datasets/der/combined_train_scenarios.csv
===================================================
Accuracy: 72.22 %
Total: 72
Successes: 52
Failures: 20

Candidate 1: Accuracy = 0.7222, Failures = 20, Successes = 52

===================================================
Dataset: /home/shamim097/AgentBN/datasets/der/combined_train_scenarios.csv
===================================================
Accuracy: 75.0 %
Total: 72
Successes: 54
Failures: 18

Candidate 2: Accuracy = 0.7500, Failures = 18, Successes = 54

===================================================
Dataset: /home/shamim097/AgentBN/datasets/der/combined_train_scenarios.csv
===================================================
Accuracy: 70.83 %
Total: 72
Successes: 51
Failures: 21

Candidate 3: Accuracy = 0.7083, Failures = 21, Successes = 51

========================================
BEST REFINEMENT CANDIDATE
========================================
Candidate 2
Accuracy: 0.7500
Failures: 18
Successes: 54

===================================================
Dataset: /home/shamim097/AgentBN/datasets/der/combined_train_scenarios.csv
===================================================
Accuracy: 75.0 %
Total: 72
Successes: 54
Failures: 18

Accuracy improved from 73.61% to 75.00%.

===== ITERATION 3 =====

===================================================
Dataset: /home/shamim097/AgentBN/datasets/der/combined_train_scenarios.csv
===================================================
Accuracy: 75.0 %
Total: 72
Successes: 54
Failures: 18

Additional Parent Nodes Required for CPT Activation (0)

Activation trace saved to /home/shamim097/AgentBN/workspace/der/activation_trace.csv
Failure parameter statistics saved to '/home/shamim097/AgentBN/workspace/der/failure_parameter_statistics.json'
Valid danger report received on attempt 1.

===================================================

Accuracy: 75.00%

Workflow analysis for BN #2 stored in /home/shamim097/AgentBN/workspace/der/bn_analysis.json
Valid response received on attempt 1.
Selected baseline BN: 2

===================================================
Dataset: /home/shamim097/AgentBN/datasets/der/combined_train_scenarios.csv
===================================================
Accuracy: 76.39 %
Total: 72
Successes: 55
Failures: 17

Candidate 1: Accuracy = 0.7639, Failures = 17, Successes = 55

===================================================
Dataset: /home/shamim097/AgentBN/datasets/der/combined_train_scenarios.csv
===================================================
Accuracy: 75.0 %
Total: 72
Successes: 54
Failures: 18

Candidate 2: Accuracy = 0.7500, Failures = 18, Successes = 54

===================================================
Dataset: /home/shamim097/AgentBN/datasets/der/combined_train_scenarios.csv
===================================================
Accuracy: 76.39 %
Total: 72
Successes: 55
Failures: 17

Candidate 3: Accuracy = 0.7639, Failures = 17, Successes = 55

========================================
BEST REFINEMENT CANDIDATE
========================================
Candidate 1
Accuracy: 0.7639
Failures: 17
Successes: 55

===================================================
Dataset: /home/shamim097/AgentBN/datasets/der/combined_train_scenarios.csv
===================================================
Accuracy: 76.39 %
Total: 72
Successes: 55
Failures: 17

Accuracy improved from 75.00% to 76.39%.

===== ITERATION 4 =====

===================================================
Dataset: /home/shamim097/AgentBN/datasets/der/combined_train_scenarios.csv
===================================================
Accuracy: 76.39 %
Total: 72
Successes: 55
Failures: 17

Additional Parent Nodes Required for CPT Activation (0)

Activation trace saved to /home/shamim097/AgentBN/workspace/der/activation_trace.csv
Failure parameter statistics saved to '/home/shamim097/AgentBN/workspace/der/failure_parameter_statistics.json'
Valid danger report received on attempt 1.

===================================================

Accuracy: 76.39%

Workflow analysis for BN #3 stored in /home/shamim097/AgentBN/workspace/der/bn_analysis.json
Valid response received on attempt 1.
Selected baseline BN: 3

===================================================
Dataset: /home/shamim097/AgentBN/datasets/der/combined_train_scenarios.csv
===================================================
Accuracy: 76.39 %
Total: 72
Successes: 55
Failures: 17

Candidate 1: Accuracy = 0.7639, Failures = 17, Successes = 55

===================================================
Dataset: /home/shamim097/AgentBN/datasets/der/combined_train_scenarios.csv
===================================================
Accuracy: 77.78 %
Total: 72
Successes: 56
Failures: 16

Candidate 2: Accuracy = 0.7778, Failures = 16, Successes = 56

===================================================
Dataset: /home/shamim097/AgentBN/datasets/der/combined_train_scenarios.csv
===================================================
Accuracy: 76.39 %
Total: 72
Successes: 55
Failures: 17

Candidate 3: Accuracy = 0.7639, Failures = 17, Successes = 55

========================================
BEST REFINEMENT CANDIDATE
========================================
Candidate 2
Accuracy: 0.7778
Failures: 16
Successes: 56

===================================================
Dataset: /home/shamim097/AgentBN/datasets/der/combined_train_scenarios.csv
===================================================
Accuracy: 77.78 %
Total: 72
Successes: 56
Failures: 16

Accuracy improved from 76.39% to 77.78%.

===================================================
Dataset: /home/shamim097/AgentBN/datasets/der/combined_train_scenarios.csv
===================================================
Accuracy: 68.06 %
Total: 72
Successes: 49
Failures: 23

===================================================
Dataset: /home/shamim097/AgentBN/datasets/der/combined_train_scenarios.csv
===================================================
Accuracy: 73.61 %
Total: 72
Successes: 53
Failures: 19

===================================================
Dataset: /home/shamim097/AgentBN/datasets/der/combined_train_scenarios.csv
===================================================
Accuracy: 75.0 %
Total: 72
Successes: 54
Failures: 18

===================================================
Dataset: /home/shamim097/AgentBN/datasets/der/combined_train_scenarios.csv
===================================================
Accuracy: 76.39 %
Total: 72
Successes: 55
Failures: 17

===================================================
Dataset: /home/shamim097/AgentBN/datasets/der/combined_train_scenarios.csv
===================================================
Accuracy: 77.78 %
Total: 72
Successes: 56
Failures: 16


Best BN Number: 4
Best BN Accuracy: 0.7777777777777778
Saved CPT identity comparison to /home/shamim097/AgentBN/workspace/der/cpt_comparison_analysis.json
BN number: 4
Agent change verdict: very_good
Expected changed CPTs: ['Execution_Integrity', 'Root_Causes']
Agent changed CPTs: ['Deviation_in_Dispatch', 'Deviation_in_Response', 'Execution_Integrity', 'Network_Manipulation', 'Root_Causes']
Unexpected changed CPTs: ['Deviation_in_Dispatch', 'Deviation_in_Response', 'Network_Manipulation']
{'bn_number': 4, 'agent_changed_cpt_count': 5, 'agent_changed_cpts': ['Deviation_in_Dispatch', 'Deviation_in_Response', 'Execution_Integrity', 'Network_Manipulation', 'Root_Causes'], 'agent_change_report': {'verdict': 'very_good', 'total_cpts': 20, 'expected_changed_count': 2, 'expected_changed_cpts': ['Execution_Integrity', 'Root_Causes'], 'agent_changed_count': 5, 'agent_changed_cpts': ['Deviation_in_Dispatch', 'Deviation_in_Response', 'Execution_Integrity', 'Network_Manipulation', 'Root_Causes'], 'matched_expected_count': 2, 'matched_expected_cpts': ['Execution_Integrity', 'Root_Causes'], 'missed_expected_count': 0, 'missed_expected_cpts': [], 'unexpected_changed_count': 3, 'unexpected_changed_cpts': ['Deviation_in_Dispatch', 'Deviation_in_Response', 'Network_Manipulation'], 'unflawed_cpt_count': 18, 'untouched_unflawed_count': 15, 'untouched_unflawed_cpts': ['GPTN_1', 'GPTN_2', 'GPTN_3', 'GPTN_5', 'LPTN_1_i', 'LPTN_1_ii', 'LPTN_1_iii', 'LPTN_1_iv', 'LPTN_1_ix', 'LPTN_1_v', 'LPTN_1_vi', 'LPTN_1_viii', 'LPTN_1_x', 'Physical_Anomaly', 'Program_Anomaly'], 'expected_change_recall': 1.0, 'unexpected_change_rate': 0.1667, 'unflawed_preservation_rate': 0.8333}}
======================================================================
Deviation_in_Dispatch          0.08385050
  Column 0:
    Flawed : [0.05 0.95]
    Prop   : [0.8 0.2]
    GT     : [0.05 0.95]
----------------------------------------------------------------------
Deviation_in_Response          0.05037108
  Column 0:
    Flawed : [0.05 0.95]
    Prop   : [0.85 0.15]
    GT     : [0.05 0.95]
----------------------------------------------------------------------
Execution_Integrity            0.19299175
  Column 0:
    Flawed : [0.8 0.2]
    Prop   : [0.8 0.2]
    GT     : [0.98 0.02]
  Column 1:
    Flawed : [0.7 0.3]
    Prop   : [0.65 0.35]
    GT     : [0.98 0.02]
  Column 2:
    Flawed : [0.7 0.3]
    Prop   : [0.65 0.35]
    GT     : [0.95 0.05]
  Column 3:
    Flawed : [0.3 0.7]
    Prop   : [0.45 0.55]
    GT     : [0.75 0.25]
  Column 4:
    Flawed : [0.7 0.3]
    Prop   : [0.65 0.35]
    GT     : [0.9 0.1]
  Column 5:
    Flawed : [0.7 0.3]
    Prop   : [0.65 0.35]
    GT     : [0.9 0.1]
  Column 6:
    Flawed : [0.7 0.3]
    Prop   : [0.65 0.35]
    GT     : [0.9 0.1]
  Column 7:
    Flawed : [0.2 0.8]
    Prop   : [0.2 0.8]
    GT     : [0.05 0.95]
----------------------------------------------------------------------
Network_Manipulation           0.08648922
  Column 0:
    Flawed : [0.95 0.05]
    Prop   : [0.75 0.25]
    GT     : [0.95 0.05]
  Column 1:
    Flawed : [0.85 0.15]
    Prop   : [0.65 0.35]
    GT     : [0.85 0.15]
  Column 2:
    Flawed : [0.85 0.15]
    Prop   : [0.65 0.35]
    GT     : [0.85 0.15]
----------------------------------------------------------------------
Root_Causes                    0.31235636
  Column 0:
    Flawed : [0.3 0.3 0.4]
    Prop   : [0.18 0.57 0.25]
    GT     : [0.05 0.1  0.85]
  Column 1:
    Flawed : [0.2 0.4 0.4]
    Prop   : [0.18 0.67 0.15]
    GT     : [0.05 0.1  0.85]
  Column 2:
    Flawed : [0.4 0.4 0.2]
    Prop   : [0.35 0.45 0.2 ]
    GT     : [0.33 0.33 0.34]
  Column 3:
    Flawed : [0.15 0.7  0.15]
    Prop   : [0.2 0.7 0.1]
    GT     : [0.05 0.9  0.05]
  Column 4:
    Flawed : [0.15 0.15 0.7 ]
    Prop   : [0.1 0.1 0.8]
    GT     : [0.05 0.1  0.85]
  Column 5:
    Flawed : [0.1 0.1 0.8]
    Prop   : [0.1 0.1 0.8]
    GT     : [0.05 0.1  0.85]
  Column 6:
    Flawed : [0.7  0.15 0.15]
    Prop   : [0.65 0.2  0.15]
    GT     : [0.9  0.05 0.05]
  Column 7:
    Flawed : [0.2 0.2 0.6]
    Prop   : [0.2  0.25 0.55]
    GT     : [0.33 0.33 0.34]
----------------------------------------------------------------------
======================================================================
Overall Average CPT KL = 0.10197534
======================================================================
Deviation_in_Dispatch          RMSE = 0.18750000
  Column 0:
    Flawed : [0.05 0.95]
    Prop   : [0.8 0.2]
    GT     : [0.05 0.95]
----------------------------------------------------------------------
Deviation_in_Response          RMSE = 0.14142136
  Column 0:
    Flawed : [0.05 0.95]
    Prop   : [0.85 0.15]
    GT     : [0.05 0.95]
----------------------------------------------------------------------
Execution_Integrity            RMSE = 0.25770623
  Column 0:
    Flawed : [0.8 0.2]
    Prop   : [0.8 0.2]
    GT     : [0.98 0.02]
  Column 1:
    Flawed : [0.7 0.3]
    Prop   : [0.65 0.35]
    GT     : [0.98 0.02]
  Column 2:
    Flawed : [0.7 0.3]
    Prop   : [0.65 0.35]
    GT     : [0.95 0.05]
  Column 3:
    Flawed : [0.3 0.7]
    Prop   : [0.45 0.55]
    GT     : [0.75 0.25]
  Column 4:
    Flawed : [0.7 0.3]
    Prop   : [0.65 0.35]
    GT     : [0.9 0.1]
  Column 5:
    Flawed : [0.7 0.3]
    Prop   : [0.65 0.35]
    GT     : [0.9 0.1]
  Column 6:
    Flawed : [0.7 0.3]
    Prop   : [0.65 0.35]
    GT     : [0.9 0.1]
  Column 7:
    Flawed : [0.2 0.8]
    Prop   : [0.2 0.8]
    GT     : [0.05 0.95]
----------------------------------------------------------------------
Network_Manipulation           RMSE = 0.17320508
  Column 0:
    Flawed : [0.95 0.05]
    Prop   : [0.75 0.25]
    GT     : [0.95 0.05]
  Column 1:
    Flawed : [0.85 0.15]
    Prop   : [0.65 0.35]
    GT     : [0.85 0.15]
  Column 2:
    Flawed : [0.85 0.15]
    Prop   : [0.65 0.35]
    GT     : [0.85 0.15]
----------------------------------------------------------------------
Root_Causes                    RMSE = 0.26625489
  Column 0:
    Flawed : [0.3 0.3 0.4]
    Prop   : [0.18 0.57 0.25]
    GT     : [0.05 0.1  0.85]
  Column 1:
    Flawed : [0.2 0.4 0.4]
    Prop   : [0.18 0.67 0.15]
    GT     : [0.05 0.1  0.85]
  Column 2:
    Flawed : [0.4 0.4 0.2]
    Prop   : [0.35 0.45 0.2 ]
    GT     : [0.33 0.33 0.34]
  Column 3:
    Flawed : [0.15 0.7  0.15]
    Prop   : [0.2 0.7 0.1]
    GT     : [0.05 0.9  0.05]
  Column 4:
    Flawed : [0.15 0.15 0.7 ]
    Prop   : [0.1 0.1 0.8]
    GT     : [0.05 0.1  0.85]
  Column 5:
    Flawed : [0.1 0.1 0.8]
    Prop   : [0.1 0.1 0.8]
    GT     : [0.05 0.1  0.85]
  Column 6:
    Flawed : [0.7  0.15 0.15]
    Prop   : [0.65 0.2  0.15]
    GT     : [0.9  0.05 0.05]
  Column 7:
    Flawed : [0.2 0.2 0.6]
    Prop   : [0.2  0.25 0.55]
    GT     : [0.33 0.33 0.34]
----------------------------------------------------------------------
======================================================================
Overall CPT RMSE = 0.18864126
======================================================================
Deviation_in_Dispatch          Hellinger = 0.03771346
  Column 0:
    Flawed : [0.05 0.95]
    Prop   : [0.8 0.2]
    GT     : [0.05 0.95]
----------------------------------------------------------------------
Deviation_in_Response          Hellinger = 0.02016419
  Column 0:
    Flawed : [0.05 0.95]
    Prop   : [0.85 0.15]
    GT     : [0.05 0.95]
----------------------------------------------------------------------
Execution_Integrity            Hellinger = 0.23773383
  Column 0:
    Flawed : [0.8 0.2]
    Prop   : [0.8 0.2]
    GT     : [0.98 0.02]
  Column 1:
    Flawed : [0.7 0.3]
    Prop   : [0.65 0.35]
    GT     : [0.98 0.02]
  Column 2:
    Flawed : [0.7 0.3]
    Prop   : [0.65 0.35]
    GT     : [0.95 0.05]
  Column 3:
    Flawed : [0.3 0.7]
    Prop   : [0.45 0.55]
    GT     : [0.75 0.25]
  Column 4:
    Flawed : [0.7 0.3]
    Prop   : [0.65 0.35]
    GT     : [0.9 0.1]
  Column 5:
    Flawed : [0.7 0.3]
    Prop   : [0.65 0.35]
    GT     : [0.9 0.1]
  Column 6:
    Flawed : [0.7 0.3]
    Prop   : [0.65 0.35]
    GT     : [0.9 0.1]
  Column 7:
    Flawed : [0.2 0.8]
    Prop   : [0.2 0.8]
    GT     : [0.05 0.95]
----------------------------------------------------------------------
Network_Manipulation           Hellinger = 0.13551741
  Column 0:
    Flawed : [0.95 0.05]
    Prop   : [0.75 0.25]
    GT     : [0.95 0.05]
  Column 1:
    Flawed : [0.85 0.15]
    Prop   : [0.65 0.35]
    GT     : [0.85 0.15]
  Column 2:
    Flawed : [0.85 0.15]
    Prop   : [0.65 0.35]
    GT     : [0.85 0.15]
----------------------------------------------------------------------
Root_Causes                    Hellinger = 0.22600740
  Column 0:
    Flawed : [0.3 0.3 0.4]
    Prop   : [0.18 0.57 0.25]
    GT     : [0.05 0.1  0.85]
  Column 1:
    Flawed : [0.2 0.4 0.4]
    Prop   : [0.18 0.67 0.15]
    GT     : [0.05 0.1  0.85]
  Column 2:
    Flawed : [0.4 0.4 0.2]
    Prop   : [0.35 0.45 0.2 ]
    GT     : [0.33 0.33 0.34]
  Column 3:
    Flawed : [0.15 0.7  0.15]
    Prop   : [0.2 0.7 0.1]
    GT     : [0.05 0.9  0.05]
  Column 4:
    Flawed : [0.15 0.15 0.7 ]
    Prop   : [0.1 0.1 0.8]
    GT     : [0.05 0.1  0.85]
  Column 5:
    Flawed : [0.1 0.1 0.8]
    Prop   : [0.1 0.1 0.8]
    GT     : [0.05 0.1  0.85]
  Column 6:
    Flawed : [0.7  0.15 0.15]
    Prop   : [0.65 0.2  0.15]
    GT     : [0.9  0.05 0.05]
  Column 7:
    Flawed : [0.2 0.2 0.6]
    Prop   : [0.2  0.25 0.55]
    GT     : [0.33 0.33 0.34]
----------------------------------------------------------------------
======================================================================
Overall Average Hellinger = 0.07639818
###------------------------------###

Restart 2 finished.
###------------------------------###
Restart: 0
BN keys: dict_keys(['edges', 'nodes'])
Evaluating restart 0

===================================================
Dataset: /home/shamim097/AgentBN/datasets/der/combined_test_scenarios.csv
===================================================
Accuracy: 80.0 %
Total: 20
Successes: 16
Failures: 4
Restart: 1
BN keys: dict_keys(['edges', 'nodes'])
Evaluating restart 1

===================================================
Dataset: /home/shamim097/AgentBN/datasets/der/combined_test_scenarios.csv
===================================================
Accuracy: 80.0 %
Total: 20
Successes: 16
Failures: 4
Restart: 2
BN keys: dict_keys(['edges', 'nodes'])
Evaluating restart 2

===================================================
Dataset: /home/shamim097/AgentBN/datasets/der/combined_test_scenarios.csv
===================================================
Accuracy: 70.0 %
Total: 20
Successes: 14
Failures: 6

===================================
BEST RESTART
===================================
Restart: 0
Accuracy: 0.8
Failures: 4
Saved CPT identity comparison to /home/shamim097/AgentBN/workspace/der/cpt_comparison_analysis.json
BN number: None
Agent change verdict: very_good
Expected changed CPTs: ['Execution_Integrity', 'Root_Causes']
Agent changed CPTs: ['Execution_Integrity', 'Network_Manipulation', 'Root_Causes']
Unexpected changed CPTs: ['Network_Manipulation']
{'bn_number': None, 'agent_changed_cpt_count': 3, 'agent_changed_cpts': ['Execution_Integrity', 'Network_Manipulation', 'Root_Causes'], 'agent_change_report': {'verdict': 'very_good', 'total_cpts': 20, 'expected_changed_count': 2, 'expected_changed_cpts': ['Execution_Integrity', 'Root_Causes'], 'agent_changed_count': 3, 'agent_changed_cpts': ['Execution_Integrity', 'Network_Manipulation', 'Root_Causes'], 'matched_expected_count': 2, 'matched_expected_cpts': ['Execution_Integrity', 'Root_Causes'], 'missed_expected_count': 0, 'missed_expected_cpts': [], 'unexpected_changed_count': 1, 'unexpected_changed_cpts': ['Network_Manipulation'], 'unflawed_cpt_count': 18, 'untouched_unflawed_count': 17, 'untouched_unflawed_cpts': ['Deviation_in_Dispatch', 'Deviation_in_Response', 'GPTN_1', 'GPTN_2', 'GPTN_3', 'GPTN_5', 'LPTN_1_i', 'LPTN_1_ii', 'LPTN_1_iii', 'LPTN_1_iv', 'LPTN_1_ix', 'LPTN_1_v', 'LPTN_1_vi', 'LPTN_1_viii', 'LPTN_1_x', 'Physical_Anomaly', 'Program_Anomaly'], 'expected_change_recall': 1.0, 'unexpected_change_rate': 0.0556, 'unflawed_preservation_rate': 0.9444}}
======================================================================
Execution_Integrity            0.17932859
  Column 0:
    Flawed : [0.8 0.2]
    Prop   : [0.8 0.2]
    GT     : [0.98 0.02]
  Column 1:
    Flawed : [0.7 0.3]
    Prop   : [0.7 0.3]
    GT     : [0.98 0.02]
  Column 2:
    Flawed : [0.7 0.3]
    Prop   : [0.65 0.35]
    GT     : [0.95 0.05]
  Column 3:
    Flawed : [0.3 0.7]
    Prop   : [0.5 0.5]
    GT     : [0.75 0.25]
  Column 4:
    Flawed : [0.7 0.3]
    Prop   : [0.7 0.3]
    GT     : [0.9 0.1]
  Column 5:
    Flawed : [0.7 0.3]
    Prop   : [0.7 0.3]
    GT     : [0.9 0.1]
  Column 6:
    Flawed : [0.7 0.3]
    Prop   : [0.7 0.3]
    GT     : [0.9 0.1]
  Column 7:
    Flawed : [0.2 0.8]
    Prop   : [0.35 0.65]
    GT     : [0.05 0.95]
----------------------------------------------------------------------
Network_Manipulation           0.02756585
  Column 0:
    Flawed : [0.95 0.05]
    Prop   : [0.85 0.15]
    GT     : [0.95 0.05]
  Column 1:
    Flawed : [0.85 0.15]
    Prop   : [0.75 0.25]
    GT     : [0.85 0.15]
  Column 2:
    Flawed : [0.85 0.15]
    Prop   : [0.75 0.25]
    GT     : [0.85 0.15]
----------------------------------------------------------------------
Root_Causes                    0.30545048
  Column 0:
    Flawed : [0.3 0.3 0.4]
    Prop   : [0.35 0.3  0.35]
    GT     : [0.05 0.1  0.85]
  Column 1:
    Flawed : [0.2 0.4 0.4]
    Prop   : [0.35 0.5  0.15]
    GT     : [0.05 0.1  0.85]
  Column 2:
    Flawed : [0.4 0.4 0.2]
    Prop   : [0.45 0.4  0.15]
    GT     : [0.33 0.33 0.34]
  Column 3:
    Flawed : [0.15 0.7  0.15]
    Prop   : [0.2  0.75 0.05]
    GT     : [0.05 0.9  0.05]
  Column 4:
    Flawed : [0.15 0.15 0.7 ]
    Prop   : [0.15 0.15 0.7 ]
    GT     : [0.05 0.1  0.85]
  Column 5:
    Flawed : [0.1 0.1 0.8]
    Prop   : [0.1 0.1 0.8]
    GT     : [0.05 0.1  0.85]
  Column 6:
    Flawed : [0.7  0.15 0.15]
    Prop   : [0.55 0.2  0.25]
    GT     : [0.9  0.05 0.05]
  Column 7:
    Flawed : [0.2 0.2 0.6]
    Prop   : [0.2  0.25 0.55]
    GT     : [0.33 0.33 0.34]
----------------------------------------------------------------------
======================================================================
Overall Average CPT KL = 0.05539578
======================================================================
Execution_Integrity            RMSE = 0.24323343
  Column 0:
    Flawed : [0.8 0.2]
    Prop   : [0.8 0.2]
    GT     : [0.98 0.02]
  Column 1:
    Flawed : [0.7 0.3]
    Prop   : [0.7 0.3]
    GT     : [0.98 0.02]
  Column 2:
    Flawed : [0.7 0.3]
    Prop   : [0.65 0.35]
    GT     : [0.95 0.05]
  Column 3:
    Flawed : [0.3 0.7]
    Prop   : [0.5 0.5]
    GT     : [0.75 0.25]
  Column 4:
    Flawed : [0.7 0.3]
    Prop   : [0.7 0.3]
    GT     : [0.9 0.1]
  Column 5:
    Flawed : [0.7 0.3]
    Prop   : [0.7 0.3]
    GT     : [0.9 0.1]
  Column 6:
    Flawed : [0.7 0.3]
    Prop   : [0.7 0.3]
    GT     : [0.9 0.1]
  Column 7:
    Flawed : [0.2 0.8]
    Prop   : [0.35 0.65]
    GT     : [0.05 0.95]
----------------------------------------------------------------------
Network_Manipulation           RMSE = 0.08660254
  Column 0:
    Flawed : [0.95 0.05]
    Prop   : [0.85 0.15]
    GT     : [0.95 0.05]
  Column 1:
    Flawed : [0.85 0.15]
    Prop   : [0.75 0.25]
    GT     : [0.85 0.15]
  Column 2:
    Flawed : [0.85 0.15]
    Prop   : [0.75 0.25]
    GT     : [0.85 0.15]
----------------------------------------------------------------------
Root_Causes                    RMSE = 0.25106440
  Column 0:
    Flawed : [0.3 0.3 0.4]
    Prop   : [0.35 0.3  0.35]
    GT     : [0.05 0.1  0.85]
  Column 1:
    Flawed : [0.2 0.4 0.4]
    Prop   : [0.35 0.5  0.15]
    GT     : [0.05 0.1  0.85]
  Column 2:
    Flawed : [0.4 0.4 0.2]
    Prop   : [0.45 0.4  0.15]
    GT     : [0.33 0.33 0.34]
  Column 3:
    Flawed : [0.15 0.7  0.15]
    Prop   : [0.2  0.75 0.05]
    GT     : [0.05 0.9  0.05]
  Column 4:
    Flawed : [0.15 0.15 0.7 ]
    Prop   : [0.15 0.15 0.7 ]
    GT     : [0.05 0.1  0.85]
  Column 5:
    Flawed : [0.1 0.1 0.8]
    Prop   : [0.1 0.1 0.8]
    GT     : [0.05 0.1  0.85]
  Column 6:
    Flawed : [0.7  0.15 0.15]
    Prop   : [0.55 0.2  0.25]
    GT     : [0.9  0.05 0.05]
  Column 7:
    Flawed : [0.2 0.2 0.6]
    Prop   : [0.2  0.25 0.55]
    GT     : [0.33 0.33 0.34]
----------------------------------------------------------------------
======================================================================
Overall CPT RMSE = 0.12874393
======================================================================
Execution_Integrity            Hellinger = 0.22951328
  Column 0:
    Flawed : [0.8 0.2]
    Prop   : [0.8 0.2]
    GT     : [0.98 0.02]
  Column 1:
    Flawed : [0.7 0.3]
    Prop   : [0.7 0.3]
    GT     : [0.98 0.02]
  Column 2:
    Flawed : [0.7 0.3]
    Prop   : [0.65 0.35]
    GT     : [0.95 0.05]
  Column 3:
    Flawed : [0.3 0.7]
    Prop   : [0.5 0.5]
    GT     : [0.75 0.25]
  Column 4:
    Flawed : [0.7 0.3]
    Prop   : [0.7 0.3]
    GT     : [0.9 0.1]
  Column 5:
    Flawed : [0.7 0.3]
    Prop   : [0.7 0.3]
    GT     : [0.9 0.1]
  Column 6:
    Flawed : [0.7 0.3]
    Prop   : [0.7 0.3]
    GT     : [0.9 0.1]
  Column 7:
    Flawed : [0.2 0.8]
    Prop   : [0.35 0.65]
    GT     : [0.05 0.95]
----------------------------------------------------------------------
Network_Manipulation           Hellinger = 0.07488364
  Column 0:
    Flawed : [0.95 0.05]
    Prop   : [0.85 0.15]
    GT     : [0.95 0.05]
  Column 1:
    Flawed : [0.85 0.15]
    Prop   : [0.75 0.25]
    GT     : [0.85 0.15]
  Column 2:
    Flawed : [0.85 0.15]
    Prop   : [0.75 0.25]
    GT     : [0.85 0.15]
----------------------------------------------------------------------
Root_Causes                    Hellinger = 0.23778368
  Column 0:
    Flawed : [0.3 0.3 0.4]
    Prop   : [0.35 0.3  0.35]
    GT     : [0.05 0.1  0.85]
  Column 1:
    Flawed : [0.2 0.4 0.4]
    Prop   : [0.35 0.5  0.15]
    GT     : [0.05 0.1  0.85]
  Column 2:
    Flawed : [0.4 0.4 0.2]
    Prop   : [0.45 0.4  0.15]
    GT     : [0.33 0.33 0.34]
  Column 3:
    Flawed : [0.15 0.7  0.15]
    Prop   : [0.2  0.75 0.05]
    GT     : [0.05 0.9  0.05]
  Column 4:
    Flawed : [0.15 0.15 0.7 ]
    Prop   : [0.15 0.15 0.7 ]
    GT     : [0.05 0.1  0.85]
  Column 5:
    Flawed : [0.1 0.1 0.8]
    Prop   : [0.1 0.1 0.8]
    GT     : [0.05 0.1  0.85]
  Column 6:
    Flawed : [0.7  0.15 0.15]
    Prop   : [0.55 0.2  0.25]
    GT     : [0.9  0.05 0.05]
  Column 7:
    Flawed : [0.2 0.2 0.6]
    Prop   : [0.2  0.25 0.55]
    GT     : [0.33 0.33 0.34]
----------------------------------------------------------------------
======================================================================
Overall Average Hellinger = 0.05608209
###------------------------------###

Pipeline finished.
###------------------------------###
