Cleared: /home/shamim_ist/BN_Agent/workspace/lung_cancer/bn_analysis.json
Cleared: /home/shamim_ist/BN_Agent/workspace/lung_cancer/last_proposed_bn.jsonl
Cleared: /home/shamim_ist/BN_Agent/workspace/lung_cancer/dangerous_cpt_report.json
Cleared: /home/shamim_ist/BN_Agent/workspace/lung_cancer/failure_parameter_statistics.json
Cleared: /home/shamim_ist/BN_Agent/workspace/lung_cancer/restart_final_bns.jsonl

==============================
PIPELINE RESTART #0
==============================
Cleared: /home/shamim_ist/BN_Agent/workspace/lung_cancer/bn_analysis.json
Cleared: /home/shamim_ist/BN_Agent/workspace/lung_cancer/last_proposed_bn.jsonl
Cleared: /home/shamim_ist/BN_Agent/workspace/lung_cancer/dangerous_cpt_report.json
Cleared: /home/shamim_ist/BN_Agent/workspace/lung_cancer/failure_parameter_statistics.json

===================================================
Dataset: /home/shamim_ist/BN_Agent/datasets/lung_cancer/combined_train_scenarios.csv
===================================================
Accuracy: 75.0 %
Total: 8
Successes: 6
Failures: 2
Flawed BN Accuracy: 75.00%
Initial Acceptance Threshold: 82.50%

Initial Generation Attempt 0

Evidence: asia

Evidence: smoke

Evidence: xray

Evidence: dysp

Additional Parent Nodes Required for CPT Activation (1)

Activation trace saved to /home/shamim_ist/BN_Agent/workspace/lung_cancer/activation_trace.csv
Failure parameter statistics saved to '/home/shamim_ist/BN_Agent/workspace/lung_cancer/failure_parameter_statistics.json'
Valid danger report received on attempt 1.

===================================================

Accuracy: 75.00%

Workflow analysis for BN #0 stored in /home/shamim_ist/BN_Agent/workspace/lung_cancer/bn_analysis.json
Valid response received on attempt 1.
Selected baseline BN: 0

===================================================
Dataset: /home/shamim_ist/BN_Agent/datasets/lung_cancer/combined_train_scenarios.csv
===================================================
Accuracy: 75.0 %
Total: 8
Successes: 6
Failures: 2

Candidate 1: Accuracy = 0.7500, Failures = 2, Successes = 6

===================================================
Dataset: /home/shamim_ist/BN_Agent/datasets/lung_cancer/combined_train_scenarios.csv
===================================================
Accuracy: 75.0 %
Total: 8
Successes: 6
Failures: 2

Candidate 2: Accuracy = 0.7500, Failures = 2, Successes = 6

===================================================
Dataset: /home/shamim_ist/BN_Agent/datasets/lung_cancer/combined_train_scenarios.csv
===================================================
Accuracy: 75.0 %
Total: 8
Successes: 6
Failures: 2

Candidate 3: Accuracy = 0.7500, Failures = 2, Successes = 6

========================================
BEST REFINEMENT CANDIDATE
========================================
Candidate 1
Accuracy: 0.7500
Failures: 2
Successes: 6

===================================================
Dataset: /home/shamim_ist/BN_Agent/datasets/lung_cancer/combined_train_scenarios.csv
===================================================
Accuracy: 75.0 %
Total: 8
Successes: 6
Failures: 2
Accuracy = 75.00%

Initial Generation Attempt 1
Removed workflow analysis for BN #0 from /home/shamim_ist/BN_Agent/workspace/lung_cancer/bn_analysis.json

Evidence: asia

Evidence: smoke

Evidence: xray

Evidence: dysp

Additional Parent Nodes Required for CPT Activation (1)

Activation trace saved to /home/shamim_ist/BN_Agent/workspace/lung_cancer/activation_trace.csv
Failure parameter statistics saved to '/home/shamim_ist/BN_Agent/workspace/lung_cancer/failure_parameter_statistics.json'
Valid danger report received on attempt 1.

===================================================

Accuracy: 75.00%

Workflow analysis for BN #0 stored in /home/shamim_ist/BN_Agent/workspace/lung_cancer/bn_analysis.json
Valid response received on attempt 1.
Selected baseline BN: 0

===================================================
Dataset: /home/shamim_ist/BN_Agent/datasets/lung_cancer/combined_train_scenarios.csv
===================================================
Accuracy: 75.0 %
Total: 8
Successes: 6
Failures: 2

Candidate 1: Accuracy = 0.7500, Failures = 2, Successes = 6

===================================================
Dataset: /home/shamim_ist/BN_Agent/datasets/lung_cancer/combined_train_scenarios.csv
===================================================
Accuracy: 75.0 %
Total: 8
Successes: 6
Failures: 2

Candidate 2: Accuracy = 0.7500, Failures = 2, Successes = 6

===================================================
Dataset: /home/shamim_ist/BN_Agent/datasets/lung_cancer/combined_train_scenarios.csv
===================================================
Accuracy: 75.0 %
Total: 8
Successes: 6
Failures: 2

Candidate 3: Accuracy = 0.7500, Failures = 2, Successes = 6

========================================
BEST REFINEMENT CANDIDATE
========================================
Candidate 1
Accuracy: 0.7500
Failures: 2
Successes: 6

===================================================
Dataset: /home/shamim_ist/BN_Agent/datasets/lung_cancer/combined_train_scenarios.csv
===================================================
Accuracy: 75.0 %
Total: 8
Successes: 6
Failures: 2
Accuracy = 75.00%

Initial Generation Attempt 2
Removed workflow analysis for BN #0 from /home/shamim_ist/BN_Agent/workspace/lung_cancer/bn_analysis.json

Evidence: asia

Evidence: smoke

Evidence: xray

Evidence: dysp

Additional Parent Nodes Required for CPT Activation (1)

Activation trace saved to /home/shamim_ist/BN_Agent/workspace/lung_cancer/activation_trace.csv
Failure parameter statistics saved to '/home/shamim_ist/BN_Agent/workspace/lung_cancer/failure_parameter_statistics.json'
Valid danger report received on attempt 1.

===================================================

Accuracy: 75.00%

Workflow analysis for BN #0 stored in /home/shamim_ist/BN_Agent/workspace/lung_cancer/bn_analysis.json
Valid response received on attempt 1.
Selected baseline BN: 0

===================================================
Dataset: /home/shamim_ist/BN_Agent/datasets/lung_cancer/combined_train_scenarios.csv
===================================================
Accuracy: 75.0 %
Total: 8
Successes: 6
Failures: 2

Candidate 1: Accuracy = 0.7500, Failures = 2, Successes = 6

===================================================
Dataset: /home/shamim_ist/BN_Agent/datasets/lung_cancer/combined_train_scenarios.csv
===================================================
Accuracy: 75.0 %
Total: 8
Successes: 6
Failures: 2

Candidate 2: Accuracy = 0.7500, Failures = 2, Successes = 6

===================================================
Dataset: /home/shamim_ist/BN_Agent/datasets/lung_cancer/combined_train_scenarios.csv
===================================================
Accuracy: 75.0 %
Total: 8
Successes: 6
Failures: 2

Candidate 3: Accuracy = 0.7500, Failures = 2, Successes = 6

========================================
BEST REFINEMENT CANDIDATE
========================================
Candidate 1
Accuracy: 0.7500
Failures: 2
Successes: 6

===================================================
Dataset: /home/shamim_ist/BN_Agent/datasets/lung_cancer/combined_train_scenarios.csv
===================================================
Accuracy: 75.0 %
Total: 8
Successes: 6
Failures: 2
Accuracy = 75.00%
Threshold (82.50%) not reached after 3 attempts. Using best generated BN (75.00%).
Removed workflow analysis for BN #0 from /home/shamim_ist/BN_Agent/workspace/lung_cancer/bn_analysis.json

Initial BN generated

===== ITERATION 2 =====

===================================================
Dataset: /home/shamim_ist/BN_Agent/datasets/lung_cancer/combined_train_scenarios.csv
===================================================
Accuracy: 75.0 %
Total: 8
Successes: 6
Failures: 2

Evidence: asia

Evidence: smoke

Evidence: xray

Evidence: dysp

Additional Parent Nodes Required for CPT Activation (1)

Activation trace saved to /home/shamim_ist/BN_Agent/workspace/lung_cancer/activation_trace.csv
Failure parameter statistics saved to '/home/shamim_ist/BN_Agent/workspace/lung_cancer/failure_parameter_statistics.json'
Valid danger report received on attempt 1.

===================================================

Accuracy: 75.00%

Workflow analysis for BN #1 stored in /home/shamim_ist/BN_Agent/workspace/lung_cancer/bn_analysis.json
Valid response received on attempt 1.
Selected baseline BN: 1

===================================================
Dataset: /home/shamim_ist/BN_Agent/datasets/lung_cancer/combined_train_scenarios.csv
===================================================
Accuracy: 87.5 %
Total: 8
Successes: 7
Failures: 1

Candidate 1: Accuracy = 0.8750, Failures = 1, Successes = 7

===================================================
Dataset: /home/shamim_ist/BN_Agent/datasets/lung_cancer/combined_train_scenarios.csv
===================================================
Accuracy: 100.0 %
Total: 8
Successes: 8
Failures: 0

No failures!

Candidate 2: Accuracy = 1.0000, Failures = 0, Successes = 8

===================================================
Dataset: /home/shamim_ist/BN_Agent/datasets/lung_cancer/combined_train_scenarios.csv
===================================================
Accuracy: 100.0 %
Total: 8
Successes: 8
Failures: 0

No failures!

Candidate 3: Accuracy = 1.0000, Failures = 0, Successes = 8

========================================
BEST REFINEMENT CANDIDATE
========================================
Candidate 2
Accuracy: 1.0000
Failures: 0
Successes: 8

===================================================
Dataset: /home/shamim_ist/BN_Agent/datasets/lung_cancer/combined_train_scenarios.csv
===================================================
Accuracy: 100.0 %
Total: 8
Successes: 8
Failures: 0

No failures!

Accuracy improved from 75.00% to 100.00%.

===== ITERATION 3 =====

===================================================
Dataset: /home/shamim_ist/BN_Agent/datasets/lung_cancer/combined_train_scenarios.csv
===================================================
Accuracy: 100.0 %
Total: 8
Successes: 8
Failures: 0

No failures!

Evidence: asia

Evidence: smoke

Evidence: xray

Evidence: dysp

Additional Parent Nodes Required for CPT Activation (1)

Activation trace saved to /home/shamim_ist/BN_Agent/workspace/lung_cancer/activation_trace.csv
Failure parameter statistics saved to '/home/shamim_ist/BN_Agent/workspace/lung_cancer/failure_parameter_statistics.json'
Valid danger report received on attempt 1.

===================================================

Accuracy: 100.00%

Workflow analysis for BN #2 stored in /home/shamim_ist/BN_Agent/workspace/lung_cancer/bn_analysis.json
Valid response received on attempt 1.
Selected baseline BN: 2

===================================================
Dataset: /home/shamim_ist/BN_Agent/datasets/lung_cancer/combined_train_scenarios.csv
===================================================
Accuracy: 100.0 %
Total: 8
Successes: 8
Failures: 0

No failures!

Candidate 1: Accuracy = 1.0000, Failures = 0, Successes = 8

===================================================
Dataset: /home/shamim_ist/BN_Agent/datasets/lung_cancer/combined_train_scenarios.csv
===================================================
Accuracy: 100.0 %
Total: 8
Successes: 8
Failures: 0

No failures!

Candidate 2: Accuracy = 1.0000, Failures = 0, Successes = 8

===================================================
Dataset: /home/shamim_ist/BN_Agent/datasets/lung_cancer/combined_train_scenarios.csv
===================================================
Accuracy: 100.0 %
Total: 8
Successes: 8
Failures: 0

No failures!

Candidate 3: Accuracy = 1.0000, Failures = 0, Successes = 8

========================================
BEST REFINEMENT CANDIDATE
========================================
Candidate 1
Accuracy: 1.0000
Failures: 0
Successes: 8

===================================================
Dataset: /home/shamim_ist/BN_Agent/datasets/lung_cancer/combined_train_scenarios.csv
===================================================
Accuracy: 100.0 %
Total: 8
Successes: 8
Failures: 0

No failures!

Accuracy did not improve. Need improvement from 100.00% 
Removed 1 record(s) with bn_number=3
Valid response received on attempt 1.
Selected baseline BN: 2

===================================================
Dataset: /home/shamim_ist/BN_Agent/datasets/lung_cancer/combined_train_scenarios.csv
===================================================
Accuracy: 100.0 %
Total: 8
Successes: 8
Failures: 0

No failures!

Candidate 1: Accuracy = 1.0000, Failures = 0, Successes = 8

===================================================
Dataset: /home/shamim_ist/BN_Agent/datasets/lung_cancer/combined_train_scenarios.csv
===================================================
Accuracy: 100.0 %
Total: 8
Successes: 8
Failures: 0

No failures!

Candidate 2: Accuracy = 1.0000, Failures = 0, Successes = 8

===================================================
Dataset: /home/shamim_ist/BN_Agent/datasets/lung_cancer/combined_train_scenarios.csv
===================================================
Accuracy: 100.0 %
Total: 8
Successes: 8
Failures: 0

No failures!

Candidate 3: Accuracy = 1.0000, Failures = 0, Successes = 8

========================================
BEST REFINEMENT CANDIDATE
========================================
Candidate 1
Accuracy: 1.0000
Failures: 0
Successes: 8

===================================================
Dataset: /home/shamim_ist/BN_Agent/datasets/lung_cancer/combined_train_scenarios.csv
===================================================
Accuracy: 100.0 %
Total: 8
Successes: 8
Failures: 0

No failures!
Removed 1 record(s) with bn_number=3
Valid response received on attempt 1.
Selected baseline BN: 2

===================================================
Dataset: /home/shamim_ist/BN_Agent/datasets/lung_cancer/combined_train_scenarios.csv
===================================================
Accuracy: 100.0 %
Total: 8
Successes: 8
Failures: 0

No failures!

Candidate 1: Accuracy = 1.0000, Failures = 0, Successes = 8

===================================================
Dataset: /home/shamim_ist/BN_Agent/datasets/lung_cancer/combined_train_scenarios.csv
===================================================
Accuracy: 100.0 %
Total: 8
Successes: 8
Failures: 0

No failures!

Candidate 2: Accuracy = 1.0000, Failures = 0, Successes = 8

===================================================
Dataset: /home/shamim_ist/BN_Agent/datasets/lung_cancer/combined_train_scenarios.csv
===================================================
Accuracy: 100.0 %
Total: 8
Successes: 8
Failures: 0

No failures!

Candidate 3: Accuracy = 1.0000, Failures = 0, Successes = 8

========================================
BEST REFINEMENT CANDIDATE
========================================
Candidate 1
Accuracy: 1.0000
Failures: 0
Successes: 8

===================================================
Dataset: /home/shamim_ist/BN_Agent/datasets/lung_cancer/combined_train_scenarios.csv
===================================================
Accuracy: 100.0 %
Total: 8
Successes: 8
Failures: 0

No failures!
Removed 1 record(s) with bn_number=3
Valid response received on attempt 1.
Selected baseline BN: 2

===================================================
Dataset: /home/shamim_ist/BN_Agent/datasets/lung_cancer/combined_train_scenarios.csv
===================================================
Accuracy: 100.0 %
Total: 8
Successes: 8
Failures: 0

No failures!

Candidate 1: Accuracy = 1.0000, Failures = 0, Successes = 8

===================================================
Dataset: /home/shamim_ist/BN_Agent/datasets/lung_cancer/combined_train_scenarios.csv
===================================================
Accuracy: 100.0 %
Total: 8
Successes: 8
Failures: 0

No failures!

Candidate 2: Accuracy = 1.0000, Failures = 0, Successes = 8

===================================================
Dataset: /home/shamim_ist/BN_Agent/datasets/lung_cancer/combined_train_scenarios.csv
===================================================
Accuracy: 100.0 %
Total: 8
Successes: 8
Failures: 0

No failures!

Candidate 3: Accuracy = 1.0000, Failures = 0, Successes = 8

========================================
BEST REFINEMENT CANDIDATE
========================================
Candidate 1
Accuracy: 1.0000
Failures: 0
Successes: 8

===================================================
Dataset: /home/shamim_ist/BN_Agent/datasets/lung_cancer/combined_train_scenarios.csv
===================================================
Accuracy: 100.0 %
Total: 8
Successes: 8
Failures: 0

No failures!

No improvement after 3 retries. Selecting best retry candidate (accuracy=100.00%).
Removed 1 record(s) with bn_number=3
Continuing with retry candidate (accuracy=100.00%).

===== ITERATION 4 =====

===================================================
Dataset: /home/shamim_ist/BN_Agent/datasets/lung_cancer/combined_train_scenarios.csv
===================================================
Accuracy: 100.0 %
Total: 8
Successes: 8
Failures: 0

No failures!

Evidence: asia

Evidence: smoke

Evidence: xray

Evidence: dysp

Additional Parent Nodes Required for CPT Activation (1)

Activation trace saved to /home/shamim_ist/BN_Agent/workspace/lung_cancer/activation_trace.csv
Failure parameter statistics saved to '/home/shamim_ist/BN_Agent/workspace/lung_cancer/failure_parameter_statistics.json'
Valid danger report received on attempt 1.

===================================================

Accuracy: 100.00%

Workflow analysis for BN #3 stored in /home/shamim_ist/BN_Agent/workspace/lung_cancer/bn_analysis.json
Valid response received on attempt 1.
Selected baseline BN: 2

===================================================
Dataset: /home/shamim_ist/BN_Agent/datasets/lung_cancer/combined_train_scenarios.csv
===================================================
Accuracy: 100.0 %
Total: 8
Successes: 8
Failures: 0

No failures!

Candidate 1: Accuracy = 1.0000, Failures = 0, Successes = 8

===================================================
Dataset: /home/shamim_ist/BN_Agent/datasets/lung_cancer/combined_train_scenarios.csv
===================================================
Accuracy: 100.0 %
Total: 8
Successes: 8
Failures: 0

No failures!

Candidate 2: Accuracy = 1.0000, Failures = 0, Successes = 8

===================================================
Dataset: /home/shamim_ist/BN_Agent/datasets/lung_cancer/combined_train_scenarios.csv
===================================================
Accuracy: 100.0 %
Total: 8
Successes: 8
Failures: 0

No failures!

Candidate 3: Accuracy = 1.0000, Failures = 0, Successes = 8

========================================
BEST REFINEMENT CANDIDATE
========================================
Candidate 1
Accuracy: 1.0000
Failures: 0
Successes: 8

===================================================
Dataset: /home/shamim_ist/BN_Agent/datasets/lung_cancer/combined_train_scenarios.csv
===================================================
Accuracy: 100.0 %
Total: 8
Successes: 8
Failures: 0

No failures!

Accuracy did not improve. Need improvement from 100.00% 
Removed 1 record(s) with bn_number=4
Valid response received on attempt 1.
Selected baseline BN: 2

===================================================
Dataset: /home/shamim_ist/BN_Agent/datasets/lung_cancer/combined_train_scenarios.csv
===================================================
Accuracy: 100.0 %
Total: 8
Successes: 8
Failures: 0

No failures!

Candidate 1: Accuracy = 1.0000, Failures = 0, Successes = 8

===================================================
Dataset: /home/shamim_ist/BN_Agent/datasets/lung_cancer/combined_train_scenarios.csv
===================================================
Accuracy: 100.0 %
Total: 8
Successes: 8
Failures: 0

No failures!

Candidate 2: Accuracy = 1.0000, Failures = 0, Successes = 8

===================================================
Dataset: /home/shamim_ist/BN_Agent/datasets/lung_cancer/combined_train_scenarios.csv
===================================================
Accuracy: 100.0 %
Total: 8
Successes: 8
Failures: 0

No failures!

Candidate 3: Accuracy = 1.0000, Failures = 0, Successes = 8

========================================
BEST REFINEMENT CANDIDATE
========================================
Candidate 1
Accuracy: 1.0000
Failures: 0
Successes: 8

===================================================
Dataset: /home/shamim_ist/BN_Agent/datasets/lung_cancer/combined_train_scenarios.csv
===================================================
Accuracy: 100.0 %
Total: 8
Successes: 8
Failures: 0

No failures!
Removed 1 record(s) with bn_number=4
Valid response received on attempt 1.
Selected baseline BN: 2

===================================================
Dataset: /home/shamim_ist/BN_Agent/datasets/lung_cancer/combined_train_scenarios.csv
===================================================
Accuracy: 100.0 %
Total: 8
Successes: 8
Failures: 0

No failures!

Candidate 1: Accuracy = 1.0000, Failures = 0, Successes = 8

===================================================
Dataset: /home/shamim_ist/BN_Agent/datasets/lung_cancer/combined_train_scenarios.csv
===================================================
Accuracy: 100.0 %
Total: 8
Successes: 8
Failures: 0

No failures!

Candidate 2: Accuracy = 1.0000, Failures = 0, Successes = 8

===================================================
Dataset: /home/shamim_ist/BN_Agent/datasets/lung_cancer/combined_train_scenarios.csv
===================================================
Accuracy: 100.0 %
Total: 8
Successes: 8
Failures: 0

No failures!

Candidate 3: Accuracy = 1.0000, Failures = 0, Successes = 8

========================================
BEST REFINEMENT CANDIDATE
========================================
Candidate 1
Accuracy: 1.0000
Failures: 0
Successes: 8

===================================================
Dataset: /home/shamim_ist/BN_Agent/datasets/lung_cancer/combined_train_scenarios.csv
===================================================
Accuracy: 100.0 %
Total: 8
Successes: 8
Failures: 0

No failures!
Removed 1 record(s) with bn_number=4
Valid response received on attempt 1.
Selected baseline BN: 2

===================================================
Dataset: /home/shamim_ist/BN_Agent/datasets/lung_cancer/combined_train_scenarios.csv
===================================================
Accuracy: 100.0 %
Total: 8
Successes: 8
Failures: 0

No failures!

Candidate 1: Accuracy = 1.0000, Failures = 0, Successes = 8

===================================================
Dataset: /home/shamim_ist/BN_Agent/datasets/lung_cancer/combined_train_scenarios.csv
===================================================
Accuracy: 100.0 %
Total: 8
Successes: 8
Failures: 0

No failures!

Candidate 2: Accuracy = 1.0000, Failures = 0, Successes = 8

===================================================
Dataset: /home/shamim_ist/BN_Agent/datasets/lung_cancer/combined_train_scenarios.csv
===================================================
Accuracy: 100.0 %
Total: 8
Successes: 8
Failures: 0

No failures!

Candidate 3: Accuracy = 1.0000, Failures = 0, Successes = 8

========================================
BEST REFINEMENT CANDIDATE
========================================
Candidate 1
Accuracy: 1.0000
Failures: 0
Successes: 8

===================================================
Dataset: /home/shamim_ist/BN_Agent/datasets/lung_cancer/combined_train_scenarios.csv
===================================================
Accuracy: 100.0 %
Total: 8
Successes: 8
Failures: 0

No failures!

No improvement after 3 retries. Selecting best retry candidate (accuracy=100.00%).
Removed 1 record(s) with bn_number=4
Continuing with retry candidate (accuracy=100.00%).

===================================================
Dataset: /home/shamim_ist/BN_Agent/datasets/lung_cancer/combined_train_scenarios.csv
===================================================
Accuracy: 75.0 %
Total: 8
Successes: 6
Failures: 2

===================================================
Dataset: /home/shamim_ist/BN_Agent/datasets/lung_cancer/combined_train_scenarios.csv
===================================================
Accuracy: 75.0 %
Total: 8
Successes: 6
Failures: 2

===================================================
Dataset: /home/shamim_ist/BN_Agent/datasets/lung_cancer/combined_train_scenarios.csv
===================================================
Accuracy: 100.0 %
Total: 8
Successes: 8
Failures: 0

No failures!

===================================================
Dataset: /home/shamim_ist/BN_Agent/datasets/lung_cancer/combined_train_scenarios.csv
===================================================
Accuracy: 100.0 %
Total: 8
Successes: 8
Failures: 0

No failures!

===================================================
Dataset: /home/shamim_ist/BN_Agent/datasets/lung_cancer/combined_train_scenarios.csv
===================================================
Accuracy: 100.0 %
Total: 8
Successes: 8
Failures: 0

No failures!


Best BN Number: 4
Best BN Accuracy: 1.0
Saved CPT identity comparison to /home/shamim_ist/BN_Agent/workspace/lung_cancer/cpt_comparison_analysis.json
BN number: 4
Agent change verdict: very_good
Expected changed CPTs: ['xray']
Actual changed CPTs: ['bronc', 'xray']
Unexpected changed CPTs: ['bronc']
{'bn_number': 4, 'non_identical_cpt_count': 2, 'non_identical_cpts': ['bronc', 'xray'], 'missing_in_proposed': [], 'agent_change_report': {'verdict': 'very_good', 'total_cpts': 8, 'expected_changed_count': 1, 'expected_changed_cpts': ['xray'], 'actual_changed_count': 2, 'actual_changed_cpts': ['bronc', 'xray'], 'matched_expected_count': 1, 'matched_expected_cpts': ['xray'], 'missed_expected_count': 0, 'missed_expected_cpts': [], 'unexpected_changed_count': 1, 'unexpected_changed_cpts': ['bronc'], 'unflawed_cpt_count': 7, 'untouched_unflawed_count': 6, 'untouched_unflawed_cpts': ['asia', 'dysp', 'either', 'lung', 'smoke', 'tub'], 'expected_change_recall': 1.0, 'unexpected_change_rate': 0.1429, 'unflawed_preservation_rate': 0.8571}}
======================================================================
bronc                          0.01006776
dysp                           0.00000000
either                         0.00000000
lung                           0.00000000
tub                            0.00000000
xray                           0.29755403
======================================================================
Overall Average CPT KL = 0.03845272
======================================================================
bronc                          RMSE = 0.07071068
dysp                           RMSE = 0.00000000
either                         RMSE = 0.00000000
lung                           RMSE = 0.00000000
tub                            RMSE = 0.00000000
xray                           RMSE = 0.33941125
======================================================================
Overall CPT RMSE = 0.12257651
======================================================================
bronc                          Hellinger = 0.03558036
dysp                           Hellinger = 0.00000000
either                         Hellinger = 0.00000000
lung                           Hellinger = 0.00000000
tub                            Hellinger = 0.00000000
xray                           Hellinger = 0.22360680
======================================================================
Overall Average Hellinger = 0.03239839
###------------------------------###

Restart 0 finished.
###------------------------------###

==============================
PIPELINE RESTART #1
==============================
Cleared: /home/shamim_ist/BN_Agent/workspace/lung_cancer/bn_analysis.json
Cleared: /home/shamim_ist/BN_Agent/workspace/lung_cancer/last_proposed_bn.jsonl
Cleared: /home/shamim_ist/BN_Agent/workspace/lung_cancer/dangerous_cpt_report.json
Cleared: /home/shamim_ist/BN_Agent/workspace/lung_cancer/failure_parameter_statistics.json

===================================================
Dataset: /home/shamim_ist/BN_Agent/datasets/lung_cancer/combined_train_scenarios.csv
===================================================
Accuracy: 75.0 %
Total: 8
Successes: 6
Failures: 2
Flawed BN Accuracy: 75.00%
Initial Acceptance Threshold: 82.50%

Initial Generation Attempt 0

Evidence: asia

Evidence: smoke

Evidence: xray

Evidence: dysp

Additional Parent Nodes Required for CPT Activation (1)

Activation trace saved to /home/shamim_ist/BN_Agent/workspace/lung_cancer/activation_trace.csv
Failure parameter statistics saved to '/home/shamim_ist/BN_Agent/workspace/lung_cancer/failure_parameter_statistics.json'
Valid danger report received on attempt 1.

===================================================

Accuracy: 75.00%

Workflow analysis for BN #0 stored in /home/shamim_ist/BN_Agent/workspace/lung_cancer/bn_analysis.json
Valid response received on attempt 1.
Selected baseline BN: 0

===================================================
Dataset: /home/shamim_ist/BN_Agent/datasets/lung_cancer/combined_train_scenarios.csv
===================================================
Accuracy: 75.0 %
Total: 8
Successes: 6
Failures: 2

Candidate 1: Accuracy = 0.7500, Failures = 2, Successes = 6

===================================================
Dataset: /home/shamim_ist/BN_Agent/datasets/lung_cancer/combined_train_scenarios.csv
===================================================
Accuracy: 75.0 %
Total: 8
Successes: 6
Failures: 2

Candidate 2: Accuracy = 0.7500, Failures = 2, Successes = 6

===================================================
Dataset: /home/shamim_ist/BN_Agent/datasets/lung_cancer/combined_train_scenarios.csv
===================================================
Accuracy: 75.0 %
Total: 8
Successes: 6
Failures: 2

Candidate 3: Accuracy = 0.7500, Failures = 2, Successes = 6

========================================
BEST REFINEMENT CANDIDATE
========================================
Candidate 1
Accuracy: 0.7500
Failures: 2
Successes: 6

===================================================
Dataset: /home/shamim_ist/BN_Agent/datasets/lung_cancer/combined_train_scenarios.csv
===================================================
Accuracy: 75.0 %
Total: 8
Successes: 6
Failures: 2
Accuracy = 75.00%

Initial Generation Attempt 1
Removed workflow analysis for BN #0 from /home/shamim_ist/BN_Agent/workspace/lung_cancer/bn_analysis.json

Evidence: asia

Evidence: smoke

Evidence: xray

Evidence: dysp

Additional Parent Nodes Required for CPT Activation (1)

Activation trace saved to /home/shamim_ist/BN_Agent/workspace/lung_cancer/activation_trace.csv
Failure parameter statistics saved to '/home/shamim_ist/BN_Agent/workspace/lung_cancer/failure_parameter_statistics.json'
Valid danger report received on attempt 1.

===================================================

Accuracy: 75.00%

Workflow analysis for BN #0 stored in /home/shamim_ist/BN_Agent/workspace/lung_cancer/bn_analysis.json
Valid response received on attempt 1.
Selected baseline BN: 0

===================================================
Dataset: /home/shamim_ist/BN_Agent/datasets/lung_cancer/combined_train_scenarios.csv
===================================================
Accuracy: 75.0 %
Total: 8
Successes: 6
Failures: 2

Candidate 1: Accuracy = 0.7500, Failures = 2, Successes = 6

===================================================
Dataset: /home/shamim_ist/BN_Agent/datasets/lung_cancer/combined_train_scenarios.csv
===================================================
Accuracy: 75.0 %
Total: 8
Successes: 6
Failures: 2

Candidate 2: Accuracy = 0.7500, Failures = 2, Successes = 6

===================================================
Dataset: /home/shamim_ist/BN_Agent/datasets/lung_cancer/combined_train_scenarios.csv
===================================================
Accuracy: 75.0 %
Total: 8
Successes: 6
Failures: 2

Candidate 3: Accuracy = 0.7500, Failures = 2, Successes = 6

========================================
BEST REFINEMENT CANDIDATE
========================================
Candidate 1
Accuracy: 0.7500
Failures: 2
Successes: 6

===================================================
Dataset: /home/shamim_ist/BN_Agent/datasets/lung_cancer/combined_train_scenarios.csv
===================================================
Accuracy: 75.0 %
Total: 8
Successes: 6
Failures: 2
Accuracy = 75.00%

Initial Generation Attempt 2
Removed workflow analysis for BN #0 from /home/shamim_ist/BN_Agent/workspace/lung_cancer/bn_analysis.json

Evidence: asia

Evidence: smoke

Evidence: xray

Evidence: dysp

Additional Parent Nodes Required for CPT Activation (1)

Activation trace saved to /home/shamim_ist/BN_Agent/workspace/lung_cancer/activation_trace.csv
Failure parameter statistics saved to '/home/shamim_ist/BN_Agent/workspace/lung_cancer/failure_parameter_statistics.json'
Valid danger report received on attempt 1.

===================================================

Accuracy: 75.00%

Workflow analysis for BN #0 stored in /home/shamim_ist/BN_Agent/workspace/lung_cancer/bn_analysis.json
Valid response received on attempt 1.
Selected baseline BN: 0

===================================================
Dataset: /home/shamim_ist/BN_Agent/datasets/lung_cancer/combined_train_scenarios.csv
===================================================
Accuracy: 75.0 %
Total: 8
Successes: 6
Failures: 2

Candidate 1: Accuracy = 0.7500, Failures = 2, Successes = 6

===================================================
Dataset: /home/shamim_ist/BN_Agent/datasets/lung_cancer/combined_train_scenarios.csv
===================================================
Accuracy: 75.0 %
Total: 8
Successes: 6
Failures: 2

Candidate 2: Accuracy = 0.7500, Failures = 2, Successes = 6

===================================================
Dataset: /home/shamim_ist/BN_Agent/datasets/lung_cancer/combined_train_scenarios.csv
===================================================
Accuracy: 75.0 %
Total: 8
Successes: 6
Failures: 2

Candidate 3: Accuracy = 0.7500, Failures = 2, Successes = 6

========================================
BEST REFINEMENT CANDIDATE
========================================
Candidate 1
Accuracy: 0.7500
Failures: 2
Successes: 6

===================================================
Dataset: /home/shamim_ist/BN_Agent/datasets/lung_cancer/combined_train_scenarios.csv
===================================================
Accuracy: 75.0 %
Total: 8
Successes: 6
Failures: 2
Accuracy = 75.00%
Threshold (82.50%) not reached after 3 attempts. Using best generated BN (75.00%).
Removed workflow analysis for BN #0 from /home/shamim_ist/BN_Agent/workspace/lung_cancer/bn_analysis.json

Initial BN generated

===== ITERATION 2 =====

===================================================
Dataset: /home/shamim_ist/BN_Agent/datasets/lung_cancer/combined_train_scenarios.csv
===================================================
Accuracy: 75.0 %
Total: 8
Successes: 6
Failures: 2

Evidence: asia

Evidence: smoke

Evidence: xray

Evidence: dysp

Additional Parent Nodes Required for CPT Activation (1)

Activation trace saved to /home/shamim_ist/BN_Agent/workspace/lung_cancer/activation_trace.csv
Failure parameter statistics saved to '/home/shamim_ist/BN_Agent/workspace/lung_cancer/failure_parameter_statistics.json'
Valid danger report received on attempt 1.

===================================================

Accuracy: 75.00%

Workflow analysis for BN #1 stored in /home/shamim_ist/BN_Agent/workspace/lung_cancer/bn_analysis.json
Valid response received on attempt 1.
Selected baseline BN: 1

===================================================
Dataset: /home/shamim_ist/BN_Agent/datasets/lung_cancer/combined_train_scenarios.csv
===================================================
Accuracy: 100.0 %
Total: 8
Successes: 8
Failures: 0

No failures!

Candidate 1: Accuracy = 1.0000, Failures = 0, Successes = 8

===================================================
Dataset: /home/shamim_ist/BN_Agent/datasets/lung_cancer/combined_train_scenarios.csv
===================================================
Accuracy: 100.0 %
Total: 8
Successes: 8
Failures: 0

No failures!

Candidate 2: Accuracy = 1.0000, Failures = 0, Successes = 8

===================================================
Dataset: /home/shamim_ist/BN_Agent/datasets/lung_cancer/combined_train_scenarios.csv
===================================================
Accuracy: 100.0 %
Total: 8
Successes: 8
Failures: 0

No failures!

Candidate 3: Accuracy = 1.0000, Failures = 0, Successes = 8

========================================
BEST REFINEMENT CANDIDATE
========================================
Candidate 1
Accuracy: 1.0000
Failures: 0
Successes: 8

===================================================
Dataset: /home/shamim_ist/BN_Agent/datasets/lung_cancer/combined_train_scenarios.csv
===================================================
Accuracy: 100.0 %
Total: 8
Successes: 8
Failures: 0

No failures!

Accuracy improved from 75.00% to 100.00%.

===== ITERATION 3 =====

===================================================
Dataset: /home/shamim_ist/BN_Agent/datasets/lung_cancer/combined_train_scenarios.csv
===================================================
Accuracy: 100.0 %
Total: 8
Successes: 8
Failures: 0

No failures!

Evidence: asia

Evidence: smoke

Evidence: xray

Evidence: dysp

Additional Parent Nodes Required for CPT Activation (1)

Activation trace saved to /home/shamim_ist/BN_Agent/workspace/lung_cancer/activation_trace.csv
Failure parameter statistics saved to '/home/shamim_ist/BN_Agent/workspace/lung_cancer/failure_parameter_statistics.json'
Valid danger report received on attempt 1.

===================================================

Accuracy: 100.00%

Workflow analysis for BN #2 stored in /home/shamim_ist/BN_Agent/workspace/lung_cancer/bn_analysis.json
Valid response received on attempt 1.
Selected baseline BN: 2

===================================================
Dataset: /home/shamim_ist/BN_Agent/datasets/lung_cancer/combined_train_scenarios.csv
===================================================
Accuracy: 100.0 %
Total: 8
Successes: 8
Failures: 0

No failures!

Candidate 1: Accuracy = 1.0000, Failures = 0, Successes = 8

===================================================
Dataset: /home/shamim_ist/BN_Agent/datasets/lung_cancer/combined_train_scenarios.csv
===================================================
Accuracy: 100.0 %
Total: 8
Successes: 8
Failures: 0

No failures!

Candidate 2: Accuracy = 1.0000, Failures = 0, Successes = 8

===================================================
Dataset: /home/shamim_ist/BN_Agent/datasets/lung_cancer/combined_train_scenarios.csv
===================================================
Accuracy: 100.0 %
Total: 8
Successes: 8
Failures: 0

No failures!

Candidate 3: Accuracy = 1.0000, Failures = 0, Successes = 8

========================================
BEST REFINEMENT CANDIDATE
========================================
Candidate 1
Accuracy: 1.0000
Failures: 0
Successes: 8

===================================================
Dataset: /home/shamim_ist/BN_Agent/datasets/lung_cancer/combined_train_scenarios.csv
===================================================
Accuracy: 100.0 %
Total: 8
Successes: 8
Failures: 0

No failures!

Accuracy did not improve. Need improvement from 100.00% 
Removed 1 record(s) with bn_number=3
Valid response received on attempt 1.
Selected baseline BN: 2

===================================================
Dataset: /home/shamim_ist/BN_Agent/datasets/lung_cancer/combined_train_scenarios.csv
===================================================
Accuracy: 100.0 %
Total: 8
Successes: 8
Failures: 0

No failures!

Candidate 1: Accuracy = 1.0000, Failures = 0, Successes = 8

===================================================
Dataset: /home/shamim_ist/BN_Agent/datasets/lung_cancer/combined_train_scenarios.csv
===================================================
Accuracy: 100.0 %
Total: 8
Successes: 8
Failures: 0

No failures!

Candidate 2: Accuracy = 1.0000, Failures = 0, Successes = 8

===================================================
Dataset: /home/shamim_ist/BN_Agent/datasets/lung_cancer/combined_train_scenarios.csv
===================================================
Accuracy: 100.0 %
Total: 8
Successes: 8
Failures: 0

No failures!

Candidate 3: Accuracy = 1.0000, Failures = 0, Successes = 8

========================================
BEST REFINEMENT CANDIDATE
========================================
Candidate 1
Accuracy: 1.0000
Failures: 0
Successes: 8

===================================================
Dataset: /home/shamim_ist/BN_Agent/datasets/lung_cancer/combined_train_scenarios.csv
===================================================
Accuracy: 100.0 %
Total: 8
Successes: 8
Failures: 0

No failures!
Removed 1 record(s) with bn_number=3
Valid response received on attempt 1.
Selected baseline BN: 2

===================================================
Dataset: /home/shamim_ist/BN_Agent/datasets/lung_cancer/combined_train_scenarios.csv
===================================================
Accuracy: 100.0 %
Total: 8
Successes: 8
Failures: 0

No failures!

Candidate 1: Accuracy = 1.0000, Failures = 0, Successes = 8

===================================================
Dataset: /home/shamim_ist/BN_Agent/datasets/lung_cancer/combined_train_scenarios.csv
===================================================
Accuracy: 100.0 %
Total: 8
Successes: 8
Failures: 0

No failures!

Candidate 2: Accuracy = 1.0000, Failures = 0, Successes = 8

===================================================
Dataset: /home/shamim_ist/BN_Agent/datasets/lung_cancer/combined_train_scenarios.csv
===================================================
Accuracy: 100.0 %
Total: 8
Successes: 8
Failures: 0

No failures!

Candidate 3: Accuracy = 1.0000, Failures = 0, Successes = 8

========================================
BEST REFINEMENT CANDIDATE
========================================
Candidate 1
Accuracy: 1.0000
Failures: 0
Successes: 8

===================================================
Dataset: /home/shamim_ist/BN_Agent/datasets/lung_cancer/combined_train_scenarios.csv
===================================================
Accuracy: 100.0 %
Total: 8
Successes: 8
Failures: 0

No failures!
Removed 1 record(s) with bn_number=3
Valid response received on attempt 1.
Selected baseline BN: 2

===================================================
Dataset: /home/shamim_ist/BN_Agent/datasets/lung_cancer/combined_train_scenarios.csv
===================================================
Accuracy: 100.0 %
Total: 8
Successes: 8
Failures: 0

No failures!

Candidate 1: Accuracy = 1.0000, Failures = 0, Successes = 8

===================================================
Dataset: /home/shamim_ist/BN_Agent/datasets/lung_cancer/combined_train_scenarios.csv
===================================================
Accuracy: 100.0 %
Total: 8
Successes: 8
Failures: 0

No failures!

Candidate 2: Accuracy = 1.0000, Failures = 0, Successes = 8

===================================================
Dataset: /home/shamim_ist/BN_Agent/datasets/lung_cancer/combined_train_scenarios.csv
===================================================
Accuracy: 100.0 %
Total: 8
Successes: 8
Failures: 0

No failures!

Candidate 3: Accuracy = 1.0000, Failures = 0, Successes = 8

========================================
BEST REFINEMENT CANDIDATE
========================================
Candidate 1
Accuracy: 1.0000
Failures: 0
Successes: 8

===================================================
Dataset: /home/shamim_ist/BN_Agent/datasets/lung_cancer/combined_train_scenarios.csv
===================================================
Accuracy: 100.0 %
Total: 8
Successes: 8
Failures: 0

No failures!

No improvement after 3 retries. Selecting best retry candidate (accuracy=100.00%).
Removed 1 record(s) with bn_number=3
Continuing with retry candidate (accuracy=100.00%).

===== ITERATION 4 =====

===================================================
Dataset: /home/shamim_ist/BN_Agent/datasets/lung_cancer/combined_train_scenarios.csv
===================================================
Accuracy: 100.0 %
Total: 8
Successes: 8
Failures: 0

No failures!

Evidence: asia

Evidence: smoke

Evidence: xray

Evidence: dysp

Additional Parent Nodes Required for CPT Activation (1)

Activation trace saved to /home/shamim_ist/BN_Agent/workspace/lung_cancer/activation_trace.csv
Failure parameter statistics saved to '/home/shamim_ist/BN_Agent/workspace/lung_cancer/failure_parameter_statistics.json'
Valid danger report received on attempt 1.

===================================================

Accuracy: 100.00%

Workflow analysis for BN #3 stored in /home/shamim_ist/BN_Agent/workspace/lung_cancer/bn_analysis.json
Valid response received on attempt 1.
Selected baseline BN: 2

===================================================
Dataset: /home/shamim_ist/BN_Agent/datasets/lung_cancer/combined_train_scenarios.csv
===================================================
Accuracy: 100.0 %
Total: 8
Successes: 8
Failures: 0

No failures!

Candidate 1: Accuracy = 1.0000, Failures = 0, Successes = 8

===================================================
Dataset: /home/shamim_ist/BN_Agent/datasets/lung_cancer/combined_train_scenarios.csv
===================================================
Accuracy: 100.0 %
Total: 8
Successes: 8
Failures: 0

No failures!

Candidate 2: Accuracy = 1.0000, Failures = 0, Successes = 8

===================================================
Dataset: /home/shamim_ist/BN_Agent/datasets/lung_cancer/combined_train_scenarios.csv
===================================================
Accuracy: 100.0 %
Total: 8
Successes: 8
Failures: 0

No failures!

Candidate 3: Accuracy = 1.0000, Failures = 0, Successes = 8

========================================
BEST REFINEMENT CANDIDATE
========================================
Candidate 1
Accuracy: 1.0000
Failures: 0
Successes: 8

===================================================
Dataset: /home/shamim_ist/BN_Agent/datasets/lung_cancer/combined_train_scenarios.csv
===================================================
Accuracy: 100.0 %
Total: 8
Successes: 8
Failures: 0

No failures!

Accuracy did not improve. Need improvement from 100.00% 
Removed 1 record(s) with bn_number=4
Valid response received on attempt 1.
Selected baseline BN: 2

===================================================
Dataset: /home/shamim_ist/BN_Agent/datasets/lung_cancer/combined_train_scenarios.csv
===================================================
Accuracy: 100.0 %
Total: 8
Successes: 8
Failures: 0

No failures!

Candidate 1: Accuracy = 1.0000, Failures = 0, Successes = 8

===================================================
Dataset: /home/shamim_ist/BN_Agent/datasets/lung_cancer/combined_train_scenarios.csv
===================================================
Accuracy: 100.0 %
Total: 8
Successes: 8
Failures: 0

No failures!

Candidate 2: Accuracy = 1.0000, Failures = 0, Successes = 8

===================================================
Dataset: /home/shamim_ist/BN_Agent/datasets/lung_cancer/combined_train_scenarios.csv
===================================================
Accuracy: 100.0 %
Total: 8
Successes: 8
Failures: 0

No failures!

Candidate 3: Accuracy = 1.0000, Failures = 0, Successes = 8

========================================
BEST REFINEMENT CANDIDATE
========================================
Candidate 1
Accuracy: 1.0000
Failures: 0
Successes: 8

===================================================
Dataset: /home/shamim_ist/BN_Agent/datasets/lung_cancer/combined_train_scenarios.csv
===================================================
Accuracy: 100.0 %
Total: 8
Successes: 8
Failures: 0

No failures!
Removed 1 record(s) with bn_number=4
Valid response received on attempt 1.
Selected baseline BN: 2

===================================================
Dataset: /home/shamim_ist/BN_Agent/datasets/lung_cancer/combined_train_scenarios.csv
===================================================
Accuracy: 100.0 %
Total: 8
Successes: 8
Failures: 0

No failures!

Candidate 1: Accuracy = 1.0000, Failures = 0, Successes = 8

===================================================
Dataset: /home/shamim_ist/BN_Agent/datasets/lung_cancer/combined_train_scenarios.csv
===================================================
Accuracy: 100.0 %
Total: 8
Successes: 8
Failures: 0

No failures!

Candidate 2: Accuracy = 1.0000, Failures = 0, Successes = 8

===================================================
Dataset: /home/shamim_ist/BN_Agent/datasets/lung_cancer/combined_train_scenarios.csv
===================================================
Accuracy: 100.0 %
Total: 8
Successes: 8
Failures: 0

No failures!

Candidate 3: Accuracy = 1.0000, Failures = 0, Successes = 8

========================================
BEST REFINEMENT CANDIDATE
========================================
Candidate 1
Accuracy: 1.0000
Failures: 0
Successes: 8

===================================================
Dataset: /home/shamim_ist/BN_Agent/datasets/lung_cancer/combined_train_scenarios.csv
===================================================
Accuracy: 100.0 %
Total: 8
Successes: 8
Failures: 0

No failures!
Removed 1 record(s) with bn_number=4
Valid response received on attempt 1.
Selected baseline BN: 2

===================================================
Dataset: /home/shamim_ist/BN_Agent/datasets/lung_cancer/combined_train_scenarios.csv
===================================================
Accuracy: 100.0 %
Total: 8
Successes: 8
Failures: 0

No failures!

Candidate 1: Accuracy = 1.0000, Failures = 0, Successes = 8