Cleared: /home/shamim_ist/AgentBN/workspace/lung_cancer/bn_analysis.json
Cleared: /home/shamim_ist/AgentBN/workspace/lung_cancer/last_proposed_bn.jsonl
Cleared: /home/shamim_ist/AgentBN/workspace/lung_cancer/dangerous_cpt_report.json
Cleared: /home/shamim_ist/AgentBN/workspace/lung_cancer/failure_parameter_statistics.json
Cleared: /home/shamim_ist/AgentBN/workspace/lung_cancer/restart_final_bns.jsonl

==============================
PIPELINE RESTART #0
==============================
Cleared: /home/shamim_ist/AgentBN/workspace/lung_cancer/bn_analysis.json
Cleared: /home/shamim_ist/AgentBN/workspace/lung_cancer/last_proposed_bn.jsonl
Cleared: /home/shamim_ist/AgentBN/workspace/lung_cancer/dangerous_cpt_report.json
Cleared: /home/shamim_ist/AgentBN/workspace/lung_cancer/failure_parameter_statistics.json

===================================================
Dataset: /home/shamim_ist/AgentBN/datasets/lung_cancer/combined_train_scenarios.csv
===================================================
Accuracy: 75.0 %
Total: 8
Successes: 6
Failures: 2
Flawed BN Accuracy: 75.00%
Initial Acceptance Threshold: 82.50%

Initial Generation Attempt 0

Activation trace saved to /home/shamim_ist/AgentBN/workspace/lung_cancer/activation_trace.csv
Failure parameter statistics saved to '/home/shamim_ist/AgentBN/workspace/lung_cancer/failure_parameter_statistics.json'
Valid response received on attempt 1.
Valid response received on attempt 1.

===================================================

Accuracy: 75.00%

Workflow analysis for BN #0 stored in /home/shamim_ist/AgentBN/workspace/lung_cancer/bn_analysis.json
Valid response received on attempt 1.
Selected baseline BN: 0

===================================================
Dataset: /home/shamim_ist/AgentBN/datasets/lung_cancer/combined_train_scenarios.csv
===================================================
Accuracy: 87.5 %
Total: 8
Successes: 7
Failures: 1

Candidate 1: Accuracy = 0.8750, Failures = 1, Successes = 7

===================================================
Dataset: /home/shamim_ist/AgentBN/datasets/lung_cancer/combined_train_scenarios.csv
===================================================
Accuracy: 100.0 %
Total: 8
Successes: 8
Failures: 0

No failures!

Candidate 2: Accuracy = 1.0000, Failures = 0, Successes = 8

===================================================
Dataset: /home/shamim_ist/AgentBN/datasets/lung_cancer/combined_train_scenarios.csv
===================================================
Accuracy: 100.0 %
Total: 8
Successes: 8
Failures: 0

No failures!

Candidate 3: Accuracy = 1.0000, Failures = 0, Successes = 8

========================================
BEST REFINEMENT CANDIDATE
========================================
Candidate 2
Accuracy: 1.0000
Failures: 0
Successes: 8

===================================================
Dataset: /home/shamim_ist/AgentBN/datasets/lung_cancer/combined_train_scenarios.csv
===================================================
Accuracy: 100.0 %
Total: 8
Successes: 8
Failures: 0

No failures!
Accuracy = 100.00%
Initial BN accepted.
Accepted initial BN (100.00%).
Removed workflow analysis for BN #0 from /home/shamim_ist/AgentBN/workspace/lung_cancer/bn_analysis.json

Initial BN generated

===== ITERATION 2 =====

===================================================
Dataset: /home/shamim_ist/AgentBN/datasets/lung_cancer/combined_train_scenarios.csv
===================================================
Accuracy: 100.0 %
Total: 8
Successes: 8
Failures: 0

No failures!

Current BN already has 100.00% accuracy. Refinement complete.

===================================================
Dataset: /home/shamim_ist/AgentBN/datasets/lung_cancer/combined_train_scenarios.csv
===================================================
Accuracy: 75.0 %
Total: 8
Successes: 6
Failures: 2

===================================================
Dataset: /home/shamim_ist/AgentBN/datasets/lung_cancer/combined_train_scenarios.csv
===================================================
Accuracy: 100.0 %
Total: 8
Successes: 8
Failures: 0

No failures!


Best BN Number: 1
Best BN Accuracy: 1.0
Saved CPT identity comparison to /home/shamim_ist/AgentBN/workspace/lung_cancer/cpt_comparison_analysis.json
BN number: 1
Agent change verdict: poor
Expected changed CPTs: ['xray']
Agent changed CPTs: ['either']
Unexpected changed CPTs: ['either']
{'bn_number': 1, 'agent_changed_cpt_count': 1, 'agent_changed_cpts': ['either'], 'agent_change_report': {'verdict': 'poor', 'total_cpts': 8, 'expected_changed_count': 1, 'expected_changed_cpts': ['xray'], 'agent_changed_count': 1, 'agent_changed_cpts': ['either'], 'matched_expected_count': 0, 'matched_expected_cpts': [], 'missed_expected_count': 1, 'missed_expected_cpts': ['xray'], 'unexpected_changed_count': 1, 'unexpected_changed_cpts': ['either'], 'unflawed_cpt_count': 7, 'untouched_unflawed_count': 6, 'untouched_unflawed_cpts': ['asia', 'bronc', 'dysp', 'lung', 'smoke', 'tub'], 'expected_change_recall': 0.0, 'unexpected_change_rate': 0.1429, 'unflawed_preservation_rate': 0.8571}}
======================================================================
bronc                          0.01006776
  Column 0:
    Flawed : [0.5 0.5]
    Prop   : [0.5 0.5]
    GT     : [0.6 0.4]
----------------------------------------------------------------------
either                         0.04062973
  Column 3:
    Flawed : [0. 1.]
    Prop   : [0.15 0.85]
    GT     : [0. 1.]
----------------------------------------------------------------------
======================================================================
Overall Average CPT KL = 0.01826544
======================================================================
bronc                          RMSE = 0.07071068
  Column 0:
    Flawed : [0.5 0.5]
    Prop   : [0.5 0.5]
    GT     : [0.6 0.4]
----------------------------------------------------------------------
either                         RMSE = 0.07500000
  Column 3:
    Flawed : [0. 1.]
    Prop   : [0.15 0.85]
    GT     : [0. 1.]
----------------------------------------------------------------------
======================================================================
Overall CPT RMSE = 0.05700877
======================================================================
bronc                          Hellinger = 0.03558036
  Column 0:
    Flawed : [0.5 0.5]
    Prop   : [0.5 0.5]
    GT     : [0.6 0.4]
----------------------------------------------------------------------
either                         Hellinger = 0.06984159
  Column 3:
    Flawed : [0. 1.]
    Prop   : [0.15 0.85]
    GT     : [0. 1.]
----------------------------------------------------------------------
======================================================================
Overall Average Hellinger = 0.03505271
###------------------------------###

Restart 0 finished.
###------------------------------###

==============================
PIPELINE RESTART #1
==============================
Cleared: /home/shamim_ist/AgentBN/workspace/lung_cancer/bn_analysis.json
Cleared: /home/shamim_ist/AgentBN/workspace/lung_cancer/last_proposed_bn.jsonl
Cleared: /home/shamim_ist/AgentBN/workspace/lung_cancer/dangerous_cpt_report.json
Cleared: /home/shamim_ist/AgentBN/workspace/lung_cancer/failure_parameter_statistics.json
Cleared: /home/shamim_ist/AgentBN/workspace/lung_cancer/diagnostic_report.json

===================================================
Dataset: /home/shamim_ist/AgentBN/datasets/lung_cancer/combined_train_scenarios.csv
===================================================
Accuracy: 75.0 %
Total: 8
Successes: 6
Failures: 2
Flawed BN Accuracy: 75.00%
Initial Acceptance Threshold: 82.50%

Initial Generation Attempt 0

Activation trace saved to /home/shamim_ist/AgentBN/workspace/lung_cancer/activation_trace.csv
Failure parameter statistics saved to '/home/shamim_ist/AgentBN/workspace/lung_cancer/failure_parameter_statistics.json'
Valid response received on attempt 1.
Valid response received on attempt 1.

===================================================

Accuracy: 75.00%

Workflow analysis for BN #0 stored in /home/shamim_ist/AgentBN/workspace/lung_cancer/bn_analysis.json
Valid response received on attempt 1.
Selected baseline BN: 0

===================================================
Dataset: /home/shamim_ist/AgentBN/datasets/lung_cancer/combined_train_scenarios.csv
===================================================
Accuracy: 75.0 %
Total: 8
Successes: 6
Failures: 2

Candidate 1: Accuracy = 0.7500, Failures = 2, Successes = 6

===================================================
Dataset: /home/shamim_ist/AgentBN/datasets/lung_cancer/combined_train_scenarios.csv
===================================================
Accuracy: 75.0 %
Total: 8
Successes: 6
Failures: 2

Candidate 2: Accuracy = 0.7500, Failures = 2, Successes = 6

===================================================
Dataset: /home/shamim_ist/AgentBN/datasets/lung_cancer/combined_train_scenarios.csv
===================================================
Accuracy: 87.5 %
Total: 8
Successes: 7
Failures: 1

Candidate 3: Accuracy = 0.8750, Failures = 1, Successes = 7

========================================
BEST REFINEMENT CANDIDATE
========================================
Candidate 3
Accuracy: 0.8750
Failures: 1
Successes: 7

===================================================
Dataset: /home/shamim_ist/AgentBN/datasets/lung_cancer/combined_train_scenarios.csv
===================================================
Accuracy: 87.5 %
Total: 8
Successes: 7
Failures: 1
Accuracy = 87.50%
Initial BN accepted.
Accepted initial BN (87.50%).
Removed workflow analysis for BN #0 from /home/shamim_ist/AgentBN/workspace/lung_cancer/bn_analysis.json

Initial BN generated

===== ITERATION 2 =====

===================================================
Dataset: /home/shamim_ist/AgentBN/datasets/lung_cancer/combined_train_scenarios.csv
===================================================
Accuracy: 87.5 %
Total: 8
Successes: 7
Failures: 1

Activation trace saved to /home/shamim_ist/AgentBN/workspace/lung_cancer/activation_trace.csv
Failure parameter statistics saved to '/home/shamim_ist/AgentBN/workspace/lung_cancer/failure_parameter_statistics.json'
Valid response received on attempt 1.
Valid response received on attempt 1.

===================================================

Accuracy: 87.50%

Workflow analysis for BN #1 stored in /home/shamim_ist/AgentBN/workspace/lung_cancer/bn_analysis.json
Valid response received on attempt 1.
Selected baseline BN: 1

===================================================
Dataset: /home/shamim_ist/AgentBN/datasets/lung_cancer/combined_train_scenarios.csv
===================================================
Accuracy: 75.0 %
Total: 8
Successes: 6
Failures: 2

Candidate 1: Accuracy = 0.7500, Failures = 2, Successes = 6

===================================================
Dataset: /home/shamim_ist/AgentBN/datasets/lung_cancer/combined_train_scenarios.csv
===================================================
Accuracy: 75.0 %
Total: 8
Successes: 6
Failures: 2

Candidate 2: Accuracy = 0.7500, Failures = 2, Successes = 6

===================================================
Dataset: /home/shamim_ist/AgentBN/datasets/lung_cancer/combined_train_scenarios.csv
===================================================
Accuracy: 75.0 %
Total: 8
Successes: 6
Failures: 2

Candidate 3: Accuracy = 0.7500, Failures = 2, Successes = 6

========================================
BEST REFINEMENT CANDIDATE
========================================
Candidate 1
Accuracy: 0.7500
Failures: 2
Successes: 6

===================================================
Dataset: /home/shamim_ist/AgentBN/datasets/lung_cancer/combined_train_scenarios.csv
===================================================
Accuracy: 75.0 %
Total: 8
Successes: 6
Failures: 2

Accuracy did not improve. Need improvement from 87.50% 
Removed 1 record(s) with bn_number=2
Valid response received on attempt 1.
Selected baseline BN: 1

===================================================
Dataset: /home/shamim_ist/AgentBN/datasets/lung_cancer/combined_train_scenarios.csv
===================================================
Accuracy: 75.0 %
Total: 8
Successes: 6
Failures: 2

Candidate 1: Accuracy = 0.7500, Failures = 2, Successes = 6

===================================================
Dataset: /home/shamim_ist/AgentBN/datasets/lung_cancer/combined_train_scenarios.csv
===================================================
Accuracy: 75.0 %
Total: 8
Successes: 6
Failures: 2

Candidate 2: Accuracy = 0.7500, Failures = 2, Successes = 6

===================================================
Dataset: /home/shamim_ist/AgentBN/datasets/lung_cancer/combined_train_scenarios.csv
===================================================
Accuracy: 75.0 %
Total: 8
Successes: 6
Failures: 2

Candidate 3: Accuracy = 0.7500, Failures = 2, Successes = 6

========================================
BEST REFINEMENT CANDIDATE
========================================
Candidate 1
Accuracy: 0.7500
Failures: 2
Successes: 6

===================================================
Dataset: /home/shamim_ist/AgentBN/datasets/lung_cancer/combined_train_scenarios.csv
===================================================
Accuracy: 75.0 %
Total: 8
Successes: 6
Failures: 2
Removed 1 record(s) with bn_number=2
Valid response received on attempt 1.
Selected baseline BN: 1

===================================================
Dataset: /home/shamim_ist/AgentBN/datasets/lung_cancer/combined_train_scenarios.csv
===================================================
Accuracy: 75.0 %
Total: 8
Successes: 6
Failures: 2

Candidate 1: Accuracy = 0.7500, Failures = 2, Successes = 6

===================================================
Dataset: /home/shamim_ist/AgentBN/datasets/lung_cancer/combined_train_scenarios.csv
===================================================
Accuracy: 75.0 %
Total: 8
Successes: 6
Failures: 2

Candidate 2: Accuracy = 0.7500, Failures = 2, Successes = 6

===================================================
Dataset: /home/shamim_ist/AgentBN/datasets/lung_cancer/combined_train_scenarios.csv
===================================================
Accuracy: 75.0 %
Total: 8
Successes: 6
Failures: 2

Candidate 3: Accuracy = 0.7500, Failures = 2, Successes = 6

========================================
BEST REFINEMENT CANDIDATE
========================================
Candidate 1
Accuracy: 0.7500
Failures: 2
Successes: 6

===================================================
Dataset: /home/shamim_ist/AgentBN/datasets/lung_cancer/combined_train_scenarios.csv
===================================================
Accuracy: 75.0 %
Total: 8
Successes: 6
Failures: 2
Removed 1 record(s) with bn_number=2
Valid response received on attempt 1.
Selected baseline BN: 1

===================================================
Dataset: /home/shamim_ist/AgentBN/datasets/lung_cancer/combined_train_scenarios.csv
===================================================
Accuracy: 75.0 %
Total: 8
Successes: 6
Failures: 2

Candidate 1: Accuracy = 0.7500, Failures = 2, Successes = 6

===================================================
Dataset: /home/shamim_ist/AgentBN/datasets/lung_cancer/combined_train_scenarios.csv
===================================================
Accuracy: 75.0 %
Total: 8
Successes: 6
Failures: 2

Candidate 2: Accuracy = 0.7500, Failures = 2, Successes = 6

===================================================
Dataset: /home/shamim_ist/AgentBN/datasets/lung_cancer/combined_train_scenarios.csv
===================================================
Accuracy: 75.0 %
Total: 8
Successes: 6
Failures: 2

Candidate 3: Accuracy = 0.7500, Failures = 2, Successes = 6

========================================
BEST REFINEMENT CANDIDATE
========================================
Candidate 1
Accuracy: 0.7500
Failures: 2
Successes: 6

===================================================
Dataset: /home/shamim_ist/AgentBN/datasets/lung_cancer/combined_train_scenarios.csv
===================================================
Accuracy: 75.0 %
Total: 8
Successes: 6
Failures: 2

No improvement after 3 retries. Selecting best retry candidate (accuracy=75.00%).
Removed 1 record(s) with bn_number=2
Continuing with retry candidate (accuracy=75.00%).

===== ITERATION 3 =====

===================================================
Dataset: /home/shamim_ist/AgentBN/datasets/lung_cancer/combined_train_scenarios.csv
===================================================
Accuracy: 75.0 %
Total: 8
Successes: 6
Failures: 2

Activation trace saved to /home/shamim_ist/AgentBN/workspace/lung_cancer/activation_trace.csv
Failure parameter statistics saved to '/home/shamim_ist/AgentBN/workspace/lung_cancer/failure_parameter_statistics.json'
Valid response received on attempt 1.
Valid response received on attempt 1.

===================================================

Accuracy: 75.00%

Workflow analysis for BN #2 stored in /home/shamim_ist/AgentBN/workspace/lung_cancer/bn_analysis.json
Valid response received on attempt 1.
Selected baseline BN: 1

===================================================
Dataset: /home/shamim_ist/AgentBN/datasets/lung_cancer/combined_train_scenarios.csv
===================================================
Accuracy: 75.0 %
Total: 8
Successes: 6
Failures: 2

Candidate 1: Accuracy = 0.7500, Failures = 2, Successes = 6

===================================================
Dataset: /home/shamim_ist/AgentBN/datasets/lung_cancer/combined_train_scenarios.csv
===================================================
Accuracy: 75.0 %
Total: 8
Successes: 6
Failures: 2

Candidate 2: Accuracy = 0.7500, Failures = 2, Successes = 6

===================================================
Dataset: /home/shamim_ist/AgentBN/datasets/lung_cancer/combined_train_scenarios.csv
===================================================
Accuracy: 75.0 %
Total: 8
Successes: 6
Failures: 2

Candidate 3: Accuracy = 0.7500, Failures = 2, Successes = 6

========================================
BEST REFINEMENT CANDIDATE
========================================
Candidate 1
Accuracy: 0.7500
Failures: 2
Successes: 6

===================================================
Dataset: /home/shamim_ist/AgentBN/datasets/lung_cancer/combined_train_scenarios.csv
===================================================
Accuracy: 75.0 %
Total: 8
Successes: 6
Failures: 2

Accuracy did not improve. Need improvement from 75.00% 
Removed 1 record(s) with bn_number=3
Valid response received on attempt 1.
Selected baseline BN: 1

===================================================
Dataset: /home/shamim_ist/AgentBN/datasets/lung_cancer/combined_train_scenarios.csv
===================================================
Accuracy: 75.0 %
Total: 8
Successes: 6
Failures: 2

Candidate 1: Accuracy = 0.7500, Failures = 2, Successes = 6

===================================================
Dataset: /home/shamim_ist/AgentBN/datasets/lung_cancer/combined_train_scenarios.csv
===================================================
Accuracy: 75.0 %
Total: 8
Successes: 6
Failures: 2

Candidate 2: Accuracy = 0.7500, Failures = 2, Successes = 6

===================================================
Dataset: /home/shamim_ist/AgentBN/datasets/lung_cancer/combined_train_scenarios.csv
===================================================
Accuracy: 75.0 %
Total: 8
Successes: 6
Failures: 2

Candidate 3: Accuracy = 0.7500, Failures = 2, Successes = 6

========================================
BEST REFINEMENT CANDIDATE
========================================
Candidate 1
Accuracy: 0.7500
Failures: 2
Successes: 6

===================================================
Dataset: /home/shamim_ist/AgentBN/datasets/lung_cancer/combined_train_scenarios.csv
===================================================
Accuracy: 75.0 %
Total: 8
Successes: 6
Failures: 2
Removed 1 record(s) with bn_number=3
Valid response received on attempt 1.
Selected baseline BN: 1

===================================================
Dataset: /home/shamim_ist/AgentBN/datasets/lung_cancer/combined_train_scenarios.csv
===================================================
Accuracy: 75.0 %
Total: 8
Successes: 6
Failures: 2

Candidate 1: Accuracy = 0.7500, Failures = 2, Successes = 6

===================================================
Dataset: /home/shamim_ist/AgentBN/datasets/lung_cancer/combined_train_scenarios.csv
===================================================
Accuracy: 75.0 %
Total: 8
Successes: 6
Failures: 2

Candidate 2: Accuracy = 0.7500, Failures = 2, Successes = 6

===================================================
Dataset: /home/shamim_ist/AgentBN/datasets/lung_cancer/combined_train_scenarios.csv
===================================================
Accuracy: 75.0 %
Total: 8
Successes: 6
Failures: 2

Candidate 3: Accuracy = 0.7500, Failures = 2, Successes = 6

========================================
BEST REFINEMENT CANDIDATE
========================================
Candidate 1
Accuracy: 0.7500
Failures: 2
Successes: 6

===================================================
Dataset: /home/shamim_ist/AgentBN/datasets/lung_cancer/combined_train_scenarios.csv
===================================================
Accuracy: 75.0 %
Total: 8
Successes: 6
Failures: 2
Removed 1 record(s) with bn_number=3
Valid response received on attempt 1.
Selected baseline BN: 1

===================================================
Dataset: /home/shamim_ist/AgentBN/datasets/lung_cancer/combined_train_scenarios.csv
===================================================
Accuracy: 75.0 %
Total: 8
Successes: 6
Failures: 2

Candidate 1: Accuracy = 0.7500, Failures = 2, Successes = 6

===================================================
Dataset: /home/shamim_ist/AgentBN/datasets/lung_cancer/combined_train_scenarios.csv
===================================================
Accuracy: 75.0 %
Total: 8
Successes: 6
Failures: 2

Candidate 2: Accuracy = 0.7500, Failures = 2, Successes = 6

===================================================
Dataset: /home/shamim_ist/AgentBN/datasets/lung_cancer/combined_train_scenarios.csv
===================================================
Accuracy: 75.0 %
Total: 8
Successes: 6
Failures: 2

Candidate 3: Accuracy = 0.7500, Failures = 2, Successes = 6

========================================
BEST REFINEMENT CANDIDATE
========================================
Candidate 1
Accuracy: 0.7500
Failures: 2
Successes: 6

===================================================
Dataset: /home/shamim_ist/AgentBN/datasets/lung_cancer/combined_train_scenarios.csv
===================================================
Accuracy: 75.0 %
Total: 8
Successes: 6
Failures: 2

No improvement after 3 retries. Selecting best retry candidate (accuracy=75.00%).
Removed 1 record(s) with bn_number=3
Continuing with retry candidate (accuracy=75.00%).

===== ITERATION 4 =====

===================================================
Dataset: /home/shamim_ist/AgentBN/datasets/lung_cancer/combined_train_scenarios.csv
===================================================
Accuracy: 75.0 %
Total: 8
Successes: 6
Failures: 2

Activation trace saved to /home/shamim_ist/AgentBN/workspace/lung_cancer/activation_trace.csv
Failure parameter statistics saved to '/home/shamim_ist/AgentBN/workspace/lung_cancer/failure_parameter_statistics.json'
Valid response received on attempt 1.
Valid response received on attempt 1.

===================================================

Accuracy: 75.00%

Workflow analysis for BN #3 stored in /home/shamim_ist/AgentBN/workspace/lung_cancer/bn_analysis.json
Valid response received on attempt 1.
Selected baseline BN: 1

===================================================
Dataset: /home/shamim_ist/AgentBN/datasets/lung_cancer/combined_train_scenarios.csv
===================================================
Accuracy: 75.0 %
Total: 8
Successes: 6
Failures: 2

Candidate 1: Accuracy = 0.7500, Failures = 2, Successes = 6

===================================================
Dataset: /home/shamim_ist/AgentBN/datasets/lung_cancer/combined_train_scenarios.csv
===================================================
Accuracy: 75.0 %
Total: 8
Successes: 6
Failures: 2

Candidate 2: Accuracy = 0.7500, Failures = 2, Successes = 6

===================================================
Dataset: /home/shamim_ist/AgentBN/datasets/lung_cancer/combined_train_scenarios.csv
===================================================
Accuracy: 75.0 %
Total: 8
Successes: 6
Failures: 2

Candidate 3: Accuracy = 0.7500, Failures = 2, Successes = 6

========================================
BEST REFINEMENT CANDIDATE
========================================
Candidate 1
Accuracy: 0.7500
Failures: 2
Successes: 6

===================================================
Dataset: /home/shamim_ist/AgentBN/datasets/lung_cancer/combined_train_scenarios.csv
===================================================
Accuracy: 75.0 %
Total: 8
Successes: 6
Failures: 2

Accuracy did not improve. Need improvement from 75.00% 
Removed 1 record(s) with bn_number=4
Valid response received on attempt 1.
Selected baseline BN: 1

===================================================
Dataset: /home/shamim_ist/AgentBN/datasets/lung_cancer/combined_train_scenarios.csv
===================================================
Accuracy: 75.0 %
Total: 8
Successes: 6
Failures: 2

Candidate 1: Accuracy = 0.7500, Failures = 2, Successes = 6

===================================================
Dataset: /home/shamim_ist/AgentBN/datasets/lung_cancer/combined_train_scenarios.csv
===================================================
Accuracy: 75.0 %
Total: 8
Successes: 6
Failures: 2

Candidate 2: Accuracy = 0.7500, Failures = 2, Successes = 6

===================================================
Dataset: /home/shamim_ist/AgentBN/datasets/lung_cancer/combined_train_scenarios.csv
===================================================
Accuracy: 75.0 %
Total: 8
Successes: 6
Failures: 2

Candidate 3: Accuracy = 0.7500, Failures = 2, Successes = 6

========================================
BEST REFINEMENT CANDIDATE
========================================
Candidate 1
Accuracy: 0.7500
Failures: 2
Successes: 6

===================================================
Dataset: /home/shamim_ist/AgentBN/datasets/lung_cancer/combined_train_scenarios.csv
===================================================
Accuracy: 75.0 %
Total: 8
Successes: 6
Failures: 2
Removed 1 record(s) with bn_number=4
Valid response received on attempt 1.
Selected baseline BN: 1

===================================================
Dataset: /home/shamim_ist/AgentBN/datasets/lung_cancer/combined_train_scenarios.csv
===================================================
Accuracy: 75.0 %
Total: 8
Successes: 6
Failures: 2

Candidate 1: Accuracy = 0.7500, Failures = 2, Successes = 6

===================================================
Dataset: /home/shamim_ist/AgentBN/datasets/lung_cancer/combined_train_scenarios.csv
===================================================
Accuracy: 75.0 %
Total: 8
Successes: 6
Failures: 2

Candidate 2: Accuracy = 0.7500, Failures = 2, Successes = 6

===================================================
Dataset: /home/shamim_ist/AgentBN/datasets/lung_cancer/combined_train_scenarios.csv
===================================================
Accuracy: 75.0 %
Total: 8
Successes: 6
Failures: 2

Candidate 3: Accuracy = 0.7500, Failures = 2, Successes = 6

========================================
BEST REFINEMENT CANDIDATE
========================================
Candidate 1
Accuracy: 0.7500
Failures: 2
Successes: 6

===================================================
Dataset: /home/shamim_ist/AgentBN/datasets/lung_cancer/combined_train_scenarios.csv
===================================================
Accuracy: 75.0 %
Total: 8
Successes: 6
Failures: 2
Removed 1 record(s) with bn_number=4
Valid response received on attempt 1.
Selected baseline BN: 1

===================================================
Dataset: /home/shamim_ist/AgentBN/datasets/lung_cancer/combined_train_scenarios.csv
===================================================
Accuracy: 75.0 %
Total: 8
Successes: 6
Failures: 2

Candidate 1: Accuracy = 0.7500, Failures = 2, Successes = 6

===================================================
Dataset: /home/shamim_ist/AgentBN/datasets/lung_cancer/combined_train_scenarios.csv
===================================================
Accuracy: 75.0 %
Total: 8
Successes: 6
Failures: 2

Candidate 2: Accuracy = 0.7500, Failures = 2, Successes = 6

===================================================
Dataset: /home/shamim_ist/AgentBN/datasets/lung_cancer/combined_train_scenarios.csv
===================================================
Accuracy: 75.0 %
Total: 8
Successes: 6
Failures: 2

Candidate 3: Accuracy = 0.7500, Failures = 2, Successes = 6

========================================
BEST REFINEMENT CANDIDATE
========================================
Candidate 1
Accuracy: 0.7500
Failures: 2
Successes: 6

===================================================
Dataset: /home/shamim_ist/AgentBN/datasets/lung_cancer/combined_train_scenarios.csv
===================================================
Accuracy: 75.0 %
Total: 8
Successes: 6
Failures: 2

No improvement after 3 retries. Selecting best retry candidate (accuracy=75.00%).
Removed 1 record(s) with bn_number=4
Continuing with retry candidate (accuracy=75.00%).

===================================================
Dataset: /home/shamim_ist/AgentBN/datasets/lung_cancer/combined_train_scenarios.csv
===================================================
Accuracy: 75.0 %
Total: 8
Successes: 6
Failures: 2

===================================================
Dataset: /home/shamim_ist/AgentBN/datasets/lung_cancer/combined_train_scenarios.csv
===================================================
Accuracy: 87.5 %
Total: 8
Successes: 7
Failures: 1

===================================================
Dataset: /home/shamim_ist/AgentBN/datasets/lung_cancer/combined_train_scenarios.csv
===================================================
Accuracy: 75.0 %
Total: 8
Successes: 6
Failures: 2

===================================================
Dataset: /home/shamim_ist/AgentBN/datasets/lung_cancer/combined_train_scenarios.csv
===================================================
Accuracy: 75.0 %
Total: 8
Successes: 6
Failures: 2

===================================================
Dataset: /home/shamim_ist/AgentBN/datasets/lung_cancer/combined_train_scenarios.csv
===================================================
Accuracy: 75.0 %
Total: 8
Successes: 6
Failures: 2


Best BN Number: 1
Best BN Accuracy: 0.875
Saved CPT identity comparison to /home/shamim_ist/AgentBN/workspace/lung_cancer/cpt_comparison_analysis.json
BN number: 1
Agent change verdict: excellent
Expected changed CPTs: ['xray']
Agent changed CPTs: ['xray']
Unexpected changed CPTs: []
{'bn_number': 1, 'agent_changed_cpt_count': 1, 'agent_changed_cpts': ['xray'], 'agent_change_report': {'verdict': 'excellent', 'total_cpts': 8, 'expected_changed_count': 1, 'expected_changed_cpts': ['xray'], 'agent_changed_count': 1, 'agent_changed_cpts': ['xray'], 'matched_expected_count': 1, 'matched_expected_cpts': ['xray'], 'missed_expected_count': 0, 'missed_expected_cpts': [], 'unexpected_changed_count': 0, 'unexpected_changed_cpts': [], 'unflawed_cpt_count': 7, 'untouched_unflawed_count': 7, 'untouched_unflawed_cpts': ['asia', 'bronc', 'dysp', 'either', 'lung', 'smoke', 'tub'], 'expected_change_recall': 1.0, 'unexpected_change_rate': 0.0, 'unflawed_preservation_rate': 1.0}}
======================================================================
bronc                          0.01006776
  Column 0:
    Flawed : [0.5 0.5]
    Prop   : [0.5 0.5]
    GT     : [0.6 0.4]
----------------------------------------------------------------------
======================================================================
Overall Average CPT KL = 0.00201355
======================================================================
bronc                          RMSE = 0.07071068
  Column 0:
    Flawed : [0.5 0.5]
    Prop   : [0.5 0.5]
    GT     : [0.6 0.4]
----------------------------------------------------------------------
======================================================================
Overall CPT RMSE = 0.03162278
======================================================================
bronc                          Hellinger = 0.03558036
  Column 0:
    Flawed : [0.5 0.5]
    Prop   : [0.5 0.5]
    GT     : [0.6 0.4]
----------------------------------------------------------------------
======================================================================
Overall Average Hellinger = 0.00711607
###------------------------------###

Restart 1 finished.
###------------------------------###

==============================
PIPELINE RESTART #2
==============================
Cleared: /home/shamim_ist/AgentBN/workspace/lung_cancer/bn_analysis.json
Cleared: /home/shamim_ist/AgentBN/workspace/lung_cancer/last_proposed_bn.jsonl
Cleared: /home/shamim_ist/AgentBN/workspace/lung_cancer/dangerous_cpt_report.json
Cleared: /home/shamim_ist/AgentBN/workspace/lung_cancer/failure_parameter_statistics.json
Cleared: /home/shamim_ist/AgentBN/workspace/lung_cancer/diagnostic_report.json

===================================================
Dataset: /home/shamim_ist/AgentBN/datasets/lung_cancer/combined_train_scenarios.csv
===================================================
Accuracy: 75.0 %
Total: 8
Successes: 6
Failures: 2
Flawed BN Accuracy: 75.00%
Initial Acceptance Threshold: 82.50%

Initial Generation Attempt 0

Activation trace saved to /home/shamim_ist/AgentBN/workspace/lung_cancer/activation_trace.csv
Failure parameter statistics saved to '/home/shamim_ist/AgentBN/workspace/lung_cancer/failure_parameter_statistics.json'
Valid response received on attempt 1.
Valid response received on attempt 1.

===================================================

Accuracy: 75.00%

Workflow analysis for BN #0 stored in /home/shamim_ist/AgentBN/workspace/lung_cancer/bn_analysis.json
Valid response received on attempt 1.
Selected baseline BN: 0

===================================================
Dataset: /home/shamim_ist/AgentBN/datasets/lung_cancer/combined_train_scenarios.csv
===================================================
Accuracy: 75.0 %
Total: 8
Successes: 6
Failures: 2

Candidate 1: Accuracy = 0.7500, Failures = 2, Successes = 6

===================================================
Dataset: /home/shamim_ist/AgentBN/datasets/lung_cancer/combined_train_scenarios.csv
===================================================
Accuracy: 75.0 %
Total: 8
Successes: 6
Failures: 2

Candidate 2: Accuracy = 0.7500, Failures = 2, Successes = 6

===================================================
Dataset: /home/shamim_ist/AgentBN/datasets/lung_cancer/combined_train_scenarios.csv
===================================================
Accuracy: 75.0 %
Total: 8
Successes: 6
Failures: 2

Candidate 3: Accuracy = 0.7500, Failures = 2, Successes = 6

========================================
BEST REFINEMENT CANDIDATE
========================================
Candidate 1
Accuracy: 0.7500
Failures: 2
Successes: 6

===================================================
Dataset: /home/shamim_ist/AgentBN/datasets/lung_cancer/combined_train_scenarios.csv
===================================================
Accuracy: 75.0 %
Total: 8
Successes: 6
Failures: 2
Accuracy = 75.00%

Initial Generation Attempt 1
Removed workflow analysis for BN #0 from /home/shamim_ist/AgentBN/workspace/lung_cancer/bn_analysis.json

Activation trace saved to /home/shamim_ist/AgentBN/workspace/lung_cancer/activation_trace.csv
Failure parameter statistics saved to '/home/shamim_ist/AgentBN/workspace/lung_cancer/failure_parameter_statistics.json'
Valid response received on attempt 1.
Valid response received on attempt 1.

===================================================

Accuracy: 75.00%

Workflow analysis for BN #0 stored in /home/shamim_ist/AgentBN/workspace/lung_cancer/bn_analysis.json
Valid response received on attempt 1.
Selected baseline BN: 0

===================================================
Dataset: /home/shamim_ist/AgentBN/datasets/lung_cancer/combined_train_scenarios.csv
===================================================
Accuracy: 75.0 %
Total: 8
Successes: 6
Failures: 2

Candidate 1: Accuracy = 0.7500, Failures = 2, Successes = 6

===================================================
Dataset: /home/shamim_ist/AgentBN/datasets/lung_cancer/combined_train_scenarios.csv
===================================================
Accuracy: 75.0 %
Total: 8
Successes: 6
Failures: 2

Candidate 2: Accuracy = 0.7500, Failures = 2, Successes = 6

===================================================
Dataset: /home/shamim_ist/AgentBN/datasets/lung_cancer/combined_train_scenarios.csv
===================================================
Accuracy: 75.0 %
Total: 8
Successes: 6
Failures: 2

Candidate 3: Accuracy = 0.7500, Failures = 2, Successes = 6

========================================
BEST REFINEMENT CANDIDATE
========================================
Candidate 1
Accuracy: 0.7500
Failures: 2
Successes: 6

===================================================
Dataset: /home/shamim_ist/AgentBN/datasets/lung_cancer/combined_train_scenarios.csv
===================================================
Accuracy: 75.0 %
Total: 8
Successes: 6
Failures: 2
Accuracy = 75.00%

Initial Generation Attempt 2
Removed workflow analysis for BN #0 from /home/shamim_ist/AgentBN/workspace/lung_cancer/bn_analysis.json

Activation trace saved to /home/shamim_ist/AgentBN/workspace/lung_cancer/activation_trace.csv
Failure parameter statistics saved to '/home/shamim_ist/AgentBN/workspace/lung_cancer/failure_parameter_statistics.json'
Valid response received on attempt 1.
Valid response received on attempt 1.

===================================================

Accuracy: 75.00%

Workflow analysis for BN #0 stored in /home/shamim_ist/AgentBN/workspace/lung_cancer/bn_analysis.json
Valid response received on attempt 1.
Selected baseline BN: 0

===================================================
Dataset: /home/shamim_ist/AgentBN/datasets/lung_cancer/combined_train_scenarios.csv
===================================================
Accuracy: 75.0 %
Total: 8
Successes: 6
Failures: 2

Candidate 1: Accuracy = 0.7500, Failures = 2, Successes = 6

===================================================
Dataset: /home/shamim_ist/AgentBN/datasets/lung_cancer/combined_train_scenarios.csv
===================================================
Accuracy: 75.0 %
Total: 8
Successes: 6
Failures: 2

Candidate 2: Accuracy = 0.7500, Failures = 2, Successes = 6

===================================================
Dataset: /home/shamim_ist/AgentBN/datasets/lung_cancer/combined_train_scenarios.csv
===================================================
Accuracy: 75.0 %
Total: 8
Successes: 6
Failures: 2

Candidate 3: Accuracy = 0.7500, Failures = 2, Successes = 6

========================================
BEST REFINEMENT CANDIDATE
========================================
Candidate 1
Accuracy: 0.7500
Failures: 2
Successes: 6

===================================================
Dataset: /home/shamim_ist/AgentBN/datasets/lung_cancer/combined_train_scenarios.csv
===================================================
Accuracy: 75.0 %
Total: 8
Successes: 6
Failures: 2
Accuracy = 75.00%
Threshold (82.50%) not reached after 3 attempts. Using best generated BN (75.00%).
Removed workflow analysis for BN #0 from /home/shamim_ist/AgentBN/workspace/lung_cancer/bn_analysis.json

Initial BN generated

===== ITERATION 2 =====

===================================================
Dataset: /home/shamim_ist/AgentBN/datasets/lung_cancer/combined_train_scenarios.csv
===================================================
Accuracy: 75.0 %
Total: 8
Successes: 6
Failures: 2

Activation trace saved to /home/shamim_ist/AgentBN/workspace/lung_cancer/activation_trace.csv
Failure parameter statistics saved to '/home/shamim_ist/AgentBN/workspace/lung_cancer/failure_parameter_statistics.json'
Valid response received on attempt 1.
Valid response received on attempt 1.

===================================================

Accuracy: 75.00%

Workflow analysis for BN #1 stored in /home/shamim_ist/AgentBN/workspace/lung_cancer/bn_analysis.json
Valid response received on attempt 1.
Selected baseline BN: 1

===================================================
Dataset: /home/shamim_ist/AgentBN/datasets/lung_cancer/combined_train_scenarios.csv
===================================================
Accuracy: 75.0 %
Total: 8
Successes: 6
Failures: 2

Candidate 1: Accuracy = 0.7500, Failures = 2, Successes = 6

===================================================
Dataset: /home/shamim_ist/AgentBN/datasets/lung_cancer/combined_train_scenarios.csv
===================================================
Accuracy: 100.0 %
Total: 8
Successes: 8
Failures: 0

No failures!

Candidate 2: Accuracy = 1.0000, Failures = 0, Successes = 8

===================================================
Dataset: /home/shamim_ist/AgentBN/datasets/lung_cancer/combined_train_scenarios.csv
===================================================
Accuracy: 100.0 %
Total: 8
Successes: 8
Failures: 0

No failures!

Candidate 3: Accuracy = 1.0000, Failures = 0, Successes = 8

========================================
BEST REFINEMENT CANDIDATE
========================================
Candidate 2
Accuracy: 1.0000
Failures: 0
Successes: 8

===================================================
Dataset: /home/shamim_ist/AgentBN/datasets/lung_cancer/combined_train_scenarios.csv
===================================================
Accuracy: 100.0 %
Total: 8
Successes: 8
Failures: 0

No failures!

Reached 100.00% accuracy. Stopping refinement.

===================================================
Dataset: /home/shamim_ist/AgentBN/datasets/lung_cancer/combined_train_scenarios.csv
===================================================
Accuracy: 75.0 %
Total: 8
Successes: 6
Failures: 2

===================================================
Dataset: /home/shamim_ist/AgentBN/datasets/lung_cancer/combined_train_scenarios.csv
===================================================
Accuracy: 75.0 %
Total: 8
Successes: 6
Failures: 2

===================================================
Dataset: /home/shamim_ist/AgentBN/datasets/lung_cancer/combined_train_scenarios.csv
===================================================
Accuracy: 100.0 %
Total: 8
Successes: 8
Failures: 0

No failures!


Best BN Number: 2
Best BN Accuracy: 1.0
Saved CPT identity comparison to /home/shamim_ist/AgentBN/workspace/lung_cancer/cpt_comparison_analysis.json
BN number: 2
Agent change verdict: very_good
Expected changed CPTs: ['xray']
Agent changed CPTs: ['either', 'xray']
Unexpected changed CPTs: ['either']
{'bn_number': 2, 'agent_changed_cpt_count': 2, 'agent_changed_cpts': ['either', 'xray'], 'agent_change_report': {'verdict': 'very_good', 'total_cpts': 8, 'expected_changed_count': 1, 'expected_changed_cpts': ['xray'], 'agent_changed_count': 2, 'agent_changed_cpts': ['either', 'xray'], 'matched_expected_count': 1, 'matched_expected_cpts': ['xray'], 'missed_expected_count': 0, 'missed_expected_cpts': [], 'unexpected_changed_count': 1, 'unexpected_changed_cpts': ['either'], 'unflawed_cpt_count': 7, 'untouched_unflawed_count': 6, 'untouched_unflawed_cpts': ['asia', 'bronc', 'dysp', 'lung', 'smoke', 'tub'], 'expected_change_recall': 1.0, 'unexpected_change_rate': 0.1429, 'unflawed_preservation_rate': 0.8571}}
======================================================================
bronc                          0.01006776
  Column 0:
    Flawed : [0.5 0.5]
    Prop   : [0.5 0.5]
    GT     : [0.6 0.4]
----------------------------------------------------------------------
either                         0.02634013
  Column 3:
    Flawed : [0. 1.]
    Prop   : [0.1 0.9]
    GT     : [0. 1.]
----------------------------------------------------------------------
======================================================================
Overall Average CPT KL = 0.01254960
======================================================================
bronc                          RMSE = 0.07071068
  Column 0:
    Flawed : [0.5 0.5]
    Prop   : [0.5 0.5]
    GT     : [0.6 0.4]
----------------------------------------------------------------------
either                         RMSE = 0.05000000
  Column 3:
    Flawed : [0. 1.]
    Prop   : [0.1 0.9]
    GT     : [0. 1.]
----------------------------------------------------------------------
======================================================================
Overall CPT RMSE = 0.04472136
======================================================================
bronc                          Hellinger = 0.03558036
  Column 0:
    Flawed : [0.5 0.5]
    Prop   : [0.5 0.5]
    GT     : [0.6 0.4]
----------------------------------------------------------------------
either                         Hellinger = 0.05663298
  Column 3:
    Flawed : [0. 1.]
    Prop   : [0.1 0.9]
    GT     : [0. 1.]
----------------------------------------------------------------------
======================================================================
Overall Average Hellinger = 0.02976926
###------------------------------###

Restart 2 finished.
###------------------------------###
Restart: 0
BN keys: dict_keys(['edges', 'nodes'])
Evaluating restart 0

===================================================
Dataset: /home/shamim_ist/AgentBN/datasets/lung_cancer/combined_test_scenarios.csv
===================================================
Accuracy: 100.0 %
Total: 3
Successes: 3
Failures: 0

No failures!
Restart: 1
BN keys: dict_keys(['edges', 'nodes'])
Evaluating restart 1

===================================================
Dataset: /home/shamim_ist/AgentBN/datasets/lung_cancer/combined_test_scenarios.csv
===================================================
Accuracy: 66.67 %
Total: 3
Successes: 2
Failures: 1
Restart: 2
BN keys: dict_keys(['edges', 'nodes'])
Evaluating restart 2

===================================================
Dataset: /home/shamim_ist/AgentBN/datasets/lung_cancer/combined_test_scenarios.csv
===================================================
Accuracy: 100.0 %
Total: 3
Successes: 3
Failures: 0

No failures!

===================================
BEST RESTART
===================================
Restart: 0
Accuracy: 1.0
Failures: 0
Saved CPT identity comparison to /home/shamim_ist/AgentBN/workspace/lung_cancer/cpt_comparison_analysis.json
BN number: None
Agent change verdict: poor
Expected changed CPTs: ['xray']
Agent changed CPTs: ['either']
Unexpected changed CPTs: ['either']
{'bn_number': None, 'agent_changed_cpt_count': 1, 'agent_changed_cpts': ['either'], 'agent_change_report': {'verdict': 'poor', 'total_cpts': 8, 'expected_changed_count': 1, 'expected_changed_cpts': ['xray'], 'agent_changed_count': 1, 'agent_changed_cpts': ['either'], 'matched_expected_count': 0, 'matched_expected_cpts': [], 'missed_expected_count': 1, 'missed_expected_cpts': ['xray'], 'unexpected_changed_count': 1, 'unexpected_changed_cpts': ['either'], 'unflawed_cpt_count': 7, 'untouched_unflawed_count': 6, 'untouched_unflawed_cpts': ['asia', 'bronc', 'dysp', 'lung', 'smoke', 'tub'], 'expected_change_recall': 0.0, 'unexpected_change_rate': 0.1429, 'unflawed_preservation_rate': 0.8571}}
======================================================================
bronc                          0.01006776
  Column 0:
    Flawed : [0.5 0.5]
    Prop   : [0.5 0.5]
    GT     : [0.6 0.4]
----------------------------------------------------------------------
either                         0.04062973
  Column 3:
    Flawed : [0. 1.]
    Prop   : [0.15 0.85]
    GT     : [0. 1.]
----------------------------------------------------------------------
======================================================================
Overall Average CPT KL = 0.01826544
======================================================================
bronc                          RMSE = 0.07071068
  Column 0:
    Flawed : [0.5 0.5]
    Prop   : [0.5 0.5]
    GT     : [0.6 0.4]
----------------------------------------------------------------------
either                         RMSE = 0.07500000
  Column 3:
    Flawed : [0. 1.]
    Prop   : [0.15 0.85]
    GT     : [0. 1.]
----------------------------------------------------------------------
======================================================================
Overall CPT RMSE = 0.05700877
======================================================================
bronc                          Hellinger = 0.03558036
  Column 0:
    Flawed : [0.5 0.5]
    Prop   : [0.5 0.5]
    GT     : [0.6 0.4]
----------------------------------------------------------------------
either                         Hellinger = 0.06984159
  Column 3:
    Flawed : [0. 1.]
    Prop   : [0.15 0.85]
    GT     : [0. 1.]
----------------------------------------------------------------------
======================================================================
Overall Average Hellinger = 0.03505271
###------------------------------###

Pipeline finished.
###------------------------------###
