Cleared: /home/shamim_ist/AgentBN/workspace/alarm/bn_analysis.json
Cleared: /home/shamim_ist/AgentBN/workspace/alarm/last_proposed_bn.jsonl
Cleared: /home/shamim_ist/AgentBN/workspace/alarm/dangerous_cpt_report.json
Cleared: /home/shamim_ist/AgentBN/workspace/alarm/failure_parameter_statistics.json
Cleared: /home/shamim_ist/AgentBN/workspace/alarm/restart_final_bns.jsonl
Cleared: /home/shamim_ist/AgentBN/workspace/alarm/restart_bn_analysis.jsonl

==============================
PIPELINE RESTART #0
==============================
Cleared: /home/shamim_ist/AgentBN/workspace/alarm/bn_analysis.json
Cleared: /home/shamim_ist/AgentBN/workspace/alarm/last_proposed_bn.jsonl
Cleared: /home/shamim_ist/AgentBN/workspace/alarm/dangerous_cpt_report.json
Cleared: /home/shamim_ist/AgentBN/workspace/alarm/failure_parameter_statistics.json

===================================================
Dataset: /home/shamim_ist/AgentBN/datasets/alarm/combined_train_scenarios.csv
===================================================
Accuracy: 81.29 %
Total: 294
Successes: 239
Failures: 55
Flawed BN Accuracy: 81.29%
Initial Acceptance Threshold: 86.90%

Initial Generation Attempt 0

Activation trace saved to /home/shamim_ist/AgentBN/workspace/alarm/activation_trace.csv
Failure parameter statistics saved to '/home/shamim_ist/AgentBN/workspace/alarm/failure_parameter_statistics.json'
Valid response received on attempt 1.
Valid response received on attempt 1.

===================================================

Accuracy: 81.29%

Workflow analysis for BN #0 stored in /home/shamim_ist/AgentBN/workspace/alarm/bn_analysis.json
Valid response received on attempt 1.
Selected baseline BN: 0

===================================================
Dataset: /home/shamim_ist/AgentBN/datasets/alarm/combined_train_scenarios.csv
===================================================
Accuracy: 87.41 %
Total: 294
Successes: 257
Failures: 37

Candidate 1: Accuracy = 0.8741, Failures = 37, Successes = 257

===================================================
Dataset: /home/shamim_ist/AgentBN/datasets/alarm/combined_train_scenarios.csv
===================================================
Accuracy: 87.41 %
Total: 294
Successes: 257
Failures: 37

Candidate 2: Accuracy = 0.8741, Failures = 37, Successes = 257

===================================================
Dataset: /home/shamim_ist/AgentBN/datasets/alarm/combined_train_scenarios.csv
===================================================
Accuracy: 86.39 %
Total: 294
Successes: 254
Failures: 40

Candidate 3: Accuracy = 0.8639, Failures = 40, Successes = 254

========================================
BEST REFINEMENT CANDIDATE
========================================
Candidate 1
Accuracy: 0.8741
Failures: 37
Successes: 257

===================================================
Dataset: /home/shamim_ist/AgentBN/datasets/alarm/combined_train_scenarios.csv
===================================================
Accuracy: 87.41 %
Total: 294
Successes: 257
Failures: 37
Accuracy = 87.41%
Initial BN accepted.
Accepted initial BN (87.41%).
Removed workflow analysis for BN #0 from /home/shamim_ist/AgentBN/workspace/alarm/bn_analysis.json

Initial BN generated

===== ITERATION 2 =====

===================================================
Dataset: /home/shamim_ist/AgentBN/datasets/alarm/combined_train_scenarios.csv
===================================================
Accuracy: 87.41 %
Total: 294
Successes: 257
Failures: 37

Activation trace saved to /home/shamim_ist/AgentBN/workspace/alarm/activation_trace.csv
Failure parameter statistics saved to '/home/shamim_ist/AgentBN/workspace/alarm/failure_parameter_statistics.json'
Valid response received on attempt 1.
Valid response received on attempt 1.

===================================================

Accuracy: 87.41%

Workflow analysis for BN #1 stored in /home/shamim_ist/AgentBN/workspace/alarm/bn_analysis.json
Valid response received on attempt 1.
Selected baseline BN: 1

===================================================
Dataset: /home/shamim_ist/AgentBN/datasets/alarm/combined_train_scenarios.csv
===================================================
Accuracy: 87.41 %
Total: 294
Successes: 257
Failures: 37

Candidate 1: Accuracy = 0.8741, Failures = 37, Successes = 257

===================================================
Dataset: /home/shamim_ist/AgentBN/datasets/alarm/combined_train_scenarios.csv
===================================================
Accuracy: 87.41 %
Total: 294
Successes: 257
Failures: 37

Candidate 2: Accuracy = 0.8741, Failures = 37, Successes = 257

===================================================
Dataset: /home/shamim_ist/AgentBN/datasets/alarm/combined_train_scenarios.csv
===================================================
Accuracy: 87.41 %
Total: 294
Successes: 257
Failures: 37

Candidate 3: Accuracy = 0.8741, Failures = 37, Successes = 257

========================================
BEST REFINEMENT CANDIDATE
========================================
Candidate 1
Accuracy: 0.8741
Failures: 37
Successes: 257

===================================================
Dataset: /home/shamim_ist/AgentBN/datasets/alarm/combined_train_scenarios.csv
===================================================
Accuracy: 87.41 %
Total: 294
Successes: 257
Failures: 37

Accuracy did not improve. Need improvement from 87.41% 
Removed 1 record(s) with bn_number=2
[Format Retry 1/3] Expecting ',' delimiter: line 169 column 13 (char 3394)
Valid response received on attempt 2.
Selected baseline BN: 1

===================================================
Dataset: /home/shamim_ist/AgentBN/datasets/alarm/combined_train_scenarios.csv
===================================================
Accuracy: 87.41 %
Total: 294
Successes: 257
Failures: 37

Candidate 1: Accuracy = 0.8741, Failures = 37, Successes = 257

===================================================
Dataset: /home/shamim_ist/AgentBN/datasets/alarm/combined_train_scenarios.csv
===================================================
Accuracy: 87.41 %
Total: 294
Successes: 257
Failures: 37

Candidate 2: Accuracy = 0.8741, Failures = 37, Successes = 257

===================================================
Dataset: /home/shamim_ist/AgentBN/datasets/alarm/combined_train_scenarios.csv
===================================================
Accuracy: 88.1 %
Total: 294
Successes: 259
Failures: 35

Candidate 3: Accuracy = 0.8810, Failures = 35, Successes = 259

========================================
BEST REFINEMENT CANDIDATE
========================================
Candidate 3
Accuracy: 0.8810
Failures: 35
Successes: 259

===================================================
Dataset: /home/shamim_ist/AgentBN/datasets/alarm/combined_train_scenarios.csv
===================================================
Accuracy: 88.1 %
Total: 294
Successes: 259
Failures: 35

Accuracy improved from 87.41% to 88.10%.

===== ITERATION 3 =====

===================================================
Dataset: /home/shamim_ist/AgentBN/datasets/alarm/combined_train_scenarios.csv
===================================================
Accuracy: 88.1 %
Total: 294
Successes: 259
Failures: 35

Activation trace saved to /home/shamim_ist/AgentBN/workspace/alarm/activation_trace.csv
Failure parameter statistics saved to '/home/shamim_ist/AgentBN/workspace/alarm/failure_parameter_statistics.json'
Valid response received on attempt 1.
Valid response received on attempt 1.

===================================================

Accuracy: 88.10%

Workflow analysis for BN #2 stored in /home/shamim_ist/AgentBN/workspace/alarm/bn_analysis.json
Valid response received on attempt 1.
Selected baseline BN: 2

===================================================
Dataset: /home/shamim_ist/AgentBN/datasets/alarm/combined_train_scenarios.csv
===================================================
Accuracy: 99.32 %
Total: 294
Successes: 292
Failures: 2

Candidate 1: Accuracy = 0.9932, Failures = 2, Successes = 292

===================================================
Dataset: /home/shamim_ist/AgentBN/datasets/alarm/combined_train_scenarios.csv
===================================================
Accuracy: 96.26 %
Total: 294
Successes: 283
Failures: 11

Candidate 2: Accuracy = 0.9626, Failures = 11, Successes = 283

===================================================
Dataset: /home/shamim_ist/AgentBN/datasets/alarm/combined_train_scenarios.csv
===================================================
Accuracy: 87.41 %
Total: 294
Successes: 257
Failures: 37

Candidate 3: Accuracy = 0.8741, Failures = 37, Successes = 257

========================================
BEST REFINEMENT CANDIDATE
========================================
Candidate 1
Accuracy: 0.9932
Failures: 2
Successes: 292

===================================================
Dataset: /home/shamim_ist/AgentBN/datasets/alarm/combined_train_scenarios.csv
===================================================
Accuracy: 99.32 %
Total: 294
Successes: 292
Failures: 2

Reached 99.32% accuracy. Stopping refinement.

===================================================
Dataset: /home/shamim_ist/AgentBN/datasets/alarm/combined_train_scenarios.csv
===================================================
Accuracy: 81.29 %
Total: 294
Successes: 239
Failures: 55

===================================================
Dataset: /home/shamim_ist/AgentBN/datasets/alarm/combined_train_scenarios.csv
===================================================
Accuracy: 87.41 %
Total: 294
Successes: 257
Failures: 37

===================================================
Dataset: /home/shamim_ist/AgentBN/datasets/alarm/combined_train_scenarios.csv
===================================================
Accuracy: 88.1 %
Total: 294
Successes: 259
Failures: 35

===================================================
Dataset: /home/shamim_ist/AgentBN/datasets/alarm/combined_train_scenarios.csv
===================================================
Accuracy: 99.32 %
Total: 294
Successes: 292
Failures: 2


Best BN Number: 3
Best BN Accuracy: 0.9931972789115646
Saved CPT identity comparison to /home/shamim_ist/AgentBN/workspace/alarm/cpt_comparison_analysis.json
BN number: 3
Agent change verdict: good
Expected changed CPTs: ['HYPOVOLEMIA', 'LVEDVOLUME']
Agent changed CPTs: ['BP', 'LVEDVOLUME']
Unexpected changed CPTs: ['BP']
{'bn_number': 3, 'agent_changed_cpt_count': 2, 'agent_changed_cpts': ['BP', 'LVEDVOLUME'], 'agent_change_report': {'verdict': 'good', 'total_cpts': 37, 'expected_changed_count': 2, 'expected_changed_cpts': ['HYPOVOLEMIA', 'LVEDVOLUME'], 'agent_changed_count': 2, 'agent_changed_cpts': ['BP', 'LVEDVOLUME'], 'matched_expected_count': 1, 'matched_expected_cpts': ['LVEDVOLUME'], 'missed_expected_count': 1, 'missed_expected_cpts': ['HYPOVOLEMIA'], 'unexpected_changed_count': 1, 'unexpected_changed_cpts': ['BP'], 'unflawed_cpt_count': 35, 'untouched_unflawed_count': 34, 'untouched_unflawed_cpts': ['ANAPHYLAXIS', 'ARTCO2', 'CATECHOL', 'CO', 'CVP', 'DISCONNECT', 'ERRCAUTER', 'ERRLOWOUTPUT', 'EXPCO2', 'FIO2', 'HISTORY', 'HR', 'HRBP', 'HREKG', 'HRSAT', 'INSUFFANESTH', 'INTUBATION', 'KINKEDTUBE', 'LVFAILURE', 'MINVOL', 'MINVOLSET', 'PAP', 'PCWP', 'PRESS', 'PULMEMBOLUS', 'PVSAT', 'SAO2', 'SHUNT', 'STROKEVOLUME', 'TPR', 'VENTALV', 'VENTLUNG', 'VENTMACH', 'VENTTUBE'], 'expected_change_recall': 0.5, 'unexpected_change_rate': 0.0286, 'unflawed_preservation_rate': 0.9714}}
======================================================================
HYPOVOLEMIA                    0.07144859
  Column 0:
    Flawed : [0.08 0.92]
    Prop   : [0.08 0.92]
    GT     : [0.2 0.8]
----------------------------------------------------------------------
LVEDVOLUME                     0.55797761
  Column 0:
    Flawed : [0.65 0.33 0.02]
    Prop   : [0.65 0.33 0.02]
    GT     : [0.95 0.04 0.01]
  Column 2:
    Flawed : [0.68 0.3  0.02]
    Prop   : [0.68 0.3  0.02]
    GT     : [0.98 0.01 0.01]
  Column 3:
    Flawed : [0.05 0.9  0.05]
    Prop   : [0.85 0.13 0.02]
    GT     : [0.05 0.9  0.05]
----------------------------------------------------------------------
======================================================================
Overall Average CPT KL = 0.01163313
======================================================================
HYPOVOLEMIA                    RMSE = 0.12000000
  Column 0:
    Flawed : [0.08 0.92]
    Prop   : [0.08 0.92]
    GT     : [0.2 0.8]
----------------------------------------------------------------------
LVEDVOLUME                     RMSE = 0.36311155
  Column 0:
    Flawed : [0.65 0.33 0.02]
    Prop   : [0.65 0.33 0.02]
    GT     : [0.95 0.04 0.01]
  Column 2:
    Flawed : [0.68 0.3  0.02]
    Prop   : [0.68 0.3  0.02]
    GT     : [0.98 0.01 0.01]
  Column 3:
    Flawed : [0.05 0.9  0.05]
    Prop   : [0.85 0.13 0.02]
    GT     : [0.05 0.9  0.05]
----------------------------------------------------------------------
======================================================================
Overall CPT RMSE = 0.05160242
======================================================================
HYPOVOLEMIA                    Hellinger = 0.12491785
  Column 0:
    Flawed : [0.08 0.92]
    Prop   : [0.08 0.92]
    GT     : [0.2 0.8]
----------------------------------------------------------------------
LVEDVOLUME                     Hellinger = 0.31969225
  Column 0:
    Flawed : [0.65 0.33 0.02]
    Prop   : [0.65 0.33 0.02]
    GT     : [0.95 0.04 0.01]
  Column 2:
    Flawed : [0.68 0.3  0.02]
    Prop   : [0.68 0.3  0.02]
    GT     : [0.98 0.01 0.01]
  Column 3:
    Flawed : [0.05 0.9  0.05]
    Prop   : [0.85 0.13 0.02]
    GT     : [0.05 0.9  0.05]
----------------------------------------------------------------------
======================================================================
Overall Average Hellinger = 0.00708933
###------------------------------###

Restart 0 finished.
###------------------------------###

==============================
PIPELINE RESTART #1
==============================
Cleared: /home/shamim_ist/AgentBN/workspace/alarm/bn_analysis.json
Cleared: /home/shamim_ist/AgentBN/workspace/alarm/last_proposed_bn.jsonl
Cleared: /home/shamim_ist/AgentBN/workspace/alarm/dangerous_cpt_report.json
Cleared: /home/shamim_ist/AgentBN/workspace/alarm/failure_parameter_statistics.json

===================================================
Dataset: /home/shamim_ist/AgentBN/datasets/alarm/combined_train_scenarios.csv
===================================================
Accuracy: 81.29 %
Total: 294
Successes: 239
Failures: 55
Flawed BN Accuracy: 81.29%
Initial Acceptance Threshold: 86.90%

Initial Generation Attempt 0

Activation trace saved to /home/shamim_ist/AgentBN/workspace/alarm/activation_trace.csv
Failure parameter statistics saved to '/home/shamim_ist/AgentBN/workspace/alarm/failure_parameter_statistics.json'
Valid response received on attempt 1.
Valid response received on attempt 1.

===================================================

Accuracy: 81.29%

Workflow analysis for BN #0 stored in /home/shamim_ist/AgentBN/workspace/alarm/bn_analysis.json
Valid response received on attempt 1.
Selected baseline BN: 0

===================================================
Dataset: /home/shamim_ist/AgentBN/datasets/alarm/combined_train_scenarios.csv
===================================================
Accuracy: 80.95 %
Total: 294
Successes: 238
Failures: 56

Candidate 1: Accuracy = 0.8095, Failures = 56, Successes = 238

===================================================
Dataset: /home/shamim_ist/AgentBN/datasets/alarm/combined_train_scenarios.csv
===================================================
Accuracy: 84.35 %
Total: 294
Successes: 248
Failures: 46

Candidate 2: Accuracy = 0.8435, Failures = 46, Successes = 248

===================================================
Dataset: /home/shamim_ist/AgentBN/datasets/alarm/combined_train_scenarios.csv
===================================================
Accuracy: 80.95 %
Total: 294
Successes: 238
Failures: 56

Candidate 3: Accuracy = 0.8095, Failures = 56, Successes = 238

========================================
BEST REFINEMENT CANDIDATE
========================================
Candidate 2
Accuracy: 0.8435
Failures: 46
Successes: 248

===================================================
Dataset: /home/shamim_ist/AgentBN/datasets/alarm/combined_train_scenarios.csv
===================================================
Accuracy: 84.35 %
Total: 294
Successes: 248
Failures: 46
Accuracy = 84.35%

Initial Generation Attempt 1
Removed workflow analysis for BN #0 from /home/shamim_ist/AgentBN/workspace/alarm/bn_analysis.json

Activation trace saved to /home/shamim_ist/AgentBN/workspace/alarm/activation_trace.csv
Failure parameter statistics saved to '/home/shamim_ist/AgentBN/workspace/alarm/failure_parameter_statistics.json'
Valid response received on attempt 1.
Valid response received on attempt 1.

===================================================

Accuracy: 81.29%

Workflow analysis for BN #0 stored in /home/shamim_ist/AgentBN/workspace/alarm/bn_analysis.json
Valid response received on attempt 1.
Selected baseline BN: 0

===================================================
Dataset: /home/shamim_ist/AgentBN/datasets/alarm/combined_train_scenarios.csv
===================================================
Accuracy: 80.95 %
Total: 294
Successes: 238
Failures: 56

Candidate 1: Accuracy = 0.8095, Failures = 56, Successes = 238

===================================================
Dataset: /home/shamim_ist/AgentBN/datasets/alarm/combined_train_scenarios.csv
===================================================
Accuracy: 81.29 %
Total: 294
Successes: 239
Failures: 55

Candidate 2: Accuracy = 0.8129, Failures = 55, Successes = 239

===================================================
Dataset: /home/shamim_ist/AgentBN/datasets/alarm/combined_train_scenarios.csv
===================================================
Accuracy: 80.95 %
Total: 294
Successes: 238
Failures: 56

Candidate 3: Accuracy = 0.8095, Failures = 56, Successes = 238

========================================
BEST REFINEMENT CANDIDATE
========================================
Candidate 2
Accuracy: 0.8129
Failures: 55
Successes: 239

===================================================
Dataset: /home/shamim_ist/AgentBN/datasets/alarm/combined_train_scenarios.csv
===================================================
Accuracy: 81.29 %
Total: 294
Successes: 239
Failures: 55
Accuracy = 81.29%

Initial Generation Attempt 2
Removed workflow analysis for BN #0 from /home/shamim_ist/AgentBN/workspace/alarm/bn_analysis.json

Activation trace saved to /home/shamim_ist/AgentBN/workspace/alarm/activation_trace.csv
Failure parameter statistics saved to '/home/shamim_ist/AgentBN/workspace/alarm/failure_parameter_statistics.json'
Valid response received on attempt 1.
Valid response received on attempt 1.

===================================================

Accuracy: 81.29%

Workflow analysis for BN #0 stored in /home/shamim_ist/AgentBN/workspace/alarm/bn_analysis.json
Valid response received on attempt 1.
Selected baseline BN: 0

===================================================
Dataset: /home/shamim_ist/AgentBN/datasets/alarm/combined_train_scenarios.csv
===================================================
Accuracy: 80.95 %
Total: 294
Successes: 238
Failures: 56

Candidate 1: Accuracy = 0.8095, Failures = 56, Successes = 238

===================================================
Dataset: /home/shamim_ist/AgentBN/datasets/alarm/combined_train_scenarios.csv
===================================================
Accuracy: 81.29 %
Total: 294
Successes: 239
Failures: 55

Candidate 2: Accuracy = 0.8129, Failures = 55, Successes = 239

===================================================
Dataset: /home/shamim_ist/AgentBN/datasets/alarm/combined_train_scenarios.csv
===================================================
Accuracy: 80.95 %
Total: 294
Successes: 238
Failures: 56

Candidate 3: Accuracy = 0.8095, Failures = 56, Successes = 238

========================================
BEST REFINEMENT CANDIDATE
========================================
Candidate 2
Accuracy: 0.8129
Failures: 55
Successes: 239

===================================================
Dataset: /home/shamim_ist/AgentBN/datasets/alarm/combined_train_scenarios.csv
===================================================
Accuracy: 81.29 %
Total: 294
Successes: 239
Failures: 55
Accuracy = 81.29%
Threshold (86.90%) not reached after 3 attempts. Using best generated BN (84.35%).
Removed workflow analysis for BN #0 from /home/shamim_ist/AgentBN/workspace/alarm/bn_analysis.json

Initial BN generated

===== ITERATION 2 =====

===================================================
Dataset: /home/shamim_ist/AgentBN/datasets/alarm/combined_train_scenarios.csv
===================================================
Accuracy: 84.35 %
Total: 294
Successes: 248
Failures: 46

Activation trace saved to /home/shamim_ist/AgentBN/workspace/alarm/activation_trace.csv
Failure parameter statistics saved to '/home/shamim_ist/AgentBN/workspace/alarm/failure_parameter_statistics.json'
Valid response received on attempt 1.
Valid response received on attempt 1.

===================================================

Accuracy: 84.35%

Workflow analysis for BN #1 stored in /home/shamim_ist/AgentBN/workspace/alarm/bn_analysis.json
Valid response received on attempt 1.
Selected baseline BN: 1

===================================================
Dataset: /home/shamim_ist/AgentBN/datasets/alarm/combined_train_scenarios.csv
===================================================
Accuracy: 83.67 %
Total: 294
Successes: 246
Failures: 48

Candidate 1: Accuracy = 0.8367, Failures = 48, Successes = 246

===================================================
Dataset: /home/shamim_ist/AgentBN/datasets/alarm/combined_train_scenarios.csv
===================================================
Accuracy: 83.67 %
Total: 294
Successes: 246
Failures: 48

Candidate 2: Accuracy = 0.8367, Failures = 48, Successes = 246

===================================================
Dataset: /home/shamim_ist/AgentBN/datasets/alarm/combined_train_scenarios.csv
===================================================
Accuracy: 83.33 %
Total: 294
Successes: 245
Failures: 49

Candidate 3: Accuracy = 0.8333, Failures = 49, Successes = 245

========================================
BEST REFINEMENT CANDIDATE
========================================
Candidate 1
Accuracy: 0.8367
Failures: 48
Successes: 246

===================================================
Dataset: /home/shamim_ist/AgentBN/datasets/alarm/combined_train_scenarios.csv
===================================================
Accuracy: 83.67 %
Total: 294
Successes: 246
Failures: 48

Accuracy did not improve. Need improvement from 84.35% 
Removed 1 record(s) with bn_number=2
Valid response received on attempt 1.
Selected baseline BN: 1

===================================================
Dataset: /home/shamim_ist/AgentBN/datasets/alarm/combined_train_scenarios.csv
===================================================
Accuracy: 83.67 %
Total: 294
Successes: 246
Failures: 48

Candidate 1: Accuracy = 0.8367, Failures = 48, Successes = 246

===================================================
Dataset: /home/shamim_ist/AgentBN/datasets/alarm/combined_train_scenarios.csv
===================================================
Accuracy: 82.99 %
Total: 294
Successes: 244
Failures: 50

Candidate 2: Accuracy = 0.8299, Failures = 50, Successes = 244

===================================================
Dataset: /home/shamim_ist/AgentBN/datasets/alarm/combined_train_scenarios.csv
===================================================
Accuracy: 83.67 %
Total: 294
Successes: 246
Failures: 48

Candidate 3: Accuracy = 0.8367, Failures = 48, Successes = 246

========================================
BEST REFINEMENT CANDIDATE
========================================
Candidate 1
Accuracy: 0.8367
Failures: 48
Successes: 246

===================================================
Dataset: /home/shamim_ist/AgentBN/datasets/alarm/combined_train_scenarios.csv
===================================================
Accuracy: 83.67 %
Total: 294
Successes: 246
Failures: 48
Removed 1 record(s) with bn_number=2
Valid response received on attempt 1.
Selected baseline BN: 1

===================================================
Dataset: /home/shamim_ist/AgentBN/datasets/alarm/combined_train_scenarios.csv
===================================================
Accuracy: 83.67 %
Total: 294
Successes: 246
Failures: 48

Candidate 1: Accuracy = 0.8367, Failures = 48, Successes = 246

===================================================
Dataset: /home/shamim_ist/AgentBN/datasets/alarm/combined_train_scenarios.csv
===================================================
Accuracy: 81.63 %
Total: 294
Successes: 240
Failures: 54

Candidate 2: Accuracy = 0.8163, Failures = 54, Successes = 240

===================================================
Dataset: /home/shamim_ist/AgentBN/datasets/alarm/combined_train_scenarios.csv
===================================================
Accuracy: 82.31 %
Total: 294
Successes: 242
Failures: 52

Candidate 3: Accuracy = 0.8231, Failures = 52, Successes = 242

========================================
BEST REFINEMENT CANDIDATE
========================================
Candidate 1
Accuracy: 0.8367
Failures: 48
Successes: 246

===================================================
Dataset: /home/shamim_ist/AgentBN/datasets/alarm/combined_train_scenarios.csv
===================================================
Accuracy: 83.67 %
Total: 294
Successes: 246
Failures: 48
Removed 1 record(s) with bn_number=2
Valid response received on attempt 1.
Selected baseline BN: 1

===================================================
Dataset: /home/shamim_ist/AgentBN/datasets/alarm/combined_train_scenarios.csv
===================================================
Accuracy: 83.67 %
Total: 294
Successes: 246
Failures: 48

Candidate 1: Accuracy = 0.8367, Failures = 48, Successes = 246

===================================================
Dataset: /home/shamim_ist/AgentBN/datasets/alarm/combined_train_scenarios.csv
===================================================
Accuracy: 83.67 %
Total: 294
Successes: 246
Failures: 48

Candidate 2: Accuracy = 0.8367, Failures = 48, Successes = 246

===================================================
Dataset: /home/shamim_ist/AgentBN/datasets/alarm/combined_train_scenarios.csv
===================================================
Accuracy: 83.67 %
Total: 294
Successes: 246
Failures: 48

Candidate 3: Accuracy = 0.8367, Failures = 48, Successes = 246

========================================
BEST REFINEMENT CANDIDATE
========================================
Candidate 1
Accuracy: 0.8367
Failures: 48
Successes: 246

===================================================
Dataset: /home/shamim_ist/AgentBN/datasets/alarm/combined_train_scenarios.csv
===================================================
Accuracy: 83.67 %
Total: 294
Successes: 246
Failures: 48

No improvement after 3 retries. Selecting best retry candidate (accuracy=83.67%).
Removed 1 record(s) with bn_number=2
Continuing with retry candidate (accuracy=83.67%).

===== ITERATION 3 =====

===================================================
Dataset: /home/shamim_ist/AgentBN/datasets/alarm/combined_train_scenarios.csv
===================================================
Accuracy: 83.67 %
Total: 294
Successes: 246
Failures: 48

Activation trace saved to /home/shamim_ist/AgentBN/workspace/alarm/activation_trace.csv
Failure parameter statistics saved to '/home/shamim_ist/AgentBN/workspace/alarm/failure_parameter_statistics.json'
Valid response received on attempt 1.
Valid response received on attempt 1.

===================================================

Accuracy: 83.67%

Workflow analysis for BN #2 stored in /home/shamim_ist/AgentBN/workspace/alarm/bn_analysis.json
Valid response received on attempt 1.
Selected baseline BN: 1

===================================================
Dataset: /home/shamim_ist/AgentBN/datasets/alarm/combined_train_scenarios.csv
===================================================
Accuracy: 84.35 %
Total: 294
Successes: 248
Failures: 46

Candidate 1: Accuracy = 0.8435, Failures = 46, Successes = 248

===================================================
Dataset: /home/shamim_ist/AgentBN/datasets/alarm/combined_train_scenarios.csv
===================================================
Accuracy: 83.67 %
Total: 294
Successes: 246
Failures: 48

Candidate 2: Accuracy = 0.8367, Failures = 48, Successes = 246

===================================================
Dataset: /home/shamim_ist/AgentBN/datasets/alarm/combined_train_scenarios.csv
===================================================
Accuracy: 83.33 %
Total: 294
Successes: 245
Failures: 49

Candidate 3: Accuracy = 0.8333, Failures = 49, Successes = 245

========================================
BEST REFINEMENT CANDIDATE
========================================
Candidate 1
Accuracy: 0.8435
Failures: 46
Successes: 248

===================================================
Dataset: /home/shamim_ist/AgentBN/datasets/alarm/combined_train_scenarios.csv
===================================================
Accuracy: 84.35 %
Total: 294
Successes: 248
Failures: 46

Accuracy improved from 83.67% to 84.35%.

===== ITERATION 4 =====

===================================================
Dataset: /home/shamim_ist/AgentBN/datasets/alarm/combined_train_scenarios.csv
===================================================
Accuracy: 84.35 %
Total: 294
Successes: 248
Failures: 46

Activation trace saved to /home/shamim_ist/AgentBN/workspace/alarm/activation_trace.csv
Failure parameter statistics saved to '/home/shamim_ist/AgentBN/workspace/alarm/failure_parameter_statistics.json'
Valid response received on attempt 1.
Valid response received on attempt 1.

===================================================

Accuracy: 84.35%

Workflow analysis for BN #3 stored in /home/shamim_ist/AgentBN/workspace/alarm/bn_analysis.json
Valid response received on attempt 1.
Selected baseline BN: 1

===================================================
Dataset: /home/shamim_ist/AgentBN/datasets/alarm/combined_train_scenarios.csv
===================================================
Accuracy: 83.67 %
Total: 294
Successes: 246
Failures: 48

Candidate 1: Accuracy = 0.8367, Failures = 48, Successes = 246

===================================================
Dataset: /home/shamim_ist/AgentBN/datasets/alarm/combined_train_scenarios.csv
===================================================
Accuracy: 83.67 %
Total: 294
Successes: 246
Failures: 48

Candidate 2: Accuracy = 0.8367, Failures = 48, Successes = 246

===================================================
Dataset: /home/shamim_ist/AgentBN/datasets/alarm/combined_train_scenarios.csv
===================================================
Accuracy: 83.33 %
Total: 294
Successes: 245
Failures: 49

Candidate 3: Accuracy = 0.8333, Failures = 49, Successes = 245

========================================
BEST REFINEMENT CANDIDATE
========================================
Candidate 1
Accuracy: 0.8367
Failures: 48
Successes: 246

===================================================
Dataset: /home/shamim_ist/AgentBN/datasets/alarm/combined_train_scenarios.csv
===================================================
Accuracy: 83.67 %
Total: 294
Successes: 246
Failures: 48

Accuracy did not improve. Need improvement from 84.35% 
Removed 1 record(s) with bn_number=4
Valid response received on attempt 1.
Selected baseline BN: 1

===================================================
Dataset: /home/shamim_ist/AgentBN/datasets/alarm/combined_train_scenarios.csv
===================================================
Accuracy: 83.67 %
Total: 294
Successes: 246
Failures: 48

Candidate 1: Accuracy = 0.8367, Failures = 48, Successes = 246

===================================================
Dataset: /home/shamim_ist/AgentBN/datasets/alarm/combined_train_scenarios.csv
===================================================
Accuracy: 83.33 %
Total: 294
Successes: 245
Failures: 49

Candidate 2: Accuracy = 0.8333, Failures = 49, Successes = 245

===================================================
Dataset: /home/shamim_ist/AgentBN/datasets/alarm/combined_train_scenarios.csv
===================================================
Accuracy: 81.63 %
Total: 294
Successes: 240
Failures: 54

Candidate 3: Accuracy = 0.8163, Failures = 54, Successes = 240

========================================
BEST REFINEMENT CANDIDATE
========================================
Candidate 1
Accuracy: 0.8367
Failures: 48
Successes: 246

===================================================
Dataset: /home/shamim_ist/AgentBN/datasets/alarm/combined_train_scenarios.csv
===================================================
Accuracy: 83.67 %
Total: 294
Successes: 246
Failures: 48
Removed 1 record(s) with bn_number=4
Valid response received on attempt 1.
Selected baseline BN: 1

===================================================
Dataset: /home/shamim_ist/AgentBN/datasets/alarm/combined_train_scenarios.csv
===================================================
Accuracy: 83.67 %
Total: 294
Successes: 246
Failures: 48

Candidate 1: Accuracy = 0.8367, Failures = 48, Successes = 246

===================================================
Dataset: /home/shamim_ist/AgentBN/datasets/alarm/combined_train_scenarios.csv
===================================================
Accuracy: 83.33 %
Total: 294
Successes: 245
Failures: 49

Candidate 2: Accuracy = 0.8333, Failures = 49, Successes = 245

===================================================
Dataset: /home/shamim_ist/AgentBN/datasets/alarm/combined_train_scenarios.csv
===================================================
Accuracy: 81.63 %
Total: 294
Successes: 240
Failures: 54

Candidate 3: Accuracy = 0.8163, Failures = 54, Successes = 240

========================================
BEST REFINEMENT CANDIDATE
========================================
Candidate 1
Accuracy: 0.8367
Failures: 48
Successes: 246

===================================================
Dataset: /home/shamim_ist/AgentBN/datasets/alarm/combined_train_scenarios.csv
===================================================
Accuracy: 83.67 %
Total: 294
Successes: 246
Failures: 48
Removed 1 record(s) with bn_number=4
Valid response received on attempt 1.
Selected baseline BN: 1

===================================================
Dataset: /home/shamim_ist/AgentBN/datasets/alarm/combined_train_scenarios.csv
===================================================
Accuracy: 83.67 %
Total: 294
Successes: 246
Failures: 48

Candidate 1: Accuracy = 0.8367, Failures = 48, Successes = 246

===================================================
Dataset: /home/shamim_ist/AgentBN/datasets/alarm/combined_train_scenarios.csv
===================================================
Accuracy: 83.67 %
Total: 294
Successes: 246
Failures: 48

Candidate 2: Accuracy = 0.8367, Failures = 48, Successes = 246

===================================================
Dataset: /home/shamim_ist/AgentBN/datasets/alarm/combined_train_scenarios.csv
===================================================
Accuracy: 83.67 %
Total: 294
Successes: 246
Failures: 48

Candidate 3: Accuracy = 0.8367, Failures = 48, Successes = 246

========================================
BEST REFINEMENT CANDIDATE
========================================
Candidate 1
Accuracy: 0.8367
Failures: 48
Successes: 246

===================================================
Dataset: /home/shamim_ist/AgentBN/datasets/alarm/combined_train_scenarios.csv
===================================================
Accuracy: 83.67 %
Total: 294
Successes: 246
Failures: 48

No improvement after 3 retries. Selecting best retry candidate (accuracy=83.67%).
Removed 1 record(s) with bn_number=4
Continuing with retry candidate (accuracy=83.67%).

===================================================
Dataset: /home/shamim_ist/AgentBN/datasets/alarm/combined_train_scenarios.csv
===================================================
Accuracy: 81.29 %
Total: 294
Successes: 239
Failures: 55

===================================================
Dataset: /home/shamim_ist/AgentBN/datasets/alarm/combined_train_scenarios.csv
===================================================
Accuracy: 84.35 %
Total: 294
Successes: 248
Failures: 46

===================================================
Dataset: /home/shamim_ist/AgentBN/datasets/alarm/combined_train_scenarios.csv
===================================================
Accuracy: 83.67 %
Total: 294
Successes: 246
Failures: 48

===================================================
Dataset: /home/shamim_ist/AgentBN/datasets/alarm/combined_train_scenarios.csv
===================================================
Accuracy: 84.35 %
Total: 294
Successes: 248
Failures: 46

===================================================
Dataset: /home/shamim_ist/AgentBN/datasets/alarm/combined_train_scenarios.csv
===================================================
Accuracy: 83.67 %
Total: 294
Successes: 246
Failures: 48


Best BN Number: 3
Best BN Accuracy: 0.8435374149659864
Saved CPT identity comparison to /home/shamim_ist/AgentBN/workspace/alarm/cpt_comparison_analysis.json
BN number: 3
Agent change verdict: poor
Expected changed CPTs: ['HYPOVOLEMIA', 'LVEDVOLUME']
Agent changed CPTs: ['BP', 'STROKEVOLUME']
Unexpected changed CPTs: ['BP', 'STROKEVOLUME']
{'bn_number': 3, 'agent_changed_cpt_count': 2, 'agent_changed_cpts': ['BP', 'STROKEVOLUME'], 'agent_change_report': {'verdict': 'poor', 'total_cpts': 37, 'expected_changed_count': 2, 'expected_changed_cpts': ['HYPOVOLEMIA', 'LVEDVOLUME'], 'agent_changed_count': 2, 'agent_changed_cpts': ['BP', 'STROKEVOLUME'], 'matched_expected_count': 0, 'matched_expected_cpts': [], 'missed_expected_count': 2, 'missed_expected_cpts': ['HYPOVOLEMIA', 'LVEDVOLUME'], 'unexpected_changed_count': 2, 'unexpected_changed_cpts': ['BP', 'STROKEVOLUME'], 'unflawed_cpt_count': 35, 'untouched_unflawed_count': 33, 'untouched_unflawed_cpts': ['ANAPHYLAXIS', 'ARTCO2', 'CATECHOL', 'CO', 'CVP', 'DISCONNECT', 'ERRCAUTER', 'ERRLOWOUTPUT', 'EXPCO2', 'FIO2', 'HISTORY', 'HR', 'HRBP', 'HREKG', 'HRSAT', 'INSUFFANESTH', 'INTUBATION', 'KINKEDTUBE', 'LVFAILURE', 'MINVOL', 'MINVOLSET', 'PAP', 'PCWP', 'PRESS', 'PULMEMBOLUS', 'PVSAT', 'SAO2', 'SHUNT', 'TPR', 'VENTALV', 'VENTLUNG', 'VENTMACH', 'VENTTUBE'], 'expected_change_recall': 0.0, 'unexpected_change_rate': 0.0571, 'unflawed_preservation_rate': 0.9429}}
======================================================================
HYPOVOLEMIA                    0.07144859
  Column 0:
    Flawed : [0.08 0.92]
    Prop   : [0.08 0.92]
    GT     : [0.2 0.8]
----------------------------------------------------------------------
LVEDVOLUME                     0.14659557
  Column 0:
    Flawed : [0.65 0.33 0.02]
    Prop   : [0.65 0.33 0.02]
    GT     : [0.95 0.04 0.01]
  Column 2:
    Flawed : [0.68 0.3  0.02]
    Prop   : [0.68 0.3  0.02]
    GT     : [0.98 0.01 0.01]
----------------------------------------------------------------------
STROKEVOLUME                   0.01197329
  Column 1:
    Flawed : [0.5  0.49 0.01]
    Prop   : [0.65 0.34 0.01]
    GT     : [0.5  0.49 0.01]
----------------------------------------------------------------------
======================================================================
Overall Average CPT KL = 0.00356426
======================================================================
HYPOVOLEMIA                    RMSE = 0.12000000
  Column 0:
    Flawed : [0.08 0.92]
    Prop   : [0.08 0.92]
    GT     : [0.2 0.8]
----------------------------------------------------------------------
LVEDVOLUME                     RMSE = 0.17039171
  Column 0:
    Flawed : [0.65 0.33 0.02]
    Prop   : [0.65 0.33 0.02]
    GT     : [0.95 0.04 0.01]
  Column 2:
    Flawed : [0.68 0.3  0.02]
    Prop   : [0.68 0.3  0.02]
    GT     : [0.98 0.01 0.01]
----------------------------------------------------------------------
STROKEVOLUME                   RMSE = 0.06123724
  Column 1:
    Flawed : [0.5  0.49 0.01]
    Prop   : [0.65 0.34 0.01]
    GT     : [0.5  0.49 0.01]
----------------------------------------------------------------------
======================================================================
Overall CPT RMSE = 0.02641687
======================================================================
HYPOVOLEMIA                    Hellinger = 0.12491785
  Column 0:
    Flawed : [0.08 0.92]
    Prop   : [0.08 0.92]
    GT     : [0.2 0.8]
----------------------------------------------------------------------
LVEDVOLUME                     Hellinger = 0.15764108
  Column 0:
    Flawed : [0.65 0.33 0.02]
    Prop   : [0.65 0.33 0.02]
    GT     : [0.95 0.04 0.01]
  Column 2:
    Flawed : [0.68 0.3  0.02]
    Prop   : [0.68 0.3  0.02]
    GT     : [0.98 0.01 0.01]
----------------------------------------------------------------------
STROKEVOLUME                   Hellinger = 0.02709434
  Column 1:
    Flawed : [0.5  0.49 0.01]
    Prop   : [0.65 0.34 0.01]
    GT     : [0.5  0.49 0.01]
----------------------------------------------------------------------
======================================================================
Overall Average Hellinger = 0.00436293
###------------------------------###

Restart 1 finished.
###------------------------------###

==============================
PIPELINE RESTART #2
==============================
Cleared: /home/shamim_ist/AgentBN/workspace/alarm/bn_analysis.json
Cleared: /home/shamim_ist/AgentBN/workspace/alarm/last_proposed_bn.jsonl
Cleared: /home/shamim_ist/AgentBN/workspace/alarm/dangerous_cpt_report.json
Cleared: /home/shamim_ist/AgentBN/workspace/alarm/failure_parameter_statistics.json

===================================================
Dataset: /home/shamim_ist/AgentBN/datasets/alarm/combined_train_scenarios.csv
===================================================
Accuracy: 81.29 %
Total: 294
Successes: 239
Failures: 55
Flawed BN Accuracy: 81.29%
Initial Acceptance Threshold: 86.90%

Initial Generation Attempt 0

Activation trace saved to /home/shamim_ist/AgentBN/workspace/alarm/activation_trace.csv
Failure parameter statistics saved to '/home/shamim_ist/AgentBN/workspace/alarm/failure_parameter_statistics.json'
Valid response received on attempt 1.
Valid response received on attempt 1.

===================================================

Accuracy: 81.29%

Workflow analysis for BN #0 stored in /home/shamim_ist/AgentBN/workspace/alarm/bn_analysis.json
Valid response received on attempt 1.
Selected baseline BN: 0

===================================================
Dataset: /home/shamim_ist/AgentBN/datasets/alarm/combined_train_scenarios.csv
===================================================
Accuracy: 80.95 %
Total: 294
Successes: 238
Failures: 56

Candidate 1: Accuracy = 0.8095, Failures = 56, Successes = 238

===================================================
Dataset: /home/shamim_ist/AgentBN/datasets/alarm/combined_train_scenarios.csv
===================================================
Accuracy: 83.33 %
Total: 294
Successes: 245
Failures: 49

Candidate 2: Accuracy = 0.8333, Failures = 49, Successes = 245

===================================================
Dataset: /home/shamim_ist/AgentBN/datasets/alarm/combined_train_scenarios.csv
===================================================
Accuracy: 80.95 %
Total: 294
Successes: 238
Failures: 56

Candidate 3: Accuracy = 0.8095, Failures = 56, Successes = 238

========================================
BEST REFINEMENT CANDIDATE
========================================
Candidate 2
Accuracy: 0.8333
Failures: 49
Successes: 245

===================================================
Dataset: /home/shamim_ist/AgentBN/datasets/alarm/combined_train_scenarios.csv
===================================================
Accuracy: 83.33 %
Total: 294
Successes: 245
Failures: 49
Accuracy = 83.33%

Initial Generation Attempt 1
Removed workflow analysis for BN #0 from /home/shamim_ist/AgentBN/workspace/alarm/bn_analysis.json

Activation trace saved to /home/shamim_ist/AgentBN/workspace/alarm/activation_trace.csv
Failure parameter statistics saved to '/home/shamim_ist/AgentBN/workspace/alarm/failure_parameter_statistics.json'
Valid response received on attempt 1.
Valid response received on attempt 1.

===================================================

Accuracy: 81.29%

Workflow analysis for BN #0 stored in /home/shamim_ist/AgentBN/workspace/alarm/bn_analysis.json
Valid response received on attempt 1.
Selected baseline BN: 0

===================================================
Dataset: /home/shamim_ist/AgentBN/datasets/alarm/combined_train_scenarios.csv
===================================================
Accuracy: 87.41 %
Total: 294
Successes: 257
Failures: 37

Candidate 1: Accuracy = 0.8741, Failures = 37, Successes = 257

===================================================
Dataset: /home/shamim_ist/AgentBN/datasets/alarm/combined_train_scenarios.csv
===================================================
Accuracy: 97.96 %
Total: 294
Successes: 288
Failures: 6

Candidate 2: Accuracy = 0.9796, Failures = 6, Successes = 288

===================================================
Dataset: /home/shamim_ist/AgentBN/datasets/alarm/combined_train_scenarios.csv
===================================================
Accuracy: 86.39 %
Total: 294
Successes: 254
Failures: 40

Candidate 3: Accuracy = 0.8639, Failures = 40, Successes = 254

========================================
BEST REFINEMENT CANDIDATE
========================================
Candidate 2
Accuracy: 0.9796
Failures: 6
Successes: 288

===================================================
Dataset: /home/shamim_ist/AgentBN/datasets/alarm/combined_train_scenarios.csv
===================================================
Accuracy: 97.96 %
Total: 294
Successes: 288
Failures: 6
Accuracy = 97.96%
Initial BN accepted.
Accepted initial BN (97.96%).
Removed workflow analysis for BN #0 from /home/shamim_ist/AgentBN/workspace/alarm/bn_analysis.json

Initial BN generated

===== ITERATION 2 =====

===================================================
Dataset: /home/shamim_ist/AgentBN/datasets/alarm/combined_train_scenarios.csv
===================================================
Accuracy: 97.96 %
Total: 294
Successes: 288
Failures: 6

Activation trace saved to /home/shamim_ist/AgentBN/workspace/alarm/activation_trace.csv
Failure parameter statistics saved to '/home/shamim_ist/AgentBN/workspace/alarm/failure_parameter_statistics.json'
Valid response received on attempt 1.
Valid response received on attempt 1.

===================================================

Accuracy: 97.96%

Workflow analysis for BN #1 stored in /home/shamim_ist/AgentBN/workspace/alarm/bn_analysis.json
Valid response received on attempt 1.
Selected baseline BN: 1

===================================================
Dataset: /home/shamim_ist/AgentBN/datasets/alarm/combined_train_scenarios.csv
===================================================
Accuracy: 100.0 %
Total: 294
Successes: 294
Failures: 0

No failures!

Candidate 1: Accuracy = 1.0000, Failures = 0, Successes = 294

===================================================
Dataset: /home/shamim_ist/AgentBN/datasets/alarm/combined_train_scenarios.csv
===================================================
Accuracy: 100.0 %
Total: 294
Successes: 294
Failures: 0

No failures!

Candidate 2: Accuracy = 1.0000, Failures = 0, Successes = 294

===================================================
Dataset: /home/shamim_ist/AgentBN/datasets/alarm/combined_train_scenarios.csv
===================================================
Accuracy: 100.0 %
Total: 294
Successes: 294
Failures: 0

No failures!

Candidate 3: Accuracy = 1.0000, Failures = 0, Successes = 294

========================================
BEST REFINEMENT CANDIDATE
========================================
Candidate 1
Accuracy: 1.0000
Failures: 0
Successes: 294

===================================================
Dataset: /home/shamim_ist/AgentBN/datasets/alarm/combined_train_scenarios.csv
===================================================
Accuracy: 100.0 %
Total: 294
Successes: 294
Failures: 0

No failures!

Reached 100.00% accuracy. Stopping refinement.

===================================================
Dataset: /home/shamim_ist/AgentBN/datasets/alarm/combined_train_scenarios.csv
===================================================
Accuracy: 81.29 %
Total: 294
Successes: 239
Failures: 55

===================================================
Dataset: /home/shamim_ist/AgentBN/datasets/alarm/combined_train_scenarios.csv
===================================================
Accuracy: 97.96 %
Total: 294
Successes: 288
Failures: 6

===================================================
Dataset: /home/shamim_ist/AgentBN/datasets/alarm/combined_train_scenarios.csv
===================================================
Accuracy: 100.0 %
Total: 294
Successes: 294
Failures: 0

No failures!


Best BN Number: 2
Best BN Accuracy: 1.0
Saved CPT identity comparison to /home/shamim_ist/AgentBN/workspace/alarm/cpt_comparison_analysis.json
BN number: 2
Agent change verdict: good
Expected changed CPTs: ['HYPOVOLEMIA', 'LVEDVOLUME']
Agent changed CPTs: ['CVP', 'LVEDVOLUME']
Unexpected changed CPTs: ['CVP']
{'bn_number': 2, 'agent_changed_cpt_count': 2, 'agent_changed_cpts': ['CVP', 'LVEDVOLUME'], 'agent_change_report': {'verdict': 'good', 'total_cpts': 37, 'expected_changed_count': 2, 'expected_changed_cpts': ['HYPOVOLEMIA', 'LVEDVOLUME'], 'agent_changed_count': 2, 'agent_changed_cpts': ['CVP', 'LVEDVOLUME'], 'matched_expected_count': 1, 'matched_expected_cpts': ['LVEDVOLUME'], 'missed_expected_count': 1, 'missed_expected_cpts': ['HYPOVOLEMIA'], 'unexpected_changed_count': 1, 'unexpected_changed_cpts': ['CVP'], 'unflawed_cpt_count': 35, 'untouched_unflawed_count': 34, 'untouched_unflawed_cpts': ['ANAPHYLAXIS', 'ARTCO2', 'BP', 'CATECHOL', 'CO', 'DISCONNECT', 'ERRCAUTER', 'ERRLOWOUTPUT', 'EXPCO2', 'FIO2', 'HISTORY', 'HR', 'HRBP', 'HREKG', 'HRSAT', 'INSUFFANESTH', 'INTUBATION', 'KINKEDTUBE', 'LVFAILURE', 'MINVOL', 'MINVOLSET', 'PAP', 'PCWP', 'PRESS', 'PULMEMBOLUS', 'PVSAT', 'SAO2', 'SHUNT', 'STROKEVOLUME', 'TPR', 'VENTALV', 'VENTLUNG', 'VENTMACH', 'VENTTUBE'], 'expected_change_recall': 0.5, 'unexpected_change_rate': 0.0286, 'unflawed_preservation_rate': 0.9714}}
======================================================================
HYPOVOLEMIA                    0.07144859
  Column 0:
    Flawed : [0.08 0.92]
    Prop   : [0.08 0.92]
    GT     : [0.2 0.8]
----------------------------------------------------------------------
LVEDVOLUME                     0.54996765
  Column 0:
    Flawed : [0.65 0.33 0.02]
    Prop   : [0.65 0.33 0.02]
    GT     : [0.95 0.04 0.01]
  Column 2:
    Flawed : [0.68 0.3  0.02]
    Prop   : [0.68 0.3  0.02]
    GT     : [0.98 0.01 0.01]
  Column 3:
    Flawed : [0.05 0.9  0.05]
    Prop   : [0.85 0.14 0.01]
    GT     : [0.05 0.9  0.05]
----------------------------------------------------------------------
======================================================================
Overall Average CPT KL = 0.01147131
======================================================================
HYPOVOLEMIA                    RMSE = 0.12000000
  Column 0:
    Flawed : [0.08 0.92]
    Prop   : [0.08 0.92]
    GT     : [0.2 0.8]
----------------------------------------------------------------------
LVEDVOLUME                     RMSE = 0.36143234
  Column 0:
    Flawed : [0.65 0.33 0.02]
    Prop   : [0.65 0.33 0.02]
    GT     : [0.95 0.04 0.01]
  Column 2:
    Flawed : [0.68 0.3  0.02]
    Prop   : [0.68 0.3  0.02]
    GT     : [0.98 0.01 0.01]
  Column 3:
    Flawed : [0.05 0.9  0.05]
    Prop   : [0.85 0.14 0.01]
    GT     : [0.05 0.9  0.05]
----------------------------------------------------------------------
======================================================================
Overall CPT RMSE = 0.05136806
======================================================================
HYPOVOLEMIA                    Hellinger = 0.12491785
  Column 0:
    Flawed : [0.08 0.92]
    Prop   : [0.08 0.92]
    GT     : [0.2 0.8]
----------------------------------------------------------------------
LVEDVOLUME                     Hellinger = 0.31898684
  Column 0:
    Flawed : [0.65 0.33 0.02]
    Prop   : [0.65 0.33 0.02]
    GT     : [0.95 0.04 0.01]
  Column 2:
    Flawed : [0.68 0.3  0.02]
    Prop   : [0.68 0.3  0.02]
    GT     : [0.98 0.01 0.01]
  Column 3:
    Flawed : [0.05 0.9  0.05]
    Prop   : [0.85 0.14 0.01]
    GT     : [0.05 0.9  0.05]
----------------------------------------------------------------------
======================================================================
Overall Average Hellinger = 0.00707508
###------------------------------###

Restart 2 finished.
###------------------------------###
Restart: 0
BN keys: dict_keys(['edges', 'nodes'])
Evaluating restart 0

===================================================
Dataset: /home/shamim_ist/AgentBN/datasets/alarm/combined_test_scenarios.csv
===================================================
Accuracy: 98.86 %
Total: 88
Successes: 87
Failures: 1
Restart: 1
BN keys: dict_keys(['edges', 'nodes'])
Evaluating restart 1

===================================================
Dataset: /home/shamim_ist/AgentBN/datasets/alarm/combined_test_scenarios.csv
===================================================
Accuracy: 78.41 %
Total: 88
Successes: 69
Failures: 19
Restart: 2
BN keys: dict_keys(['edges', 'nodes'])
Evaluating restart 2

===================================================
Dataset: /home/shamim_ist/AgentBN/datasets/alarm/combined_test_scenarios.csv
===================================================
Accuracy: 98.86 %
Total: 88
Successes: 87
Failures: 1

===================================
BEST RESTART
===================================
Restart: 0
Accuracy: 0.9886363636363636
Failures: 1
Saved CPT identity comparison to /home/shamim_ist/AgentBN/workspace/alarm/cpt_comparison_analysis.json
BN number: None
Agent change verdict: good
Expected changed CPTs: ['HYPOVOLEMIA', 'LVEDVOLUME']
Agent changed CPTs: ['BP', 'LVEDVOLUME']
Unexpected changed CPTs: ['BP']
{'bn_number': None, 'agent_changed_cpt_count': 2, 'agent_changed_cpts': ['BP', 'LVEDVOLUME'], 'agent_change_report': {'verdict': 'good', 'total_cpts': 37, 'expected_changed_count': 2, 'expected_changed_cpts': ['HYPOVOLEMIA', 'LVEDVOLUME'], 'agent_changed_count': 2, 'agent_changed_cpts': ['BP', 'LVEDVOLUME'], 'matched_expected_count': 1, 'matched_expected_cpts': ['LVEDVOLUME'], 'missed_expected_count': 1, 'missed_expected_cpts': ['HYPOVOLEMIA'], 'unexpected_changed_count': 1, 'unexpected_changed_cpts': ['BP'], 'unflawed_cpt_count': 35, 'untouched_unflawed_count': 34, 'untouched_unflawed_cpts': ['ANAPHYLAXIS', 'ARTCO2', 'CATECHOL', 'CO', 'CVP', 'DISCONNECT', 'ERRCAUTER', 'ERRLOWOUTPUT', 'EXPCO2', 'FIO2', 'HISTORY', 'HR', 'HRBP', 'HREKG', 'HRSAT', 'INSUFFANESTH', 'INTUBATION', 'KINKEDTUBE', 'LVFAILURE', 'MINVOL', 'MINVOLSET', 'PAP', 'PCWP', 'PRESS', 'PULMEMBOLUS', 'PVSAT', 'SAO2', 'SHUNT', 'STROKEVOLUME', 'TPR', 'VENTALV', 'VENTLUNG', 'VENTMACH', 'VENTTUBE'], 'expected_change_recall': 0.5, 'unexpected_change_rate': 0.0286, 'unflawed_preservation_rate': 0.9714}}
======================================================================
HYPOVOLEMIA                    0.07144859
  Column 0:
    Flawed : [0.08 0.92]
    Prop   : [0.08 0.92]
    GT     : [0.2 0.8]
----------------------------------------------------------------------
LVEDVOLUME                     0.55797761
  Column 0:
    Flawed : [0.65 0.33 0.02]
    Prop   : [0.65 0.33 0.02]
    GT     : [0.95 0.04 0.01]
  Column 2:
    Flawed : [0.68 0.3  0.02]
    Prop   : [0.68 0.3  0.02]
    GT     : [0.98 0.01 0.01]
  Column 3:
    Flawed : [0.05 0.9  0.05]
    Prop   : [0.85 0.13 0.02]
    GT     : [0.05 0.9  0.05]
----------------------------------------------------------------------
======================================================================
Overall Average CPT KL = 0.01163313
======================================================================
HYPOVOLEMIA                    RMSE = 0.12000000
  Column 0:
    Flawed : [0.08 0.92]
    Prop   : [0.08 0.92]
    GT     : [0.2 0.8]
----------------------------------------------------------------------
LVEDVOLUME                     RMSE = 0.36311155
  Column 0:
    Flawed : [0.65 0.33 0.02]
    Prop   : [0.65 0.33 0.02]
    GT     : [0.95 0.04 0.01]
  Column 2:
    Flawed : [0.68 0.3  0.02]
    Prop   : [0.68 0.3  0.02]
    GT     : [0.98 0.01 0.01]
  Column 3:
    Flawed : [0.05 0.9  0.05]
    Prop   : [0.85 0.13 0.02]
    GT     : [0.05 0.9  0.05]
----------------------------------------------------------------------
======================================================================
Overall CPT RMSE = 0.05160242
======================================================================
HYPOVOLEMIA                    Hellinger = 0.12491785
  Column 0:
    Flawed : [0.08 0.92]
    Prop   : [0.08 0.92]
    GT     : [0.2 0.8]
----------------------------------------------------------------------
LVEDVOLUME                     Hellinger = 0.31969225
  Column 0:
    Flawed : [0.65 0.33 0.02]
    Prop   : [0.65 0.33 0.02]
    GT     : [0.95 0.04 0.01]
  Column 2:
    Flawed : [0.68 0.3  0.02]
    Prop   : [0.68 0.3  0.02]
    GT     : [0.98 0.01 0.01]
  Column 3:
    Flawed : [0.05 0.9  0.05]
    Prop   : [0.85 0.13 0.02]
    GT     : [0.05 0.9  0.05]
----------------------------------------------------------------------
======================================================================
Overall Average Hellinger = 0.00708933
###------------------------------###

Pipeline finished.
###------------------------------###
