Cleared: /home/shamim_ist/BN_Agent/workspace/alarm/bn_analysis.json
Cleared: /home/shamim_ist/BN_Agent/workspace/alarm/last_proposed_bn.jsonl
Cleared: /home/shamim_ist/BN_Agent/workspace/alarm/dangerous_cpt_report.json
Cleared: /home/shamim_ist/BN_Agent/workspace/alarm/failure_parameter_statistics.json
Cleared: /home/shamim_ist/BN_Agent/workspace/alarm/restart_final_bns.jsonl

==============================
PIPELINE RESTART #0
==============================
Cleared: /home/shamim_ist/BN_Agent/workspace/alarm/bn_analysis.json
Cleared: /home/shamim_ist/BN_Agent/workspace/alarm/last_proposed_bn.jsonl
Cleared: /home/shamim_ist/BN_Agent/workspace/alarm/dangerous_cpt_report.json
Cleared: /home/shamim_ist/BN_Agent/workspace/alarm/failure_parameter_statistics.json

===================================================
Dataset: /home/shamim_ist/BN_Agent/datasets/alarm/combined_train_scenarios.csv
===================================================
Accuracy: 88.0 %
Total: 50
Successes: 44
Failures: 6
Flawed BN Accuracy: 88.00%
Initial Acceptance Threshold: 91.60%

Initial Generation Attempt 0

Additional Parent Nodes Required for CPT Activation (20)

Activation trace saved to /home/shamim_ist/BN_Agent/workspace/alarm/activation_trace.csv
Failure parameter statistics saved to '/home/shamim_ist/BN_Agent/workspace/alarm/failure_parameter_statistics.json'
Valid danger report received on attempt 1.

===================================================

Accuracy: 88.00%

Workflow analysis for BN #0 stored in /home/shamim_ist/BN_Agent/workspace/alarm/bn_analysis.json
Valid response received on attempt 1.
Selected baseline BN: 0

===================================================
Dataset: /home/shamim_ist/BN_Agent/datasets/alarm/combined_train_scenarios.csv
===================================================
Accuracy: 88.0 %
Total: 50
Successes: 44
Failures: 6

Candidate 1: Accuracy = 0.8800, Failures = 6, Successes = 44

===================================================
Dataset: /home/shamim_ist/BN_Agent/datasets/alarm/combined_train_scenarios.csv
===================================================
Accuracy: 88.0 %
Total: 50
Successes: 44
Failures: 6

Candidate 2: Accuracy = 0.8800, Failures = 6, Successes = 44

===================================================
Dataset: /home/shamim_ist/BN_Agent/datasets/alarm/combined_train_scenarios.csv
===================================================
Accuracy: 88.0 %
Total: 50
Successes: 44
Failures: 6

Candidate 3: Accuracy = 0.8800, Failures = 6, Successes = 44

========================================
BEST REFINEMENT CANDIDATE
========================================
Candidate 1
Accuracy: 0.8800
Failures: 6
Successes: 44

===================================================
Dataset: /home/shamim_ist/BN_Agent/datasets/alarm/combined_train_scenarios.csv
===================================================
Accuracy: 88.0 %
Total: 50
Successes: 44
Failures: 6
Accuracy = 88.00%

Initial Generation Attempt 1
Removed workflow analysis for BN #0 from /home/shamim_ist/BN_Agent/workspace/alarm/bn_analysis.json

Additional Parent Nodes Required for CPT Activation (20)

Activation trace saved to /home/shamim_ist/BN_Agent/workspace/alarm/activation_trace.csv
Failure parameter statistics saved to '/home/shamim_ist/BN_Agent/workspace/alarm/failure_parameter_statistics.json'
Valid danger report received on attempt 1.

===================================================

Accuracy: 88.00%

Workflow analysis for BN #0 stored in /home/shamim_ist/BN_Agent/workspace/alarm/bn_analysis.json
Valid response received on attempt 1.
Selected baseline BN: 0

===================================================
Dataset: /home/shamim_ist/BN_Agent/datasets/alarm/combined_train_scenarios.csv
===================================================
Accuracy: 88.0 %
Total: 50
Successes: 44
Failures: 6

Candidate 1: Accuracy = 0.8800, Failures = 6, Successes = 44

===================================================
Dataset: /home/shamim_ist/BN_Agent/datasets/alarm/combined_train_scenarios.csv
===================================================
Accuracy: 88.0 %
Total: 50
Successes: 44
Failures: 6

Candidate 2: Accuracy = 0.8800, Failures = 6, Successes = 44

===================================================
Dataset: /home/shamim_ist/BN_Agent/datasets/alarm/combined_train_scenarios.csv
===================================================
Accuracy: 88.0 %
Total: 50
Successes: 44
Failures: 6

Candidate 3: Accuracy = 0.8800, Failures = 6, Successes = 44

========================================
BEST REFINEMENT CANDIDATE
========================================
Candidate 1
Accuracy: 0.8800
Failures: 6
Successes: 44

===================================================
Dataset: /home/shamim_ist/BN_Agent/datasets/alarm/combined_train_scenarios.csv
===================================================
Accuracy: 88.0 %
Total: 50
Successes: 44
Failures: 6
Accuracy = 88.00%

Initial Generation Attempt 2
Removed workflow analysis for BN #0 from /home/shamim_ist/BN_Agent/workspace/alarm/bn_analysis.json

Additional Parent Nodes Required for CPT Activation (20)

Activation trace saved to /home/shamim_ist/BN_Agent/workspace/alarm/activation_trace.csv
Failure parameter statistics saved to '/home/shamim_ist/BN_Agent/workspace/alarm/failure_parameter_statistics.json'
Valid danger report received on attempt 1.

===================================================

Accuracy: 88.00%

Workflow analysis for BN #0 stored in /home/shamim_ist/BN_Agent/workspace/alarm/bn_analysis.json
Valid response received on attempt 1.
Selected baseline BN: 0

===================================================
Dataset: /home/shamim_ist/BN_Agent/datasets/alarm/combined_train_scenarios.csv
===================================================
Accuracy: 88.0 %
Total: 50
Successes: 44
Failures: 6

Candidate 1: Accuracy = 0.8800, Failures = 6, Successes = 44

===================================================
Dataset: /home/shamim_ist/BN_Agent/datasets/alarm/combined_train_scenarios.csv
===================================================
Accuracy: 88.0 %
Total: 50
Successes: 44
Failures: 6

Candidate 2: Accuracy = 0.8800, Failures = 6, Successes = 44

===================================================
Dataset: /home/shamim_ist/BN_Agent/datasets/alarm/combined_train_scenarios.csv
===================================================
Accuracy: 88.0 %
Total: 50
Successes: 44
Failures: 6

Candidate 3: Accuracy = 0.8800, Failures = 6, Successes = 44

========================================
BEST REFINEMENT CANDIDATE
========================================
Candidate 1
Accuracy: 0.8800
Failures: 6
Successes: 44

===================================================
Dataset: /home/shamim_ist/BN_Agent/datasets/alarm/combined_train_scenarios.csv
===================================================
Accuracy: 88.0 %
Total: 50
Successes: 44
Failures: 6
Accuracy = 88.00%
Threshold (91.60%) not reached after 3 attempts. Using best generated BN (88.00%).
Removed workflow analysis for BN #0 from /home/shamim_ist/BN_Agent/workspace/alarm/bn_analysis.json

Initial BN generated

===== ITERATION 2 =====

===================================================
Dataset: /home/shamim_ist/BN_Agent/datasets/alarm/combined_train_scenarios.csv
===================================================
Accuracy: 88.0 %
Total: 50
Successes: 44
Failures: 6

Additional Parent Nodes Required for CPT Activation (20)

Activation trace saved to /home/shamim_ist/BN_Agent/workspace/alarm/activation_trace.csv
Failure parameter statistics saved to '/home/shamim_ist/BN_Agent/workspace/alarm/failure_parameter_statistics.json'
Valid danger report received on attempt 1.

===================================================

Accuracy: 88.00%

Workflow analysis for BN #1 stored in /home/shamim_ist/BN_Agent/workspace/alarm/bn_analysis.json
Valid response received on attempt 1.
Selected baseline BN: 1

===================================================
Dataset: /home/shamim_ist/BN_Agent/datasets/alarm/combined_train_scenarios.csv
===================================================
Accuracy: 88.0 %
Total: 50
Successes: 44
Failures: 6

Candidate 1: Accuracy = 0.8800, Failures = 6, Successes = 44

===================================================
Dataset: /home/shamim_ist/BN_Agent/datasets/alarm/combined_train_scenarios.csv
===================================================
Accuracy: 88.0 %
Total: 50
Successes: 44
Failures: 6

Candidate 2: Accuracy = 0.8800, Failures = 6, Successes = 44

===================================================
Dataset: /home/shamim_ist/BN_Agent/datasets/alarm/combined_train_scenarios.csv
===================================================
Accuracy: 88.0 %
Total: 50
Successes: 44
Failures: 6

Candidate 3: Accuracy = 0.8800, Failures = 6, Successes = 44

========================================
BEST REFINEMENT CANDIDATE
========================================
Candidate 1
Accuracy: 0.8800
Failures: 6
Successes: 44

===================================================
Dataset: /home/shamim_ist/BN_Agent/datasets/alarm/combined_train_scenarios.csv
===================================================
Accuracy: 88.0 %
Total: 50
Successes: 44
Failures: 6

Accuracy did not improve. Need improvement from 88.00% 
Removed 1 record(s) with bn_number=2
Valid response received on attempt 1.
Selected baseline BN: 1

===================================================
Dataset: /home/shamim_ist/BN_Agent/datasets/alarm/combined_train_scenarios.csv
===================================================
Accuracy: 88.0 %
Total: 50
Successes: 44
Failures: 6

Candidate 1: Accuracy = 0.8800, Failures = 6, Successes = 44

===================================================
Dataset: /home/shamim_ist/BN_Agent/datasets/alarm/combined_train_scenarios.csv
===================================================
Accuracy: 88.0 %
Total: 50
Successes: 44
Failures: 6

Candidate 2: Accuracy = 0.8800, Failures = 6, Successes = 44

===================================================
Dataset: /home/shamim_ist/BN_Agent/datasets/alarm/combined_train_scenarios.csv
===================================================
Accuracy: 88.0 %
Total: 50
Successes: 44
Failures: 6

Candidate 3: Accuracy = 0.8800, Failures = 6, Successes = 44

========================================
BEST REFINEMENT CANDIDATE
========================================
Candidate 1
Accuracy: 0.8800
Failures: 6
Successes: 44

===================================================
Dataset: /home/shamim_ist/BN_Agent/datasets/alarm/combined_train_scenarios.csv
===================================================
Accuracy: 88.0 %
Total: 50
Successes: 44
Failures: 6
Removed 1 record(s) with bn_number=2
Valid response received on attempt 1.
Selected baseline BN: 1

===================================================
Dataset: /home/shamim_ist/BN_Agent/datasets/alarm/combined_train_scenarios.csv
===================================================
Accuracy: 88.0 %
Total: 50
Successes: 44
Failures: 6

Candidate 1: Accuracy = 0.8800, Failures = 6, Successes = 44

===================================================
Dataset: /home/shamim_ist/BN_Agent/datasets/alarm/combined_train_scenarios.csv
===================================================
Accuracy: 88.0 %
Total: 50
Successes: 44
Failures: 6

Candidate 2: Accuracy = 0.8800, Failures = 6, Successes = 44

===================================================
Dataset: /home/shamim_ist/BN_Agent/datasets/alarm/combined_train_scenarios.csv
===================================================
Accuracy: 88.0 %
Total: 50
Successes: 44
Failures: 6

Candidate 3: Accuracy = 0.8800, Failures = 6, Successes = 44

========================================
BEST REFINEMENT CANDIDATE
========================================
Candidate 1
Accuracy: 0.8800
Failures: 6
Successes: 44

===================================================
Dataset: /home/shamim_ist/BN_Agent/datasets/alarm/combined_train_scenarios.csv
===================================================
Accuracy: 88.0 %
Total: 50
Successes: 44
Failures: 6
Removed 1 record(s) with bn_number=2
Valid response received on attempt 1.
Selected baseline BN: 1

===================================================
Dataset: /home/shamim_ist/BN_Agent/datasets/alarm/combined_train_scenarios.csv
===================================================
Accuracy: 88.0 %
Total: 50
Successes: 44
Failures: 6

Candidate 1: Accuracy = 0.8800, Failures = 6, Successes = 44

===================================================
Dataset: /home/shamim_ist/BN_Agent/datasets/alarm/combined_train_scenarios.csv
===================================================
Accuracy: 88.0 %
Total: 50
Successes: 44
Failures: 6

Candidate 2: Accuracy = 0.8800, Failures = 6, Successes = 44

===================================================
Dataset: /home/shamim_ist/BN_Agent/datasets/alarm/combined_train_scenarios.csv
===================================================
Accuracy: 88.0 %
Total: 50
Successes: 44
Failures: 6

Candidate 3: Accuracy = 0.8800, Failures = 6, Successes = 44

========================================
BEST REFINEMENT CANDIDATE
========================================
Candidate 1
Accuracy: 0.8800
Failures: 6
Successes: 44

===================================================
Dataset: /home/shamim_ist/BN_Agent/datasets/alarm/combined_train_scenarios.csv
===================================================
Accuracy: 88.0 %
Total: 50
Successes: 44
Failures: 6

No improvement after 3 retries. Selecting best retry candidate (accuracy=88.00%).
Removed 1 record(s) with bn_number=2
Continuing with retry candidate (accuracy=88.00%).

===== ITERATION 3 =====

===================================================
Dataset: /home/shamim_ist/BN_Agent/datasets/alarm/combined_train_scenarios.csv
===================================================
Accuracy: 88.0 %
Total: 50
Successes: 44
Failures: 6

Additional Parent Nodes Required for CPT Activation (20)

Activation trace saved to /home/shamim_ist/BN_Agent/workspace/alarm/activation_trace.csv
Failure parameter statistics saved to '/home/shamim_ist/BN_Agent/workspace/alarm/failure_parameter_statistics.json'
Valid danger report received on attempt 1.

===================================================

Accuracy: 88.00%

Workflow analysis for BN #2 stored in /home/shamim_ist/BN_Agent/workspace/alarm/bn_analysis.json
Valid response received on attempt 1.
Selected baseline BN: 1

===================================================
Dataset: /home/shamim_ist/BN_Agent/datasets/alarm/combined_train_scenarios.csv
===================================================
Accuracy: 88.0 %
Total: 50
Successes: 44
Failures: 6

Candidate 1: Accuracy = 0.8800, Failures = 6, Successes = 44

===================================================
Dataset: /home/shamim_ist/BN_Agent/datasets/alarm/combined_train_scenarios.csv
===================================================
Accuracy: 88.0 %
Total: 50
Successes: 44
Failures: 6

Candidate 2: Accuracy = 0.8800, Failures = 6, Successes = 44

===================================================
Dataset: /home/shamim_ist/BN_Agent/datasets/alarm/combined_train_scenarios.csv
===================================================
Accuracy: 88.0 %
Total: 50
Successes: 44
Failures: 6

Candidate 3: Accuracy = 0.8800, Failures = 6, Successes = 44

========================================
BEST REFINEMENT CANDIDATE
========================================
Candidate 1
Accuracy: 0.8800
Failures: 6
Successes: 44

===================================================
Dataset: /home/shamim_ist/BN_Agent/datasets/alarm/combined_train_scenarios.csv
===================================================
Accuracy: 88.0 %
Total: 50
Successes: 44
Failures: 6

Accuracy did not improve. Need improvement from 88.00% 
Removed 1 record(s) with bn_number=3
Valid response received on attempt 1.
Selected baseline BN: 1

===================================================
Dataset: /home/shamim_ist/BN_Agent/datasets/alarm/combined_train_scenarios.csv
===================================================
Accuracy: 88.0 %
Total: 50
Successes: 44
Failures: 6

Candidate 1: Accuracy = 0.8800, Failures = 6, Successes = 44

===================================================
Dataset: /home/shamim_ist/BN_Agent/datasets/alarm/combined_train_scenarios.csv
===================================================
Accuracy: 88.0 %
Total: 50
Successes: 44
Failures: 6

Candidate 2: Accuracy = 0.8800, Failures = 6, Successes = 44

===================================================
Dataset: /home/shamim_ist/BN_Agent/datasets/alarm/combined_train_scenarios.csv
===================================================
Accuracy: 88.0 %
Total: 50
Successes: 44
Failures: 6

Candidate 3: Accuracy = 0.8800, Failures = 6, Successes = 44

========================================
BEST REFINEMENT CANDIDATE
========================================
Candidate 1
Accuracy: 0.8800
Failures: 6
Successes: 44

===================================================
Dataset: /home/shamim_ist/BN_Agent/datasets/alarm/combined_train_scenarios.csv
===================================================
Accuracy: 88.0 %
Total: 50
Successes: 44
Failures: 6
Removed 1 record(s) with bn_number=3
Valid response received on attempt 1.
Selected baseline BN: 1

===================================================
Dataset: /home/shamim_ist/BN_Agent/datasets/alarm/combined_train_scenarios.csv
===================================================
Accuracy: 88.0 %
Total: 50
Successes: 44
Failures: 6

Candidate 1: Accuracy = 0.8800, Failures = 6, Successes = 44

===================================================
Dataset: /home/shamim_ist/BN_Agent/datasets/alarm/combined_train_scenarios.csv
===================================================
Accuracy: 88.0 %
Total: 50
Successes: 44
Failures: 6

Candidate 2: Accuracy = 0.8800, Failures = 6, Successes = 44

===================================================
Dataset: /home/shamim_ist/BN_Agent/datasets/alarm/combined_train_scenarios.csv
===================================================
Accuracy: 98.0 %
Total: 50
Successes: 49
Failures: 1

Candidate 3: Accuracy = 0.9800, Failures = 1, Successes = 49

========================================
BEST REFINEMENT CANDIDATE
========================================
Candidate 3
Accuracy: 0.9800
Failures: 1
Successes: 49

===================================================
Dataset: /home/shamim_ist/BN_Agent/datasets/alarm/combined_train_scenarios.csv
===================================================
Accuracy: 98.0 %
Total: 50
Successes: 49
Failures: 1

Accuracy improved from 88.00% to 98.00%.

===== ITERATION 4 =====

===================================================
Dataset: /home/shamim_ist/BN_Agent/datasets/alarm/combined_train_scenarios.csv
===================================================
Accuracy: 98.0 %
Total: 50
Successes: 49
Failures: 1

Additional Parent Nodes Required for CPT Activation (20)

Activation trace saved to /home/shamim_ist/BN_Agent/workspace/alarm/activation_trace.csv
Failure parameter statistics saved to '/home/shamim_ist/BN_Agent/workspace/alarm/failure_parameter_statistics.json'
Valid danger report received on attempt 1.

===================================================

Accuracy: 98.00%

Workflow analysis for BN #3 stored in /home/shamim_ist/BN_Agent/workspace/alarm/bn_analysis.json
Valid response received on attempt 1.
Selected baseline BN: 3

===================================================
Dataset: /home/shamim_ist/BN_Agent/datasets/alarm/combined_train_scenarios.csv
===================================================
Accuracy: 100.0 %
Total: 50
Successes: 50
Failures: 0

No failures!

Candidate 1: Accuracy = 1.0000, Failures = 0, Successes = 50

===================================================
Dataset: /home/shamim_ist/BN_Agent/datasets/alarm/combined_train_scenarios.csv
===================================================
Accuracy: 100.0 %
Total: 50
Successes: 50
Failures: 0

No failures!

Candidate 2: Accuracy = 1.0000, Failures = 0, Successes = 50

===================================================
Dataset: /home/shamim_ist/BN_Agent/datasets/alarm/combined_train_scenarios.csv
===================================================
Accuracy: 88.0 %
Total: 50
Successes: 44
Failures: 6

Candidate 3: Accuracy = 0.8800, Failures = 6, Successes = 44

========================================
BEST REFINEMENT CANDIDATE
========================================
Candidate 1
Accuracy: 1.0000
Failures: 0
Successes: 50

===================================================
Dataset: /home/shamim_ist/BN_Agent/datasets/alarm/combined_train_scenarios.csv
===================================================
Accuracy: 100.0 %
Total: 50
Successes: 50
Failures: 0

No failures!

Accuracy improved from 98.00% to 100.00%.

===================================================
Dataset: /home/shamim_ist/BN_Agent/datasets/alarm/combined_train_scenarios.csv
===================================================
Accuracy: 88.0 %
Total: 50
Successes: 44
Failures: 6

===================================================
Dataset: /home/shamim_ist/BN_Agent/datasets/alarm/combined_train_scenarios.csv
===================================================
Accuracy: 88.0 %
Total: 50
Successes: 44
Failures: 6

===================================================
Dataset: /home/shamim_ist/BN_Agent/datasets/alarm/combined_train_scenarios.csv
===================================================
Accuracy: 88.0 %
Total: 50
Successes: 44
Failures: 6

===================================================
Dataset: /home/shamim_ist/BN_Agent/datasets/alarm/combined_train_scenarios.csv
===================================================
Accuracy: 98.0 %
Total: 50
Successes: 49
Failures: 1

===================================================
Dataset: /home/shamim_ist/BN_Agent/datasets/alarm/combined_train_scenarios.csv
===================================================
Accuracy: 100.0 %
Total: 50
Successes: 50
Failures: 0

No failures!


Best BN Number: 4
Best BN Accuracy: 1.0
Saved CPT identity comparison to /home/shamim_ist/BN_Agent/workspace/alarm/cpt_comparison_analysis.json
BN number: 4
Agent change verdict: very_good
Expected changed CPTs: ['PCWP']
Agent changed CPTs: ['BP', 'CVP', 'LVEDVOLUME', 'PCWP', 'STROKEVOLUME']
Unexpected changed CPTs: ['BP', 'CVP', 'LVEDVOLUME', 'STROKEVOLUME']
{'bn_number': 4, 'agent_changed_cpt_count': 5, 'agent_changed_cpts': ['BP', 'CVP', 'LVEDVOLUME', 'PCWP', 'STROKEVOLUME'], 'agent_change_report': {'verdict': 'very_good', 'total_cpts': 37, 'expected_changed_count': 1, 'expected_changed_cpts': ['PCWP'], 'agent_changed_count': 5, 'agent_changed_cpts': ['BP', 'CVP', 'LVEDVOLUME', 'PCWP', 'STROKEVOLUME'], 'matched_expected_count': 1, 'matched_expected_cpts': ['PCWP'], 'missed_expected_count': 0, 'missed_expected_cpts': [], 'unexpected_changed_count': 4, 'unexpected_changed_cpts': ['BP', 'CVP', 'LVEDVOLUME', 'STROKEVOLUME'], 'unflawed_cpt_count': 36, 'untouched_unflawed_count': 32, 'untouched_unflawed_cpts': ['ANAPHYLAXIS', 'ARTCO2', 'CATECHOL', 'CO', 'DISCONNECT', 'ERRCAUTER', 'ERRLOWOUTPUT', 'EXPCO2', 'FIO2', 'HISTORY', 'HR', 'HRBP', 'HREKG', 'HRSAT', 'HYPOVOLEMIA', 'INSUFFANESTH', 'INTUBATION', 'KINKEDTUBE', 'LVFAILURE', 'MINVOL', 'MINVOLSET', 'PAP', 'PRESS', 'PULMEMBOLUS', 'PVSAT', 'SAO2', 'SHUNT', 'TPR', 'VENTALV', 'VENTLUNG', 'VENTMACH', 'VENTTUBE'], 'expected_change_recall': 1.0, 'unexpected_change_rate': 0.1111, 'unflawed_preservation_rate': 0.8889}}
======================================================================
BP                             0.00573414
  Column 7:
    GT : [0.05 0.2  0.75]
    Prop: [0.1 0.3 0.6]
----------------------------------------------------------------------
CVP                            0.10855909
  Column 0:
    GT : [0.95 0.04 0.01]
    Prop: [0.97 0.03 0.  ]
  Column 2:
    GT : [0.01 0.29 0.7 ]
    Prop: [0.01 0.12 0.87]
----------------------------------------------------------------------
LVEDVOLUME                     0.00397418
  Column 0:
    GT : [0.95 0.04 0.01]
    Prop: [0.97 0.02 0.01]
  Column 1:
    GT : [0.01 0.09 0.9 ]
    Prop: [0.01 0.07 0.92]
  Column 2:
    GT : [0.98 0.01 0.01]
    Prop: [0.99  0.005 0.005]
  Column 3:
    GT : [0.05 0.9  0.05]
    Prop: [0.04 0.91 0.05]
----------------------------------------------------------------------
PCWP                           0.08366859
  Column 0:
    GT : [0.95 0.04 0.01]
    Prop: [0.85 0.05 0.1 ]
  Column 1:
    GT : [0.04 0.95 0.01]
    Prop: [0.1 0.8 0.1]
  Column 2:
    GT : [0.01 0.04 0.95]
    Prop: [0.1  0.05 0.85]
----------------------------------------------------------------------
STROKEVOLUME                   0.00864355
  Column 0:
    GT : [0.98 0.01 0.01]
    Prop: [0.99  0.005 0.005]
  Column 1:
    GT : [0.5  0.49 0.01]
    Prop: [0.6  0.39 0.01]
  Column 2:
    GT : [0.95 0.04 0.01]
    Prop: [0.97 0.02 0.01]
  Column 3:
    GT : [0.05 0.9  0.05]
    Prop: [0.04 0.9  0.06]
----------------------------------------------------------------------
======================================================================
Overall Average CPT KL = 0.00279326
======================================================================
BP                             RMSE = 0.03600411
  Column 7:
    GT   : [0.05 0.2  0.75]
    Prop : [0.1 0.3 0.6]
----------------------------------------------------------------------
CVP                            RMSE = 0.08055364
  Column 0:
    GT   : [0.95 0.04 0.01]
    Prop : [0.97 0.03 0.  ]
  Column 2:
    GT   : [0.01 0.29 0.7 ]
    Prop : [0.01 0.12 0.87]
----------------------------------------------------------------------
LVEDVOLUME                     RMSE = 0.01274755
  Column 0:
    GT   : [0.95 0.04 0.01]
    Prop : [0.97 0.02 0.01]
  Column 1:
    GT   : [0.01 0.09 0.9 ]
    Prop : [0.01 0.07 0.92]
  Column 2:
    GT   : [0.98 0.01 0.01]
    Prop : [0.99  0.005 0.005]
  Column 3:
    GT   : [0.05 0.9  0.05]
    Prop : [0.04 0.91 0.05]
----------------------------------------------------------------------
PCWP                           RMSE = 0.08856887
  Column 0:
    GT   : [0.95 0.04 0.01]
    Prop : [0.85 0.05 0.1 ]
  Column 1:
    GT   : [0.04 0.95 0.01]
    Prop : [0.1 0.8 0.1]
  Column 2:
    GT   : [0.01 0.04 0.95]
    Prop : [0.1  0.05 0.85]
----------------------------------------------------------------------
STROKEVOLUME                   RMSE = 0.04198214
  Column 0:
    GT   : [0.98 0.01 0.01]
    Prop : [0.99  0.005 0.005]
  Column 1:
    GT   : [0.5  0.49 0.01]
    Prop : [0.6  0.39 0.01]
  Column 2:
    GT   : [0.95 0.04 0.01]
    Prop : [0.97 0.02 0.01]
  Column 3:
    GT   : [0.05 0.9  0.05]
    Prop : [0.04 0.9  0.06]
----------------------------------------------------------------------
======================================================================
Overall CPT RMSE = 0.01577350
======================================================================
BP                             Hellinger = 0.01291948
  Column 7:
    GT   : [0.05 0.2  0.75]
    Prop : [0.1 0.3 0.6]
----------------------------------------------------------------------
CVP                            Hellinger = 0.07514705
  Column 0:
    GT   : [0.95 0.04 0.01]
    Prop : [0.97 0.03 0.  ]
  Column 2:
    GT   : [0.01 0.29 0.7 ]
    Prop : [0.01 0.12 0.87]
----------------------------------------------------------------------
LVEDVOLUME                     Hellinger = 0.02869368
  Column 0:
    GT   : [0.95 0.04 0.01]
    Prop : [0.97 0.02 0.01]
  Column 1:
    GT   : [0.01 0.09 0.9 ]
    Prop : [0.01 0.07 0.92]
  Column 2:
    GT   : [0.98 0.01 0.01]
    Prop : [0.99  0.005 0.005]
  Column 3:
    GT   : [0.05 0.9  0.05]
    Prop : [0.04 0.91 0.05]
----------------------------------------------------------------------
PCWP                           Hellinger = 0.16638081
  Column 0:
    GT   : [0.95 0.04 0.01]
    Prop : [0.85 0.05 0.1 ]
  Column 1:
    GT   : [0.04 0.95 0.01]
    Prop : [0.1 0.8 0.1]
  Column 2:
    GT   : [0.01 0.04 0.95]
    Prop : [0.1  0.05 0.85]
----------------------------------------------------------------------
STROKEVOLUME                   Hellinger = 0.04141517
  Column 0:
    GT   : [0.98 0.01 0.01]
    Prop : [0.99  0.005 0.005]
  Column 1:
    GT   : [0.5  0.49 0.01]
    Prop : [0.6  0.39 0.01]
  Column 2:
    GT   : [0.95 0.04 0.01]
    Prop : [0.97 0.02 0.01]
  Column 3:
    GT   : [0.05 0.9  0.05]
    Prop : [0.04 0.9  0.06]
----------------------------------------------------------------------
======================================================================
Overall Average Hellinger = 0.00461438
###------------------------------###

Restart 0 finished.
###------------------------------###

==============================
PIPELINE RESTART #1
==============================
Cleared: /home/shamim_ist/BN_Agent/workspace/alarm/bn_analysis.json
Cleared: /home/shamim_ist/BN_Agent/workspace/alarm/last_proposed_bn.jsonl
Cleared: /home/shamim_ist/BN_Agent/workspace/alarm/dangerous_cpt_report.json
Cleared: /home/shamim_ist/BN_Agent/workspace/alarm/failure_parameter_statistics.json

===================================================
Dataset: /home/shamim_ist/BN_Agent/datasets/alarm/combined_train_scenarios.csv
===================================================
Accuracy: 88.0 %
Total: 50
Successes: 44
Failures: 6
Flawed BN Accuracy: 88.00%
Initial Acceptance Threshold: 91.60%

Initial Generation Attempt 0

Additional Parent Nodes Required for CPT Activation (20)

Activation trace saved to /home/shamim_ist/BN_Agent/workspace/alarm/activation_trace.csv
Failure parameter statistics saved to '/home/shamim_ist/BN_Agent/workspace/alarm/failure_parameter_statistics.json'
Valid danger report received on attempt 1.

===================================================

Accuracy: 88.00%

Workflow analysis for BN #0 stored in /home/shamim_ist/BN_Agent/workspace/alarm/bn_analysis.json
Valid response received on attempt 1.
Selected baseline BN: 0

===================================================
Dataset: /home/shamim_ist/BN_Agent/datasets/alarm/combined_train_scenarios.csv
===================================================
Accuracy: 88.0 %
Total: 50
Successes: 44
Failures: 6

Candidate 1: Accuracy = 0.8800, Failures = 6, Successes = 44

===================================================
Dataset: /home/shamim_ist/BN_Agent/datasets/alarm/combined_train_scenarios.csv
===================================================
Accuracy: 88.0 %
Total: 50
Successes: 44
Failures: 6

Candidate 2: Accuracy = 0.8800, Failures = 6, Successes = 44

===================================================
Dataset: /home/shamim_ist/BN_Agent/datasets/alarm/combined_train_scenarios.csv
===================================================
Accuracy: 88.0 %
Total: 50
Successes: 44
Failures: 6

Candidate 3: Accuracy = 0.8800, Failures = 6, Successes = 44

========================================
BEST REFINEMENT CANDIDATE
========================================
Candidate 1
Accuracy: 0.8800
Failures: 6
Successes: 44

===================================================
Dataset: /home/shamim_ist/BN_Agent/datasets/alarm/combined_train_scenarios.csv
===================================================
Accuracy: 88.0 %
Total: 50
Successes: 44
Failures: 6
Accuracy = 88.00%

Initial Generation Attempt 1
Removed workflow analysis for BN #0 from /home/shamim_ist/BN_Agent/workspace/alarm/bn_analysis.json

Additional Parent Nodes Required for CPT Activation (20)

Activation trace saved to /home/shamim_ist/BN_Agent/workspace/alarm/activation_trace.csv
Failure parameter statistics saved to '/home/shamim_ist/BN_Agent/workspace/alarm/failure_parameter_statistics.json'
Valid danger report received on attempt 1.

===================================================

Accuracy: 88.00%

Workflow analysis for BN #0 stored in /home/shamim_ist/BN_Agent/workspace/alarm/bn_analysis.json
Valid response received on attempt 1.
Selected baseline BN: 0

===================================================
Dataset: /home/shamim_ist/BN_Agent/datasets/alarm/combined_train_scenarios.csv
===================================================
Accuracy: 88.0 %
Total: 50
Successes: 44
Failures: 6

Candidate 1: Accuracy = 0.8800, Failures = 6, Successes = 44

===================================================
Dataset: /home/shamim_ist/BN_Agent/datasets/alarm/combined_train_scenarios.csv
===================================================
Accuracy: 88.0 %
Total: 50
Successes: 44
Failures: 6

Candidate 2: Accuracy = 0.8800, Failures = 6, Successes = 44

===================================================
Dataset: /home/shamim_ist/BN_Agent/datasets/alarm/combined_train_scenarios.csv
===================================================
Accuracy: 88.0 %
Total: 50
Successes: 44
Failures: 6

Candidate 3: Accuracy = 0.8800, Failures = 6, Successes = 44

========================================
BEST REFINEMENT CANDIDATE
========================================
Candidate 1
Accuracy: 0.8800
Failures: 6
Successes: 44

===================================================
Dataset: /home/shamim_ist/BN_Agent/datasets/alarm/combined_train_scenarios.csv
===================================================
Accuracy: 88.0 %
Total: 50
Successes: 44
Failures: 6
Accuracy = 88.00%

Initial Generation Attempt 2
Removed workflow analysis for BN #0 from /home/shamim_ist/BN_Agent/workspace/alarm/bn_analysis.json

Additional Parent Nodes Required for CPT Activation (20)

Activation trace saved to /home/shamim_ist/BN_Agent/workspace/alarm/activation_trace.csv
Failure parameter statistics saved to '/home/shamim_ist/BN_Agent/workspace/alarm/failure_parameter_statistics.json'
Valid danger report received on attempt 1.

===================================================

Accuracy: 88.00%

Workflow analysis for BN #0 stored in /home/shamim_ist/BN_Agent/workspace/alarm/bn_analysis.json
Valid response received on attempt 1.
Selected baseline BN: 0

===================================================
Dataset: /home/shamim_ist/BN_Agent/datasets/alarm/combined_train_scenarios.csv
===================================================
Accuracy: 88.0 %
Total: 50
Successes: 44
Failures: 6

Candidate 1: Accuracy = 0.8800, Failures = 6, Successes = 44

===================================================
Dataset: /home/shamim_ist/BN_Agent/datasets/alarm/combined_train_scenarios.csv
===================================================
Accuracy: 88.0 %
Total: 50
Successes: 44
Failures: 6

Candidate 2: Accuracy = 0.8800, Failures = 6, Successes = 44

===================================================
Dataset: /home/shamim_ist/BN_Agent/datasets/alarm/combined_train_scenarios.csv
===================================================
Accuracy: 88.0 %
Total: 50
Successes: 44
Failures: 6

Candidate 3: Accuracy = 0.8800, Failures = 6, Successes = 44

========================================
BEST REFINEMENT CANDIDATE
========================================
Candidate 1
Accuracy: 0.8800
Failures: 6
Successes: 44

===================================================
Dataset: /home/shamim_ist/BN_Agent/datasets/alarm/combined_train_scenarios.csv
===================================================
Accuracy: 88.0 %
Total: 50
Successes: 44
Failures: 6
Accuracy = 88.00%
Threshold (91.60%) not reached after 3 attempts. Using best generated BN (88.00%).
Removed workflow analysis for BN #0 from /home/shamim_ist/BN_Agent/workspace/alarm/bn_analysis.json

Initial BN generated

===== ITERATION 2 =====

===================================================
Dataset: /home/shamim_ist/BN_Agent/datasets/alarm/combined_train_scenarios.csv
===================================================
Accuracy: 88.0 %
Total: 50
Successes: 44
Failures: 6

Additional Parent Nodes Required for CPT Activation (20)

Activation trace saved to /home/shamim_ist/BN_Agent/workspace/alarm/activation_trace.csv
Failure parameter statistics saved to '/home/shamim_ist/BN_Agent/workspace/alarm/failure_parameter_statistics.json'
Valid danger report received on attempt 1.

===================================================

Accuracy: 88.00%

Workflow analysis for BN #1 stored in /home/shamim_ist/BN_Agent/workspace/alarm/bn_analysis.json
Valid response received on attempt 1.
Selected baseline BN: 1

===================================================
Dataset: /home/shamim_ist/BN_Agent/datasets/alarm/combined_train_scenarios.csv
===================================================
Accuracy: 100.0 %
Total: 50
Successes: 50
Failures: 0

No failures!

Candidate 1: Accuracy = 1.0000, Failures = 0, Successes = 50

===================================================
Dataset: /home/shamim_ist/BN_Agent/datasets/alarm/combined_train_scenarios.csv
===================================================
Accuracy: 88.0 %
Total: 50
Successes: 44
Failures: 6

Candidate 2: Accuracy = 0.8800, Failures = 6, Successes = 44

===================================================
Dataset: /home/shamim_ist/BN_Agent/datasets/alarm/combined_train_scenarios.csv
===================================================
Accuracy: 100.0 %
Total: 50
Successes: 50
Failures: 0

No failures!

Candidate 3: Accuracy = 1.0000, Failures = 0, Successes = 50

========================================
BEST REFINEMENT CANDIDATE
========================================
Candidate 1
Accuracy: 1.0000
Failures: 0
Successes: 50

===================================================
Dataset: /home/shamim_ist/BN_Agent/datasets/alarm/combined_train_scenarios.csv
===================================================
Accuracy: 100.0 %
Total: 50
Successes: 50
Failures: 0

No failures!

Accuracy improved from 88.00% to 100.00%.

===== ITERATION 3 =====

===================================================
Dataset: /home/shamim_ist/BN_Agent/datasets/alarm/combined_train_scenarios.csv
===================================================
Accuracy: 100.0 %
Total: 50
Successes: 50
Failures: 0

No failures!

Additional Parent Nodes Required for CPT Activation (20)

Activation trace saved to /home/shamim_ist/BN_Agent/workspace/alarm/activation_trace.csv
Failure parameter statistics saved to '/home/shamim_ist/BN_Agent/workspace/alarm/failure_parameter_statistics.json'
Valid danger report received on attempt 1.

===================================================

Accuracy: 100.00%

Workflow analysis for BN #2 stored in /home/shamim_ist/BN_Agent/workspace/alarm/bn_analysis.json
Valid response received on attempt 1.
Selected baseline BN: 2

===================================================
Dataset: /home/shamim_ist/BN_Agent/datasets/alarm/combined_train_scenarios.csv
===================================================
Accuracy: 100.0 %
Total: 50
Successes: 50
Failures: 0

No failures!

Candidate 1: Accuracy = 1.0000, Failures = 0, Successes = 50

===================================================
Dataset: /home/shamim_ist/BN_Agent/datasets/alarm/combined_train_scenarios.csv
===================================================
Accuracy: 88.0 %
Total: 50
Successes: 44
Failures: 6

Candidate 2: Accuracy = 0.8800, Failures = 6, Successes = 44

===================================================
Dataset: /home/shamim_ist/BN_Agent/datasets/alarm/combined_train_scenarios.csv
===================================================
Accuracy: 100.0 %
Total: 50
Successes: 50
Failures: 0

No failures!

Candidate 3: Accuracy = 1.0000, Failures = 0, Successes = 50

========================================
BEST REFINEMENT CANDIDATE
========================================
Candidate 1
Accuracy: 1.0000
Failures: 0
Successes: 50

===================================================
Dataset: /home/shamim_ist/BN_Agent/datasets/alarm/combined_train_scenarios.csv
===================================================
Accuracy: 100.0 %
Total: 50
Successes: 50
Failures: 0

No failures!

Accuracy did not improve. Need improvement from 100.00% 
Removed 1 record(s) with bn_number=3
Valid response received on attempt 1.
Selected baseline BN: 2

===================================================
Dataset: /home/shamim_ist/BN_Agent/datasets/alarm/combined_train_scenarios.csv
===================================================
Accuracy: 100.0 %
Total: 50
Successes: 50
Failures: 0

No failures!

Candidate 1: Accuracy = 1.0000, Failures = 0, Successes = 50

===================================================
Dataset: /home/shamim_ist/BN_Agent/datasets/alarm/combined_train_scenarios.csv
===================================================
Accuracy: 100.0 %
Total: 50
Successes: 50
Failures: 0

No failures!

Candidate 2: Accuracy = 1.0000, Failures = 0, Successes = 50

===================================================
Dataset: /home/shamim_ist/BN_Agent/datasets/alarm/combined_train_scenarios.csv
===================================================
Accuracy: 100.0 %
Total: 50
Successes: 50
Failures: 0

No failures!

Candidate 3: Accuracy = 1.0000, Failures = 0, Successes = 50

========================================
BEST REFINEMENT CANDIDATE
========================================
Candidate 1
Accuracy: 1.0000
Failures: 0
Successes: 50

===================================================
Dataset: /home/shamim_ist/BN_Agent/datasets/alarm/combined_train_scenarios.csv
===================================================
Accuracy: 100.0 %
Total: 50
Successes: 50
Failures: 0

No failures!
Removed 1 record(s) with bn_number=3
Valid response received on attempt 1.
Selected baseline BN: 2

===================================================
Dataset: /home/shamim_ist/BN_Agent/datasets/alarm/combined_train_scenarios.csv
===================================================
Accuracy: 100.0 %
Total: 50
Successes: 50
Failures: 0

No failures!

Candidate 1: Accuracy = 1.0000, Failures = 0, Successes = 50

===================================================
Dataset: /home/shamim_ist/BN_Agent/datasets/alarm/combined_train_scenarios.csv
===================================================
Accuracy: 100.0 %
Total: 50
Successes: 50
Failures: 0

No failures!

Candidate 2: Accuracy = 1.0000, Failures = 0, Successes = 50

===================================================
Dataset: /home/shamim_ist/BN_Agent/datasets/alarm/combined_train_scenarios.csv
===================================================
Accuracy: 100.0 %
Total: 50
Successes: 50
Failures: 0

No failures!

Candidate 3: Accuracy = 1.0000, Failures = 0, Successes = 50

========================================
BEST REFINEMENT CANDIDATE
========================================
Candidate 1
Accuracy: 1.0000
Failures: 0
Successes: 50

===================================================
Dataset: /home/shamim_ist/BN_Agent/datasets/alarm/combined_train_scenarios.csv
===================================================
Accuracy: 100.0 %
Total: 50
Successes: 50
Failures: 0

No failures!
Removed 1 record(s) with bn_number=3
Valid response received on attempt 1.
Selected baseline BN: 2

===================================================
Dataset: /home/shamim_ist/BN_Agent/datasets/alarm/combined_train_scenarios.csv
===================================================
Accuracy: 100.0 %
Total: 50
Successes: 50
Failures: 0

No failures!

Candidate 1: Accuracy = 1.0000, Failures = 0, Successes = 50

===================================================
Dataset: /home/shamim_ist/BN_Agent/datasets/alarm/combined_train_scenarios.csv
===================================================
Accuracy: 100.0 %
Total: 50
Successes: 50
Failures: 0

No failures!

Candidate 2: Accuracy = 1.0000, Failures = 0, Successes = 50

===================================================
Dataset: /home/shamim_ist/BN_Agent/datasets/alarm/combined_train_scenarios.csv
===================================================
Accuracy: 100.0 %
Total: 50
Successes: 50
Failures: 0

No failures!

Candidate 3: Accuracy = 1.0000, Failures = 0, Successes = 50

========================================
BEST REFINEMENT CANDIDATE
========================================
Candidate 1
Accuracy: 1.0000
Failures: 0
Successes: 50

===================================================
Dataset: /home/shamim_ist/BN_Agent/datasets/alarm/combined_train_scenarios.csv
===================================================
Accuracy: 100.0 %
Total: 50
Successes: 50
Failures: 0

No failures!

No improvement after 3 retries. Selecting best retry candidate (accuracy=100.00%).
Removed 1 record(s) with bn_number=3
Continuing with retry candidate (accuracy=100.00%).

===== ITERATION 4 =====

===================================================
Dataset: /home/shamim_ist/BN_Agent/datasets/alarm/combined_train_scenarios.csv
===================================================
Accuracy: 100.0 %
Total: 50
Successes: 50
Failures: 0

No failures!

Additional Parent Nodes Required for CPT Activation (20)

Activation trace saved to /home/shamim_ist/BN_Agent/workspace/alarm/activation_trace.csv
Failure parameter statistics saved to '/home/shamim_ist/BN_Agent/workspace/alarm/failure_parameter_statistics.json'
Valid danger report received on attempt 1.

===================================================

Accuracy: 100.00%

Workflow analysis for BN #3 stored in /home/shamim_ist/BN_Agent/workspace/alarm/bn_analysis.json
Valid response received on attempt 1.
Selected baseline BN: 2

===================================================
Dataset: /home/shamim_ist/BN_Agent/datasets/alarm/combined_train_scenarios.csv
===================================================
Accuracy: 100.0 %
Total: 50
Successes: 50
Failures: 0

No failures!

Candidate 1: Accuracy = 1.0000, Failures = 0, Successes = 50

===================================================
Dataset: /home/shamim_ist/BN_Agent/datasets/alarm/combined_train_scenarios.csv
===================================================
Accuracy: 100.0 %
Total: 50
Successes: 50
Failures: 0

No failures!

Candidate 2: Accuracy = 1.0000, Failures = 0, Successes = 50

===================================================
Dataset: /home/shamim_ist/BN_Agent/datasets/alarm/combined_train_scenarios.csv
===================================================
Accuracy: 100.0 %
Total: 50
Successes: 50
Failures: 0

No failures!

Candidate 3: Accuracy = 1.0000, Failures = 0, Successes = 50

========================================
BEST REFINEMENT CANDIDATE
========================================
Candidate 1
Accuracy: 1.0000
Failures: 0
Successes: 50

===================================================
Dataset: /home/shamim_ist/BN_Agent/datasets/alarm/combined_train_scenarios.csv
===================================================
Accuracy: 100.0 %
Total: 50
Successes: 50
Failures: 0

No failures!

Accuracy did not improve. Need improvement from 100.00% 
Removed 1 record(s) with bn_number=4
Valid response received on attempt 1.
Selected baseline BN: 2

===================================================
Dataset: /home/shamim_ist/BN_Agent/datasets/alarm/combined_train_scenarios.csv
===================================================
Accuracy: 100.0 %
Total: 50
Successes: 50
Failures: 0

No failures!

Candidate 1: Accuracy = 1.0000, Failures = 0, Successes = 50

===================================================
Dataset: /home/shamim_ist/BN_Agent/datasets/alarm/combined_train_scenarios.csv
===================================================
Accuracy: 100.0 %
Total: 50
Successes: 50
Failures: 0

No failures!

Candidate 2: Accuracy = 1.0000, Failures = 0, Successes = 50

===================================================
Dataset: /home/shamim_ist/BN_Agent/datasets/alarm/combined_train_scenarios.csv
===================================================
Accuracy: 100.0 %
Total: 50
Successes: 50
Failures: 0

No failures!

Candidate 3: Accuracy = 1.0000, Failures = 0, Successes = 50

========================================
BEST REFINEMENT CANDIDATE
========================================
Candidate 1
Accuracy: 1.0000
Failures: 0
Successes: 50

===================================================
Dataset: /home/shamim_ist/BN_Agent/datasets/alarm/combined_train_scenarios.csv
===================================================
Accuracy: 100.0 %
Total: 50
Successes: 50
Failures: 0

No failures!
Removed 1 record(s) with bn_number=4
Valid response received on attempt 1.
Selected baseline BN: 2

===================================================
Dataset: /home/shamim_ist/BN_Agent/datasets/alarm/combined_train_scenarios.csv
===================================================
Accuracy: 100.0 %
Total: 50
Successes: 50
Failures: 0

No failures!

Candidate 1: Accuracy = 1.0000, Failures = 0, Successes = 50

===================================================
Dataset: /home/shamim_ist/BN_Agent/datasets/alarm/combined_train_scenarios.csv
===================================================
Accuracy: 100.0 %
Total: 50
Successes: 50
Failures: 0

No failures!

Candidate 2: Accuracy = 1.0000, Failures = 0, Successes = 50

===================================================
Dataset: /home/shamim_ist/BN_Agent/datasets/alarm/combined_train_scenarios.csv
===================================================
Accuracy: 100.0 %
Total: 50
Successes: 50
Failures: 0

No failures!

Candidate 3: Accuracy = 1.0000, Failures = 0, Successes = 50

========================================
BEST REFINEMENT CANDIDATE
========================================
Candidate 1
Accuracy: 1.0000
Failures: 0
Successes: 50

===================================================
Dataset: /home/shamim_ist/BN_Agent/datasets/alarm/combined_train_scenarios.csv
===================================================
Accuracy: 100.0 %
Total: 50
Successes: 50
Failures: 0

No failures!
Removed 1 record(s) with bn_number=4
Valid response received on attempt 1.
Selected baseline BN: 2

===================================================
Dataset: /home/shamim_ist/BN_Agent/datasets/alarm/combined_train_scenarios.csv
===================================================
Accuracy: 100.0 %
Total: 50
Successes: 50
Failures: 0

No failures!

Candidate 1: Accuracy = 1.0000, Failures = 0, Successes = 50

===================================================
Dataset: /home/shamim_ist/BN_Agent/datasets/alarm/combined_train_scenarios.csv
===================================================
Accuracy: 100.0 %
Total: 50
Successes: 50
Failures: 0

No failures!

Candidate 2: Accuracy = 1.0000, Failures = 0, Successes = 50

===================================================
Dataset: /home/shamim_ist/BN_Agent/datasets/alarm/combined_train_scenarios.csv
===================================================
Accuracy: 88.0 %
Total: 50
Successes: 44
Failures: 6

Candidate 3: Accuracy = 0.8800, Failures = 6, Successes = 44

========================================
BEST REFINEMENT CANDIDATE
========================================
Candidate 1
Accuracy: 1.0000
Failures: 0
Successes: 50

===================================================
Dataset: /home/shamim_ist/BN_Agent/datasets/alarm/combined_train_scenarios.csv
===================================================
Accuracy: 100.0 %
Total: 50
Successes: 50
Failures: 0

No failures!

No improvement after 3 retries. Selecting best retry candidate (accuracy=100.00%).
Removed 1 record(s) with bn_number=4
Continuing with retry candidate (accuracy=100.00%).

===================================================
Dataset: /home/shamim_ist/BN_Agent/datasets/alarm/combined_train_scenarios.csv
===================================================
Accuracy: 88.0 %
Total: 50
Successes: 44
Failures: 6

===================================================
Dataset: /home/shamim_ist/BN_Agent/datasets/alarm/combined_train_scenarios.csv
===================================================
Accuracy: 88.0 %
Total: 50
Successes: 44
Failures: 6

===================================================
Dataset: /home/shamim_ist/BN_Agent/datasets/alarm/combined_train_scenarios.csv
===================================================
Accuracy: 100.0 %
Total: 50
Successes: 50
Failures: 0

No failures!

===================================================
Dataset: /home/shamim_ist/BN_Agent/datasets/alarm/combined_train_scenarios.csv
===================================================
Accuracy: 100.0 %
Total: 50
Successes: 50
Failures: 0

No failures!

===================================================
Dataset: /home/shamim_ist/BN_Agent/datasets/alarm/combined_train_scenarios.csv
===================================================
Accuracy: 100.0 %
Total: 50
Successes: 50
Failures: 0

No failures!


Best BN Number: 4
Best BN Accuracy: 1.0
Saved CPT identity comparison to /home/shamim_ist/BN_Agent/workspace/alarm/cpt_comparison_analysis.json
BN number: 4
Agent change verdict: poor
Expected changed CPTs: ['PCWP']
Agent changed CPTs: ['BP', 'CVP']
Unexpected changed CPTs: ['BP', 'CVP']
{'bn_number': 4, 'agent_changed_cpt_count': 2, 'agent_changed_cpts': ['BP', 'CVP'], 'agent_change_report': {'verdict': 'poor', 'total_cpts': 37, 'expected_changed_count': 1, 'expected_changed_cpts': ['PCWP'], 'agent_changed_count': 2, 'agent_changed_cpts': ['BP', 'CVP'], 'matched_expected_count': 0, 'matched_expected_cpts': [], 'missed_expected_count': 1, 'missed_expected_cpts': ['PCWP'], 'unexpected_changed_count': 2, 'unexpected_changed_cpts': ['BP', 'CVP'], 'unflawed_cpt_count': 36, 'untouched_unflawed_count': 34, 'untouched_unflawed_cpts': ['ANAPHYLAXIS', 'ARTCO2', 'CATECHOL', 'CO', 'DISCONNECT', 'ERRCAUTER', 'ERRLOWOUTPUT', 'EXPCO2', 'FIO2', 'HISTORY', 'HR', 'HRBP', 'HREKG', 'HRSAT', 'HYPOVOLEMIA', 'INSUFFANESTH', 'INTUBATION', 'KINKEDTUBE', 'LVEDVOLUME', 'LVFAILURE', 'MINVOL', 'MINVOLSET', 'PAP', 'PRESS', 'PULMEMBOLUS', 'PVSAT', 'SAO2', 'SHUNT', 'STROKEVOLUME', 'TPR', 'VENTALV', 'VENTLUNG', 'VENTMACH', 'VENTTUBE'], 'expected_change_recall': 0.0, 'unexpected_change_rate': 0.0556, 'unflawed_preservation_rate': 0.9444}}
======================================================================
BP                             0.02069731
  Column 7:
    GT : [0.05 0.2  0.75]
    Prop: [0.1  0.45 0.45]
----------------------------------------------------------------------
CVP                            0.00323557
  Column 1:
    GT : [0.04 0.95 0.01]
    Prop: [0.04 0.94 0.02]
  Column 2:
    GT : [0.01 0.29 0.7 ]
    Prop: [0.01 0.24 0.75]
----------------------------------------------------------------------
PCWP                           0.10358026
  Column 0:
    GT : [0.95 0.04 0.01]
    Prop: [0.8 0.1 0.1]
  Column 1:
    GT : [0.04 0.95 0.01]
    Prop: [0.1 0.8 0.1]
  Column 2:
    GT : [0.01 0.04 0.95]
    Prop: [0.1 0.1 0.8]
----------------------------------------------------------------------
======================================================================
Overall Average CPT KL = 0.00208528
======================================================================
BP                             RMSE = 0.07576768
  Column 7:
    GT   : [0.05 0.2  0.75]
    Prop : [0.1  0.45 0.45]
----------------------------------------------------------------------
CVP                            RMSE = 0.02403701
  Column 1:
    GT   : [0.04 0.95 0.01]
    Prop : [0.04 0.94 0.02]
  Column 2:
    GT   : [0.01 0.29 0.7 ]
    Prop : [0.01 0.24 0.75]
----------------------------------------------------------------------
PCWP                           RMSE = 0.10677078
  Column 0:
    GT   : [0.95 0.04 0.01]
    Prop : [0.8 0.1 0.1]
  Column 1:
    GT   : [0.04 0.95 0.01]
    Prop : [0.1 0.8 0.1]
  Column 2:
    GT   : [0.01 0.04 0.95]
    Prop : [0.1 0.1 0.8]
----------------------------------------------------------------------
======================================================================
Overall CPT RMSE = 0.01869407
======================================================================
BP                             Hellinger = 0.02442975
  Column 7:
    GT   : [0.05 0.2  0.75]
    Prop : [0.1  0.45 0.45]
----------------------------------------------------------------------
CVP                            Hellinger = 0.02322566
  Column 1:
    GT   : [0.04 0.95 0.01]
    Prop : [0.04 0.94 0.02]
  Column 2:
    GT   : [0.01 0.29 0.7 ]
    Prop : [0.01 0.24 0.75]
----------------------------------------------------------------------
PCWP                           Hellinger = 0.18262497
  Column 0:
    GT   : [0.95 0.04 0.01]
    Prop : [0.8 0.1 0.1]
  Column 1:
    GT   : [0.04 0.95 0.01]
    Prop : [0.1 0.8 0.1]
  Column 2:
    GT   : [0.01 0.04 0.95]
    Prop : [0.1 0.1 0.8]
----------------------------------------------------------------------
======================================================================
Overall Average Hellinger = 0.00344617
###------------------------------###

Restart 1 finished.
###------------------------------###

==============================
PIPELINE RESTART #2
==============================
Cleared: /home/shamim_ist/BN_Agent/workspace/alarm/bn_analysis.json
Cleared: /home/shamim_ist/BN_Agent/workspace/alarm/last_proposed_bn.jsonl
Cleared: /home/shamim_ist/BN_Agent/workspace/alarm/dangerous_cpt_report.json
Cleared: /home/shamim_ist/BN_Agent/workspace/alarm/failure_parameter_statistics.json

===================================================
Dataset: /home/shamim_ist/BN_Agent/datasets/alarm/combined_train_scenarios.csv
===================================================
Accuracy: 88.0 %
Total: 50
Successes: 44
Failures: 6
Flawed BN Accuracy: 88.00%
Initial Acceptance Threshold: 91.60%

Initial Generation Attempt 0

Additional Parent Nodes Required for CPT Activation (20)

Activation trace saved to /home/shamim_ist/BN_Agent/workspace/alarm/activation_trace.csv
Failure parameter statistics saved to '/home/shamim_ist/BN_Agent/workspace/alarm/failure_parameter_statistics.json'
Valid danger report received on attempt 1.

===================================================

Accuracy: 88.00%

Workflow analysis for BN #0 stored in /home/shamim_ist/BN_Agent/workspace/alarm/bn_analysis.json
Valid response received on attempt 1.
Selected baseline BN: 0

===================================================
Dataset: /home/shamim_ist/BN_Agent/datasets/alarm/combined_train_scenarios.csv
===================================================
Accuracy: 88.0 %
Total: 50
Successes: 44
Failures: 6

Candidate 1: Accuracy = 0.8800, Failures = 6, Successes = 44

===================================================
Dataset: /home/shamim_ist/BN_Agent/datasets/alarm/combined_train_scenarios.csv
===================================================
Accuracy: 88.0 %
Total: 50
Successes: 44
Failures: 6

Candidate 2: Accuracy = 0.8800, Failures = 6, Successes = 44

===================================================
Dataset: /home/shamim_ist/BN_Agent/datasets/alarm/combined_train_scenarios.csv
===================================================
Accuracy: 88.0 %
Total: 50
Successes: 44
Failures: 6

Candidate 3: Accuracy = 0.8800, Failures = 6, Successes = 44

========================================
BEST REFINEMENT CANDIDATE
========================================
Candidate 1
Accuracy: 0.8800
Failures: 6
Successes: 44

===================================================
Dataset: /home/shamim_ist/BN_Agent/datasets/alarm/combined_train_scenarios.csv
===================================================
Accuracy: 88.0 %
Total: 50
Successes: 44
Failures: 6
Accuracy = 88.00%

Initial Generation Attempt 1
Removed workflow analysis for BN #0 from /home/shamim_ist/BN_Agent/workspace/alarm/bn_analysis.json

Additional Parent Nodes Required for CPT Activation (20)

Activation trace saved to /home/shamim_ist/BN_Agent/workspace/alarm/activation_trace.csv
Failure parameter statistics saved to '/home/shamim_ist/BN_Agent/workspace/alarm/failure_parameter_statistics.json'
Valid danger report received on attempt 1.

===================================================

Accuracy: 88.00%

Workflow analysis for BN #0 stored in /home/shamim_ist/BN_Agent/workspace/alarm/bn_analysis.json
Valid response received on attempt 1.
Selected baseline BN: 0

===================================================
Dataset: /home/shamim_ist/BN_Agent/datasets/alarm/combined_train_scenarios.csv
===================================================
Accuracy: 100.0 %
Total: 50
Successes: 50
Failures: 0

No failures!

Candidate 1: Accuracy = 1.0000, Failures = 0, Successes = 50

===================================================
Dataset: /home/shamim_ist/BN_Agent/datasets/alarm/combined_train_scenarios.csv
===================================================
Accuracy: 88.0 %
Total: 50
Successes: 44
Failures: 6

Candidate 2: Accuracy = 0.8800, Failures = 6, Successes = 44

===================================================
Dataset: /home/shamim_ist/BN_Agent/datasets/alarm/combined_train_scenarios.csv
===================================================
Accuracy: 100.0 %
Total: 50
Successes: 50
Failures: 0

No failures!

Candidate 3: Accuracy = 1.0000, Failures = 0, Successes = 50

========================================
BEST REFINEMENT CANDIDATE
========================================
Candidate 1
Accuracy: 1.0000
Failures: 0
Successes: 50

===================================================
Dataset: /home/shamim_ist/BN_Agent/datasets/alarm/combined_train_scenarios.csv
===================================================
Accuracy: 100.0 %
Total: 50
Successes: 50
Failures: 0

No failures!
Accuracy = 100.00%
Initial BN accepted.
Accepted initial BN (100.00%).
Removed workflow analysis for BN #0 from /home/shamim_ist/BN_Agent/workspace/alarm/bn_analysis.json

Initial BN generated

===== ITERATION 2 =====

===================================================
Dataset: /home/shamim_ist/BN_Agent/datasets/alarm/combined_train_scenarios.csv
===================================================
Accuracy: 100.0 %
Total: 50
Successes: 50
Failures: 0

No failures!

Additional Parent Nodes Required for CPT Activation (20)

Activation trace saved to /home/shamim_ist/BN_Agent/workspace/alarm/activation_trace.csv
Failure parameter statistics saved to '/home/shamim_ist/BN_Agent/workspace/alarm/failure_parameter_statistics.json'
Valid danger report received on attempt 1.

===================================================

Accuracy: 100.00%

Workflow analysis for BN #1 stored in /home/shamim_ist/BN_Agent/workspace/alarm/bn_analysis.json
Valid response received on attempt 1.
Selected baseline BN: 1

===================================================
Dataset: /home/shamim_ist/BN_Agent/datasets/alarm/combined_train_scenarios.csv
===================================================
Accuracy: 100.0 %
Total: 50
Successes: 50
Failures: 0

No failures!

Candidate 1: Accuracy = 1.0000, Failures = 0, Successes = 50

===================================================
Dataset: /home/shamim_ist/BN_Agent/datasets/alarm/combined_train_scenarios.csv
===================================================
Accuracy: 100.0 %
Total: 50
Successes: 50
Failures: 0

No failures!

Candidate 2: Accuracy = 1.0000, Failures = 0, Successes = 50

===================================================
Dataset: /home/shamim_ist/BN_Agent/datasets/alarm/combined_train_scenarios.csv
===================================================
Accuracy: 100.0 %
Total: 50
Successes: 50
Failures: 0

No failures!

Candidate 3: Accuracy = 1.0000, Failures = 0, Successes = 50

========================================
BEST REFINEMENT CANDIDATE
========================================
Candidate 1
Accuracy: 1.0000
Failures: 0
Successes: 50

===================================================
Dataset: /home/shamim_ist/BN_Agent/datasets/alarm/combined_train_scenarios.csv
===================================================
Accuracy: 100.0 %
Total: 50
Successes: 50
Failures: 0

No failures!

Accuracy did not improve. Need improvement from 100.00% 
Removed 1 record(s) with bn_number=2
Valid response received on attempt 1.
Selected baseline BN: 1

===================================================
Dataset: /home/shamim_ist/BN_Agent/datasets/alarm/combined_train_scenarios.csv
===================================================
Accuracy: 100.0 %
Total: 50
Successes: 50
Failures: 0

No failures!

Candidate 1: Accuracy = 1.0000, Failures = 0, Successes = 50

===================================================
Dataset: /home/shamim_ist/BN_Agent/datasets/alarm/combined_train_scenarios.csv
===================================================
Accuracy: 100.0 %
Total: 50
Successes: 50
Failures: 0

No failures!

Candidate 2: Accuracy = 1.0000, Failures = 0, Successes = 50

===================================================
Dataset: /home/shamim_ist/BN_Agent/datasets/alarm/combined_train_scenarios.csv
===================================================
Accuracy: 100.0 %
Total: 50
Successes: 50
Failures: 0

No failures!

Candidate 3: Accuracy = 1.0000, Failures = 0, Successes = 50

========================================
BEST REFINEMENT CANDIDATE
========================================
Candidate 1
Accuracy: 1.0000
Failures: 0
Successes: 50

===================================================
Dataset: /home/shamim_ist/BN_Agent/datasets/alarm/combined_train_scenarios.csv
===================================================
Accuracy: 100.0 %
Total: 50
Successes: 50
Failures: 0

No failures!
Removed 1 record(s) with bn_number=2
Valid response received on attempt 1.
Selected baseline BN: 1

===================================================
Dataset: /home/shamim_ist/BN_Agent/datasets/alarm/combined_train_scenarios.csv
===================================================
Accuracy: 100.0 %
Total: 50
Successes: 50
Failures: 0

No failures!

Candidate 1: Accuracy = 1.0000, Failures = 0, Successes = 50

===================================================
Dataset: /home/shamim_ist/BN_Agent/datasets/alarm/combined_train_scenarios.csv
===================================================
Accuracy: 100.0 %
Total: 50
Successes: 50
Failures: 0

No failures!

Candidate 2: Accuracy = 1.0000, Failures = 0, Successes = 50

===================================================
Dataset: /home/shamim_ist/BN_Agent/datasets/alarm/combined_train_scenarios.csv
===================================================
Accuracy: 100.0 %
Total: 50
Successes: 50
Failures: 0

No failures!

Candidate 3: Accuracy = 1.0000, Failures = 0, Successes = 50

========================================
BEST REFINEMENT CANDIDATE
========================================
Candidate 1
Accuracy: 1.0000
Failures: 0
Successes: 50

===================================================
Dataset: /home/shamim_ist/BN_Agent/datasets/alarm/combined_train_scenarios.csv
===================================================
Accuracy: 100.0 %
Total: 50
Successes: 50
Failures: 0

No failures!
Removed 1 record(s) with bn_number=2
Valid response received on attempt 1.
Selected baseline BN: 1

===================================================
Dataset: /home/shamim_ist/BN_Agent/datasets/alarm/combined_train_scenarios.csv
===================================================
Accuracy: 100.0 %
Total: 50
Successes: 50
Failures: 0

No failures!

Candidate 1: Accuracy = 1.0000, Failures = 0, Successes = 50

===================================================
Dataset: /home/shamim_ist/BN_Agent/datasets/alarm/combined_train_scenarios.csv
===================================================
Accuracy: 100.0 %
Total: 50
Successes: 50
Failures: 0

No failures!

Candidate 2: Accuracy = 1.0000, Failures = 0, Successes = 50

===================================================
Dataset: /home/shamim_ist/BN_Agent/datasets/alarm/combined_train_scenarios.csv
===================================================
Accuracy: 100.0 %
Total: 50
Successes: 50
Failures: 0

No failures!

Candidate 3: Accuracy = 1.0000, Failures = 0, Successes = 50

========================================
BEST REFINEMENT CANDIDATE
========================================
Candidate 1
Accuracy: 1.0000
Failures: 0
Successes: 50

===================================================
Dataset: /home/shamim_ist/BN_Agent/datasets/alarm/combined_train_scenarios.csv
===================================================
Accuracy: 100.0 %
Total: 50
Successes: 50
Failures: 0

No failures!

No improvement after 3 retries. Selecting best retry candidate (accuracy=100.00%).
Removed 1 record(s) with bn_number=2
Continuing with retry candidate (accuracy=100.00%).

===== ITERATION 3 =====

===================================================
Dataset: /home/shamim_ist/BN_Agent/datasets/alarm/combined_train_scenarios.csv
===================================================
Accuracy: 100.0 %
Total: 50
Successes: 50
Failures: 0

No failures!

Additional Parent Nodes Required for CPT Activation (20)

Activation trace saved to /home/shamim_ist/BN_Agent/workspace/alarm/activation_trace.csv
Failure parameter statistics saved to '/home/shamim_ist/BN_Agent/workspace/alarm/failure_parameter_statistics.json'
Valid danger report received on attempt 1.

===================================================

Accuracy: 100.00%

Workflow analysis for BN #2 stored in /home/shamim_ist/BN_Agent/workspace/alarm/bn_analysis.json
Valid response received on attempt 1.
Selected baseline BN: 1

===================================================
Dataset: /home/shamim_ist/BN_Agent/datasets/alarm/combined_train_scenarios.csv
===================================================
Accuracy: 100.0 %
Total: 50
Successes: 50
Failures: 0

No failures!

Candidate 1: Accuracy = 1.0000, Failures = 0, Successes = 50

===================================================
Dataset: /home/shamim_ist/BN_Agent/datasets/alarm/combined_train_scenarios.csv
===================================================
Accuracy: 100.0 %
Total: 50
Successes: 50
Failures: 0

No failures!

Candidate 2: Accuracy = 1.0000, Failures = 0, Successes = 50

===================================================
Dataset: /home/shamim_ist/BN_Agent/datasets/alarm/combined_train_scenarios.csv
===================================================
Accuracy: 100.0 %
Total: 50
Successes: 50
Failures: 0

No failures!

Candidate 3: Accuracy = 1.0000, Failures = 0, Successes = 50

========================================
BEST REFINEMENT CANDIDATE
========================================
Candidate 1
Accuracy: 1.0000
Failures: 0
Successes: 50

===================================================
Dataset: /home/shamim_ist/BN_Agent/datasets/alarm/combined_train_scenarios.csv
===================================================
Accuracy: 100.0 %
Total: 50
Successes: 50
Failures: 0

No failures!

Accuracy did not improve. Need improvement from 100.00% 
Removed 1 record(s) with bn_number=3
Valid response received on attempt 1.
Selected baseline BN: 1

===================================================
Dataset: /home/shamim_ist/BN_Agent/datasets/alarm/combined_train_scenarios.csv
===================================================
Accuracy: 98.0 %
Total: 50
Successes: 49
Failures: 1

Candidate 1: Accuracy = 0.9800, Failures = 1, Successes = 49

===================================================
Dataset: /home/shamim_ist/BN_Agent/datasets/alarm/combined_train_scenarios.csv
===================================================
Accuracy: 98.0 %
Total: 50
Successes: 49
Failures: 1

Candidate 2: Accuracy = 0.9800, Failures = 1, Successes = 49

===================================================
Dataset: /home/shamim_ist/BN_Agent/datasets/alarm/combined_train_scenarios.csv
===================================================
Accuracy: 100.0 %
Total: 50
Successes: 50
Failures: 0

No failures!

Candidate 3: Accuracy = 1.0000, Failures = 0, Successes = 50

========================================
BEST REFINEMENT CANDIDATE
========================================
Candidate 3
Accuracy: 1.0000
Failures: 0
Successes: 50

===================================================
Dataset: /home/shamim_ist/BN_Agent/datasets/alarm/combined_train_scenarios.csv
===================================================
Accuracy: 100.0 %
Total: 50
Successes: 50
Failures: 0

No failures!
Removed 1 record(s) with bn_number=3
Valid response received on attempt 1.
Selected baseline BN: 1

===================================================
Dataset: /home/shamim_ist/BN_Agent/datasets/alarm/combined_train_scenarios.csv
===================================================
Accuracy: 98.0 %
Total: 50
Successes: 49
Failures: 1

Candidate 1: Accuracy = 0.9800, Failures = 1, Successes = 49

===================================================
Dataset: /home/shamim_ist/BN_Agent/datasets/alarm/combined_train_scenarios.csv
===================================================
Accuracy: 98.0 %
Total: 50
Successes: 49
Failures: 1

Candidate 2: Accuracy = 0.9800, Failures = 1, Successes = 49

===================================================
Dataset: /home/shamim_ist/BN_Agent/datasets/alarm/combined_train_scenarios.csv
===================================================
Accuracy: 100.0 %
Total: 50
Successes: 50
Failures: 0

No failures!

Candidate 3: Accuracy = 1.0000, Failures = 0, Successes = 50

========================================
BEST REFINEMENT CANDIDATE
========================================
Candidate 3
Accuracy: 1.0000
Failures: 0
Successes: 50

===================================================
Dataset: /home/shamim_ist/BN_Agent/datasets/alarm/combined_train_scenarios.csv
===================================================
Accuracy: 100.0 %
Total: 50
Successes: 50
Failures: 0

No failures!
Removed 1 record(s) with bn_number=3
Valid response received on attempt 1.
Selected baseline BN: 1

===================================================
Dataset: /home/shamim_ist/BN_Agent/datasets/alarm/combined_train_scenarios.csv
===================================================
Accuracy: 100.0 %
Total: 50
Successes: 50
Failures: 0

No failures!

Candidate 1: Accuracy = 1.0000, Failures = 0, Successes = 50

===================================================
Dataset: /home/shamim_ist/BN_Agent/datasets/alarm/combined_train_scenarios.csv
===================================================
Accuracy: 100.0 %
Total: 50
Successes: 50
Failures: 0

No failures!

Candidate 2: Accuracy = 1.0000, Failures = 0, Successes = 50

===================================================
Dataset: /home/shamim_ist/BN_Agent/datasets/alarm/combined_train_scenarios.csv
===================================================
Accuracy: 100.0 %
Total: 50
Successes: 50
Failures: 0

No failures!

Candidate 3: Accuracy = 1.0000, Failures = 0, Successes = 50

========================================
BEST REFINEMENT CANDIDATE
========================================
Candidate 1
Accuracy: 1.0000
Failures: 0
Successes: 50

===================================================
Dataset: /home/shamim_ist/BN_Agent/datasets/alarm/combined_train_scenarios.csv
===================================================
Accuracy: 100.0 %
Total: 50
Successes: 50
Failures: 0

No failures!

No improvement after 3 retries. Selecting best retry candidate (accuracy=100.00%).
Removed 1 record(s) with bn_number=3
Continuing with retry candidate (accuracy=100.00%).

===== ITERATION 4 =====

===================================================
Dataset: /home/shamim_ist/BN_Agent/datasets/alarm/combined_train_scenarios.csv
===================================================
Accuracy: 100.0 %
Total: 50
Successes: 50
Failures: 0

No failures!

Additional Parent Nodes Required for CPT Activation (20)

Activation trace saved to /home/shamim_ist/BN_Agent/workspace/alarm/activation_trace.csv
Failure parameter statistics saved to '/home/shamim_ist/BN_Agent/workspace/alarm/failure_parameter_statistics.json'
Valid danger report received on attempt 1.

===================================================

Accuracy: 100.00%

Workflow analysis for BN #3 stored in /home/shamim_ist/BN_Agent/workspace/alarm/bn_analysis.json
Valid response received on attempt 1.
Selected baseline BN: 1

===================================================
Dataset: /home/shamim_ist/BN_Agent/datasets/alarm/combined_train_scenarios.csv
===================================================
Accuracy: 100.0 %
Total: 50
Successes: 50
Failures: 0

No failures!

Candidate 1: Accuracy = 1.0000, Failures = 0, Successes = 50

===================================================
Dataset: /home/shamim_ist/BN_Agent/datasets/alarm/combined_train_scenarios.csv
===================================================
Accuracy: 100.0 %
Total: 50
Successes: 50
Failures: 0

No failures!

Candidate 2: Accuracy = 1.0000, Failures = 0, Successes = 50

===================================================
Dataset: /home/shamim_ist/BN_Agent/datasets/alarm/combined_train_scenarios.csv
===================================================
Accuracy: 100.0 %
Total: 50
Successes: 50
Failures: 0

No failures!

Candidate 3: Accuracy = 1.0000, Failures = 0, Successes = 50

========================================
BEST REFINEMENT CANDIDATE
========================================
Candidate 1
Accuracy: 1.0000
Failures: 0
Successes: 50

===================================================
Dataset: /home/shamim_ist/BN_Agent/datasets/alarm/combined_train_scenarios.csv
===================================================
Accuracy: 100.0 %
Total: 50
Successes: 50
Failures: 0

No failures!

Accuracy did not improve. Need improvement from 100.00% 
Removed 1 record(s) with bn_number=4
Valid response received on attempt 1.
Selected baseline BN: 1

===================================================
Dataset: /home/shamim_ist/BN_Agent/datasets/alarm/combined_train_scenarios.csv
===================================================
Accuracy: 100.0 %
Total: 50
Successes: 50
Failures: 0

No failures!

Candidate 1: Accuracy = 1.0000, Failures = 0, Successes = 50

===================================================
Dataset: /home/shamim_ist/BN_Agent/datasets/alarm/combined_train_scenarios.csv
===================================================
Accuracy: 100.0 %
Total: 50
Successes: 50
Failures: 0

No failures!

Candidate 2: Accuracy = 1.0000, Failures = 0, Successes = 50

===================================================
Dataset: /home/shamim_ist/BN_Agent/datasets/alarm/combined_train_scenarios.csv
===================================================
Accuracy: 100.0 %
Total: 50
Successes: 50
Failures: 0

No failures!

Candidate 3: Accuracy = 1.0000, Failures = 0, Successes = 50

========================================
BEST REFINEMENT CANDIDATE
========================================
Candidate 1
Accuracy: 1.0000
Failures: 0
Successes: 50

===================================================
Dataset: /home/shamim_ist/BN_Agent/datasets/alarm/combined_train_scenarios.csv
===================================================
Accuracy: 100.0 %
Total: 50
Successes: 50
Failures: 0

No failures!
Removed 1 record(s) with bn_number=4
Valid response received on attempt 1.
Selected baseline BN: 1

===================================================
Dataset: /home/shamim_ist/BN_Agent/datasets/alarm/combined_train_scenarios.csv
===================================================
Accuracy: 100.0 %
Total: 50
Successes: 50
Failures: 0

No failures!

Candidate 1: Accuracy = 1.0000, Failures = 0, Successes = 50

===================================================
Dataset: /home/shamim_ist/BN_Agent/datasets/alarm/combined_train_scenarios.csv
===================================================
Accuracy: 100.0 %
Total: 50
Successes: 50
Failures: 0

No failures!

Candidate 2: Accuracy = 1.0000, Failures = 0, Successes = 50

===================================================
Dataset: /home/shamim_ist/BN_Agent/datasets/alarm/combined_train_scenarios.csv
===================================================
Accuracy: 100.0 %
Total: 50
Successes: 50
Failures: 0

No failures!

Candidate 3: Accuracy = 1.0000, Failures = 0, Successes = 50

========================================
BEST REFINEMENT CANDIDATE
========================================
Candidate 1
Accuracy: 1.0000
Failures: 0
Successes: 50

===================================================
Dataset: /home/shamim_ist/BN_Agent/datasets/alarm/combined_train_scenarios.csv
===================================================
Accuracy: 100.0 %
Total: 50
Successes: 50
Failures: 0

No failures!
Removed 1 record(s) with bn_number=4
Valid response received on attempt 1.
Selected baseline BN: 1

===================================================
Dataset: /home/shamim_ist/BN_Agent/datasets/alarm/combined_train_scenarios.csv
===================================================
Accuracy: 100.0 %
Total: 50
Successes: 50
Failures: 0

No failures!

Candidate 1: Accuracy = 1.0000, Failures = 0, Successes = 50

===================================================
Dataset: /home/shamim_ist/BN_Agent/datasets/alarm/combined_train_scenarios.csv
===================================================
Accuracy: 100.0 %
Total: 50
Successes: 50
Failures: 0

No failures!

Candidate 2: Accuracy = 1.0000, Failures = 0, Successes = 50

===================================================
Dataset: /home/shamim_ist/BN_Agent/datasets/alarm/combined_train_scenarios.csv
===================================================
Accuracy: 100.0 %
Total: 50
Successes: 50
Failures: 0

No failures!

Candidate 3: Accuracy = 1.0000, Failures = 0, Successes = 50

========================================
BEST REFINEMENT CANDIDATE
========================================
Candidate 1
Accuracy: 1.0000
Failures: 0
Successes: 50

===================================================
Dataset: /home/shamim_ist/BN_Agent/datasets/alarm/combined_train_scenarios.csv
===================================================
Accuracy: 100.0 %
Total: 50
Successes: 50
Failures: 0

No failures!

No improvement after 3 retries. Selecting best retry candidate (accuracy=100.00%).
Removed 1 record(s) with bn_number=4
Continuing with retry candidate (accuracy=100.00%).

===================================================
Dataset: /home/shamim_ist/BN_Agent/datasets/alarm/combined_train_scenarios.csv
===================================================
Accuracy: 88.0 %
Total: 50
Successes: 44
Failures: 6

===================================================
Dataset: /home/shamim_ist/BN_Agent/datasets/alarm/combined_train_scenarios.csv
===================================================
Accuracy: 100.0 %
Total: 50
Successes: 50
Failures: 0

No failures!

===================================================
Dataset: /home/shamim_ist/BN_Agent/datasets/alarm/combined_train_scenarios.csv
===================================================
Accuracy: 100.0 %
Total: 50
Successes: 50
Failures: 0

No failures!

===================================================
Dataset: /home/shamim_ist/BN_Agent/datasets/alarm/combined_train_scenarios.csv
===================================================
Accuracy: 100.0 %
Total: 50
Successes: 50
Failures: 0

No failures!

===================================================
Dataset: /home/shamim_ist/BN_Agent/datasets/alarm/combined_train_scenarios.csv
===================================================
Accuracy: 100.0 %
Total: 50
Successes: 50
Failures: 0

No failures!


Best BN Number: 4
Best BN Accuracy: 1.0
Saved CPT identity comparison to /home/shamim_ist/BN_Agent/workspace/alarm/cpt_comparison_analysis.json
BN number: 4
Agent change verdict: poor
Expected changed CPTs: ['PCWP']
Agent changed CPTs: ['CVP', 'HYPOVOLEMIA', 'LVEDVOLUME', 'STROKEVOLUME']
Unexpected changed CPTs: ['CVP', 'HYPOVOLEMIA', 'LVEDVOLUME', 'STROKEVOLUME']
{'bn_number': 4, 'agent_changed_cpt_count': 4, 'agent_changed_cpts': ['CVP', 'HYPOVOLEMIA', 'LVEDVOLUME', 'STROKEVOLUME'], 'agent_change_report': {'verdict': 'poor', 'total_cpts': 37, 'expected_changed_count': 1, 'expected_changed_cpts': ['PCWP'], 'agent_changed_count': 4, 'agent_changed_cpts': ['CVP', 'HYPOVOLEMIA', 'LVEDVOLUME', 'STROKEVOLUME'], 'matched_expected_count': 0, 'matched_expected_cpts': [], 'missed_expected_count': 1, 'missed_expected_cpts': ['PCWP'], 'unexpected_changed_count': 4, 'unexpected_changed_cpts': ['CVP', 'HYPOVOLEMIA', 'LVEDVOLUME', 'STROKEVOLUME'], 'unflawed_cpt_count': 36, 'untouched_unflawed_count': 32, 'untouched_unflawed_cpts': ['ANAPHYLAXIS', 'ARTCO2', 'BP', 'CATECHOL', 'CO', 'DISCONNECT', 'ERRCAUTER', 'ERRLOWOUTPUT', 'EXPCO2', 'FIO2', 'HISTORY', 'HR', 'HRBP', 'HREKG', 'HRSAT', 'INSUFFANESTH', 'INTUBATION', 'KINKEDTUBE', 'LVFAILURE', 'MINVOL', 'MINVOLSET', 'PAP', 'PRESS', 'PULMEMBOLUS', 'PVSAT', 'SAO2', 'SHUNT', 'TPR', 'VENTALV', 'VENTLUNG', 'VENTMACH', 'VENTTUBE'], 'expected_change_recall': 0.0, 'unexpected_change_rate': 0.1111, 'unflawed_preservation_rate': 0.8889}}
======================================================================
CVP                            0.00307580
  Column 1:
    GT : [0.04 0.95 0.01]
    Prop: [0.04 0.93 0.03]
----------------------------------------------------------------------
HYPOVOLEMIA                    0.00903672
  Column 0:
    GT : [0.2 0.8]
    Prop: [0.15 0.85]
----------------------------------------------------------------------
LVEDVOLUME                     0.00665759
  Column 0:
    GT : [0.95 0.04 0.01]
    Prop: [0.97 0.02 0.01]
  Column 1:
    GT : [0.01 0.09 0.9 ]
    Prop: [0.01 0.07 0.92]
  Column 2:
    GT : [0.98 0.01 0.01]
    Prop: [0.99  0.005 0.005]
  Column 3:
    GT : [0.05 0.9  0.05]
    Prop: [0.03 0.94 0.03]
----------------------------------------------------------------------
PCWP                           0.10358026
  Column 0:
    GT : [0.95 0.04 0.01]
    Prop: [0.8 0.1 0.1]
  Column 1:
    GT : [0.04 0.95 0.01]
    Prop: [0.1 0.8 0.1]
  Column 2:
    GT : [0.01 0.04 0.95]
    Prop: [0.1 0.1 0.8]
----------------------------------------------------------------------
STROKEVOLUME                   0.00957334
  Column 0:
    GT : [0.98 0.01 0.01]
    Prop: [0.99  0.005 0.005]
  Column 1:
    GT : [0.5  0.49 0.01]
    Prop: [0.6  0.39 0.01]
  Column 2:
    GT : [0.95 0.04 0.01]
    Prop: [0.97 0.02 0.01]
  Column 3:
    GT : [0.05 0.9  0.05]
    Prop: [0.03 0.92 0.05]
----------------------------------------------------------------------
======================================================================
Overall Average CPT KL = 0.00162111
======================================================================
CVP                            RMSE = 0.00942809
  Column 1:
    GT   : [0.04 0.95 0.01]
    Prop : [0.04 0.93 0.03]
----------------------------------------------------------------------
HYPOVOLEMIA                    RMSE = 0.05000000
  Column 0:
    GT   : [0.2 0.8]
    Prop : [0.15 0.85]
----------------------------------------------------------------------
LVEDVOLUME                     RMSE = 0.01859659
  Column 0:
    GT   : [0.95 0.04 0.01]
    Prop : [0.97 0.02 0.01]
  Column 1:
    GT   : [0.01 0.09 0.9 ]
    Prop : [0.01 0.07 0.92]
  Column 2:
    GT   : [0.98 0.01 0.01]
    Prop : [0.99  0.005 0.005]
  Column 3:
    GT   : [0.05 0.9  0.05]
    Prop : [0.03 0.94 0.03]
----------------------------------------------------------------------
PCWP                           RMSE = 0.10677078
  Column 0:
    GT   : [0.95 0.04 0.01]
    Prop : [0.8 0.1 0.1]
  Column 1:
    GT   : [0.04 0.95 0.01]
    Prop : [0.1 0.8 0.1]
  Column 2:
    GT   : [0.01 0.04 0.95]
    Prop : [0.1 0.1 0.8]
----------------------------------------------------------------------
STROKEVOLUME                   RMSE = 0.04257347
  Column 0:
    GT   : [0.98 0.01 0.01]
    Prop : [0.99  0.005 0.005]
  Column 1:
    GT   : [0.5  0.49 0.01]
    Prop : [0.6  0.39 0.01]
  Column 2:
    GT   : [0.95 0.04 0.01]
    Prop : [0.97 0.02 0.01]
  Column 3:
    GT   : [0.05 0.9  0.05]
    Prop : [0.03 0.92 0.05]
----------------------------------------------------------------------
======================================================================
Overall CPT RMSE = 0.01336377
======================================================================
CVP                            Hellinger = 0.01742503
  Column 1:
    GT   : [0.04 0.95 0.01]
    Prop : [0.04 0.93 0.03]
----------------------------------------------------------------------
HYPOVOLEMIA                    Hellinger = 0.04662397
  Column 0:
    GT   : [0.2 0.8]
    Prop : [0.15 0.85]
----------------------------------------------------------------------
LVEDVOLUME                     Hellinger = 0.03754694
  Column 0:
    GT   : [0.95 0.04 0.01]
    Prop : [0.97 0.02 0.01]
  Column 1:
    GT   : [0.01 0.09 0.9 ]
    Prop : [0.01 0.07 0.92]
  Column 2:
    GT   : [0.98 0.01 0.01]
    Prop : [0.99  0.005 0.005]
  Column 3:
    GT   : [0.05 0.9  0.05]
    Prop : [0.03 0.94 0.03]
----------------------------------------------------------------------
PCWP                           Hellinger = 0.18262497
  Column 0:
    GT   : [0.95 0.04 0.01]
    Prop : [0.8 0.1 0.1]
  Column 1:
    GT   : [0.04 0.95 0.01]
    Prop : [0.1 0.8 0.1]
  Column 2:
    GT   : [0.01 0.04 0.95]
    Prop : [0.1 0.1 0.8]
----------------------------------------------------------------------
STROKEVOLUME                   Hellinger = 0.04488995
  Column 0:
    GT   : [0.98 0.01 0.01]
    Prop : [0.99  0.005 0.005]
  Column 1:
    GT   : [0.5  0.49 0.01]
    Prop : [0.6  0.39 0.01]
  Column 2:
    GT   : [0.95 0.04 0.01]
    Prop : [0.97 0.02 0.01]
  Column 3:
    GT   : [0.05 0.9  0.05]
    Prop : [0.03 0.92 0.05]
----------------------------------------------------------------------
======================================================================
Overall Average Hellinger = 0.00401861
###------------------------------###

Restart 2 finished.
###------------------------------###
Restart: 0
BN keys: dict_keys(['edges', 'nodes'])
Evaluating restart 0

===================================================
Dataset: /home/shamim_ist/BN_Agent/datasets/alarm/combined_test_scenarios.csv
===================================================
Accuracy: 100.0 %
Total: 13
Successes: 13
Failures: 0

No failures!
Restart: 1
BN keys: dict_keys(['edges', 'nodes'])
Evaluating restart 1

===================================================
Dataset: /home/shamim_ist/BN_Agent/datasets/alarm/combined_test_scenarios.csv
===================================================
Accuracy: 100.0 %
Total: 13
Successes: 13
Failures: 0

No failures!
Restart: 2
BN keys: dict_keys(['edges', 'nodes'])
Evaluating restart 2

===================================================
Dataset: /home/shamim_ist/BN_Agent/datasets/alarm/combined_test_scenarios.csv
===================================================
Accuracy: 100.0 %
Total: 13
Successes: 13
Failures: 0

No failures!

===================================
BEST RESTART
===================================
Restart: 0
Accuracy: 1.0
Failures: 0
Saved CPT identity comparison to /home/shamim_ist/BN_Agent/workspace/alarm/cpt_comparison_analysis.json
BN number: None
Agent change verdict: very_good
Expected changed CPTs: ['PCWP']
Agent changed CPTs: ['BP', 'CVP', 'LVEDVOLUME', 'PCWP', 'STROKEVOLUME']
Unexpected changed CPTs: ['BP', 'CVP', 'LVEDVOLUME', 'STROKEVOLUME']
{'bn_number': None, 'agent_changed_cpt_count': 5, 'agent_changed_cpts': ['BP', 'CVP', 'LVEDVOLUME', 'PCWP', 'STROKEVOLUME'], 'agent_change_report': {'verdict': 'very_good', 'total_cpts': 37, 'expected_changed_count': 1, 'expected_changed_cpts': ['PCWP'], 'agent_changed_count': 5, 'agent_changed_cpts': ['BP', 'CVP', 'LVEDVOLUME', 'PCWP', 'STROKEVOLUME'], 'matched_expected_count': 1, 'matched_expected_cpts': ['PCWP'], 'missed_expected_count': 0, 'missed_expected_cpts': [], 'unexpected_changed_count': 4, 'unexpected_changed_cpts': ['BP', 'CVP', 'LVEDVOLUME', 'STROKEVOLUME'], 'unflawed_cpt_count': 36, 'untouched_unflawed_count': 32, 'untouched_unflawed_cpts': ['ANAPHYLAXIS', 'ARTCO2', 'CATECHOL', 'CO', 'DISCONNECT', 'ERRCAUTER', 'ERRLOWOUTPUT', 'EXPCO2', 'FIO2', 'HISTORY', 'HR', 'HRBP', 'HREKG', 'HRSAT', 'HYPOVOLEMIA', 'INSUFFANESTH', 'INTUBATION', 'KINKEDTUBE', 'LVFAILURE', 'MINVOL', 'MINVOLSET', 'PAP', 'PRESS', 'PULMEMBOLUS', 'PVSAT', 'SAO2', 'SHUNT', 'TPR', 'VENTALV', 'VENTLUNG', 'VENTMACH', 'VENTTUBE'], 'expected_change_recall': 1.0, 'unexpected_change_rate': 0.1111, 'unflawed_preservation_rate': 0.8889}}
======================================================================
BP                             0.00573414
  Column 7:
    GT : [0.05 0.2  0.75]
    Prop: [0.1 0.3 0.6]
----------------------------------------------------------------------
CVP                            0.10855909
  Column 0:
    GT : [0.95 0.04 0.01]
    Prop: [0.97 0.03 0.  ]
  Column 2:
    GT : [0.01 0.29 0.7 ]
    Prop: [0.01 0.12 0.87]
----------------------------------------------------------------------
LVEDVOLUME                     0.00397418
  Column 0:
    GT : [0.95 0.04 0.01]
    Prop: [0.97 0.02 0.01]
  Column 1:
    GT : [0.01 0.09 0.9 ]
    Prop: [0.01 0.07 0.92]
  Column 2:
    GT : [0.98 0.01 0.01]
    Prop: [0.99  0.005 0.005]
  Column 3:
    GT : [0.05 0.9  0.05]
    Prop: [0.04 0.91 0.05]
----------------------------------------------------------------------
PCWP                           0.08366859
  Column 0:
    GT : [0.95 0.04 0.01]
    Prop: [0.85 0.05 0.1 ]
  Column 1:
    GT : [0.04 0.95 0.01]
    Prop: [0.1 0.8 0.1]
  Column 2:
    GT : [0.01 0.04 0.95]
    Prop: [0.1  0.05 0.85]
----------------------------------------------------------------------
STROKEVOLUME                   0.00864355
  Column 0:
    GT : [0.98 0.01 0.01]
    Prop: [0.99  0.005 0.005]
  Column 1:
    GT : [0.5  0.49 0.01]
    Prop: [0.6  0.39 0.01]
  Column 2:
    GT : [0.95 0.04 0.01]
    Prop: [0.97 0.02 0.01]
  Column 3:
    GT : [0.05 0.9  0.05]
    Prop: [0.04 0.9  0.06]
----------------------------------------------------------------------
======================================================================
Overall Average CPT KL = 0.00279326
======================================================================
BP                             RMSE = 0.03600411
  Column 7:
    GT   : [0.05 0.2  0.75]
    Prop : [0.1 0.3 0.6]
----------------------------------------------------------------------
CVP                            RMSE = 0.08055364
  Column 0:
    GT   : [0.95 0.04 0.01]
    Prop : [0.97 0.03 0.  ]
  Column 2:
    GT   : [0.01 0.29 0.7 ]
    Prop : [0.01 0.12 0.87]
----------------------------------------------------------------------
LVEDVOLUME                     RMSE = 0.01274755
  Column 0:
    GT   : [0.95 0.04 0.01]
    Prop : [0.97 0.02 0.01]
  Column 1:
    GT   : [0.01 0.09 0.9 ]
    Prop : [0.01 0.07 0.92]
  Column 2:
    GT   : [0.98 0.01 0.01]
    Prop : [0.99  0.005 0.005]
  Column 3:
    GT   : [0.05 0.9  0.05]
    Prop : [0.04 0.91 0.05]
----------------------------------------------------------------------
PCWP                           RMSE = 0.08856887
  Column 0:
    GT   : [0.95 0.04 0.01]
    Prop : [0.85 0.05 0.1 ]
  Column 1:
    GT   : [0.04 0.95 0.01]
    Prop : [0.1 0.8 0.1]
  Column 2:
    GT   : [0.01 0.04 0.95]
    Prop : [0.1  0.05 0.85]
----------------------------------------------------------------------
STROKEVOLUME                   RMSE = 0.04198214
  Column 0:
    GT   : [0.98 0.01 0.01]
    Prop : [0.99  0.005 0.005]
  Column 1:
    GT   : [0.5  0.49 0.01]
    Prop : [0.6  0.39 0.01]
  Column 2:
    GT   : [0.95 0.04 0.01]
    Prop : [0.97 0.02 0.01]
  Column 3:
    GT   : [0.05 0.9  0.05]
    Prop : [0.04 0.9  0.06]
----------------------------------------------------------------------
======================================================================
Overall CPT RMSE = 0.01577350
======================================================================
BP                             Hellinger = 0.01291948
  Column 7:
    GT   : [0.05 0.2  0.75]
    Prop : [0.1 0.3 0.6]
----------------------------------------------------------------------
CVP                            Hellinger = 0.07514705
  Column 0:
    GT   : [0.95 0.04 0.01]
    Prop : [0.97 0.03 0.  ]
  Column 2:
    GT   : [0.01 0.29 0.7 ]
    Prop : [0.01 0.12 0.87]
----------------------------------------------------------------------
LVEDVOLUME                     Hellinger = 0.02869368
  Column 0:
    GT   : [0.95 0.04 0.01]
    Prop : [0.97 0.02 0.01]
  Column 1:
    GT   : [0.01 0.09 0.9 ]
    Prop : [0.01 0.07 0.92]
  Column 2:
    GT   : [0.98 0.01 0.01]
    Prop : [0.99  0.005 0.005]
  Column 3:
    GT   : [0.05 0.9  0.05]
    Prop : [0.04 0.91 0.05]
----------------------------------------------------------------------
PCWP                           Hellinger = 0.16638081
  Column 0:
    GT   : [0.95 0.04 0.01]
    Prop : [0.85 0.05 0.1 ]
  Column 1:
    GT   : [0.04 0.95 0.01]
    Prop : [0.1 0.8 0.1]
  Column 2:
    GT   : [0.01 0.04 0.95]
    Prop : [0.1  0.05 0.85]
----------------------------------------------------------------------
STROKEVOLUME                   Hellinger = 0.04141517
  Column 0:
    GT   : [0.98 0.01 0.01]
    Prop : [0.99  0.005 0.005]
  Column 1:
    GT   : [0.5  0.49 0.01]
    Prop : [0.6  0.39 0.01]
  Column 2:
    GT   : [0.95 0.04 0.01]
    Prop : [0.97 0.02 0.01]
  Column 3:
    GT   : [0.05 0.9  0.05]
    Prop : [0.04 0.9  0.06]
----------------------------------------------------------------------
======================================================================
Overall Average Hellinger = 0.00461438
###------------------------------###

Pipeline finished.
###------------------------------###
