Cleared: /home/shamim_ist/BN_Agent/workspace/alarm/bn_analysis.json
Cleared: /home/shamim_ist/BN_Agent/workspace/alarm/last_proposed_bn.jsonl
Cleared: /home/shamim_ist/BN_Agent/workspace/alarm/dangerous_cpt_report.json
Cleared: /home/shamim_ist/BN_Agent/workspace/alarm/failure_parameter_statistics.json
Cleared: /home/shamim_ist/BN_Agent/workspace/alarm/restart_final_bns.jsonl

==============================
PIPELINE RESTART #0
==============================
Cleared: /home/shamim_ist/BN_Agent/workspace/alarm/bn_analysis.json
Cleared: /home/shamim_ist/BN_Agent/workspace/alarm/last_proposed_bn.jsonl
Cleared: /home/shamim_ist/BN_Agent/workspace/alarm/dangerous_cpt_report.json
Cleared: /home/shamim_ist/BN_Agent/workspace/alarm/failure_parameter_statistics.json

===================================================
Dataset: /home/shamim_ist/BN_Agent/datasets/alarm/combined_train_scenarios.csv
===================================================
Accuracy: 88.0 %
Total: 50
Successes: 44
Failures: 6
Flawed BN Accuracy: 88.00%
Initial Acceptance Threshold: 91.60%

Initial Generation Attempt 0

Additional Parent Nodes Required for CPT Activation (20)

Activation trace saved to /home/shamim_ist/BN_Agent/workspace/alarm/activation_trace.csv
Failure parameter statistics saved to '/home/shamim_ist/BN_Agent/workspace/alarm/failure_parameter_statistics.json'
Valid danger report received on attempt 1.

===================================================

Accuracy: 88.00%

Workflow analysis for BN #0 stored in /home/shamim_ist/BN_Agent/workspace/alarm/bn_analysis.json
Valid response received on attempt 1.
Selected baseline BN: 0

===================================================
Dataset: /home/shamim_ist/BN_Agent/datasets/alarm/combined_train_scenarios.csv
===================================================
Accuracy: 88.0 %
Total: 50
Successes: 44
Failures: 6

Candidate 1: Accuracy = 0.8800, Failures = 6, Successes = 44

===================================================
Dataset: /home/shamim_ist/BN_Agent/datasets/alarm/combined_train_scenarios.csv
===================================================
Accuracy: 88.0 %
Total: 50
Successes: 44
Failures: 6

Candidate 2: Accuracy = 0.8800, Failures = 6, Successes = 44

===================================================
Dataset: /home/shamim_ist/BN_Agent/datasets/alarm/combined_train_scenarios.csv
===================================================
Accuracy: 88.0 %
Total: 50
Successes: 44
Failures: 6

Candidate 3: Accuracy = 0.8800, Failures = 6, Successes = 44

========================================
BEST REFINEMENT CANDIDATE
========================================
Candidate 1
Accuracy: 0.8800
Failures: 6
Successes: 44

===================================================
Dataset: /home/shamim_ist/BN_Agent/datasets/alarm/combined_train_scenarios.csv
===================================================
Accuracy: 88.0 %
Total: 50
Successes: 44
Failures: 6
Accuracy = 88.00%

Initial Generation Attempt 1
Removed workflow analysis for BN #0 from /home/shamim_ist/BN_Agent/workspace/alarm/bn_analysis.json

Additional Parent Nodes Required for CPT Activation (20)

Activation trace saved to /home/shamim_ist/BN_Agent/workspace/alarm/activation_trace.csv
Failure parameter statistics saved to '/home/shamim_ist/BN_Agent/workspace/alarm/failure_parameter_statistics.json'
Valid danger report received on attempt 1.

===================================================

Accuracy: 88.00%

Workflow analysis for BN #0 stored in /home/shamim_ist/BN_Agent/workspace/alarm/bn_analysis.json
Valid response received on attempt 1.
Selected baseline BN: 0

===================================================
Dataset: /home/shamim_ist/BN_Agent/datasets/alarm/combined_train_scenarios.csv
===================================================
Accuracy: 88.0 %
Total: 50
Successes: 44
Failures: 6

Candidate 1: Accuracy = 0.8800, Failures = 6, Successes = 44

===================================================
Dataset: /home/shamim_ist/BN_Agent/datasets/alarm/combined_train_scenarios.csv
===================================================
Accuracy: 88.0 %
Total: 50
Successes: 44
Failures: 6

Candidate 2: Accuracy = 0.8800, Failures = 6, Successes = 44

===================================================
Dataset: /home/shamim_ist/BN_Agent/datasets/alarm/combined_train_scenarios.csv
===================================================
Accuracy: 88.0 %
Total: 50
Successes: 44
Failures: 6

Candidate 3: Accuracy = 0.8800, Failures = 6, Successes = 44

========================================
BEST REFINEMENT CANDIDATE
========================================
Candidate 1
Accuracy: 0.8800
Failures: 6
Successes: 44

===================================================
Dataset: /home/shamim_ist/BN_Agent/datasets/alarm/combined_train_scenarios.csv
===================================================
Accuracy: 88.0 %
Total: 50
Successes: 44
Failures: 6
Accuracy = 88.00%

Initial Generation Attempt 2
Removed workflow analysis for BN #0 from /home/shamim_ist/BN_Agent/workspace/alarm/bn_analysis.json

Additional Parent Nodes Required for CPT Activation (20)

Activation trace saved to /home/shamim_ist/BN_Agent/workspace/alarm/activation_trace.csv
Failure parameter statistics saved to '/home/shamim_ist/BN_Agent/workspace/alarm/failure_parameter_statistics.json'
Valid danger report received on attempt 1.

===================================================

Accuracy: 88.00%

Workflow analysis for BN #0 stored in /home/shamim_ist/BN_Agent/workspace/alarm/bn_analysis.json
Valid response received on attempt 1.
Selected baseline BN: 0

===================================================
Dataset: /home/shamim_ist/BN_Agent/datasets/alarm/combined_train_scenarios.csv
===================================================
Accuracy: 88.0 %
Total: 50
Successes: 44
Failures: 6

Candidate 1: Accuracy = 0.8800, Failures = 6, Successes = 44

===================================================
Dataset: /home/shamim_ist/BN_Agent/datasets/alarm/combined_train_scenarios.csv
===================================================
Accuracy: 88.0 %
Total: 50
Successes: 44
Failures: 6

Candidate 2: Accuracy = 0.8800, Failures = 6, Successes = 44

===================================================
Dataset: /home/shamim_ist/BN_Agent/datasets/alarm/combined_train_scenarios.csv
===================================================
Accuracy: 88.0 %
Total: 50
Successes: 44
Failures: 6

Candidate 3: Accuracy = 0.8800, Failures = 6, Successes = 44

========================================
BEST REFINEMENT CANDIDATE
========================================
Candidate 1
Accuracy: 0.8800
Failures: 6
Successes: 44

===================================================
Dataset: /home/shamim_ist/BN_Agent/datasets/alarm/combined_train_scenarios.csv
===================================================
Accuracy: 88.0 %
Total: 50
Successes: 44
Failures: 6
Accuracy = 88.00%
Threshold (91.60%) not reached after 3 attempts. Using best generated BN (88.00%).
Removed workflow analysis for BN #0 from /home/shamim_ist/BN_Agent/workspace/alarm/bn_analysis.json

Initial BN generated

===== ITERATION 2 =====

===================================================
Dataset: /home/shamim_ist/BN_Agent/datasets/alarm/combined_train_scenarios.csv
===================================================
Accuracy: 88.0 %
Total: 50
Successes: 44
Failures: 6

Additional Parent Nodes Required for CPT Activation (20)

Activation trace saved to /home/shamim_ist/BN_Agent/workspace/alarm/activation_trace.csv
Failure parameter statistics saved to '/home/shamim_ist/BN_Agent/workspace/alarm/failure_parameter_statistics.json'
Valid danger report received on attempt 1.

===================================================

Accuracy: 88.00%

Workflow analysis for BN #1 stored in /home/shamim_ist/BN_Agent/workspace/alarm/bn_analysis.json
Valid response received on attempt 1.
Selected baseline BN: 1

===================================================
Dataset: /home/shamim_ist/BN_Agent/datasets/alarm/combined_train_scenarios.csv
===================================================
Accuracy: 100.0 %
Total: 50
Successes: 50
Failures: 0

No failures!

Candidate 1: Accuracy = 1.0000, Failures = 0, Successes = 50

===================================================
Dataset: /home/shamim_ist/BN_Agent/datasets/alarm/combined_train_scenarios.csv
===================================================
Accuracy: 88.0 %
Total: 50
Successes: 44
Failures: 6

Candidate 2: Accuracy = 0.8800, Failures = 6, Successes = 44

===================================================
Dataset: /home/shamim_ist/BN_Agent/datasets/alarm/combined_train_scenarios.csv
===================================================
Accuracy: 100.0 %
Total: 50
Successes: 50
Failures: 0

No failures!

Candidate 3: Accuracy = 1.0000, Failures = 0, Successes = 50

========================================
BEST REFINEMENT CANDIDATE
========================================
Candidate 1
Accuracy: 1.0000
Failures: 0
Successes: 50

===================================================
Dataset: /home/shamim_ist/BN_Agent/datasets/alarm/combined_train_scenarios.csv
===================================================
Accuracy: 100.0 %
Total: 50
Successes: 50
Failures: 0

No failures!

Accuracy improved from 88.00% to 100.00%.

===== ITERATION 3 =====

===================================================
Dataset: /home/shamim_ist/BN_Agent/datasets/alarm/combined_train_scenarios.csv
===================================================
Accuracy: 100.0 %
Total: 50
Successes: 50
Failures: 0

No failures!

Additional Parent Nodes Required for CPT Activation (20)

Activation trace saved to /home/shamim_ist/BN_Agent/workspace/alarm/activation_trace.csv
Failure parameter statistics saved to '/home/shamim_ist/BN_Agent/workspace/alarm/failure_parameter_statistics.json'
Valid danger report received on attempt 1.

===================================================

Accuracy: 100.00%

Workflow analysis for BN #2 stored in /home/shamim_ist/BN_Agent/workspace/alarm/bn_analysis.json
Valid response received on attempt 1.
Selected baseline BN: 2

===================================================
Dataset: /home/shamim_ist/BN_Agent/datasets/alarm/combined_train_scenarios.csv
===================================================
Accuracy: 100.0 %
Total: 50
Successes: 50
Failures: 0

No failures!

Candidate 1: Accuracy = 1.0000, Failures = 0, Successes = 50

===================================================
Dataset: /home/shamim_ist/BN_Agent/datasets/alarm/combined_train_scenarios.csv
===================================================
Accuracy: 100.0 %
Total: 50
Successes: 50
Failures: 0

No failures!

Candidate 2: Accuracy = 1.0000, Failures = 0, Successes = 50

===================================================
Dataset: /home/shamim_ist/BN_Agent/datasets/alarm/combined_train_scenarios.csv
===================================================
Accuracy: 100.0 %
Total: 50
Successes: 50
Failures: 0

No failures!

Candidate 3: Accuracy = 1.0000, Failures = 0, Successes = 50

========================================
BEST REFINEMENT CANDIDATE
========================================
Candidate 1
Accuracy: 1.0000
Failures: 0
Successes: 50

===================================================
Dataset: /home/shamim_ist/BN_Agent/datasets/alarm/combined_train_scenarios.csv
===================================================
Accuracy: 100.0 %
Total: 50
Successes: 50
Failures: 0

No failures!

Accuracy did not improve. Need improvement from 100.00% 
Removed 1 record(s) with bn_number=3
Valid response received on attempt 1.
Selected baseline BN: 2

===================================================
Dataset: /home/shamim_ist/BN_Agent/datasets/alarm/combined_train_scenarios.csv
===================================================
Accuracy: 98.0 %
Total: 50
Successes: 49
Failures: 1

Candidate 1: Accuracy = 0.9800, Failures = 1, Successes = 49

===================================================
Dataset: /home/shamim_ist/BN_Agent/datasets/alarm/combined_train_scenarios.csv
===================================================
Accuracy: 100.0 %
Total: 50
Successes: 50
Failures: 0

No failures!

Candidate 2: Accuracy = 1.0000, Failures = 0, Successes = 50

===================================================
Dataset: /home/shamim_ist/BN_Agent/datasets/alarm/combined_train_scenarios.csv
===================================================
Accuracy: 100.0 %
Total: 50
Successes: 50
Failures: 0

No failures!

Candidate 3: Accuracy = 1.0000, Failures = 0, Successes = 50

========================================
BEST REFINEMENT CANDIDATE
========================================
Candidate 2
Accuracy: 1.0000
Failures: 0
Successes: 50

===================================================
Dataset: /home/shamim_ist/BN_Agent/datasets/alarm/combined_train_scenarios.csv
===================================================
Accuracy: 100.0 %
Total: 50
Successes: 50
Failures: 0

No failures!
Removed 1 record(s) with bn_number=3
Valid response received on attempt 1.
Selected baseline BN: 2

===================================================
Dataset: /home/shamim_ist/BN_Agent/datasets/alarm/combined_train_scenarios.csv
===================================================
Accuracy: 98.0 %
Total: 50
Successes: 49
Failures: 1

Candidate 1: Accuracy = 0.9800, Failures = 1, Successes = 49

===================================================
Dataset: /home/shamim_ist/BN_Agent/datasets/alarm/combined_train_scenarios.csv
===================================================
Accuracy: 100.0 %
Total: 50
Successes: 50
Failures: 0

No failures!

Candidate 2: Accuracy = 1.0000, Failures = 0, Successes = 50

===================================================
Dataset: /home/shamim_ist/BN_Agent/datasets/alarm/combined_train_scenarios.csv
===================================================
Accuracy: 100.0 %
Total: 50
Successes: 50
Failures: 0

No failures!

Candidate 3: Accuracy = 1.0000, Failures = 0, Successes = 50

========================================
BEST REFINEMENT CANDIDATE
========================================
Candidate 2
Accuracy: 1.0000
Failures: 0
Successes: 50

===================================================
Dataset: /home/shamim_ist/BN_Agent/datasets/alarm/combined_train_scenarios.csv
===================================================
Accuracy: 100.0 %
Total: 50
Successes: 50
Failures: 0

No failures!
Removed 1 record(s) with bn_number=3
Valid response received on attempt 1.
Selected baseline BN: 2

===================================================
Dataset: /home/shamim_ist/BN_Agent/datasets/alarm/combined_train_scenarios.csv
===================================================
Accuracy: 100.0 %
Total: 50
Successes: 50
Failures: 0

No failures!

Candidate 1: Accuracy = 1.0000, Failures = 0, Successes = 50

===================================================
Dataset: /home/shamim_ist/BN_Agent/datasets/alarm/combined_train_scenarios.csv
===================================================
Accuracy: 100.0 %
Total: 50
Successes: 50
Failures: 0

No failures!

Candidate 2: Accuracy = 1.0000, Failures = 0, Successes = 50

===================================================
Dataset: /home/shamim_ist/BN_Agent/datasets/alarm/combined_train_scenarios.csv
===================================================
Accuracy: 100.0 %
Total: 50
Successes: 50
Failures: 0

No failures!

Candidate 3: Accuracy = 1.0000, Failures = 0, Successes = 50

========================================
BEST REFINEMENT CANDIDATE
========================================
Candidate 1
Accuracy: 1.0000
Failures: 0
Successes: 50

===================================================
Dataset: /home/shamim_ist/BN_Agent/datasets/alarm/combined_train_scenarios.csv
===================================================
Accuracy: 100.0 %
Total: 50
Successes: 50
Failures: 0

No failures!

No improvement after 3 retries. Selecting best retry candidate (accuracy=100.00%).
Removed 1 record(s) with bn_number=3
Continuing with retry candidate (accuracy=100.00%).

===== ITERATION 4 =====

===================================================
Dataset: /home/shamim_ist/BN_Agent/datasets/alarm/combined_train_scenarios.csv
===================================================
Accuracy: 100.0 %
Total: 50
Successes: 50
Failures: 0

No failures!

Additional Parent Nodes Required for CPT Activation (20)

Activation trace saved to /home/shamim_ist/BN_Agent/workspace/alarm/activation_trace.csv
Failure parameter statistics saved to '/home/shamim_ist/BN_Agent/workspace/alarm/failure_parameter_statistics.json'
Valid danger report received on attempt 1.

===================================================

Accuracy: 100.00%

Workflow analysis for BN #3 stored in /home/shamim_ist/BN_Agent/workspace/alarm/bn_analysis.json
Valid response received on attempt 1.
Selected baseline BN: 2

===================================================
Dataset: /home/shamim_ist/BN_Agent/datasets/alarm/combined_train_scenarios.csv
===================================================
Accuracy: 100.0 %
Total: 50
Successes: 50
Failures: 0

No failures!

Candidate 1: Accuracy = 1.0000, Failures = 0, Successes = 50

===================================================
Dataset: /home/shamim_ist/BN_Agent/datasets/alarm/combined_train_scenarios.csv
===================================================
Accuracy: 100.0 %
Total: 50
Successes: 50
Failures: 0

No failures!

Candidate 2: Accuracy = 1.0000, Failures = 0, Successes = 50

===================================================
Dataset: /home/shamim_ist/BN_Agent/datasets/alarm/combined_train_scenarios.csv
===================================================
Accuracy: 100.0 %
Total: 50
Successes: 50
Failures: 0

No failures!

Candidate 3: Accuracy = 1.0000, Failures = 0, Successes = 50

========================================
BEST REFINEMENT CANDIDATE
========================================
Candidate 1
Accuracy: 1.0000
Failures: 0
Successes: 50

===================================================
Dataset: /home/shamim_ist/BN_Agent/datasets/alarm/combined_train_scenarios.csv
===================================================
Accuracy: 100.0 %
Total: 50
Successes: 50
Failures: 0

No failures!

Accuracy did not improve. Need improvement from 100.00% 
Removed 1 record(s) with bn_number=4
Valid response received on attempt 1.
Selected baseline BN: 2

===================================================
Dataset: /home/shamim_ist/BN_Agent/datasets/alarm/combined_train_scenarios.csv
===================================================
Accuracy: 100.0 %
Total: 50
Successes: 50
Failures: 0

No failures!

Candidate 1: Accuracy = 1.0000, Failures = 0, Successes = 50

===================================================
Dataset: /home/shamim_ist/BN_Agent/datasets/alarm/combined_train_scenarios.csv
===================================================
Accuracy: 100.0 %
Total: 50
Successes: 50
Failures: 0

No failures!

Candidate 2: Accuracy = 1.0000, Failures = 0, Successes = 50

===================================================
Dataset: /home/shamim_ist/BN_Agent/datasets/alarm/combined_train_scenarios.csv
===================================================
Accuracy: 100.0 %
Total: 50
Successes: 50
Failures: 0

No failures!

Candidate 3: Accuracy = 1.0000, Failures = 0, Successes = 50

========================================
BEST REFINEMENT CANDIDATE
========================================
Candidate 1
Accuracy: 1.0000
Failures: 0
Successes: 50

===================================================
Dataset: /home/shamim_ist/BN_Agent/datasets/alarm/combined_train_scenarios.csv
===================================================
Accuracy: 100.0 %
Total: 50
Successes: 50
Failures: 0

No failures!
Removed 1 record(s) with bn_number=4
Valid response received on attempt 1.
Selected baseline BN: 2

===================================================
Dataset: /home/shamim_ist/BN_Agent/datasets/alarm/combined_train_scenarios.csv
===================================================
Accuracy: 100.0 %
Total: 50
Successes: 50
Failures: 0

No failures!

Candidate 1: Accuracy = 1.0000, Failures = 0, Successes = 50

===================================================
Dataset: /home/shamim_ist/BN_Agent/datasets/alarm/combined_train_scenarios.csv
===================================================
Accuracy: 100.0 %
Total: 50
Successes: 50
Failures: 0

No failures!

Candidate 2: Accuracy = 1.0000, Failures = 0, Successes = 50

===================================================
Dataset: /home/shamim_ist/BN_Agent/datasets/alarm/combined_train_scenarios.csv
===================================================
Accuracy: 100.0 %
Total: 50
Successes: 50
Failures: 0

No failures!

Candidate 3: Accuracy = 1.0000, Failures = 0, Successes = 50

========================================
BEST REFINEMENT CANDIDATE
========================================
Candidate 1
Accuracy: 1.0000
Failures: 0
Successes: 50

===================================================
Dataset: /home/shamim_ist/BN_Agent/datasets/alarm/combined_train_scenarios.csv
===================================================
Accuracy: 100.0 %
Total: 50
Successes: 50
Failures: 0

No failures!
Removed 1 record(s) with bn_number=4
Valid response received on attempt 1.
Selected baseline BN: 2

===================================================
Dataset: /home/shamim_ist/BN_Agent/datasets/alarm/combined_train_scenarios.csv
===================================================
Accuracy: 100.0 %
Total: 50
Successes: 50
Failures: 0

No failures!

Candidate 1: Accuracy = 1.0000, Failures = 0, Successes = 50

===================================================
Dataset: /home/shamim_ist/BN_Agent/datasets/alarm/combined_train_scenarios.csv
===================================================
Accuracy: 100.0 %
Total: 50
Successes: 50
Failures: 0

No failures!

Candidate 2: Accuracy = 1.0000, Failures = 0, Successes = 50

===================================================
Dataset: /home/shamim_ist/BN_Agent/datasets/alarm/combined_train_scenarios.csv
===================================================
Accuracy: 100.0 %
Total: 50
Successes: 50
Failures: 0

No failures!

Candidate 3: Accuracy = 1.0000, Failures = 0, Successes = 50

========================================
BEST REFINEMENT CANDIDATE
========================================
Candidate 1
Accuracy: 1.0000
Failures: 0
Successes: 50

===================================================
Dataset: /home/shamim_ist/BN_Agent/datasets/alarm/combined_train_scenarios.csv
===================================================
Accuracy: 100.0 %
Total: 50
Successes: 50
Failures: 0

No failures!

No improvement after 3 retries. Selecting best retry candidate (accuracy=100.00%).
Removed 1 record(s) with bn_number=4
Continuing with retry candidate (accuracy=100.00%).

===================================================
Dataset: /home/shamim_ist/BN_Agent/datasets/alarm/combined_train_scenarios.csv
===================================================
Accuracy: 88.0 %
Total: 50
Successes: 44
Failures: 6

===================================================
Dataset: /home/shamim_ist/BN_Agent/datasets/alarm/combined_train_scenarios.csv
===================================================
Accuracy: 88.0 %
Total: 50
Successes: 44
Failures: 6

===================================================
Dataset: /home/shamim_ist/BN_Agent/datasets/alarm/combined_train_scenarios.csv
===================================================
Accuracy: 100.0 %
Total: 50
Successes: 50
Failures: 0

No failures!

===================================================
Dataset: /home/shamim_ist/BN_Agent/datasets/alarm/combined_train_scenarios.csv
===================================================
Accuracy: 100.0 %
Total: 50
Successes: 50
Failures: 0

No failures!

===================================================
Dataset: /home/shamim_ist/BN_Agent/datasets/alarm/combined_train_scenarios.csv
===================================================
Accuracy: 100.0 %
Total: 50
Successes: 50
Failures: 0

No failures!


Best BN Number: 4
Best BN Accuracy: 1.0
Saved CPT identity comparison to /home/shamim_ist/BN_Agent/workspace/alarm/cpt_comparison_analysis.json
BN number: 4
Agent change verdict: poor
Expected changed CPTs: ['PCWP']
Agent changed CPTs: ['CVP']
Unexpected changed CPTs: ['CVP']
{'bn_number': 4, 'agent_changed_cpt_count': 1, 'agent_changed_cpts': ['CVP'], 'agent_change_report': {'verdict': 'poor', 'total_cpts': 37, 'expected_changed_count': 1, 'expected_changed_cpts': ['PCWP'], 'agent_changed_count': 1, 'agent_changed_cpts': ['CVP'], 'matched_expected_count': 0, 'matched_expected_cpts': [], 'missed_expected_count': 1, 'missed_expected_cpts': ['PCWP'], 'unexpected_changed_count': 1, 'unexpected_changed_cpts': ['CVP'], 'unflawed_cpt_count': 36, 'untouched_unflawed_count': 35, 'untouched_unflawed_cpts': ['ANAPHYLAXIS', 'ARTCO2', 'BP', 'CATECHOL', 'CO', 'DISCONNECT', 'ERRCAUTER', 'ERRLOWOUTPUT', 'EXPCO2', 'FIO2', 'HISTORY', 'HR', 'HRBP', 'HREKG', 'HRSAT', 'HYPOVOLEMIA', 'INSUFFANESTH', 'INTUBATION', 'KINKEDTUBE', 'LVEDVOLUME', 'LVFAILURE', 'MINVOL', 'MINVOLSET', 'PAP', 'PRESS', 'PULMEMBOLUS', 'PVSAT', 'SAO2', 'SHUNT', 'STROKEVOLUME', 'TPR', 'VENTALV', 'VENTLUNG', 'VENTMACH', 'VENTTUBE'], 'expected_change_recall': 0.0, 'unexpected_change_rate': 0.0278, 'unflawed_preservation_rate': 0.9722}}
======================================================================
