Cleared: /home/shamim_ist/BN_Agent/workspace/alarm/bn_analysis.json
Cleared: /home/shamim_ist/BN_Agent/workspace/alarm/last_proposed_bn.jsonl
Cleared: /home/shamim_ist/BN_Agent/workspace/alarm/dangerous_cpt_report.json
Cleared: /home/shamim_ist/BN_Agent/workspace/alarm/failure_parameter_statistics.json
Cleared: /home/shamim_ist/BN_Agent/workspace/alarm/restart_final_bns.jsonl
Cleared: /home/shamim_ist/BN_Agent/workspace/alarm/restart_bn_analysis.jsonl

==============================
PIPELINE RESTART #0
==============================
Cleared: /home/shamim_ist/BN_Agent/workspace/alarm/bn_analysis.json
Cleared: /home/shamim_ist/BN_Agent/workspace/alarm/last_proposed_bn.jsonl
Cleared: /home/shamim_ist/BN_Agent/workspace/alarm/dangerous_cpt_report.json
Cleared: /home/shamim_ist/BN_Agent/workspace/alarm/failure_parameter_statistics.json

===================================================
Dataset: /home/shamim_ist/BN_Agent/datasets/alarm/combined_train_scenarios.csv
===================================================
Accuracy: 88.0 %
Total: 50
Successes: 44
Failures: 6
Flawed BN Accuracy: 88.00%
Initial Acceptance Threshold: 91.60%

Initial Generation Attempt 0

Additional Parent Nodes Required for CPT Activation (20)

Activation trace saved to /home/shamim_ist/BN_Agent/workspace/alarm/activation_trace.csv
Failure parameter statistics saved to '/home/shamim_ist/BN_Agent/workspace/alarm/failure_parameter_statistics.json'
Valid danger report received on attempt 1.

===================================================

Accuracy: 88.00%

Workflow analysis for BN #0 stored in /home/shamim_ist/BN_Agent/workspace/alarm/bn_analysis.json
Valid response received on attempt 1.
Selected baseline BN: 0

===================================================
Dataset: /home/shamim_ist/BN_Agent/datasets/alarm/combined_train_scenarios.csv
===================================================
Accuracy: 88.0 %
Total: 50
Successes: 44
Failures: 6

Candidate 1: Accuracy = 0.8800, Failures = 6, Successes = 44

===================================================
Dataset: /home/shamim_ist/BN_Agent/datasets/alarm/combined_train_scenarios.csv
===================================================
Accuracy: 88.0 %
Total: 50
Successes: 44
Failures: 6

Candidate 2: Accuracy = 0.8800, Failures = 6, Successes = 44

===================================================
Dataset: /home/shamim_ist/BN_Agent/datasets/alarm/combined_train_scenarios.csv
===================================================
Accuracy: 88.0 %
Total: 50
Successes: 44
Failures: 6

Candidate 3: Accuracy = 0.8800, Failures = 6, Successes = 44

========================================
BEST REFINEMENT CANDIDATE
========================================
Candidate 1
Accuracy: 0.8800
Failures: 6
Successes: 44

===================================================
Dataset: /home/shamim_ist/BN_Agent/datasets/alarm/combined_train_scenarios.csv
===================================================
Accuracy: 88.0 %
Total: 50
Successes: 44
Failures: 6
Accuracy = 88.00%

Initial Generation Attempt 1
Removed workflow analysis for BN #0 from /home/shamim_ist/BN_Agent/workspace/alarm/bn_analysis.json

Additional Parent Nodes Required for CPT Activation (20)

Activation trace saved to /home/shamim_ist/BN_Agent/workspace/alarm/activation_trace.csv
Failure parameter statistics saved to '/home/shamim_ist/BN_Agent/workspace/alarm/failure_parameter_statistics.json'
Valid danger report received on attempt 1.

===================================================

Accuracy: 88.00%

Workflow analysis for BN #0 stored in /home/shamim_ist/BN_Agent/workspace/alarm/bn_analysis.json
Valid response received on attempt 1.
Selected baseline BN: 0

===================================================
Dataset: /home/shamim_ist/BN_Agent/datasets/alarm/combined_train_scenarios.csv
===================================================
Accuracy: 88.0 %
Total: 50
Successes: 44
Failures: 6

Candidate 1: Accuracy = 0.8800, Failures = 6, Successes = 44

===================================================
Dataset: /home/shamim_ist/BN_Agent/datasets/alarm/combined_train_scenarios.csv
===================================================
Accuracy: 88.0 %
Total: 50
Successes: 44
Failures: 6

Candidate 2: Accuracy = 0.8800, Failures = 6, Successes = 44

===================================================
Dataset: /home/shamim_ist/BN_Agent/datasets/alarm/combined_train_scenarios.csv
===================================================
Accuracy: 88.0 %
Total: 50
Successes: 44
Failures: 6

Candidate 3: Accuracy = 0.8800, Failures = 6, Successes = 44

========================================
BEST REFINEMENT CANDIDATE
========================================
Candidate 1
Accuracy: 0.8800
Failures: 6
Successes: 44

===================================================
Dataset: /home/shamim_ist/BN_Agent/datasets/alarm/combined_train_scenarios.csv
===================================================
Accuracy: 88.0 %
Total: 50
Successes: 44
Failures: 6
Accuracy = 88.00%

Initial Generation Attempt 2
Removed workflow analysis for BN #0 from /home/shamim_ist/BN_Agent/workspace/alarm/bn_analysis.json

Additional Parent Nodes Required for CPT Activation (20)

Activation trace saved to /home/shamim_ist/BN_Agent/workspace/alarm/activation_trace.csv
Failure parameter statistics saved to '/home/shamim_ist/BN_Agent/workspace/alarm/failure_parameter_statistics.json'
Valid danger report received on attempt 1.

===================================================

Accuracy: 88.00%

Workflow analysis for BN #0 stored in /home/shamim_ist/BN_Agent/workspace/alarm/bn_analysis.json
Valid response received on attempt 1.
Selected baseline BN: 0

===================================================
Dataset: /home/shamim_ist/BN_Agent/datasets/alarm/combined_train_scenarios.csv
===================================================
Accuracy: 88.0 %
Total: 50
Successes: 44
Failures: 6

Candidate 1: Accuracy = 0.8800, Failures = 6, Successes = 44

===================================================
Dataset: /home/shamim_ist/BN_Agent/datasets/alarm/combined_train_scenarios.csv
===================================================
Accuracy: 88.0 %
Total: 50
Successes: 44
Failures: 6

Candidate 2: Accuracy = 0.8800, Failures = 6, Successes = 44

===================================================
Dataset: /home/shamim_ist/BN_Agent/datasets/alarm/combined_train_scenarios.csv
===================================================
Accuracy: 88.0 %
Total: 50
Successes: 44
Failures: 6

Candidate 3: Accuracy = 0.8800, Failures = 6, Successes = 44

========================================
BEST REFINEMENT CANDIDATE
========================================
Candidate 1
Accuracy: 0.8800
Failures: 6
Successes: 44

===================================================
Dataset: /home/shamim_ist/BN_Agent/datasets/alarm/combined_train_scenarios.csv
===================================================
Accuracy: 88.0 %
Total: 50
Successes: 44
Failures: 6
Accuracy = 88.00%
Threshold (91.60%) not reached after 3 attempts. Using best generated BN (88.00%).
Removed workflow analysis for BN #0 from /home/shamim_ist/BN_Agent/workspace/alarm/bn_analysis.json

Initial BN generated

===== ITERATION 2 =====

===================================================
Dataset: /home/shamim_ist/BN_Agent/datasets/alarm/combined_train_scenarios.csv
===================================================
Accuracy: 88.0 %
Total: 50
Successes: 44
Failures: 6

Additional Parent Nodes Required for CPT Activation (20)

Activation trace saved to /home/shamim_ist/BN_Agent/workspace/alarm/activation_trace.csv
Failure parameter statistics saved to '/home/shamim_ist/BN_Agent/workspace/alarm/failure_parameter_statistics.json'
Valid danger report received on attempt 1.

===================================================

Accuracy: 88.00%

Workflow analysis for BN #1 stored in /home/shamim_ist/BN_Agent/workspace/alarm/bn_analysis.json
Valid response received on attempt 1.
Selected baseline BN: 1

===================================================
Dataset: /home/shamim_ist/BN_Agent/datasets/alarm/combined_train_scenarios.csv
===================================================
Accuracy: 88.0 %
Total: 50
Successes: 44
Failures: 6

Candidate 1: Accuracy = 0.8800, Failures = 6, Successes = 44

===================================================
Dataset: /home/shamim_ist/BN_Agent/datasets/alarm/combined_train_scenarios.csv
===================================================
Accuracy: 88.0 %
Total: 50
Successes: 44
Failures: 6

Candidate 2: Accuracy = 0.8800, Failures = 6, Successes = 44

===================================================
Dataset: /home/shamim_ist/BN_Agent/datasets/alarm/combined_train_scenarios.csv
===================================================
Accuracy: 88.0 %
Total: 50
Successes: 44
Failures: 6

Candidate 3: Accuracy = 0.8800, Failures = 6, Successes = 44

========================================
BEST REFINEMENT CANDIDATE
========================================
Candidate 1
Accuracy: 0.8800
Failures: 6
Successes: 44

===================================================
Dataset: /home/shamim_ist/BN_Agent/datasets/alarm/combined_train_scenarios.csv
===================================================
Accuracy: 88.0 %
Total: 50
Successes: 44
Failures: 6

Accuracy did not improve. Need improvement from 88.00% 
Removed 1 record(s) with bn_number=2
Valid response received on attempt 1.
Selected baseline BN: 1

===================================================
Dataset: /home/shamim_ist/BN_Agent/datasets/alarm/combined_train_scenarios.csv
===================================================
Accuracy: 100.0 %
Total: 50
Successes: 50
Failures: 0

No failures!

Candidate 1: Accuracy = 1.0000, Failures = 0, Successes = 50

===================================================
Dataset: /home/shamim_ist/BN_Agent/datasets/alarm/combined_train_scenarios.csv
===================================================
Accuracy: 88.0 %
Total: 50
Successes: 44
Failures: 6

Candidate 2: Accuracy = 0.8800, Failures = 6, Successes = 44

===================================================
Dataset: /home/shamim_ist/BN_Agent/datasets/alarm/combined_train_scenarios.csv
===================================================
Accuracy: 88.0 %
Total: 50
Successes: 44
Failures: 6

Candidate 3: Accuracy = 0.8800, Failures = 6, Successes = 44

========================================
BEST REFINEMENT CANDIDATE
========================================
Candidate 1
Accuracy: 1.0000
Failures: 0
Successes: 50

===================================================
Dataset: /home/shamim_ist/BN_Agent/datasets/alarm/combined_train_scenarios.csv
===================================================
Accuracy: 100.0 %
Total: 50
Successes: 50
Failures: 0

No failures!

Reached {100*new_accuracy:.2f}% accuracy during retry. Stopping refinement.

===== ITERATION 3 =====

===================================================
Dataset: /home/shamim_ist/BN_Agent/datasets/alarm/combined_train_scenarios.csv
===================================================
Accuracy: 100.0 %
Total: 50
Successes: 50
Failures: 0

No failures!

Current BN already has {100*accuracy:.2f}% accuracy. Refinement complete.

===================================================
Dataset: /home/shamim_ist/BN_Agent/datasets/alarm/combined_train_scenarios.csv
===================================================
Accuracy: 88.0 %
Total: 50
Successes: 44
Failures: 6

===================================================
Dataset: /home/shamim_ist/BN_Agent/datasets/alarm/combined_train_scenarios.csv
===================================================
Accuracy: 88.0 %
Total: 50
Successes: 44
Failures: 6

===================================================
Dataset: /home/shamim_ist/BN_Agent/datasets/alarm/combined_train_scenarios.csv
===================================================
Accuracy: 100.0 %
Total: 50
Successes: 50
Failures: 0

No failures!


Best BN Number: 2
Best BN Accuracy: 1.0
Saved CPT identity comparison to /home/shamim_ist/BN_Agent/workspace/alarm/cpt_comparison_analysis.json
BN number: 2
Agent change verdict: poor
Expected changed CPTs: ['HYPOVOLEMIA', 'STROKEVOLUME']
Agent changed CPTs: ['BP', 'CVP']
Unexpected changed CPTs: ['BP', 'CVP']
{'bn_number': 2, 'agent_changed_cpt_count': 2, 'agent_changed_cpts': ['BP', 'CVP'], 'agent_change_report': {'verdict': 'poor', 'total_cpts': 37, 'expected_changed_count': 2, 'expected_changed_cpts': ['HYPOVOLEMIA', 'STROKEVOLUME'], 'agent_changed_count': 2, 'agent_changed_cpts': ['BP', 'CVP'], 'matched_expected_count': 0, 'matched_expected_cpts': [], 'missed_expected_count': 2, 'missed_expected_cpts': ['HYPOVOLEMIA', 'STROKEVOLUME'], 'unexpected_changed_count': 2, 'unexpected_changed_cpts': ['BP', 'CVP'], 'unflawed_cpt_count': 35, 'untouched_unflawed_count': 33, 'untouched_unflawed_cpts': ['ANAPHYLAXIS', 'ARTCO2', 'CATECHOL', 'CO', 'DISCONNECT', 'ERRCAUTER', 'ERRLOWOUTPUT', 'EXPCO2', 'FIO2', 'HISTORY', 'HR', 'HRBP', 'HREKG', 'HRSAT', 'INSUFFANESTH', 'INTUBATION', 'KINKEDTUBE', 'LVEDVOLUME', 'LVFAILURE', 'MINVOL', 'MINVOLSET', 'PAP', 'PCWP', 'PRESS', 'PULMEMBOLUS', 'PVSAT', 'SAO2', 'SHUNT', 'TPR', 'VENTALV', 'VENTLUNG', 'VENTMACH', 'VENTTUBE'], 'expected_change_recall': 0.0, 'unexpected_change_rate': 0.0571, 'unflawed_preservation_rate': 0.9429}}
======================================================================
BP                             0.01575054
  Column 5:
    Flawed : [0.05 0.4  0.55]
    Prop   : [0.05 0.55 0.4 ]
    GT     : [0.05 0.4  0.55]
  Column 7:
    Flawed : [0.05 0.2  0.75]
    Prop   : [0.05 0.4  0.55]
    GT     : [0.05 0.2  0.75]
----------------------------------------------------------------------
CVP                            0.00352472
  Column 1:
    Flawed : [0.04 0.95 0.01]
    Prop   : [0.03 0.94 0.03]
    GT     : [0.04 0.95 0.01]
----------------------------------------------------------------------
HYPOVOLEMIA                    0.02573209
  Column 0:
    Flawed : [0.3 0.7]
    Prop   : [0.3 0.7]
    GT     : [0.2 0.8]
----------------------------------------------------------------------
STROKEVOLUME                   0.49709733
  Column 0:
    Flawed : [0.45 0.35 0.2 ]
    Prop   : [0.45 0.35 0.2 ]
    GT     : [0.98 0.01 0.01]
  Column 1:
    Flawed : [0.4  0.35 0.25]
    Prop   : [0.4  0.35 0.25]
    GT     : [0.5  0.49 0.01]
  Column 2:
    Flawed : [0.45 0.35 0.2 ]
    Prop   : [0.45 0.35 0.2 ]
    GT     : [0.95 0.04 0.01]
  Column 3:
    Flawed : [0.3  0.45 0.25]
    Prop   : [0.3  0.45 0.25]
    GT     : [0.05 0.9  0.05]
----------------------------------------------------------------------
======================================================================
Overall Average CPT KL = 0.00891543
======================================================================
BP                             RMSE = 0.06804138
  Column 5:
    Flawed : [0.05 0.4  0.55]
    Prop   : [0.05 0.55 0.4 ]
    GT     : [0.05 0.4  0.55]
  Column 7:
    Flawed : [0.05 0.2  0.75]
    Prop   : [0.05 0.4  0.55]
    GT     : [0.05 0.2  0.75]
----------------------------------------------------------------------
CVP                            RMSE = 0.00816497
  Column 1:
    Flawed : [0.04 0.95 0.01]
    Prop   : [0.03 0.94 0.03]
    GT     : [0.04 0.95 0.01]
----------------------------------------------------------------------
HYPOVOLEMIA                    RMSE = 0.10000000
  Column 0:
    Flawed : [0.3 0.7]
    Prop   : [0.3 0.7]
    GT     : [0.2 0.8]
----------------------------------------------------------------------
STROKEVOLUME                   RMSE = 0.31714876
  Column 0:
    Flawed : [0.45 0.35 0.2 ]
    Prop   : [0.45 0.35 0.2 ]
    GT     : [0.98 0.01 0.01]
  Column 1:
    Flawed : [0.4  0.35 0.25]
    Prop   : [0.4  0.35 0.25]
    GT     : [0.5  0.49 0.01]
  Column 2:
    Flawed : [0.45 0.35 0.2 ]
    Prop   : [0.45 0.35 0.2 ]
    GT     : [0.95 0.04 0.01]
  Column 3:
    Flawed : [0.3  0.45 0.25]
    Prop   : [0.3  0.45 0.25]
    GT     : [0.05 0.9  0.05]
----------------------------------------------------------------------
======================================================================
Overall CPT RMSE = 0.04241073
======================================================================
BP                             Hellinger = 0.02966088
  Column 5:
    Flawed : [0.05 0.4  0.55]
    Prop   : [0.05 0.55 0.4 ]
    GT     : [0.05 0.4  0.55]
  Column 7:
    Flawed : [0.05 0.2  0.75]
    Prop   : [0.05 0.4  0.55]
    GT     : [0.05 0.2  0.75]
----------------------------------------------------------------------
CVP                            Hellinger = 0.01841407
  Column 1:
    Flawed : [0.04 0.95 0.01]
    Prop   : [0.03 0.94 0.03]
    GT     : [0.04 0.95 0.01]
----------------------------------------------------------------------
HYPOVOLEMIA                    Hellinger = 0.08197285
  Column 0:
    Flawed : [0.3 0.7]
    Prop   : [0.3 0.7]
    GT     : [0.2 0.8]
----------------------------------------------------------------------
STROKEVOLUME                   Hellinger = 0.39175289
  Column 0:
    Flawed : [0.45 0.35 0.2 ]
    Prop   : [0.45 0.35 0.2 ]
    GT     : [0.98 0.01 0.01]
  Column 1:
    Flawed : [0.4  0.35 0.25]
    Prop   : [0.4  0.35 0.25]
    GT     : [0.5  0.49 0.01]
  Column 2:
    Flawed : [0.45 0.35 0.2 ]
    Prop   : [0.45 0.35 0.2 ]
    GT     : [0.95 0.04 0.01]
  Column 3:
    Flawed : [0.3  0.45 0.25]
    Prop   : [0.3  0.45 0.25]
    GT     : [0.05 0.9  0.05]
----------------------------------------------------------------------
======================================================================
Overall Average Hellinger = 0.00811183
###------------------------------###

Restart 0 finished.
###------------------------------###

==============================
PIPELINE RESTART #1
==============================
Cleared: /home/shamim_ist/BN_Agent/workspace/alarm/bn_analysis.json
Cleared: /home/shamim_ist/BN_Agent/workspace/alarm/last_proposed_bn.jsonl
Cleared: /home/shamim_ist/BN_Agent/workspace/alarm/dangerous_cpt_report.json
Cleared: /home/shamim_ist/BN_Agent/workspace/alarm/failure_parameter_statistics.json

===================================================
Dataset: /home/shamim_ist/BN_Agent/datasets/alarm/combined_train_scenarios.csv
===================================================
Accuracy: 88.0 %
Total: 50
Successes: 44
Failures: 6
Flawed BN Accuracy: 88.00%
Initial Acceptance Threshold: 91.60%

Initial Generation Attempt 0

Additional Parent Nodes Required for CPT Activation (20)

Activation trace saved to /home/shamim_ist/BN_Agent/workspace/alarm/activation_trace.csv
Failure parameter statistics saved to '/home/shamim_ist/BN_Agent/workspace/alarm/failure_parameter_statistics.json'
Valid danger report received on attempt 1.

===================================================

Accuracy: 88.00%

Workflow analysis for BN #0 stored in /home/shamim_ist/BN_Agent/workspace/alarm/bn_analysis.json
Valid response received on attempt 1.
Selected baseline BN: 0

===================================================
Dataset: /home/shamim_ist/BN_Agent/datasets/alarm/combined_train_scenarios.csv
===================================================
Accuracy: 88.0 %
Total: 50
Successes: 44
Failures: 6

Candidate 1: Accuracy = 0.8800, Failures = 6, Successes = 44

===================================================
Dataset: /home/shamim_ist/BN_Agent/datasets/alarm/combined_train_scenarios.csv
===================================================
Accuracy: 88.0 %
Total: 50
Successes: 44
Failures: 6

Candidate 2: Accuracy = 0.8800, Failures = 6, Successes = 44

===================================================
Dataset: /home/shamim_ist/BN_Agent/datasets/alarm/combined_train_scenarios.csv
===================================================
Accuracy: 88.0 %
Total: 50
Successes: 44
Failures: 6

Candidate 3: Accuracy = 0.8800, Failures = 6, Successes = 44

========================================
BEST REFINEMENT CANDIDATE
========================================
Candidate 1
Accuracy: 0.8800
Failures: 6
Successes: 44

===================================================
Dataset: /home/shamim_ist/BN_Agent/datasets/alarm/combined_train_scenarios.csv
===================================================
Accuracy: 88.0 %
Total: 50
Successes: 44
Failures: 6
Accuracy = 88.00%

Initial Generation Attempt 1
Removed workflow analysis for BN #0 from /home/shamim_ist/BN_Agent/workspace/alarm/bn_analysis.json

Additional Parent Nodes Required for CPT Activation (20)

Activation trace saved to /home/shamim_ist/BN_Agent/workspace/alarm/activation_trace.csv
Failure parameter statistics saved to '/home/shamim_ist/BN_Agent/workspace/alarm/failure_parameter_statistics.json'
Valid danger report received on attempt 1.

===================================================

Accuracy: 88.00%

Workflow analysis for BN #0 stored in /home/shamim_ist/BN_Agent/workspace/alarm/bn_analysis.json
Valid response received on attempt 1.
Selected baseline BN: 0

===================================================
Dataset: /home/shamim_ist/BN_Agent/datasets/alarm/combined_train_scenarios.csv
===================================================
Accuracy: 88.0 %
Total: 50
Successes: 44
Failures: 6

Candidate 1: Accuracy = 0.8800, Failures = 6, Successes = 44

===================================================
Dataset: /home/shamim_ist/BN_Agent/datasets/alarm/combined_train_scenarios.csv
===================================================
Accuracy: 88.0 %
Total: 50
Successes: 44
Failures: 6

Candidate 2: Accuracy = 0.8800, Failures = 6, Successes = 44

===================================================
Dataset: /home/shamim_ist/BN_Agent/datasets/alarm/combined_train_scenarios.csv
===================================================
Accuracy: 88.0 %
Total: 50
Successes: 44
Failures: 6

Candidate 3: Accuracy = 0.8800, Failures = 6, Successes = 44

========================================
BEST REFINEMENT CANDIDATE
========================================
Candidate 1
Accuracy: 0.8800
Failures: 6
Successes: 44

===================================================
Dataset: /home/shamim_ist/BN_Agent/datasets/alarm/combined_train_scenarios.csv
===================================================
Accuracy: 88.0 %
Total: 50
Successes: 44
Failures: 6
Accuracy = 88.00%

Initial Generation Attempt 2
Removed workflow analysis for BN #0 from /home/shamim_ist/BN_Agent/workspace/alarm/bn_analysis.json

Additional Parent Nodes Required for CPT Activation (20)

Activation trace saved to /home/shamim_ist/BN_Agent/workspace/alarm/activation_trace.csv
Failure parameter statistics saved to '/home/shamim_ist/BN_Agent/workspace/alarm/failure_parameter_statistics.json'
Valid danger report received on attempt 1.

===================================================

Accuracy: 88.00%

Workflow analysis for BN #0 stored in /home/shamim_ist/BN_Agent/workspace/alarm/bn_analysis.json
Valid response received on attempt 1.
Selected baseline BN: 0

===================================================
Dataset: /home/shamim_ist/BN_Agent/datasets/alarm/combined_train_scenarios.csv
===================================================
Accuracy: 88.0 %
Total: 50
Successes: 44
Failures: 6

Candidate 1: Accuracy = 0.8800, Failures = 6, Successes = 44

===================================================
Dataset: /home/shamim_ist/BN_Agent/datasets/alarm/combined_train_scenarios.csv
===================================================
Accuracy: 88.0 %
Total: 50
Successes: 44
Failures: 6

Candidate 2: Accuracy = 0.8800, Failures = 6, Successes = 44

===================================================
Dataset: /home/shamim_ist/BN_Agent/datasets/alarm/combined_train_scenarios.csv
===================================================
Accuracy: 88.0 %
Total: 50
Successes: 44
Failures: 6

Candidate 3: Accuracy = 0.8800, Failures = 6, Successes = 44

========================================
BEST REFINEMENT CANDIDATE
========================================
Candidate 1
Accuracy: 0.8800
Failures: 6
Successes: 44

===================================================
Dataset: /home/shamim_ist/BN_Agent/datasets/alarm/combined_train_scenarios.csv
===================================================
Accuracy: 88.0 %
Total: 50
Successes: 44
Failures: 6
Accuracy = 88.00%
Threshold (91.60%) not reached after 3 attempts. Using best generated BN (88.00%).
Removed workflow analysis for BN #0 from /home/shamim_ist/BN_Agent/workspace/alarm/bn_analysis.json

Initial BN generated

===== ITERATION 2 =====

===================================================
Dataset: /home/shamim_ist/BN_Agent/datasets/alarm/combined_train_scenarios.csv
===================================================
Accuracy: 88.0 %
Total: 50
Successes: 44
Failures: 6

Additional Parent Nodes Required for CPT Activation (20)

Activation trace saved to /home/shamim_ist/BN_Agent/workspace/alarm/activation_trace.csv
Failure parameter statistics saved to '/home/shamim_ist/BN_Agent/workspace/alarm/failure_parameter_statistics.json'
Valid danger report received on attempt 1.

===================================================

Accuracy: 88.00%

Workflow analysis for BN #1 stored in /home/shamim_ist/BN_Agent/workspace/alarm/bn_analysis.json
Valid response received on attempt 1.
Selected baseline BN: 1

===================================================
Dataset: /home/shamim_ist/BN_Agent/datasets/alarm/combined_train_scenarios.csv
===================================================
Accuracy: 88.0 %
Total: 50
Successes: 44
Failures: 6

Candidate 1: Accuracy = 0.8800, Failures = 6, Successes = 44

===================================================
Dataset: /home/shamim_ist/BN_Agent/datasets/alarm/combined_train_scenarios.csv
===================================================
Accuracy: 88.0 %
Total: 50
Successes: 44
Failures: 6

Candidate 2: Accuracy = 0.8800, Failures = 6, Successes = 44

===================================================
Dataset: /home/shamim_ist/BN_Agent/datasets/alarm/combined_train_scenarios.csv
===================================================
Accuracy: 88.0 %
Total: 50
Successes: 44
Failures: 6

Candidate 3: Accuracy = 0.8800, Failures = 6, Successes = 44

========================================
BEST REFINEMENT CANDIDATE
========================================
Candidate 1
Accuracy: 0.8800
Failures: 6
Successes: 44

===================================================
Dataset: /home/shamim_ist/BN_Agent/datasets/alarm/combined_train_scenarios.csv
===================================================
Accuracy: 88.0 %
Total: 50
Successes: 44
Failures: 6

Accuracy did not improve. Need improvement from 88.00% 
Removed 1 record(s) with bn_number=2
Valid response received on attempt 1.
Selected baseline BN: 1

===================================================
Dataset: /home/shamim_ist/BN_Agent/datasets/alarm/combined_train_scenarios.csv
===================================================
Accuracy: 88.0 %
Total: 50
Successes: 44
Failures: 6

Candidate 1: Accuracy = 0.8800, Failures = 6, Successes = 44

===================================================
Dataset: /home/shamim_ist/BN_Agent/datasets/alarm/combined_train_scenarios.csv
===================================================
Accuracy: 88.0 %
Total: 50
Successes: 44
Failures: 6

Candidate 2: Accuracy = 0.8800, Failures = 6, Successes = 44

===================================================
Dataset: /home/shamim_ist/BN_Agent/datasets/alarm/combined_train_scenarios.csv
===================================================
Accuracy: 88.0 %
Total: 50
Successes: 44
Failures: 6

Candidate 3: Accuracy = 0.8800, Failures = 6, Successes = 44

========================================
BEST REFINEMENT CANDIDATE
========================================
Candidate 1
Accuracy: 0.8800
Failures: 6
Successes: 44

===================================================
Dataset: /home/shamim_ist/BN_Agent/datasets/alarm/combined_train_scenarios.csv
===================================================
Accuracy: 88.0 %
Total: 50
Successes: 44
Failures: 6
Removed 1 record(s) with bn_number=2
Valid response received on attempt 1.
Selected baseline BN: 1

===================================================
Dataset: /home/shamim_ist/BN_Agent/datasets/alarm/combined_train_scenarios.csv
===================================================
Accuracy: 88.0 %
Total: 50
Successes: 44
Failures: 6

Candidate 1: Accuracy = 0.8800, Failures = 6, Successes = 44

===================================================
Dataset: /home/shamim_ist/BN_Agent/datasets/alarm/combined_train_scenarios.csv
===================================================
Accuracy: 88.0 %
Total: 50
Successes: 44
Failures: 6

Candidate 2: Accuracy = 0.8800, Failures = 6, Successes = 44

===================================================
Dataset: /home/shamim_ist/BN_Agent/datasets/alarm/combined_train_scenarios.csv
===================================================
Accuracy: 88.0 %
Total: 50
Successes: 44
Failures: 6

Candidate 3: Accuracy = 0.8800, Failures = 6, Successes = 44

========================================
BEST REFINEMENT CANDIDATE
========================================
Candidate 1
Accuracy: 0.8800
Failures: 6
Successes: 44

===================================================
Dataset: /home/shamim_ist/BN_Agent/datasets/alarm/combined_train_scenarios.csv
===================================================
Accuracy: 88.0 %
Total: 50
Successes: 44
Failures: 6
Removed 1 record(s) with bn_number=2
Valid response received on attempt 1.
Selected baseline BN: 1

===================================================
Dataset: /home/shamim_ist/BN_Agent/datasets/alarm/combined_train_scenarios.csv
===================================================
Accuracy: 88.0 %
Total: 50
Successes: 44
Failures: 6

Candidate 1: Accuracy = 0.8800, Failures = 6, Successes = 44

===================================================
Dataset: /home/shamim_ist/BN_Agent/datasets/alarm/combined_train_scenarios.csv
===================================================
Accuracy: 88.0 %
Total: 50
Successes: 44
Failures: 6

Candidate 2: Accuracy = 0.8800, Failures = 6, Successes = 44

===================================================
Dataset: /home/shamim_ist/BN_Agent/datasets/alarm/combined_train_scenarios.csv
===================================================
Accuracy: 88.0 %
Total: 50
Successes: 44
Failures: 6

Candidate 3: Accuracy = 0.8800, Failures = 6, Successes = 44

========================================
BEST REFINEMENT CANDIDATE
========================================
Candidate 1
Accuracy: 0.8800
Failures: 6
Successes: 44

===================================================
Dataset: /home/shamim_ist/BN_Agent/datasets/alarm/combined_train_scenarios.csv
===================================================
Accuracy: 88.0 %
Total: 50
Successes: 44
Failures: 6

No improvement after 3 retries. Selecting best retry candidate (accuracy=88.00%).
Removed 1 record(s) with bn_number=2
Continuing with retry candidate (accuracy=88.00%).

===== ITERATION 3 =====

===================================================
Dataset: /home/shamim_ist/BN_Agent/datasets/alarm/combined_train_scenarios.csv
===================================================
Accuracy: 88.0 %
Total: 50
Successes: 44
Failures: 6

Additional Parent Nodes Required for CPT Activation (20)

Activation trace saved to /home/shamim_ist/BN_Agent/workspace/alarm/activation_trace.csv
Failure parameter statistics saved to '/home/shamim_ist/BN_Agent/workspace/alarm/failure_parameter_statistics.json'
Valid danger report received on attempt 1.

===================================================

Accuracy: 88.00%

Workflow analysis for BN #2 stored in /home/shamim_ist/BN_Agent/workspace/alarm/bn_analysis.json
Valid response received on attempt 1.
Selected baseline BN: 1

===================================================
Dataset: /home/shamim_ist/BN_Agent/datasets/alarm/combined_train_scenarios.csv
===================================================
Accuracy: 88.0 %
Total: 50
Successes: 44
Failures: 6

Candidate 1: Accuracy = 0.8800, Failures = 6, Successes = 44

===================================================
Dataset: /home/shamim_ist/BN_Agent/datasets/alarm/combined_train_scenarios.csv
===================================================
Accuracy: 88.0 %
Total: 50
Successes: 44
Failures: 6

Candidate 2: Accuracy = 0.8800, Failures = 6, Successes = 44

===================================================
Dataset: /home/shamim_ist/BN_Agent/datasets/alarm/combined_train_scenarios.csv
===================================================
Accuracy: 88.0 %
Total: 50
Successes: 44
Failures: 6

Candidate 3: Accuracy = 0.8800, Failures = 6, Successes = 44

========================================
BEST REFINEMENT CANDIDATE
========================================
Candidate 1
Accuracy: 0.8800
Failures: 6
Successes: 44

===================================================
Dataset: /home/shamim_ist/BN_Agent/datasets/alarm/combined_train_scenarios.csv
===================================================
Accuracy: 88.0 %
Total: 50
Successes: 44
Failures: 6

Accuracy did not improve. Need improvement from 88.00% 
Removed 1 record(s) with bn_number=3
[Format Retry 1/3] Expecting ',' delimiter: line 221 column 13 (char 4491)
Valid response received on attempt 2.
Selected baseline BN: 1

===================================================
Dataset: /home/shamim_ist/BN_Agent/datasets/alarm/combined_train_scenarios.csv
===================================================
Accuracy: 88.0 %
Total: 50
Successes: 44
Failures: 6

Candidate 1: Accuracy = 0.8800, Failures = 6, Successes = 44

===================================================
Dataset: /home/shamim_ist/BN_Agent/datasets/alarm/combined_train_scenarios.csv
===================================================
Accuracy: 88.0 %
Total: 50
Successes: 44
Failures: 6

Candidate 2: Accuracy = 0.8800, Failures = 6, Successes = 44

===================================================
Dataset: /home/shamim_ist/BN_Agent/datasets/alarm/combined_train_scenarios.csv
===================================================
Accuracy: 88.0 %
Total: 50
Successes: 44
Failures: 6

Candidate 3: Accuracy = 0.8800, Failures = 6, Successes = 44

========================================
BEST REFINEMENT CANDIDATE
========================================
Candidate 1
Accuracy: 0.8800
Failures: 6
Successes: 44

===================================================
Dataset: /home/shamim_ist/BN_Agent/datasets/alarm/combined_train_scenarios.csv
===================================================
Accuracy: 88.0 %
Total: 50
Successes: 44
Failures: 6
Removed 1 record(s) with bn_number=3
[Format Retry 1/3] Expecting ',' delimiter: line 221 column 13 (char 4493)
[Format Retry 2/3] Expecting ',' delimiter: line 221 column 13 (char 4491)
Valid response received on attempt 3.
Selected baseline BN: 1

===================================================
Dataset: /home/shamim_ist/BN_Agent/datasets/alarm/combined_train_scenarios.csv
===================================================
Accuracy: 88.0 %
Total: 50
Successes: 44
Failures: 6

Candidate 1: Accuracy = 0.8800, Failures = 6, Successes = 44

===================================================
Dataset: /home/shamim_ist/BN_Agent/datasets/alarm/combined_train_scenarios.csv
===================================================
Accuracy: 88.0 %
Total: 50
Successes: 44
Failures: 6

Candidate 2: Accuracy = 0.8800, Failures = 6, Successes = 44

===================================================
Dataset: /home/shamim_ist/BN_Agent/datasets/alarm/combined_train_scenarios.csv
===================================================
Accuracy: 88.0 %
Total: 50
Successes: 44
Failures: 6

Candidate 3: Accuracy = 0.8800, Failures = 6, Successes = 44

========================================
BEST REFINEMENT CANDIDATE
========================================
Candidate 1
Accuracy: 0.8800
Failures: 6
Successes: 44

===================================================
Dataset: /home/shamim_ist/BN_Agent/datasets/alarm/combined_train_scenarios.csv
===================================================
Accuracy: 88.0 %
Total: 50
Successes: 44
Failures: 6
Removed 1 record(s) with bn_number=3
Valid response received on attempt 1.
Selected baseline BN: 1

===================================================
Dataset: /home/shamim_ist/BN_Agent/datasets/alarm/combined_train_scenarios.csv
===================================================
Accuracy: 88.0 %
Total: 50
Successes: 44
Failures: 6

Candidate 1: Accuracy = 0.8800, Failures = 6, Successes = 44

===================================================
Dataset: /home/shamim_ist/BN_Agent/datasets/alarm/combined_train_scenarios.csv
===================================================
Accuracy: 88.0 %
Total: 50
Successes: 44
Failures: 6

Candidate 2: Accuracy = 0.8800, Failures = 6, Successes = 44

===================================================
Dataset: /home/shamim_ist/BN_Agent/datasets/alarm/combined_train_scenarios.csv
===================================================
Accuracy: 88.0 %
Total: 50
Successes: 44
Failures: 6

Candidate 3: Accuracy = 0.8800, Failures = 6, Successes = 44

========================================
BEST REFINEMENT CANDIDATE
========================================
Candidate 1
Accuracy: 0.8800
Failures: 6
Successes: 44

===================================================
Dataset: /home/shamim_ist/BN_Agent/datasets/alarm/combined_train_scenarios.csv
===================================================
Accuracy: 88.0 %
Total: 50
Successes: 44
Failures: 6

No improvement after 3 retries. Selecting best retry candidate (accuracy=88.00%).
Removed 1 record(s) with bn_number=3
Continuing with retry candidate (accuracy=88.00%).

===== ITERATION 4 =====

===================================================
Dataset: /home/shamim_ist/BN_Agent/datasets/alarm/combined_train_scenarios.csv
===================================================
Accuracy: 88.0 %
Total: 50
Successes: 44
Failures: 6

Additional Parent Nodes Required for CPT Activation (20)

Activation trace saved to /home/shamim_ist/BN_Agent/workspace/alarm/activation_trace.csv
Failure parameter statistics saved to '/home/shamim_ist/BN_Agent/workspace/alarm/failure_parameter_statistics.json'
Valid danger report received on attempt 1.

===================================================

Accuracy: 88.00%

Workflow analysis for BN #3 stored in /home/shamim_ist/BN_Agent/workspace/alarm/bn_analysis.json
Valid response received on attempt 1.
Selected baseline BN: 1

===================================================
Dataset: /home/shamim_ist/BN_Agent/datasets/alarm/combined_train_scenarios.csv
===================================================
Accuracy: 88.0 %
Total: 50
Successes: 44
Failures: 6

Candidate 1: Accuracy = 0.8800, Failures = 6, Successes = 44

===================================================
Dataset: /home/shamim_ist/BN_Agent/datasets/alarm/combined_train_scenarios.csv
===================================================
Accuracy: 88.0 %
Total: 50
Successes: 44
Failures: 6

Candidate 2: Accuracy = 0.8800, Failures = 6, Successes = 44

===================================================
Dataset: /home/shamim_ist/BN_Agent/datasets/alarm/combined_train_scenarios.csv
===================================================
Accuracy: 88.0 %
Total: 50
Successes: 44
Failures: 6

Candidate 3: Accuracy = 0.8800, Failures = 6, Successes = 44

========================================
BEST REFINEMENT CANDIDATE
========================================
Candidate 1
Accuracy: 0.8800
Failures: 6
Successes: 44

===================================================
Dataset: /home/shamim_ist/BN_Agent/datasets/alarm/combined_train_scenarios.csv
===================================================
Accuracy: 88.0 %
Total: 50
Successes: 44
Failures: 6

Accuracy did not improve. Need improvement from 88.00% 
Removed 1 record(s) with bn_number=4
Valid response received on attempt 1.
Selected baseline BN: 1

===================================================
Dataset: /home/shamim_ist/BN_Agent/datasets/alarm/combined_train_scenarios.csv
===================================================
Accuracy: 88.0 %
Total: 50
Successes: 44
Failures: 6

Candidate 1: Accuracy = 0.8800, Failures = 6, Successes = 44

===================================================
Dataset: /home/shamim_ist/BN_Agent/datasets/alarm/combined_train_scenarios.csv
===================================================
Accuracy: 88.0 %
Total: 50
Successes: 44
Failures: 6

Candidate 2: Accuracy = 0.8800, Failures = 6, Successes = 44

===================================================
Dataset: /home/shamim_ist/BN_Agent/datasets/alarm/combined_train_scenarios.csv
===================================================
Accuracy: 88.0 %
Total: 50
Successes: 44
Failures: 6

Candidate 3: Accuracy = 0.8800, Failures = 6, Successes = 44

========================================
BEST REFINEMENT CANDIDATE
========================================
Candidate 1
Accuracy: 0.8800
Failures: 6
Successes: 44

===================================================
Dataset: /home/shamim_ist/BN_Agent/datasets/alarm/combined_train_scenarios.csv
===================================================
Accuracy: 88.0 %
Total: 50
Successes: 44
Failures: 6
Removed 1 record(s) with bn_number=4
Valid response received on attempt 1.
Selected baseline BN: 1

===================================================
Dataset: /home/shamim_ist/BN_Agent/datasets/alarm/combined_train_scenarios.csv
===================================================
Accuracy: 88.0 %
Total: 50
Successes: 44
Failures: 6

Candidate 1: Accuracy = 0.8800, Failures = 6, Successes = 44

===================================================
Dataset: /home/shamim_ist/BN_Agent/datasets/alarm/combined_train_scenarios.csv
===================================================
Accuracy: 88.0 %
Total: 50
Successes: 44
Failures: 6

Candidate 2: Accuracy = 0.8800, Failures = 6, Successes = 44

===================================================
Dataset: /home/shamim_ist/BN_Agent/datasets/alarm/combined_train_scenarios.csv
===================================================
Accuracy: 88.0 %
Total: 50
Successes: 44
Failures: 6

Candidate 3: Accuracy = 0.8800, Failures = 6, Successes = 44

========================================
BEST REFINEMENT CANDIDATE
========================================
Candidate 1
Accuracy: 0.8800
Failures: 6
Successes: 44

===================================================
Dataset: /home/shamim_ist/BN_Agent/datasets/alarm/combined_train_scenarios.csv
===================================================
Accuracy: 88.0 %
Total: 50
Successes: 44
Failures: 6
Removed 1 record(s) with bn_number=4
Valid response received on attempt 1.
Selected baseline BN: 1

===================================================
Dataset: /home/shamim_ist/BN_Agent/datasets/alarm/combined_train_scenarios.csv
===================================================
Accuracy: 88.0 %
Total: 50
Successes: 44
Failures: 6

Candidate 1: Accuracy = 0.8800, Failures = 6, Successes = 44

===================================================
Dataset: /home/shamim_ist/BN_Agent/datasets/alarm/combined_train_scenarios.csv
===================================================
Accuracy: 88.0 %
Total: 50
Successes: 44
Failures: 6

Candidate 2: Accuracy = 0.8800, Failures = 6, Successes = 44

===================================================
Dataset: /home/shamim_ist/BN_Agent/datasets/alarm/combined_train_scenarios.csv
===================================================
Accuracy: 88.0 %
Total: 50
Successes: 44
Failures: 6

Candidate 3: Accuracy = 0.8800, Failures = 6, Successes = 44

========================================
BEST REFINEMENT CANDIDATE
========================================
Candidate 1
Accuracy: 0.8800
Failures: 6
Successes: 44

===================================================
Dataset: /home/shamim_ist/BN_Agent/datasets/alarm/combined_train_scenarios.csv
===================================================
Accuracy: 88.0 %
Total: 50
Successes: 44
Failures: 6

No improvement after 3 retries. Selecting best retry candidate (accuracy=88.00%).
Removed 1 record(s) with bn_number=4
Continuing with retry candidate (accuracy=88.00%).

===================================================
Dataset: /home/shamim_ist/BN_Agent/datasets/alarm/combined_train_scenarios.csv
===================================================
Accuracy: 88.0 %
Total: 50
Successes: 44
Failures: 6

===================================================
Dataset: /home/shamim_ist/BN_Agent/datasets/alarm/combined_train_scenarios.csv
===================================================
Accuracy: 88.0 %
Total: 50
Successes: 44
Failures: 6

===================================================
Dataset: /home/shamim_ist/BN_Agent/datasets/alarm/combined_train_scenarios.csv
===================================================
Accuracy: 88.0 %
Total: 50
Successes: 44
Failures: 6

===================================================
Dataset: /home/shamim_ist/BN_Agent/datasets/alarm/combined_train_scenarios.csv
===================================================
Accuracy: 88.0 %
Total: 50
Successes: 44
Failures: 6

===================================================
Dataset: /home/shamim_ist/BN_Agent/datasets/alarm/combined_train_scenarios.csv
===================================================
Accuracy: 88.0 %
Total: 50
Successes: 44
Failures: 6


Best BN Number: 4
Best BN Accuracy: 0.88
Saved CPT identity comparison to /home/shamim_ist/BN_Agent/workspace/alarm/cpt_comparison_analysis.json
BN number: 4
Agent change verdict: poor
Expected changed CPTs: ['HYPOVOLEMIA', 'STROKEVOLUME']
Agent changed CPTs: ['BP']
Unexpected changed CPTs: ['BP']
{'bn_number': 4, 'agent_changed_cpt_count': 1, 'agent_changed_cpts': ['BP'], 'agent_change_report': {'verdict': 'poor', 'total_cpts': 37, 'expected_changed_count': 2, 'expected_changed_cpts': ['HYPOVOLEMIA', 'STROKEVOLUME'], 'agent_changed_count': 1, 'agent_changed_cpts': ['BP'], 'matched_expected_count': 0, 'matched_expected_cpts': [], 'missed_expected_count': 2, 'missed_expected_cpts': ['HYPOVOLEMIA', 'STROKEVOLUME'], 'unexpected_changed_count': 1, 'unexpected_changed_cpts': ['BP'], 'unflawed_cpt_count': 35, 'untouched_unflawed_count': 34, 'untouched_unflawed_cpts': ['ANAPHYLAXIS', 'ARTCO2', 'CATECHOL', 'CO', 'CVP', 'DISCONNECT', 'ERRCAUTER', 'ERRLOWOUTPUT', 'EXPCO2', 'FIO2', 'HISTORY', 'HR', 'HRBP', 'HREKG', 'HRSAT', 'INSUFFANESTH', 'INTUBATION', 'KINKEDTUBE', 'LVEDVOLUME', 'LVFAILURE', 'MINVOL', 'MINVOLSET', 'PAP', 'PCWP', 'PRESS', 'PULMEMBOLUS', 'PVSAT', 'SAO2', 'SHUNT', 'TPR', 'VENTALV', 'VENTLUNG', 'VENTMACH', 'VENTTUBE'], 'expected_change_recall': 0.0, 'unexpected_change_rate': 0.0286, 'unflawed_preservation_rate': 0.9714}}
======================================================================
BP                             0.03834377
  Column 7:
    Flawed : [0.05 0.2  0.75]
    Prop   : [0.15 0.5  0.35]
    GT     : [0.05 0.2  0.75]
  Column 8:
    Flawed : [0.01 0.09 0.9 ]
    Prop   : [0.01 0.14 0.85]
    GT     : [0.01 0.09 0.9 ]
----------------------------------------------------------------------
HYPOVOLEMIA                    0.02573209
  Column 0:
    Flawed : [0.3 0.7]
    Prop   : [0.3 0.7]
    GT     : [0.2 0.8]
----------------------------------------------------------------------
STROKEVOLUME                   0.49709733
  Column 0:
    Flawed : [0.45 0.35 0.2 ]
    Prop   : [0.45 0.35 0.2 ]
    GT     : [0.98 0.01 0.01]
  Column 1:
    Flawed : [0.4  0.35 0.25]
    Prop   : [0.4  0.35 0.25]
    GT     : [0.5  0.49 0.01]
  Column 2:
    Flawed : [0.45 0.35 0.2 ]
    Prop   : [0.45 0.35 0.2 ]
    GT     : [0.95 0.04 0.01]
  Column 3:
    Flawed : [0.3  0.45 0.25]
    Prop   : [0.3  0.45 0.25]
    GT     : [0.05 0.9  0.05]
----------------------------------------------------------------------
======================================================================
Overall Average CPT KL = 0.00970870
======================================================================
BP                             RMSE = 0.09906975
  Column 7:
    Flawed : [0.05 0.2  0.75]
    Prop   : [0.15 0.5  0.35]
    GT     : [0.05 0.2  0.75]
  Column 8:
    Flawed : [0.01 0.09 0.9 ]
    Prop   : [0.01 0.14 0.85]
    GT     : [0.01 0.09 0.9 ]
----------------------------------------------------------------------
HYPOVOLEMIA                    RMSE = 0.10000000
  Column 0:
    Flawed : [0.3 0.7]
    Prop   : [0.3 0.7]
    GT     : [0.2 0.8]
----------------------------------------------------------------------
STROKEVOLUME                   RMSE = 0.31714876
  Column 0:
    Flawed : [0.45 0.35 0.2 ]
    Prop   : [0.45 0.35 0.2 ]
    GT     : [0.98 0.01 0.01]
  Column 1:
    Flawed : [0.4  0.35 0.25]
    Prop   : [0.4  0.35 0.25]
    GT     : [0.5  0.49 0.01]
  Column 2:
    Flawed : [0.45 0.35 0.2 ]
    Prop   : [0.45 0.35 0.2 ]
    GT     : [0.95 0.04 0.01]
  Column 3:
    Flawed : [0.3  0.45 0.25]
    Prop   : [0.3  0.45 0.25]
    GT     : [0.05 0.9  0.05]
----------------------------------------------------------------------
======================================================================
Overall CPT RMSE = 0.04454259
======================================================================
BP                             Hellinger = 0.03855415
  Column 7:
    Flawed : [0.05 0.2  0.75]
    Prop   : [0.15 0.5  0.35]
    GT     : [0.05 0.2  0.75]
  Column 8:
    Flawed : [0.01 0.09 0.9 ]
    Prop   : [0.01 0.14 0.85]
    GT     : [0.01 0.09 0.9 ]
----------------------------------------------------------------------
HYPOVOLEMIA                    Hellinger = 0.08197285
  Column 0:
    Flawed : [0.3 0.7]
    Prop   : [0.3 0.7]
    GT     : [0.2 0.8]
----------------------------------------------------------------------
STROKEVOLUME                   Hellinger = 0.39175289
  Column 0:
    Flawed : [0.45 0.35 0.2 ]
    Prop   : [0.45 0.35 0.2 ]
    GT     : [0.98 0.01 0.01]
  Column 1:
    Flawed : [0.4  0.35 0.25]
    Prop   : [0.4  0.35 0.25]
    GT     : [0.5  0.49 0.01]
  Column 2:
    Flawed : [0.45 0.35 0.2 ]
    Prop   : [0.45 0.35 0.2 ]
    GT     : [0.95 0.04 0.01]
  Column 3:
    Flawed : [0.3  0.45 0.25]
    Prop   : [0.3  0.45 0.25]
    GT     : [0.05 0.9  0.05]
----------------------------------------------------------------------
======================================================================
Overall Average Hellinger = 0.00821388
###------------------------------###

Restart 1 finished.
###------------------------------###

==============================
PIPELINE RESTART #2
==============================
Cleared: /home/shamim_ist/BN_Agent/workspace/alarm/bn_analysis.json
Cleared: /home/shamim_ist/BN_Agent/workspace/alarm/last_proposed_bn.jsonl
Cleared: /home/shamim_ist/BN_Agent/workspace/alarm/dangerous_cpt_report.json
Cleared: /home/shamim_ist/BN_Agent/workspace/alarm/failure_parameter_statistics.json

===================================================
Dataset: /home/shamim_ist/BN_Agent/datasets/alarm/combined_train_scenarios.csv
===================================================
Accuracy: 88.0 %
Total: 50
Successes: 44
Failures: 6
Flawed BN Accuracy: 88.00%
Initial Acceptance Threshold: 91.60%

Initial Generation Attempt 0

Additional Parent Nodes Required for CPT Activation (20)

Activation trace saved to /home/shamim_ist/BN_Agent/workspace/alarm/activation_trace.csv
Failure parameter statistics saved to '/home/shamim_ist/BN_Agent/workspace/alarm/failure_parameter_statistics.json'
Valid danger report received on attempt 1.

===================================================

Accuracy: 88.00%

Workflow analysis for BN #0 stored in /home/shamim_ist/BN_Agent/workspace/alarm/bn_analysis.json
Valid response received on attempt 1.
Selected baseline BN: 0

===================================================
Dataset: /home/shamim_ist/BN_Agent/datasets/alarm/combined_train_scenarios.csv
===================================================
Accuracy: 88.0 %
Total: 50
Successes: 44
Failures: 6

Candidate 1: Accuracy = 0.8800, Failures = 6, Successes = 44

===================================================
Dataset: /home/shamim_ist/BN_Agent/datasets/alarm/combined_train_scenarios.csv
===================================================
Accuracy: 88.0 %
Total: 50
Successes: 44
Failures: 6

Candidate 2: Accuracy = 0.8800, Failures = 6, Successes = 44

===================================================
Dataset: /home/shamim_ist/BN_Agent/datasets/alarm/combined_train_scenarios.csv
===================================================
Accuracy: 88.0 %
Total: 50
Successes: 44
Failures: 6

Candidate 3: Accuracy = 0.8800, Failures = 6, Successes = 44

========================================
BEST REFINEMENT CANDIDATE
========================================
Candidate 1
Accuracy: 0.8800
Failures: 6
Successes: 44

===================================================
Dataset: /home/shamim_ist/BN_Agent/datasets/alarm/combined_train_scenarios.csv
===================================================
Accuracy: 88.0 %
Total: 50
Successes: 44
Failures: 6
Accuracy = 88.00%

Initial Generation Attempt 1
Removed workflow analysis for BN #0 from /home/shamim_ist/BN_Agent/workspace/alarm/bn_analysis.json

Additional Parent Nodes Required for CPT Activation (20)

Activation trace saved to /home/shamim_ist/BN_Agent/workspace/alarm/activation_trace.csv
Failure parameter statistics saved to '/home/shamim_ist/BN_Agent/workspace/alarm/failure_parameter_statistics.json'
Valid danger report received on attempt 1.

===================================================

Accuracy: 88.00%

Workflow analysis for BN #0 stored in /home/shamim_ist/BN_Agent/workspace/alarm/bn_analysis.json
Valid response received on attempt 1.
Selected baseline BN: 0

===================================================
Dataset: /home/shamim_ist/BN_Agent/datasets/alarm/combined_train_scenarios.csv
===================================================
Accuracy: 88.0 %
Total: 50
Successes: 44
Failures: 6

Candidate 1: Accuracy = 0.8800, Failures = 6, Successes = 44

===================================================
Dataset: /home/shamim_ist/BN_Agent/datasets/alarm/combined_train_scenarios.csv
===================================================
Accuracy: 88.0 %
Total: 50
Successes: 44
Failures: 6

Candidate 2: Accuracy = 0.8800, Failures = 6, Successes = 44

===================================================
Dataset: /home/shamim_ist/BN_Agent/datasets/alarm/combined_train_scenarios.csv
===================================================
Accuracy: 88.0 %
Total: 50
Successes: 44
Failures: 6

Candidate 3: Accuracy = 0.8800, Failures = 6, Successes = 44

========================================
BEST REFINEMENT CANDIDATE
========================================
Candidate 1
Accuracy: 0.8800
Failures: 6
Successes: 44

===================================================
Dataset: /home/shamim_ist/BN_Agent/datasets/alarm/combined_train_scenarios.csv
===================================================
Accuracy: 88.0 %
Total: 50
Successes: 44
Failures: 6
Accuracy = 88.00%

Initial Generation Attempt 2
Removed workflow analysis for BN #0 from /home/shamim_ist/BN_Agent/workspace/alarm/bn_analysis.json

Additional Parent Nodes Required for CPT Activation (20)

Activation trace saved to /home/shamim_ist/BN_Agent/workspace/alarm/activation_trace.csv
Failure parameter statistics saved to '/home/shamim_ist/BN_Agent/workspace/alarm/failure_parameter_statistics.json'
Valid danger report received on attempt 1.

===================================================

Accuracy: 88.00%

Workflow analysis for BN #0 stored in /home/shamim_ist/BN_Agent/workspace/alarm/bn_analysis.json
[Format Retry 1/3] Expecting ',' delimiter: line 221 column 13 (char 4489)
Valid response received on attempt 2.
Selected baseline BN: 0

===================================================
Dataset: /home/shamim_ist/BN_Agent/datasets/alarm/combined_train_scenarios.csv
===================================================
Accuracy: 88.0 %
Total: 50
Successes: 44
Failures: 6

Candidate 1: Accuracy = 0.8800, Failures = 6, Successes = 44

===================================================
Dataset: /home/shamim_ist/BN_Agent/datasets/alarm/combined_train_scenarios.csv
===================================================
Accuracy: 88.0 %
Total: 50
Successes: 44
Failures: 6

Candidate 2: Accuracy = 0.8800, Failures = 6, Successes = 44

===================================================
Dataset: /home/shamim_ist/BN_Agent/datasets/alarm/combined_train_scenarios.csv
===================================================
Accuracy: 88.0 %
Total: 50
Successes: 44
Failures: 6

Candidate 3: Accuracy = 0.8800, Failures = 6, Successes = 44

========================================
BEST REFINEMENT CANDIDATE
========================================
Candidate 1
Accuracy: 0.8800
Failures: 6
Successes: 44

===================================================
Dataset: /home/shamim_ist/BN_Agent/datasets/alarm/combined_train_scenarios.csv
===================================================
Accuracy: 88.0 %
Total: 50
Successes: 44
Failures: 6
Accuracy = 88.00%
Threshold (91.60%) not reached after 3 attempts. Using best generated BN (88.00%).
Removed workflow analysis for BN #0 from /home/shamim_ist/BN_Agent/workspace/alarm/bn_analysis.json

Initial BN generated

===== ITERATION 2 =====

===================================================
Dataset: /home/shamim_ist/BN_Agent/datasets/alarm/combined_train_scenarios.csv
===================================================
Accuracy: 88.0 %
Total: 50
Successes: 44
Failures: 6

Additional Parent Nodes Required for CPT Activation (20)

Activation trace saved to /home/shamim_ist/BN_Agent/workspace/alarm/activation_trace.csv
Failure parameter statistics saved to '/home/shamim_ist/BN_Agent/workspace/alarm/failure_parameter_statistics.json'
Valid danger report received on attempt 1.

===================================================

Accuracy: 88.00%

Workflow analysis for BN #1 stored in /home/shamim_ist/BN_Agent/workspace/alarm/bn_analysis.json
Valid response received on attempt 1.
Selected baseline BN: 1

===================================================
Dataset: /home/shamim_ist/BN_Agent/datasets/alarm/combined_train_scenarios.csv
===================================================
Accuracy: 100.0 %
Total: 50
Successes: 50
Failures: 0

No failures!

Candidate 1: Accuracy = 1.0000, Failures = 0, Successes = 50

===================================================
Dataset: /home/shamim_ist/BN_Agent/datasets/alarm/combined_train_scenarios.csv
===================================================
Accuracy: 100.0 %
Total: 50
Successes: 50
Failures: 0

No failures!

Candidate 2: Accuracy = 1.0000, Failures = 0, Successes = 50

===================================================
Dataset: /home/shamim_ist/BN_Agent/datasets/alarm/combined_train_scenarios.csv
===================================================
Accuracy: 100.0 %
Total: 50
Successes: 50
Failures: 0

No failures!

Candidate 3: Accuracy = 1.0000, Failures = 0, Successes = 50

========================================
BEST REFINEMENT CANDIDATE
========================================
Candidate 1
Accuracy: 1.0000
Failures: 0
Successes: 50

===================================================
Dataset: /home/shamim_ist/BN_Agent/datasets/alarm/combined_train_scenarios.csv
===================================================
Accuracy: 100.0 %
Total: 50
Successes: 50
Failures: 0

No failures!

Reached {100*new_accuracy:.2f}% accuracy. Stopping refinement.

===================================================
Dataset: /home/shamim_ist/BN_Agent/datasets/alarm/combined_train_scenarios.csv
===================================================
Accuracy: 88.0 %
Total: 50
Successes: 44
Failures: 6

===================================================
Dataset: /home/shamim_ist/BN_Agent/datasets/alarm/combined_train_scenarios.csv
===================================================
Accuracy: 88.0 %
Total: 50
Successes: 44
Failures: 6

===================================================
Dataset: /home/shamim_ist/BN_Agent/datasets/alarm/combined_train_scenarios.csv
===================================================
Accuracy: 100.0 %
Total: 50
Successes: 50
Failures: 0

No failures!


Best BN Number: 2
Best BN Accuracy: 1.0
Saved CPT identity comparison to /home/shamim_ist/BN_Agent/workspace/alarm/cpt_comparison_analysis.json
BN number: 2
Agent change verdict: poor
Expected changed CPTs: ['HYPOVOLEMIA', 'STROKEVOLUME']
Agent changed CPTs: ['BP', 'CVP']
Unexpected changed CPTs: ['BP', 'CVP']
{'bn_number': 2, 'agent_changed_cpt_count': 2, 'agent_changed_cpts': ['BP', 'CVP'], 'agent_change_report': {'verdict': 'poor', 'total_cpts': 37, 'expected_changed_count': 2, 'expected_changed_cpts': ['HYPOVOLEMIA', 'STROKEVOLUME'], 'agent_changed_count': 2, 'agent_changed_cpts': ['BP', 'CVP'], 'matched_expected_count': 0, 'matched_expected_cpts': [], 'missed_expected_count': 2, 'missed_expected_cpts': ['HYPOVOLEMIA', 'STROKEVOLUME'], 'unexpected_changed_count': 2, 'unexpected_changed_cpts': ['BP', 'CVP'], 'unflawed_cpt_count': 35, 'untouched_unflawed_count': 33, 'untouched_unflawed_cpts': ['ANAPHYLAXIS', 'ARTCO2', 'CATECHOL', 'CO', 'DISCONNECT', 'ERRCAUTER', 'ERRLOWOUTPUT', 'EXPCO2', 'FIO2', 'HISTORY', 'HR', 'HRBP', 'HREKG', 'HRSAT', 'INSUFFANESTH', 'INTUBATION', 'KINKEDTUBE', 'LVEDVOLUME', 'LVFAILURE', 'MINVOL', 'MINVOLSET', 'PAP', 'PCWP', 'PRESS', 'PULMEMBOLUS', 'PVSAT', 'SAO2', 'SHUNT', 'TPR', 'VENTALV', 'VENTLUNG', 'VENTMACH', 'VENTTUBE'], 'expected_change_recall': 0.0, 'unexpected_change_rate': 0.0571, 'unflawed_preservation_rate': 0.9429}}
======================================================================
BP                             0.00264495
  Column 7:
    Flawed : [0.05 0.2  0.75]
    Prop   : [0.08 0.27 0.65]
    GT     : [0.05 0.2  0.75]
----------------------------------------------------------------------
CVP                            0.00825738
  Column 1:
    Flawed : [0.04 0.95 0.01]
    Prop   : [0.04 0.91 0.05]
    GT     : [0.04 0.95 0.01]
----------------------------------------------------------------------
HYPOVOLEMIA                    0.02573209
  Column 0:
    Flawed : [0.3 0.7]
    Prop   : [0.3 0.7]
    GT     : [0.2 0.8]
----------------------------------------------------------------------
STROKEVOLUME                   0.49709733
  Column 0:
    Flawed : [0.45 0.35 0.2 ]
    Prop   : [0.45 0.35 0.2 ]
    GT     : [0.98 0.01 0.01]
  Column 1:
    Flawed : [0.4  0.35 0.25]
    Prop   : [0.4  0.35 0.25]
    GT     : [0.5  0.49 0.01]
  Column 2:
    Flawed : [0.45 0.35 0.2 ]
    Prop   : [0.45 0.35 0.2 ]
    GT     : [0.95 0.04 0.01]
  Column 3:
    Flawed : [0.3  0.45 0.25]
    Prop   : [0.3  0.45 0.25]
    GT     : [0.05 0.9  0.05]
----------------------------------------------------------------------
======================================================================
Overall Average CPT KL = 0.00848847
======================================================================
BP                             RMSE = 0.02419060
  Column 7:
    Flawed : [0.05 0.2  0.75]
    Prop   : [0.08 0.27 0.65]
    GT     : [0.05 0.2  0.75]
----------------------------------------------------------------------
CVP                            RMSE = 0.01885618
  Column 1:
    Flawed : [0.04 0.95 0.01]
    Prop   : [0.04 0.91 0.05]
    GT     : [0.04 0.95 0.01]
----------------------------------------------------------------------
HYPOVOLEMIA                    RMSE = 0.10000000
  Column 0:
    Flawed : [0.3 0.7]
    Prop   : [0.3 0.7]
    GT     : [0.2 0.8]
----------------------------------------------------------------------
STROKEVOLUME                   RMSE = 0.31714876
  Column 0:
    Flawed : [0.45 0.35 0.2 ]
    Prop   : [0.45 0.35 0.2 ]
    GT     : [0.98 0.01 0.01]
  Column 1:
    Flawed : [0.4  0.35 0.25]
    Prop   : [0.4  0.35 0.25]
    GT     : [0.5  0.49 0.01]
  Column 2:
    Flawed : [0.45 0.35 0.2 ]
    Prop   : [0.45 0.35 0.2 ]
    GT     : [0.95 0.04 0.01]
  Column 3:
    Flawed : [0.3  0.45 0.25]
    Prop   : [0.3  0.45 0.25]
    GT     : [0.05 0.9  0.05]
----------------------------------------------------------------------
======================================================================
Overall CPT RMSE = 0.04070522
======================================================================
BP                             Hellinger = 0.00872307
  Column 7:
    Flawed : [0.05 0.2  0.75]
    Prop   : [0.08 0.27 0.65]
    GT     : [0.05 0.2  0.75]
----------------------------------------------------------------------
CVP                            Hellinger = 0.02954168
  Column 1:
    Flawed : [0.04 0.95 0.01]
    Prop   : [0.04 0.91 0.05]
    GT     : [0.04 0.95 0.01]
----------------------------------------------------------------------
HYPOVOLEMIA                    Hellinger = 0.08197285
  Column 0:
    Flawed : [0.3 0.7]
    Prop   : [0.3 0.7]
    GT     : [0.2 0.8]
----------------------------------------------------------------------
STROKEVOLUME                   Hellinger = 0.39175289
  Column 0:
    Flawed : [0.45 0.35 0.2 ]
    Prop   : [0.45 0.35 0.2 ]
    GT     : [0.98 0.01 0.01]
  Column 1:
    Flawed : [0.4  0.35 0.25]
    Prop   : [0.4  0.35 0.25]
    GT     : [0.5  0.49 0.01]
  Column 2:
    Flawed : [0.45 0.35 0.2 ]
    Prop   : [0.45 0.35 0.2 ]
    GT     : [0.95 0.04 0.01]
  Column 3:
    Flawed : [0.3  0.45 0.25]
    Prop   : [0.3  0.45 0.25]
    GT     : [0.05 0.9  0.05]
----------------------------------------------------------------------
======================================================================
Overall Average Hellinger = 0.00747373
###------------------------------###

Restart 2 finished.
###------------------------------###
Restart: 0
BN keys: dict_keys(['edges', 'nodes'])
Evaluating restart 0

===================================================
Dataset: /home/shamim_ist/BN_Agent/datasets/alarm/combined_test_scenarios.csv
===================================================
Accuracy: 100.0 %
Total: 13
Successes: 13
Failures: 0

No failures!
Restart: 1
BN keys: dict_keys(['edges', 'nodes'])
Evaluating restart 1

===================================================
Dataset: /home/shamim_ist/BN_Agent/datasets/alarm/combined_test_scenarios.csv
===================================================
Accuracy: 61.54 %
Total: 13
Successes: 8
Failures: 5
Restart: 2
BN keys: dict_keys(['edges', 'nodes'])
Evaluating restart 2

===================================================
Dataset: /home/shamim_ist/BN_Agent/datasets/alarm/combined_test_scenarios.csv
===================================================
Accuracy: 100.0 %
Total: 13
Successes: 13
Failures: 0

No failures!

===================================
BEST RESTART
===================================
Restart: 0
Accuracy: 1.0
Failures: 0
Saved CPT identity comparison to /home/shamim_ist/BN_Agent/workspace/alarm/cpt_comparison_analysis.json
BN number: None
Agent change verdict: poor
Expected changed CPTs: ['HYPOVOLEMIA', 'STROKEVOLUME']
Agent changed CPTs: ['BP', 'CVP']
Unexpected changed CPTs: ['BP', 'CVP']
{'bn_number': None, 'agent_changed_cpt_count': 2, 'agent_changed_cpts': ['BP', 'CVP'], 'agent_change_report': {'verdict': 'poor', 'total_cpts': 37, 'expected_changed_count': 2, 'expected_changed_cpts': ['HYPOVOLEMIA', 'STROKEVOLUME'], 'agent_changed_count': 2, 'agent_changed_cpts': ['BP', 'CVP'], 'matched_expected_count': 0, 'matched_expected_cpts': [], 'missed_expected_count': 2, 'missed_expected_cpts': ['HYPOVOLEMIA', 'STROKEVOLUME'], 'unexpected_changed_count': 2, 'unexpected_changed_cpts': ['BP', 'CVP'], 'unflawed_cpt_count': 35, 'untouched_unflawed_count': 33, 'untouched_unflawed_cpts': ['ANAPHYLAXIS', 'ARTCO2', 'CATECHOL', 'CO', 'DISCONNECT', 'ERRCAUTER', 'ERRLOWOUTPUT', 'EXPCO2', 'FIO2', 'HISTORY', 'HR', 'HRBP', 'HREKG', 'HRSAT', 'INSUFFANESTH', 'INTUBATION', 'KINKEDTUBE', 'LVEDVOLUME', 'LVFAILURE', 'MINVOL', 'MINVOLSET', 'PAP', 'PCWP', 'PRESS', 'PULMEMBOLUS', 'PVSAT', 'SAO2', 'SHUNT', 'TPR', 'VENTALV', 'VENTLUNG', 'VENTMACH', 'VENTTUBE'], 'expected_change_recall': 0.0, 'unexpected_change_rate': 0.0571, 'unflawed_preservation_rate': 0.9429}}
======================================================================
BP                             0.01575054
  Column 5:
    Flawed : [0.05 0.4  0.55]
    Prop   : [0.05 0.55 0.4 ]
    GT     : [0.05 0.4  0.55]
  Column 7:
    Flawed : [0.05 0.2  0.75]
    Prop   : [0.05 0.4  0.55]
    GT     : [0.05 0.2  0.75]
----------------------------------------------------------------------
CVP                            0.00352472
  Column 1:
    Flawed : [0.04 0.95 0.01]
    Prop   : [0.03 0.94 0.03]
    GT     : [0.04 0.95 0.01]
----------------------------------------------------------------------
HYPOVOLEMIA                    0.02573209
  Column 0:
    Flawed : [0.3 0.7]
    Prop   : [0.3 0.7]
    GT     : [0.2 0.8]
----------------------------------------------------------------------
STROKEVOLUME                   0.49709733
  Column 0:
    Flawed : [0.45 0.35 0.2 ]
    Prop   : [0.45 0.35 0.2 ]
    GT     : [0.98 0.01 0.01]
  Column 1:
    Flawed : [0.4  0.35 0.25]
    Prop   : [0.4  0.35 0.25]
    GT     : [0.5  0.49 0.01]
  Column 2:
    Flawed : [0.45 0.35 0.2 ]
    Prop   : [0.45 0.35 0.2 ]
    GT     : [0.95 0.04 0.01]
  Column 3:
    Flawed : [0.3  0.45 0.25]
    Prop   : [0.3  0.45 0.25]
    GT     : [0.05 0.9  0.05]
----------------------------------------------------------------------
======================================================================
Overall Average CPT KL = 0.00891543
======================================================================
BP                             RMSE = 0.06804138
  Column 5:
    Flawed : [0.05 0.4  0.55]
    Prop   : [0.05 0.55 0.4 ]
    GT     : [0.05 0.4  0.55]
  Column 7:
    Flawed : [0.05 0.2  0.75]
    Prop   : [0.05 0.4  0.55]
    GT     : [0.05 0.2  0.75]
----------------------------------------------------------------------
CVP                            RMSE = 0.00816497
  Column 1:
    Flawed : [0.04 0.95 0.01]
    Prop   : [0.03 0.94 0.03]
    GT     : [0.04 0.95 0.01]
----------------------------------------------------------------------
HYPOVOLEMIA                    RMSE = 0.10000000
  Column 0:
    Flawed : [0.3 0.7]
    Prop   : [0.3 0.7]
    GT     : [0.2 0.8]
----------------------------------------------------------------------
STROKEVOLUME                   RMSE = 0.31714876
  Column 0:
    Flawed : [0.45 0.35 0.2 ]
    Prop   : [0.45 0.35 0.2 ]
    GT     : [0.98 0.01 0.01]
  Column 1:
    Flawed : [0.4  0.35 0.25]
    Prop   : [0.4  0.35 0.25]
    GT     : [0.5  0.49 0.01]
  Column 2:
    Flawed : [0.45 0.35 0.2 ]
    Prop   : [0.45 0.35 0.2 ]
    GT     : [0.95 0.04 0.01]
  Column 3:
    Flawed : [0.3  0.45 0.25]
    Prop   : [0.3  0.45 0.25]
    GT     : [0.05 0.9  0.05]
----------------------------------------------------------------------
======================================================================
Overall CPT RMSE = 0.04241073
======================================================================
BP                             Hellinger = 0.02966088
  Column 5:
    Flawed : [0.05 0.4  0.55]
    Prop   : [0.05 0.55 0.4 ]
    GT     : [0.05 0.4  0.55]
  Column 7:
    Flawed : [0.05 0.2  0.75]
    Prop   : [0.05 0.4  0.55]
    GT     : [0.05 0.2  0.75]
----------------------------------------------------------------------
CVP                            Hellinger = 0.01841407
  Column 1:
    Flawed : [0.04 0.95 0.01]
    Prop   : [0.03 0.94 0.03]
    GT     : [0.04 0.95 0.01]
----------------------------------------------------------------------
HYPOVOLEMIA                    Hellinger = 0.08197285
  Column 0:
    Flawed : [0.3 0.7]
    Prop   : [0.3 0.7]
    GT     : [0.2 0.8]
----------------------------------------------------------------------
STROKEVOLUME                   Hellinger = 0.39175289
  Column 0:
    Flawed : [0.45 0.35 0.2 ]
    Prop   : [0.45 0.35 0.2 ]
    GT     : [0.98 0.01 0.01]
  Column 1:
    Flawed : [0.4  0.35 0.25]
    Prop   : [0.4  0.35 0.25]
    GT     : [0.5  0.49 0.01]
  Column 2:
    Flawed : [0.45 0.35 0.2 ]
    Prop   : [0.45 0.35 0.2 ]
    GT     : [0.95 0.04 0.01]
  Column 3:
    Flawed : [0.3  0.45 0.25]
    Prop   : [0.3  0.45 0.25]
    GT     : [0.05 0.9  0.05]
----------------------------------------------------------------------
======================================================================
Overall Average Hellinger = 0.00811183
###------------------------------###

Pipeline finished.
###------------------------------###
