AgentBN subset 1: 330 scenarios
Cleared: /home/shamim_ist/AgentBN/workspace/alarm/bn_analysis.json
Cleared: /home/shamim_ist/AgentBN/workspace/alarm/last_proposed_bn.jsonl
Cleared: /home/shamim_ist/AgentBN/workspace/alarm/dangerous_cpt_report.json
Cleared: /home/shamim_ist/AgentBN/workspace/alarm/diagnostic_report.json
Cleared: /home/shamim_ist/AgentBN/workspace/alarm/failure_parameter_statistics.json
Cleared: /home/shamim_ist/AgentBN/workspace/alarm/restart_final_bns.jsonl
Cleared: /home/shamim_ist/AgentBN/workspace/alarm/restart_bn_analysis.jsonl

==============================
PIPELINE RESTART #0
==============================
Cleared: /home/shamim_ist/AgentBN/workspace/alarm/bn_analysis.json
Cleared: /home/shamim_ist/AgentBN/workspace/alarm/last_proposed_bn.jsonl
Cleared: /home/shamim_ist/AgentBN/workspace/alarm/dangerous_cpt_report.json
Cleared: /home/shamim_ist/AgentBN/workspace/alarm/failure_parameter_statistics.json
Cleared: /home/shamim_ist/AgentBN/workspace/alarm/diagnostic_report.json

===================================================
Dataset: agentbn_train_subset_1.csv
===================================================
Accuracy: 76.06 %
Total: 330
Successes: 251
Failures: 79
Flawed BN Accuracy: 76.06%
Initial Acceptance Threshold: 83.24%

Initial Generation Attempt 0

Activation trace saved to /home/shamim_ist/AgentBN/workspace/alarm/activation_trace.csv
Failure parameter statistics saved to '/home/shamim_ist/AgentBN/workspace/alarm/failure_parameter_statistics.json'
Valid response received on attempt 1.
Valid response received on attempt 1.

===================================================

Accuracy: 76.06%

Workflow analysis for BN #0 stored in /home/shamim_ist/AgentBN/workspace/alarm/bn_analysis.json
Valid response received on attempt 1.
Selected baseline BN: 0

===================================================
Dataset: agentbn_train_subset_1.csv
===================================================
Accuracy: 93.64 %
Total: 330
Successes: 309
Failures: 21

Candidate 1: Accuracy = 0.9364, Failures = 21, Successes = 309

===================================================
Dataset: agentbn_train_subset_1.csv
===================================================
Accuracy: 92.42 %
Total: 330
Successes: 305
Failures: 25

Candidate 2: Accuracy = 0.9242, Failures = 25, Successes = 305

===================================================
Dataset: agentbn_train_subset_1.csv
===================================================
Accuracy: 65.76 %
Total: 330
Successes: 217
Failures: 113

Candidate 3: Accuracy = 0.6576, Failures = 113, Successes = 217

========================================
BEST REFINEMENT CANDIDATE
========================================
Candidate: 1
Modified CPTs: ['LVEDVOLUME']
Accuracy: 0.9364
Failures: 21
Successes: 309

===================================================
Dataset: agentbn_train_subset_1.csv
===================================================
Accuracy: 93.64 %
Total: 330
Successes: 309
Failures: 21
Accuracy = 93.64%
Initial BN accepted.
Accepted initial BN (93.64%).
Removed workflow analysis for BN #0 from /home/shamim_ist/AgentBN/workspace/alarm/bn_analysis.json

Initial BN generated

===== ITERATION 1 =====

===================================================
Dataset: agentbn_train_subset_1.csv
===================================================
Accuracy: 93.64 %
Total: 330
Successes: 309
Failures: 21

Activation trace saved to /home/shamim_ist/AgentBN/workspace/alarm/activation_trace.csv
Failure parameter statistics saved to '/home/shamim_ist/AgentBN/workspace/alarm/failure_parameter_statistics.json'
Valid response received on attempt 1.
Valid response received on attempt 1.

===================================================

Accuracy: 93.64%

Workflow analysis for BN #1 stored in /home/shamim_ist/AgentBN/workspace/alarm/bn_analysis.json
Valid response received on attempt 1.
Selected baseline BN: 1

===================================================
Dataset: agentbn_train_subset_1.csv
===================================================
Accuracy: 93.64 %
Total: 330
Successes: 309
Failures: 21

Candidate 1: Accuracy = 0.9364, Failures = 21, Successes = 309

===================================================
Dataset: agentbn_train_subset_1.csv
===================================================
Accuracy: 93.64 %
Total: 330
Successes: 309
Failures: 21

Candidate 2: Accuracy = 0.9364, Failures = 21, Successes = 309

===================================================
Dataset: agentbn_train_subset_1.csv
===================================================
Accuracy: 93.64 %
Total: 330
Successes: 309
Failures: 21

Candidate 3: Accuracy = 0.9364, Failures = 21, Successes = 309

========================================
BEST REFINEMENT CANDIDATE
========================================
Candidate: 1
Modified CPTs: ['CVP']
Accuracy: 0.9364
Failures: 21
Successes: 309

===================================================
Dataset: agentbn_train_subset_1.csv
===================================================
Accuracy: 93.64 %
Total: 330
Successes: 309
Failures: 21

Accuracy did not improve. Need improvement from 93.64% 
Removed 1 record(s) with bn_number=2
Valid response received on attempt 1.
Selected baseline BN: 1

===================================================
Dataset: agentbn_train_subset_1.csv
===================================================
Accuracy: 93.64 %
Total: 330
Successes: 309
Failures: 21

Candidate 1: Accuracy = 0.9364, Failures = 21, Successes = 309

===================================================
Dataset: agentbn_train_subset_1.csv
===================================================
Accuracy: 93.64 %
Total: 330
Successes: 309
Failures: 21

Candidate 2: Accuracy = 0.9364, Failures = 21, Successes = 309

===================================================
Dataset: agentbn_train_subset_1.csv
===================================================
Accuracy: 93.64 %
Total: 330
Successes: 309
Failures: 21

Candidate 3: Accuracy = 0.9364, Failures = 21, Successes = 309

========================================
BEST REFINEMENT CANDIDATE
========================================
Candidate: 1
Modified CPTs: ['CVP']
Accuracy: 0.9364
Failures: 21
Successes: 309

===================================================
Dataset: agentbn_train_subset_1.csv
===================================================
Accuracy: 93.64 %
Total: 330
Successes: 309
Failures: 21
Removed 1 record(s) with bn_number=2
Valid response received on attempt 1.
Selected baseline BN: 1

===================================================
Dataset: agentbn_train_subset_1.csv
===================================================
Accuracy: 93.64 %
Total: 330
Successes: 309
Failures: 21

Candidate 1: Accuracy = 0.9364, Failures = 21, Successes = 309

===================================================
Dataset: agentbn_train_subset_1.csv
===================================================
Accuracy: 93.64 %
Total: 330
Successes: 309
Failures: 21

Candidate 2: Accuracy = 0.9364, Failures = 21, Successes = 309

===================================================
Dataset: agentbn_train_subset_1.csv
===================================================
Accuracy: 93.64 %
Total: 330
Successes: 309
Failures: 21

Candidate 3: Accuracy = 0.9364, Failures = 21, Successes = 309

========================================
BEST REFINEMENT CANDIDATE
========================================
Candidate: 1
Modified CPTs: ['CVP']
Accuracy: 0.9364
Failures: 21
Successes: 309

===================================================
Dataset: agentbn_train_subset_1.csv
===================================================
Accuracy: 93.64 %
Total: 330
Successes: 309
Failures: 21
Removed 1 record(s) with bn_number=2
Valid response received on attempt 1.
Selected baseline BN: 1

===================================================
Dataset: agentbn_train_subset_1.csv
===================================================
Accuracy: 93.64 %
Total: 330
Successes: 309
Failures: 21

Candidate 1: Accuracy = 0.9364, Failures = 21, Successes = 309

===================================================
Dataset: agentbn_train_subset_1.csv
===================================================
Accuracy: 93.64 %
Total: 330
Successes: 309
Failures: 21

Candidate 2: Accuracy = 0.9364, Failures = 21, Successes = 309

===================================================
Dataset: agentbn_train_subset_1.csv
===================================================
Accuracy: 93.64 %
Total: 330
Successes: 309
Failures: 21

Candidate 3: Accuracy = 0.9364, Failures = 21, Successes = 309

========================================
BEST REFINEMENT CANDIDATE
========================================
Candidate: 1
Modified CPTs: ['CVP']
Accuracy: 0.9364
Failures: 21
Successes: 309

===================================================
Dataset: agentbn_train_subset_1.csv
===================================================
Accuracy: 93.64 %
Total: 330
Successes: 309
Failures: 21

No improvement after 3 retries. Selecting best retry candidate (accuracy=93.64%).
Removed 1 record(s) with bn_number=2
Continuing with retry candidate (accuracy=93.64%).

===== ITERATION 2 =====

===================================================
Dataset: agentbn_train_subset_1.csv
===================================================
Accuracy: 93.64 %
Total: 330
Successes: 309
Failures: 21

Activation trace saved to /home/shamim_ist/AgentBN/workspace/alarm/activation_trace.csv
Failure parameter statistics saved to '/home/shamim_ist/AgentBN/workspace/alarm/failure_parameter_statistics.json'
Valid response received on attempt 1.
Valid response received on attempt 1.

===================================================

Accuracy: 93.64%

Workflow analysis for BN #2 stored in /home/shamim_ist/AgentBN/workspace/alarm/bn_analysis.json
Valid response received on attempt 1.
Selected baseline BN: 1

===================================================
Dataset: agentbn_train_subset_1.csv
===================================================
Accuracy: 93.64 %
Total: 330
Successes: 309
Failures: 21

Candidate 1: Accuracy = 0.9364, Failures = 21, Successes = 309

===================================================
Dataset: agentbn_train_subset_1.csv
===================================================
Accuracy: 93.64 %
Total: 330
Successes: 309
Failures: 21

Candidate 2: Accuracy = 0.9364, Failures = 21, Successes = 309

===================================================
Dataset: agentbn_train_subset_1.csv
===================================================
Accuracy: 93.64 %
Total: 330
Successes: 309
Failures: 21

Candidate 3: Accuracy = 0.9364, Failures = 21, Successes = 309

========================================
BEST REFINEMENT CANDIDATE
========================================
Candidate: 1
Modified CPTs: ['CVP']
Accuracy: 0.9364
Failures: 21
Successes: 309

===================================================
Dataset: agentbn_train_subset_1.csv
===================================================
Accuracy: 93.64 %
Total: 330
Successes: 309
Failures: 21

Accuracy did not improve. Need improvement from 93.64% 
Removed 1 record(s) with bn_number=3
Valid response received on attempt 1.
Selected baseline BN: 1

===================================================
Dataset: agentbn_train_subset_1.csv
===================================================
Accuracy: 93.64 %
Total: 330
Successes: 309
Failures: 21

Candidate 1: Accuracy = 0.9364, Failures = 21, Successes = 309

===================================================
Dataset: agentbn_train_subset_1.csv
===================================================
Accuracy: 93.64 %
Total: 330
Successes: 309
Failures: 21

Candidate 2: Accuracy = 0.9364, Failures = 21, Successes = 309

===================================================
Dataset: agentbn_train_subset_1.csv
===================================================
Accuracy: 93.64 %
Total: 330
Successes: 309
Failures: 21

Candidate 3: Accuracy = 0.9364, Failures = 21, Successes = 309

========================================
BEST REFINEMENT CANDIDATE
========================================
Candidate: 1
Modified CPTs: ['CVP']
Accuracy: 0.9364
Failures: 21
Successes: 309

===================================================
Dataset: agentbn_train_subset_1.csv
===================================================
Accuracy: 93.64 %
Total: 330
Successes: 309
Failures: 21
Removed 1 record(s) with bn_number=3
Valid response received on attempt 1.
Selected baseline BN: 1

===================================================
Dataset: agentbn_train_subset_1.csv
===================================================
Accuracy: 93.64 %
Total: 330
Successes: 309
Failures: 21

Candidate 1: Accuracy = 0.9364, Failures = 21, Successes = 309

===================================================
Dataset: agentbn_train_subset_1.csv
===================================================
Accuracy: 93.64 %
Total: 330
Successes: 309
Failures: 21

Candidate 2: Accuracy = 0.9364, Failures = 21, Successes = 309

===================================================
Dataset: agentbn_train_subset_1.csv
===================================================
Accuracy: 93.64 %
Total: 330
Successes: 309
Failures: 21

Candidate 3: Accuracy = 0.9364, Failures = 21, Successes = 309

========================================
BEST REFINEMENT CANDIDATE
========================================
Candidate: 1
Modified CPTs: ['CVP']
Accuracy: 0.9364
Failures: 21
Successes: 309

===================================================
Dataset: agentbn_train_subset_1.csv
===================================================
Accuracy: 93.64 %
Total: 330
Successes: 309
Failures: 21
Removed 1 record(s) with bn_number=3
Valid response received on attempt 1.
Selected baseline BN: 1

===================================================
Dataset: agentbn_train_subset_1.csv
===================================================
Accuracy: 93.64 %
Total: 330
Successes: 309
Failures: 21

Candidate 1: Accuracy = 0.9364, Failures = 21, Successes = 309

===================================================
Dataset: agentbn_train_subset_1.csv
===================================================
Accuracy: 93.64 %
Total: 330
Successes: 309
Failures: 21

Candidate 2: Accuracy = 0.9364, Failures = 21, Successes = 309

===================================================
Dataset: agentbn_train_subset_1.csv
===================================================
Accuracy: 93.64 %
Total: 330
Successes: 309
Failures: 21

Candidate 3: Accuracy = 0.9364, Failures = 21, Successes = 309

========================================
BEST REFINEMENT CANDIDATE
========================================
Candidate: 1
Modified CPTs: ['CVP']
Accuracy: 0.9364
Failures: 21
Successes: 309

===================================================
Dataset: agentbn_train_subset_1.csv
===================================================
Accuracy: 93.64 %
Total: 330
Successes: 309
Failures: 21

No improvement after 3 retries. Selecting best retry candidate (accuracy=93.64%).
Removed 1 record(s) with bn_number=3
Continuing with retry candidate (accuracy=93.64%).

===== ITERATION 3 =====

===================================================
Dataset: agentbn_train_subset_1.csv
===================================================
Accuracy: 93.64 %
Total: 330
Successes: 309
Failures: 21

Activation trace saved to /home/shamim_ist/AgentBN/workspace/alarm/activation_trace.csv
Failure parameter statistics saved to '/home/shamim_ist/AgentBN/workspace/alarm/failure_parameter_statistics.json'
Valid response received on attempt 1.
Valid response received on attempt 1.

===================================================

Accuracy: 93.64%

Workflow analysis for BN #3 stored in /home/shamim_ist/AgentBN/workspace/alarm/bn_analysis.json
Valid response received on attempt 1.
Selected baseline BN: 1

===================================================
Dataset: agentbn_train_subset_1.csv
===================================================
Accuracy: 93.64 %
Total: 330
Successes: 309
Failures: 21

Candidate 1: Accuracy = 0.9364, Failures = 21, Successes = 309

===================================================
Dataset: agentbn_train_subset_1.csv
===================================================
Accuracy: 93.64 %
Total: 330
Successes: 309
Failures: 21

Candidate 2: Accuracy = 0.9364, Failures = 21, Successes = 309

===================================================