AgentBN subset 1: 330 scenarios
Cleared: /home/shamim_ist/AgentBN/workspace/alarm/bn_analysis.json
Cleared: /home/shamim_ist/AgentBN/workspace/alarm/last_proposed_bn.jsonl
Cleared: /home/shamim_ist/AgentBN/workspace/alarm/dangerous_cpt_report.json
Cleared: /home/shamim_ist/AgentBN/workspace/alarm/diagnostic_report.json
Cleared: /home/shamim_ist/AgentBN/workspace/alarm/failure_parameter_statistics.json
Cleared: /home/shamim_ist/AgentBN/workspace/alarm/restart_final_bns.jsonl
Cleared: /home/shamim_ist/AgentBN/workspace/alarm/restart_bn_analysis.jsonl

==============================
PIPELINE RESTART #0
==============================
Cleared: /home/shamim_ist/AgentBN/workspace/alarm/bn_analysis.json
Cleared: /home/shamim_ist/AgentBN/workspace/alarm/last_proposed_bn.jsonl
Cleared: /home/shamim_ist/AgentBN/workspace/alarm/dangerous_cpt_report.json
Cleared: /home/shamim_ist/AgentBN/workspace/alarm/failure_parameter_statistics.json
Cleared: /home/shamim_ist/AgentBN/workspace/alarm/diagnostic_report.json

===================================================
Dataset: agentbn_train_subset_1.csv
===================================================
Accuracy: 76.06 %
Total: 330
Successes: 251
Failures: 79
Flawed BN Accuracy: 76.06%
Initial Acceptance Threshold: 83.24%

Initial Generation Attempt 0

Activation trace saved to /home/shamim_ist/AgentBN/workspace/alarm/activation_trace.csv
Failure parameter statistics saved to '/home/shamim_ist/AgentBN/workspace/alarm/failure_parameter_statistics.json'
Valid danger report received on attempt 1.

===================================================

Accuracy: 76.06%

Workflow analysis for BN #0 stored in /home/shamim_ist/AgentBN/workspace/alarm/bn_analysis.json
Valid response received on attempt 1.
Selected baseline BN: 0

===================================================
Dataset: agentbn_train_subset_1.csv
===================================================
Accuracy: 76.06 %
Total: 330
Successes: 251
Failures: 79

Candidate 1: Accuracy = 0.7606, Failures = 79, Successes = 251

===================================================
Dataset: agentbn_train_subset_1.csv
===================================================
Accuracy: 76.36 %
Total: 330
Successes: 252
Failures: 78

Candidate 2: Accuracy = 0.7636, Failures = 78, Successes = 252

===================================================
Dataset: agentbn_train_subset_1.csv
===================================================
Accuracy: 76.06 %
Total: 330
Successes: 251
Failures: 79

Candidate 3: Accuracy = 0.7606, Failures = 79, Successes = 251

========================================
BEST REFINEMENT CANDIDATE
========================================
Candidate: 2
Modified CPTs: ['BP']
Accuracy: 0.7636
Failures: 78
Successes: 252

===================================================
Dataset: agentbn_train_subset_1.csv
===================================================
Accuracy: 76.36 %
Total: 330
Successes: 252
Failures: 78
Accuracy = 76.36%

Initial Generation Attempt 1
Removed workflow analysis for BN #0 from /home/shamim_ist/AgentBN/workspace/alarm/bn_analysis.json

Activation trace saved to /home/shamim_ist/AgentBN/workspace/alarm/activation_trace.csv
Failure parameter statistics saved to '/home/shamim_ist/AgentBN/workspace/alarm/failure_parameter_statistics.json'
Valid danger report received on attempt 1.

===================================================

Accuracy: 76.06%

Workflow analysis for BN #0 stored in /home/shamim_ist/AgentBN/workspace/alarm/bn_analysis.json
Valid response received on attempt 1.
Selected baseline BN: 0

===================================================
Dataset: agentbn_train_subset_1.csv
===================================================
Accuracy: 79.39 %
Total: 330
Successes: 262
Failures: 68

Candidate 1: Accuracy = 0.7939, Failures = 68, Successes = 262

===================================================
Dataset: agentbn_train_subset_1.csv
===================================================
Accuracy: 76.67 %
Total: 330
Successes: 253
Failures: 77

Candidate 2: Accuracy = 0.7667, Failures = 77, Successes = 253

===================================================
Dataset: agentbn_train_subset_1.csv
===================================================
Accuracy: 76.97 %
Total: 330
Successes: 254
Failures: 76

Candidate 3: Accuracy = 0.7697, Failures = 76, Successes = 254

========================================
BEST REFINEMENT CANDIDATE
========================================
Candidate: 1
Modified CPTs: ['CVP']
Accuracy: 0.7939
Failures: 68
Successes: 262

===================================================
Dataset: agentbn_train_subset_1.csv
===================================================
Accuracy: 79.39 %
Total: 330
Successes: 262
Failures: 68
Accuracy = 79.39%

Initial Generation Attempt 2
Removed workflow analysis for BN #0 from /home/shamim_ist/AgentBN/workspace/alarm/bn_analysis.json

Activation trace saved to /home/shamim_ist/AgentBN/workspace/alarm/activation_trace.csv
Failure parameter statistics saved to '/home/shamim_ist/AgentBN/workspace/alarm/failure_parameter_statistics.json'
Valid danger report received on attempt 1.

===================================================

Accuracy: 76.06%

Workflow analysis for BN #0 stored in /home/shamim_ist/AgentBN/workspace/alarm/bn_analysis.json
Valid response received on attempt 1.
Selected baseline BN: 0

===================================================
Dataset: agentbn_train_subset_1.csv
===================================================
Accuracy: 76.06 %
Total: 330
Successes: 251
Failures: 79

Candidate 1: Accuracy = 0.7606, Failures = 79, Successes = 251

===================================================
Dataset: agentbn_train_subset_1.csv
===================================================
Accuracy: 76.36 %
Total: 330
Successes: 252
Failures: 78

Candidate 2: Accuracy = 0.7636, Failures = 78, Successes = 252

===================================================
Dataset: agentbn_train_subset_1.csv
===================================================
Accuracy: 76.67 %
Total: 330
Successes: 253
Failures: 77

Candidate 3: Accuracy = 0.7667, Failures = 77, Successes = 253

========================================
BEST REFINEMENT CANDIDATE
========================================
Candidate: 3
Modified CPTs: ['CVP', 'BP']
Accuracy: 0.7667
Failures: 77
Successes: 253

===================================================
Dataset: agentbn_train_subset_1.csv
===================================================
Accuracy: 76.67 %
Total: 330
Successes: 253
Failures: 77
Accuracy = 76.67%
Threshold (83.24%) not reached after 3 attempts. Using best generated BN (79.39%).
Removed workflow analysis for BN #0 from /home/shamim_ist/AgentBN/workspace/alarm/bn_analysis.json

Initial BN generated

===== ITERATION 1 =====

===================================================
Dataset: agentbn_train_subset_1.csv
===================================================
Accuracy: 79.39 %
Total: 330
Successes: 262
Failures: 68

Activation trace saved to /home/shamim_ist/AgentBN/workspace/alarm/activation_trace.csv
Failure parameter statistics saved to '/home/shamim_ist/AgentBN/workspace/alarm/failure_parameter_statistics.json'
Valid danger report received on attempt 1.

===================================================

Accuracy: 79.39%

Workflow analysis for BN #1 stored in /home/shamim_ist/AgentBN/workspace/alarm/bn_analysis.json
Valid response received on attempt 1.
Selected baseline BN: 1

===================================================
Dataset: agentbn_train_subset_1.csv
===================================================
Accuracy: 79.39 %
Total: 330
Successes: 262
Failures: 68

Candidate 1: Accuracy = 0.7939, Failures = 68, Successes = 262

===================================================
Dataset: agentbn_train_subset_1.csv
===================================================
Accuracy: 76.06 %
Total: 330
Successes: 251
Failures: 79

Candidate 2: Accuracy = 0.7606, Failures = 79, Successes = 251

===================================================
Dataset: agentbn_train_subset_1.csv
===================================================
Accuracy: 76.67 %
Total: 330
Successes: 253
Failures: 77

Candidate 3: Accuracy = 0.7667, Failures = 77, Successes = 253

========================================
BEST REFINEMENT CANDIDATE
========================================
Candidate: 1
Modified CPTs: ['BP']
Accuracy: 0.7939
Failures: 68
Successes: 262

===================================================
Dataset: agentbn_train_subset_1.csv
===================================================
Accuracy: 79.39 %
Total: 330
Successes: 262
Failures: 68

Accuracy did not improve. Need improvement from 79.39% 
Removed 1 record(s) with bn_number=2
Valid response received on attempt 1.
Selected baseline BN: 1

===================================================
Dataset: agentbn_train_subset_1.csv
===================================================
Accuracy: 79.39 %
Total: 330
Successes: 262
Failures: 68

Candidate 1: Accuracy = 0.7939, Failures = 68, Successes = 262

===================================================
Dataset: agentbn_train_subset_1.csv
===================================================
Accuracy: 76.06 %
Total: 330
Successes: 251
Failures: 79

Candidate 2: Accuracy = 0.7606, Failures = 79, Successes = 251

===================================================
Dataset: agentbn_train_subset_1.csv
===================================================
Accuracy: 76.67 %
Total: 330
Successes: 253
Failures: 77

Candidate 3: Accuracy = 0.7667, Failures = 77, Successes = 253

========================================
BEST REFINEMENT CANDIDATE
========================================
Candidate: 1
Modified CPTs: ['BP']
Accuracy: 0.7939
Failures: 68
Successes: 262

===================================================
Dataset: agentbn_train_subset_1.csv
===================================================
Accuracy: 79.39 %
Total: 330
Successes: 262
Failures: 68
Removed 1 record(s) with bn_number=2
Valid response received on attempt 1.
Selected baseline BN: 1

===================================================
Dataset: agentbn_train_subset_1.csv
===================================================
Accuracy: 79.39 %
Total: 330
Successes: 262
Failures: 68

Candidate 1: Accuracy = 0.7939, Failures = 68, Successes = 262

===================================================
Dataset: agentbn_train_subset_1.csv
===================================================
Accuracy: 76.06 %
Total: 330
Successes: 251
Failures: 79

Candidate 2: Accuracy = 0.7606, Failures = 79, Successes = 251

===================================================
Dataset: agentbn_train_subset_1.csv
===================================================
Accuracy: 76.67 %
Total: 330
Successes: 253
Failures: 77

Candidate 3: Accuracy = 0.7667, Failures = 77, Successes = 253

========================================
BEST REFINEMENT CANDIDATE
========================================
Candidate: 1
Modified CPTs: ['BP']
Accuracy: 0.7939
Failures: 68
Successes: 262

===================================================
Dataset: agentbn_train_subset_1.csv
===================================================
Accuracy: 79.39 %
Total: 330
Successes: 262
Failures: 68
Removed 1 record(s) with bn_number=2
Valid response received on attempt 1.
Selected baseline BN: 1

===================================================
Dataset: agentbn_train_subset_1.csv
===================================================
Accuracy: 79.39 %
Total: 330
Successes: 262
Failures: 68

Candidate 1: Accuracy = 0.7939, Failures = 68, Successes = 262

===================================================
Dataset: agentbn_train_subset_1.csv
===================================================
Accuracy: 76.06 %
Total: 330
Successes: 251
Failures: 79

Candidate 2: Accuracy = 0.7606, Failures = 79, Successes = 251

===================================================
Dataset: agentbn_train_subset_1.csv
===================================================
Accuracy: 76.67 %
Total: 330
Successes: 253
Failures: 77

Candidate 3: Accuracy = 0.7667, Failures = 77, Successes = 253

========================================
BEST REFINEMENT CANDIDATE
========================================
Candidate: 1
Modified CPTs: ['BP']
Accuracy: 0.7939
Failures: 68
Successes: 262

===================================================
Dataset: agentbn_train_subset_1.csv
===================================================
Accuracy: 79.39 %
Total: 330
Successes: 262
Failures: 68

No improvement after 3 retries. Selecting best retry candidate (accuracy=79.39%).
Removed 1 record(s) with bn_number=2
Continuing with retry candidate (accuracy=79.39%).

===== ITERATION 2 =====

===================================================
Dataset: agentbn_train_subset_1.csv
===================================================
Accuracy: 79.39 %
Total: 330
Successes: 262
Failures: 68

Activation trace saved to /home/shamim_ist/AgentBN/workspace/alarm/activation_trace.csv
Failure parameter statistics saved to '/home/shamim_ist/AgentBN/workspace/alarm/failure_parameter_statistics.json'
Valid danger report received on attempt 1.

===================================================

Accuracy: 79.39%

Workflow analysis for BN #2 stored in /home/shamim_ist/AgentBN/workspace/alarm/bn_analysis.json
Valid response received on attempt 1.
Selected baseline BN: 1

===================================================
Dataset: agentbn_train_subset_1.csv
===================================================
Accuracy: 79.39 %
Total: 330
Successes: 262
Failures: 68

Candidate 1: Accuracy = 0.7939, Failures = 68, Successes = 262

===================================================
Dataset: agentbn_train_subset_1.csv
===================================================
Accuracy: 76.06 %
Total: 330
Successes: 251
Failures: 79

Candidate 2: Accuracy = 0.7606, Failures = 79, Successes = 251

===================================================
Dataset: agentbn_train_subset_1.csv
===================================================
Accuracy: 76.67 %
Total: 330
Successes: 253
Failures: 77

Candidate 3: Accuracy = 0.7667, Failures = 77, Successes = 253

========================================
BEST REFINEMENT CANDIDATE
========================================
Candidate: 1
Modified CPTs: ['BP']
Accuracy: 0.7939
Failures: 68
Successes: 262

===================================================
Dataset: agentbn_train_subset_1.csv
===================================================
Accuracy: 79.39 %
Total: 330
Successes: 262
Failures: 68

Accuracy did not improve. Need improvement from 79.39% 
Removed 1 record(s) with bn_number=3
Valid response received on attempt 1.
Selected baseline BN: 1

===================================================
Dataset: agentbn_train_subset_1.csv
===================================================
Accuracy: 79.39 %
Total: 330
Successes: 262
Failures: 68

Candidate 1: Accuracy = 0.7939, Failures = 68, Successes = 262

===================================================
Dataset: agentbn_train_subset_1.csv
===================================================
Accuracy: 76.06 %
Total: 330
Successes: 251
Failures: 79

Candidate 2: Accuracy = 0.7606, Failures = 79, Successes = 251

===================================================
Dataset: agentbn_train_subset_1.csv
===================================================
Accuracy: 76.67 %
Total: 330
Successes: 253
Failures: 77

Candidate 3: Accuracy = 0.7667, Failures = 77, Successes = 253

========================================
BEST REFINEMENT CANDIDATE
========================================
Candidate: 1
Modified CPTs: ['BP']
Accuracy: 0.7939
Failures: 68
Successes: 262

===================================================
Dataset: agentbn_train_subset_1.csv
===================================================
Accuracy: 79.39 %
Total: 330
Successes: 262
Failures: 68
Removed 1 record(s) with bn_number=3
Valid response received on attempt 1.
Selected baseline BN: 1

===================================================
Dataset: agentbn_train_subset_1.csv
===================================================
Accuracy: 79.39 %
Total: 330
Successes: 262
Failures: 68

Candidate 1: Accuracy = 0.7939, Failures = 68, Successes = 262

===================================================
Dataset: agentbn_train_subset_1.csv
===================================================
Accuracy: 76.06 %
Total: 330
Successes: 251
Failures: 79

Candidate 2: Accuracy = 0.7606, Failures = 79, Successes = 251

===================================================
Dataset: agentbn_train_subset_1.csv
===================================================
Accuracy: 76.67 %
Total: 330
Successes: 253
Failures: 77

Candidate 3: Accuracy = 0.7667, Failures = 77, Successes = 253

========================================
BEST REFINEMENT CANDIDATE
========================================
Candidate: 1
Modified CPTs: ['BP']
Accuracy: 0.7939
Failures: 68
Successes: 262

===================================================
Dataset: agentbn_train_subset_1.csv
===================================================
Accuracy: 79.39 %
Total: 330
Successes: 262
Failures: 68
Removed 1 record(s) with bn_number=3
Valid response received on attempt 1.
Selected baseline BN: 1

===================================================
Dataset: agentbn_train_subset_1.csv
===================================================
Accuracy: 79.39 %
Total: 330
Successes: 262
Failures: 68

Candidate 1: Accuracy = 0.7939, Failures = 68, Successes = 262

===================================================
Dataset: agentbn_train_subset_1.csv
===================================================
Accuracy: 76.06 %
Total: 330
Successes: 251
Failures: 79

Candidate 2: Accuracy = 0.7606, Failures = 79, Successes = 251

===================================================
Dataset: agentbn_train_subset_1.csv
===================================================
Accuracy: 76.67 %
Total: 330
Successes: 253
Failures: 77

Candidate 3: Accuracy = 0.7667, Failures = 77, Successes = 253

========================================
BEST REFINEMENT CANDIDATE
========================================
Candidate: 1
Modified CPTs: ['BP']
Accuracy: 0.7939
Failures: 68
Successes: 262

===================================================
Dataset: agentbn_train_subset_1.csv
===================================================
Accuracy: 79.39 %
Total: 330
Successes: 262
Failures: 68

No improvement after 3 retries. Selecting best retry candidate (accuracy=79.39%).
Removed 1 record(s) with bn_number=3
Continuing with retry candidate (accuracy=79.39%).

===== ITERATION 3 =====

===================================================
Dataset: agentbn_train_subset_1.csv
===================================================
Accuracy: 79.39 %
Total: 330
Successes: 262
Failures: 68

Activation trace saved to /home/shamim_ist/AgentBN/workspace/alarm/activation_trace.csv
Failure parameter statistics saved to '/home/shamim_ist/AgentBN/workspace/alarm/failure_parameter_statistics.json'
Valid danger report received on attempt 1.

===================================================

Accuracy: 79.39%

Workflow analysis for BN #3 stored in /home/shamim_ist/AgentBN/workspace/alarm/bn_analysis.json
Valid response received on attempt 1.
Selected baseline BN: 1

===================================================
Dataset: agentbn_train_subset_1.csv
===================================================
Accuracy: 79.39 %
Total: 330
Successes: 262
Failures: 68

Candidate 1: Accuracy = 0.7939, Failures = 68, Successes = 262

===================================================
Dataset: agentbn_train_subset_1.csv
===================================================
Accuracy: 76.06 %
Total: 330
Successes: 251
Failures: 79

Candidate 2: Accuracy = 0.7606, Failures = 79, Successes = 251

===================================================
Dataset: agentbn_train_subset_1.csv
===================================================
Accuracy: 76.67 %
Total: 330
Successes: 253
Failures: 77

Candidate 3: Accuracy = 0.7667, Failures = 77, Successes = 253

========================================
BEST REFINEMENT CANDIDATE
========================================
Candidate: 1
Modified CPTs: ['BP']
Accuracy: 0.7939
Failures: 68
Successes: 262

===================================================
Dataset: agentbn_train_subset_1.csv
===================================================
Accuracy: 79.39 %
Total: 330
Successes: 262
Failures: 68

Accuracy did not improve. Need improvement from 79.39% 
Removed 1 record(s) with bn_number=4
Valid response received on attempt 1.
Selected baseline BN: 1

===================================================
Dataset: agentbn_train_subset_1.csv
===================================================
Accuracy: 79.39 %
Total: 330
Successes: 262
Failures: 68

Candidate 1: Accuracy = 0.7939, Failures = 68, Successes = 262

===================================================
Dataset: agentbn_train_subset_1.csv
===================================================
Accuracy: 76.06 %
Total: 330
Successes: 251
Failures: 79

Candidate 2: Accuracy = 0.7606, Failures = 79, Successes = 251

===================================================
Dataset: agentbn_train_subset_1.csv
===================================================
Accuracy: 76.67 %
Total: 330
Successes: 253
Failures: 77

Candidate 3: Accuracy = 0.7667, Failures = 77, Successes = 253

========================================
BEST REFINEMENT CANDIDATE
========================================
Candidate: 1
Modified CPTs: ['BP']
Accuracy: 0.7939
Failures: 68
Successes: 262

===================================================
Dataset: agentbn_train_subset_1.csv
===================================================
Accuracy: 79.39 %
Total: 330
Successes: 262
Failures: 68
Removed 1 record(s) with bn_number=4
Valid response received on attempt 1.
Selected baseline BN: 1

===================================================
Dataset: agentbn_train_subset_1.csv
===================================================
Accuracy: 79.39 %
Total: 330
Successes: 262
Failures: 68

Candidate 1: Accuracy = 0.7939, Failures = 68, Successes = 262

===================================================
Dataset: agentbn_train_subset_1.csv
===================================================
Accuracy: 76.06 %
Total: 330
Successes: 251
Failures: 79

Candidate 2: Accuracy = 0.7606, Failures = 79, Successes = 251

===================================================
Dataset: agentbn_train_subset_1.csv
===================================================
Accuracy: 76.67 %
Total: 330
Successes: 253
Failures: 77

Candidate 3: Accuracy = 0.7667, Failures = 77, Successes = 253

========================================
BEST REFINEMENT CANDIDATE
========================================
Candidate: 1
Modified CPTs: ['BP']
Accuracy: 0.7939
Failures: 68
Successes: 262

===================================================
Dataset: agentbn_train_subset_1.csv
===================================================
Accuracy: 79.39 %
Total: 330
Successes: 262
Failures: 68
Removed 1 record(s) with bn_number=4
Valid response received on attempt 1.
Selected baseline BN: 1

===================================================
Dataset: agentbn_train_subset_1.csv
===================================================
Accuracy: 79.39 %
Total: 330
Successes: 262
Failures: 68

Candidate 1: Accuracy = 0.7939, Failures = 68, Successes = 262

===================================================
Dataset: agentbn_train_subset_1.csv
===================================================
Accuracy: 76.06 %
Total: 330
Successes: 251
Failures: 79

Candidate 2: Accuracy = 0.7606, Failures = 79, Successes = 251

===================================================
Dataset: agentbn_train_subset_1.csv
===================================================
Accuracy: 76.67 %
Total: 330
Successes: 253
Failures: 77

Candidate 3: Accuracy = 0.7667, Failures = 77, Successes = 253

========================================
BEST REFINEMENT CANDIDATE
========================================
Candidate: 1
Modified CPTs: ['BP']
Accuracy: 0.7939
Failures: 68
Successes: 262

===================================================
Dataset: agentbn_train_subset_1.csv
===================================================
Accuracy: 79.39 %
Total: 330
Successes: 262
Failures: 68

No improvement after 3 retries. Selecting best retry candidate (accuracy=79.39%).
Removed 1 record(s) with bn_number=4
Continuing with retry candidate (accuracy=79.39%).

===================================================
Dataset: agentbn_train_subset_1.csv
===================================================
Accuracy: 76.06 %
Total: 330
Successes: 251
Failures: 79

===================================================
Dataset: agentbn_train_subset_1.csv
===================================================
Accuracy: 79.39 %
Total: 330
Successes: 262
Failures: 68

===================================================
Dataset: agentbn_train_subset_1.csv
===================================================
Accuracy: 79.39 %
Total: 330
Successes: 262
Failures: 68

===================================================
Dataset: agentbn_train_subset_1.csv
===================================================
Accuracy: 79.39 %
Total: 330
Successes: 262
Failures: 68

===================================================
Dataset: agentbn_train_subset_1.csv
===================================================
Accuracy: 79.39 %
Total: 330
Successes: 262
Failures: 68


Best BN Number: 4
Best BN Accuracy: 0.793939393939394
Saved CPT identity comparison to /home/shamim_ist/AgentBN/workspace/alarm/cpt_comparison_analysis.json
BN number: 4
Agent change verdict: poor
Expected changed CPTs: ['HYPOVOLEMIA', 'LVEDVOLUME']
Agent changed CPTs: ['BP', 'CVP']
Unexpected changed CPTs: ['BP', 'CVP']
{'bn_number': 4, 'agent_changed_cpt_count': 2, 'agent_changed_cpts': ['BP', 'CVP'], 'agent_change_report': {'verdict': 'poor', 'total_cpts': 37, 'expected_changed_count': 2, 'expected_changed_cpts': ['HYPOVOLEMIA', 'LVEDVOLUME'], 'agent_changed_count': 2, 'agent_changed_cpts': ['BP', 'CVP'], 'matched_expected_count': 0, 'matched_expected_cpts': [], 'missed_expected_count': 2, 'missed_expected_cpts': ['HYPOVOLEMIA', 'LVEDVOLUME'], 'unexpected_changed_count': 2, 'unexpected_changed_cpts': ['BP', 'CVP'], 'unflawed_cpt_count': 35, 'untouched_unflawed_count': 33, 'untouched_unflawed_cpts': ['ANAPHYLAXIS', 'ARTCO2', 'CATECHOL', 'CO', 'DISCONNECT', 'ERRCAUTER', 'ERRLOWOUTPUT', 'EXPCO2', 'FIO2', 'HISTORY', 'HR', 'HRBP', 'HREKG', 'HRSAT', 'INSUFFANESTH', 'INTUBATION', 'KINKEDTUBE', 'LVFAILURE', 'MINVOL', 'MINVOLSET', 'PAP', 'PCWP', 'PRESS', 'PULMEMBOLUS', 'PVSAT', 'SAO2', 'SHUNT', 'STROKEVOLUME', 'TPR', 'VENTALV', 'VENTLUNG', 'VENTMACH', 'VENTTUBE'], 'expected_change_recall': 0.0, 'unexpected_change_rate': 0.0571, 'unflawed_preservation_rate': 0.9429}}
======================================================================
BP                             0.00619208
  Column 1:
    Flawed : [0.98 0.01 0.01]
    Prop   : [0.9  0.08 0.02]
    GT     : [0.98 0.01 0.01]
----------------------------------------------------------------------
CVP                            0.00732946
  Column 2:
    Flawed : [0.01 0.29 0.7 ]
    Prop   : [0.01 0.39 0.6 ]
    GT     : [0.01 0.29 0.7 ]
----------------------------------------------------------------------
HYPOVOLEMIA                    0.07144859
  Column 0:
    Flawed : [0.08 0.92]
    Prop   : [0.08 0.92]
    GT     : [0.2 0.8]
----------------------------------------------------------------------
LVEDVOLUME                     0.14659557
  Column 0:
    Flawed : [0.65 0.33 0.02]
    Prop   : [0.65 0.33 0.02]
    GT     : [0.95 0.04 0.01]
  Column 2:
    Flawed : [0.68 0.3  0.02]
    Prop   : [0.68 0.3  0.02]
    GT     : [0.98 0.01 0.01]
----------------------------------------------------------------------
======================================================================
Overall Average CPT KL = 0.00302695
======================================================================
BP                             RMSE = 0.02054805
  Column 1:
    Flawed : [0.98 0.01 0.01]
    Prop   : [0.9  0.08 0.02]
    GT     : [0.98 0.01 0.01]
----------------------------------------------------------------------
CVP                            RMSE = 0.04714045
  Column 2:
    Flawed : [0.01 0.29 0.7 ]
    Prop   : [0.01 0.39 0.6 ]
    GT     : [0.01 0.29 0.7 ]
----------------------------------------------------------------------
HYPOVOLEMIA                    RMSE = 0.12000000
  Column 0:
    Flawed : [0.08 0.92]
    Prop   : [0.08 0.92]
    GT     : [0.2 0.8]
----------------------------------------------------------------------
LVEDVOLUME                     RMSE = 0.17039171
  Column 0:
    Flawed : [0.65 0.33 0.02]
    Prop   : [0.65 0.33 0.02]
    GT     : [0.95 0.04 0.01]
  Column 2:
    Flawed : [0.68 0.3  0.02]
    Prop   : [0.68 0.3  0.02]
    GT     : [0.98 0.01 0.01]
----------------------------------------------------------------------
======================================================================
Overall CPT RMSE = 0.02330989
======================================================================
BP                             Hellinger = 0.01508210
  Column 1:
    Flawed : [0.98 0.01 0.01]
    Prop   : [0.9  0.08 0.02]
    GT     : [0.98 0.01 0.01]
----------------------------------------------------------------------
CVP                            Hellinger = 0.02499443
  Column 2:
    Flawed : [0.01 0.29 0.7 ]
    Prop   : [0.01 0.39 0.6 ]
    GT     : [0.01 0.29 0.7 ]
----------------------------------------------------------------------
HYPOVOLEMIA                    Hellinger = 0.12491785
  Column 0:
    Flawed : [0.08 0.92]
    Prop   : [0.08 0.92]
    GT     : [0.2 0.8]
----------------------------------------------------------------------
LVEDVOLUME                     Hellinger = 0.15764108
  Column 0:
    Flawed : [0.65 0.33 0.02]
    Prop   : [0.65 0.33 0.02]
    GT     : [0.95 0.04 0.01]
  Column 2:
    Flawed : [0.68 0.3  0.02]
    Prop   : [0.68 0.3  0.02]
    GT     : [0.98 0.01 0.01]
----------------------------------------------------------------------
======================================================================
Overall Average Hellinger = 0.00397615
###------------------------------###

Restart 0 finished.
###------------------------------###

==============================
PIPELINE RESTART #1
==============================
Cleared: /home/shamim_ist/AgentBN/workspace/alarm/bn_analysis.json
Cleared: /home/shamim_ist/AgentBN/workspace/alarm/last_proposed_bn.jsonl
Cleared: /home/shamim_ist/AgentBN/workspace/alarm/dangerous_cpt_report.json
Cleared: /home/shamim_ist/AgentBN/workspace/alarm/failure_parameter_statistics.json
Cleared: /home/shamim_ist/AgentBN/workspace/alarm/diagnostic_report.json

===================================================
Dataset: agentbn_train_subset_1.csv
===================================================
Accuracy: 76.06 %
Total: 330
Successes: 251
Failures: 79
Flawed BN Accuracy: 76.06%
Initial Acceptance Threshold: 83.24%

Initial Generation Attempt 0

Activation trace saved to /home/shamim_ist/AgentBN/workspace/alarm/activation_trace.csv
Failure parameter statistics saved to '/home/shamim_ist/AgentBN/workspace/alarm/failure_parameter_statistics.json'
Valid danger report received on attempt 1.

===================================================

Accuracy: 76.06%

Workflow analysis for BN #0 stored in /home/shamim_ist/AgentBN/workspace/alarm/bn_analysis.json
Valid response received on attempt 1.
Selected baseline BN: 0

===================================================
Dataset: agentbn_train_subset_1.csv
===================================================
Accuracy: 76.67 %
Total: 330
Successes: 253
Failures: 77

Candidate 1: Accuracy = 0.7667, Failures = 77, Successes = 253

===================================================
Dataset: agentbn_train_subset_1.csv
===================================================
Accuracy: 76.67 %
Total: 330
Successes: 253
Failures: 77

Candidate 2: Accuracy = 0.7667, Failures = 77, Successes = 253

===================================================
Dataset: agentbn_train_subset_1.csv
===================================================
Accuracy: 76.67 %
Total: 330
Successes: 253
Failures: 77

Candidate 3: Accuracy = 0.7667, Failures = 77, Successes = 253

========================================
BEST REFINEMENT CANDIDATE
========================================
Candidate: 1
Modified CPTs: ['STROKEVOLUME']
Accuracy: 0.7667
Failures: 77
Successes: 253

===================================================
Dataset: agentbn_train_subset_1.csv
===================================================
Accuracy: 76.67 %