AgentBN subset 4: 330 scenarios
Cleared: /home/shamim_ist/AgentBN/workspace/alarm/bn_analysis.json
Cleared: /home/shamim_ist/AgentBN/workspace/alarm/last_proposed_bn.jsonl
Cleared: /home/shamim_ist/AgentBN/workspace/alarm/dangerous_cpt_report.json
Cleared: /home/shamim_ist/AgentBN/workspace/alarm/diagnostic_report.json
Cleared: /home/shamim_ist/AgentBN/workspace/alarm/failure_parameter_statistics.json
Cleared: /home/shamim_ist/AgentBN/workspace/alarm/restart_final_bns.jsonl
Cleared: /home/shamim_ist/AgentBN/workspace/alarm/restart_bn_analysis.jsonl

==============================
PIPELINE RESTART #0
==============================
Cleared: /home/shamim_ist/AgentBN/workspace/alarm/bn_analysis.json
Cleared: /home/shamim_ist/AgentBN/workspace/alarm/last_proposed_bn.jsonl
Cleared: /home/shamim_ist/AgentBN/workspace/alarm/dangerous_cpt_report.json
Cleared: /home/shamim_ist/AgentBN/workspace/alarm/failure_parameter_statistics.json
Cleared: /home/shamim_ist/AgentBN/workspace/alarm/diagnostic_report.json

===================================================
Dataset: agentbn_train_subset_4.csv
===================================================
Accuracy: 79.09 %
Total: 330
Successes: 261
Failures: 69
Flawed BN Accuracy: 79.09%
Initial Acceptance Threshold: 85.36%

Initial Generation Attempt 0

Activation trace saved to /home/shamim_ist/AgentBN/workspace/alarm/activation_trace.csv
Failure parameter statistics saved to '/home/shamim_ist/AgentBN/workspace/alarm/failure_parameter_statistics.json'
Valid response received on attempt 1.
Valid response received on attempt 1.

===================================================

Accuracy: 79.09%

Workflow analysis for BN #0 stored in /home/shamim_ist/AgentBN/workspace/alarm/bn_analysis.json
Valid response received on attempt 1.
Selected baseline BN: 0

===================================================
Dataset: agentbn_train_subset_4.csv
===================================================
Accuracy: 96.36 %
Total: 330
Successes: 318
Failures: 12

Candidate 1: Accuracy = 0.9636, Failures = 12, Successes = 318

===================================================
Dataset: agentbn_train_subset_4.csv
===================================================
Accuracy: 83.94 %
Total: 330
Successes: 277
Failures: 53

Candidate 2: Accuracy = 0.8394, Failures = 53, Successes = 277

===================================================
Dataset: agentbn_train_subset_4.csv
===================================================
Accuracy: 83.94 %
Total: 330
Successes: 277
Failures: 53

Candidate 3: Accuracy = 0.8394, Failures = 53, Successes = 277

========================================
BEST REFINEMENT CANDIDATE
========================================
Candidate: 1
Modified CPTs: ['LVEDVOLUME']
Accuracy: 0.9636
Failures: 12
Successes: 318

===================================================
Dataset: agentbn_train_subset_4.csv
===================================================
Accuracy: 96.36 %
Total: 330
Successes: 318
Failures: 12
Accuracy = 96.36%
Initial BN accepted.
Accepted initial BN (96.36%).
Removed workflow analysis for BN #0 from /home/shamim_ist/AgentBN/workspace/alarm/bn_analysis.json

Initial BN generated

===== ITERATION 1 =====

===================================================
Dataset: agentbn_train_subset_4.csv
===================================================
Accuracy: 96.36 %
Total: 330
Successes: 318
Failures: 12

Activation trace saved to /home/shamim_ist/AgentBN/workspace/alarm/activation_trace.csv
Failure parameter statistics saved to '/home/shamim_ist/AgentBN/workspace/alarm/failure_parameter_statistics.json'
Valid response received on attempt 1.
Valid response received on attempt 1.

===================================================

Accuracy: 96.36%

Workflow analysis for BN #1 stored in /home/shamim_ist/AgentBN/workspace/alarm/bn_analysis.json
Valid response received on attempt 1.
Selected baseline BN: 1

===================================================
Dataset: agentbn_train_subset_4.csv
===================================================
Accuracy: 96.36 %
Total: 330
Successes: 318
Failures: 12

Candidate 1: Accuracy = 0.9636, Failures = 12, Successes = 318

===================================================
Dataset: agentbn_train_subset_4.csv
===================================================
Accuracy: 96.36 %
Total: 330
Successes: 318
Failures: 12

Candidate 2: Accuracy = 0.9636, Failures = 12, Successes = 318

===================================================
Dataset: agentbn_train_subset_4.csv
===================================================
Accuracy: 96.36 %
Total: 330
Successes: 318
Failures: 12

Candidate 3: Accuracy = 0.9636, Failures = 12, Successes = 318

========================================
BEST REFINEMENT CANDIDATE
========================================
Candidate: 1
Modified CPTs: ['BP']
Accuracy: 0.9636
Failures: 12
Successes: 318

===================================================
Dataset: agentbn_train_subset_4.csv
===================================================
Accuracy: 96.36 %
Total: 330
Successes: 318
Failures: 12

Accuracy did not improve. Need improvement from 96.36% 
Removed 1 record(s) with bn_number=2
Valid response received on attempt 1.
Selected baseline BN: 1

===================================================
Dataset: agentbn_train_subset_4.csv
===================================================
Accuracy: 96.36 %
Total: 330
Successes: 318
Failures: 12

Candidate 1: Accuracy = 0.9636, Failures = 12, Successes = 318

===================================================
Dataset: agentbn_train_subset_4.csv
===================================================
Accuracy: 96.36 %
Total: 330
Successes: 318
Failures: 12

Candidate 2: Accuracy = 0.9636, Failures = 12, Successes = 318

===================================================
Dataset: agentbn_train_subset_4.csv
===================================================
Accuracy: 96.36 %
Total: 330
Successes: 318
Failures: 12

Candidate 3: Accuracy = 0.9636, Failures = 12, Successes = 318

========================================
BEST REFINEMENT CANDIDATE
========================================
Candidate: 1
Modified CPTs: ['BP']
Accuracy: 0.9636
Failures: 12
Successes: 318

===================================================
Dataset: agentbn_train_subset_4.csv
===================================================
Accuracy: 96.36 %
Total: 330
Successes: 318
Failures: 12
Removed 1 record(s) with bn_number=2
Valid response received on attempt 1.
Selected baseline BN: 1

===================================================
Dataset: agentbn_train_subset_4.csv
===================================================
Accuracy: 96.36 %
Total: 330
Successes: 318
Failures: 12

Candidate 1: Accuracy = 0.9636, Failures = 12, Successes = 318

===================================================
Dataset: agentbn_train_subset_4.csv
===================================================
Accuracy: 96.36 %
Total: 330
Successes: 318
Failures: 12

Candidate 2: Accuracy = 0.9636, Failures = 12, Successes = 318

===================================================
Dataset: agentbn_train_subset_4.csv
===================================================
Accuracy: 96.36 %
Total: 330
Successes: 318
Failures: 12

Candidate 3: Accuracy = 0.9636, Failures = 12, Successes = 318

========================================
BEST REFINEMENT CANDIDATE
========================================
Candidate: 1
Modified CPTs: ['BP']
Accuracy: 0.9636
Failures: 12
Successes: 318

===================================================
Dataset: agentbn_train_subset_4.csv
===================================================
Accuracy: 96.36 %
Total: 330
Successes: 318
Failures: 12
Removed 1 record(s) with bn_number=2
Valid response received on attempt 1.
Selected baseline BN: 1

===================================================
Dataset: agentbn_train_subset_4.csv
===================================================
Accuracy: 96.36 %
Total: 330
Successes: 318
Failures: 12

Candidate 1: Accuracy = 0.9636, Failures = 12, Successes = 318

===================================================
Dataset: agentbn_train_subset_4.csv
===================================================
Accuracy: 96.36 %
Total: 330
Successes: 318
Failures: 12

Candidate 2: Accuracy = 0.9636, Failures = 12, Successes = 318

===================================================
Dataset: agentbn_train_subset_4.csv
===================================================
Accuracy: 96.36 %
Total: 330
Successes: 318
Failures: 12

Candidate 3: Accuracy = 0.9636, Failures = 12, Successes = 318

========================================
BEST REFINEMENT CANDIDATE
========================================
Candidate: 1
Modified CPTs: ['BP']
Accuracy: 0.9636
Failures: 12
Successes: 318

===================================================
Dataset: agentbn_train_subset_4.csv
===================================================
Accuracy: 96.36 %
Total: 330
Successes: 318
Failures: 12

No improvement after 3 retries. Selecting best retry candidate (accuracy=96.36%).
Removed 1 record(s) with bn_number=2
Continuing with retry candidate (accuracy=96.36%).

===== ITERATION 2 =====

===================================================
Dataset: agentbn_train_subset_4.csv
===================================================
Accuracy: 96.36 %
Total: 330
Successes: 318
Failures: 12

Activation trace saved to /home/shamim_ist/AgentBN/workspace/alarm/activation_trace.csv
Failure parameter statistics saved to '/home/shamim_ist/AgentBN/workspace/alarm/failure_parameter_statistics.json'
Valid response received on attempt 1.
Valid response received on attempt 1.

===================================================

Accuracy: 96.36%

Workflow analysis for BN #2 stored in /home/shamim_ist/AgentBN/workspace/alarm/bn_analysis.json
Valid response received on attempt 1.
Selected baseline BN: 1

===================================================
Dataset: agentbn_train_subset_4.csv
===================================================
Accuracy: 96.36 %
Total: 330
Successes: 318
Failures: 12

Candidate 1: Accuracy = 0.9636, Failures = 12, Successes = 318

===================================================
Dataset: agentbn_train_subset_4.csv
===================================================
Accuracy: 96.36 %
Total: 330
Successes: 318
Failures: 12

Candidate 2: Accuracy = 0.9636, Failures = 12, Successes = 318

===================================================
Dataset: agentbn_train_subset_4.csv
===================================================
Accuracy: 96.36 %
Total: 330
Successes: 318
Failures: 12

Candidate 3: Accuracy = 0.9636, Failures = 12, Successes = 318

========================================
BEST REFINEMENT CANDIDATE
========================================
Candidate: 1
Modified CPTs: ['BP']
Accuracy: 0.9636
Failures: 12
Successes: 318

===================================================
Dataset: agentbn_train_subset_4.csv
===================================================
Accuracy: 96.36 %
Total: 330
Successes: 318
Failures: 12

Accuracy did not improve. Need improvement from 96.36% 
Removed 1 record(s) with bn_number=3
Valid response received on attempt 1.
Selected baseline BN: 1

===================================================
Dataset: agentbn_train_subset_4.csv
===================================================
Accuracy: 96.36 %
Total: 330
Successes: 318
Failures: 12

Candidate 1: Accuracy = 0.9636, Failures = 12, Successes = 318

===================================================
Dataset: agentbn_train_subset_4.csv
===================================================
Accuracy: 96.36 %
Total: 330
Successes: 318
Failures: 12

Candidate 2: Accuracy = 0.9636, Failures = 12, Successes = 318

===================================================
Dataset: agentbn_train_subset_4.csv
===================================================
Accuracy: 96.36 %
Total: 330
Successes: 318
Failures: 12

Candidate 3: Accuracy = 0.9636, Failures = 12, Successes = 318

========================================
BEST REFINEMENT CANDIDATE
========================================
Candidate: 1
Modified CPTs: ['BP']
Accuracy: 0.9636
Failures: 12
Successes: 318

===================================================
Dataset: agentbn_train_subset_4.csv
===================================================
Accuracy: 96.36 %
Total: 330
Successes: 318
Failures: 12
Removed 1 record(s) with bn_number=3
Valid response received on attempt 1.
Selected baseline BN: 1

===================================================
Dataset: agentbn_train_subset_4.csv
===================================================
Accuracy: 96.36 %
Total: 330
Successes: 318
Failures: 12

Candidate 1: Accuracy = 0.9636, Failures = 12, Successes = 318

===================================================
Dataset: agentbn_train_subset_4.csv
===================================================
Accuracy: 96.36 %
Total: 330
Successes: 318
Failures: 12

Candidate 2: Accuracy = 0.9636, Failures = 12, Successes = 318

===================================================
Dataset: agentbn_train_subset_4.csv
===================================================
Accuracy: 96.36 %
Total: 330
Successes: 318
Failures: 12

Candidate 3: Accuracy = 0.9636, Failures = 12, Successes = 318

========================================
BEST REFINEMENT CANDIDATE
========================================
Candidate: 1
Modified CPTs: ['BP']
Accuracy: 0.9636
Failures: 12
Successes: 318

===================================================
Dataset: agentbn_train_subset_4.csv
===================================================
Accuracy: 96.36 %
Total: 330
Successes: 318
Failures: 12
Removed 1 record(s) with bn_number=3
Valid response received on attempt 1.
Selected baseline BN: 1

===================================================
Dataset: agentbn_train_subset_4.csv
===================================================
Accuracy: 96.36 %
Total: 330
Successes: 318
Failures: 12

Candidate 1: Accuracy = 0.9636, Failures = 12, Successes = 318

===================================================
Dataset: agentbn_train_subset_4.csv
===================================================
Accuracy: 96.36 %
Total: 330
Successes: 318
Failures: 12

Candidate 2: Accuracy = 0.9636, Failures = 12, Successes = 318

===================================================
Dataset: agentbn_train_subset_4.csv
===================================================
Accuracy: 96.36 %
Total: 330
Successes: 318
Failures: 12

Candidate 3: Accuracy = 0.9636, Failures = 12, Successes = 318

========================================
BEST REFINEMENT CANDIDATE
========================================
Candidate: 1
Modified CPTs: ['BP']
Accuracy: 0.9636
Failures: 12
Successes: 318

===================================================
Dataset: agentbn_train_subset_4.csv
===================================================
Accuracy: 96.36 %
Total: 330
Successes: 318
Failures: 12

No improvement after 3 retries. Selecting best retry candidate (accuracy=96.36%).
Removed 1 record(s) with bn_number=3
Continuing with retry candidate (accuracy=96.36%).

===== ITERATION 3 =====

===================================================
Dataset: agentbn_train_subset_4.csv
===================================================
Accuracy: 96.36 %
Total: 330
Successes: 318
Failures: 12

Activation trace saved to /home/shamim_ist/AgentBN/workspace/alarm/activation_trace.csv
Failure parameter statistics saved to '/home/shamim_ist/AgentBN/workspace/alarm/failure_parameter_statistics.json'
Valid response received on attempt 1.
Valid response received on attempt 1.

===================================================

Accuracy: 96.36%

Workflow analysis for BN #3 stored in /home/shamim_ist/AgentBN/workspace/alarm/bn_analysis.json
Valid response received on attempt 1.
Selected baseline BN: 1

===================================================
Dataset: agentbn_train_subset_4.csv
===================================================
Accuracy: 96.36 %
Total: 330
Successes: 318
Failures: 12

Candidate 1: Accuracy = 0.9636, Failures = 12, Successes = 318

===================================================
Dataset: agentbn_train_subset_4.csv
===================================================
Accuracy: 96.36 %
Total: 330
Successes: 318
Failures: 12

Candidate 2: Accuracy = 0.9636, Failures = 12, Successes = 318

===================================================
Dataset: agentbn_train_subset_4.csv
===================================================
Accuracy: 96.36 %
Total: 330
Successes: 318
Failures: 12

Candidate 3: Accuracy = 0.9636, Failures = 12, Successes = 318

========================================
BEST REFINEMENT CANDIDATE
========================================
Candidate: 1
Modified CPTs: ['BP']
Accuracy: 0.9636
Failures: 12
Successes: 318

===================================================
Dataset: agentbn_train_subset_4.csv
===================================================
Accuracy: 96.36 %
Total: 330
Successes: 318
Failures: 12

Accuracy did not improve. Need improvement from 96.36% 
Removed 1 record(s) with bn_number=4
Valid response received on attempt 1.
Selected baseline BN: 1

===================================================
Dataset: agentbn_train_subset_4.csv
===================================================
Accuracy: 96.36 %
Total: 330
Successes: 318
Failures: 12

Candidate 1: Accuracy = 0.9636, Failures = 12, Successes = 318

===================================================
Dataset: agentbn_train_subset_4.csv
===================================================
Accuracy: 96.36 %
Total: 330
Successes: 318
Failures: 12

Candidate 2: Accuracy = 0.9636, Failures = 12, Successes = 318

===================================================
Dataset: agentbn_train_subset_4.csv
===================================================
Accuracy: 96.36 %
Total: 330
Successes: 318
Failures: 12

Candidate 3: Accuracy = 0.9636, Failures = 12, Successes = 318

========================================
BEST REFINEMENT CANDIDATE
========================================
Candidate: 1
Modified CPTs: ['BP']
Accuracy: 0.9636
Failures: 12
Successes: 318

===================================================
Dataset: agentbn_train_subset_4.csv
===================================================
Accuracy: 96.36 %
Total: 330
Successes: 318
Failures: 12
Removed 1 record(s) with bn_number=4
Valid response received on attempt 1.
Selected baseline BN: 1

===================================================
Dataset: agentbn_train_subset_4.csv
===================================================
Accuracy: 96.36 %
Total: 330
Successes: 318
Failures: 12

Candidate 1: Accuracy = 0.9636, Failures = 12, Successes = 318

===================================================
Dataset: agentbn_train_subset_4.csv
===================================================
Accuracy: 96.36 %
Total: 330
Successes: 318
Failures: 12

Candidate 2: Accuracy = 0.9636, Failures = 12, Successes = 318

===================================================
Dataset: agentbn_train_subset_4.csv
===================================================
Accuracy: 96.36 %
Total: 330
Successes: 318
Failures: 12

Candidate 3: Accuracy = 0.9636, Failures = 12, Successes = 318

========================================
BEST REFINEMENT CANDIDATE
========================================
Candidate: 1
Modified CPTs: ['BP']
Accuracy: 0.9636
Failures: 12
Successes: 318

===================================================
Dataset: agentbn_train_subset_4.csv
===================================================
Accuracy: 96.36 %
Total: 330
Successes: 318
Failures: 12
Removed 1 record(s) with bn_number=4
Valid response received on attempt 1.
Selected baseline BN: 1

===================================================
Dataset: agentbn_train_subset_4.csv
===================================================
Accuracy: 96.36 %
Total: 330
Successes: 318
Failures: 12

Candidate 1: Accuracy = 0.9636, Failures = 12, Successes = 318

===================================================
Dataset: agentbn_train_subset_4.csv
===================================================
Accuracy: 96.36 %
Total: 330
Successes: 318
Failures: 12

Candidate 2: Accuracy = 0.9636, Failures = 12, Successes = 318

===================================================
Dataset: agentbn_train_subset_4.csv
===================================================
Accuracy: 96.36 %
Total: 330
Successes: 318
Failures: 12

Candidate 3: Accuracy = 0.9636, Failures = 12, Successes = 318

========================================
BEST REFINEMENT CANDIDATE
========================================
Candidate: 1
Modified CPTs: ['BP']
Accuracy: 0.9636
Failures: 12
Successes: 318

===================================================
Dataset: agentbn_train_subset_4.csv
===================================================
Accuracy: 96.36 %
Total: 330
Successes: 318
Failures: 12

No improvement after 3 retries. Selecting best retry candidate (accuracy=96.36%).
Removed 1 record(s) with bn_number=4
Continuing with retry candidate (accuracy=96.36%).

===================================================
Dataset: agentbn_train_subset_4.csv
===================================================
Accuracy: 79.09 %
Total: 330
Successes: 261
Failures: 69

===================================================
Dataset: agentbn_train_subset_4.csv
===================================================
Accuracy: 96.36 %
Total: 330
Successes: 318
Failures: 12

===================================================
Dataset: agentbn_train_subset_4.csv
===================================================
Accuracy: 96.36 %
Total: 330
Successes: 318
Failures: 12

===================================================
Dataset: agentbn_train_subset_4.csv
===================================================
Accuracy: 96.36 %
Total: 330
Successes: 318
Failures: 12

===================================================
Dataset: agentbn_train_subset_4.csv
===================================================
Accuracy: 96.36 %
Total: 330
Successes: 318
Failures: 12


Best BN Number: 4
Best BN Accuracy: 0.9636363636363636
Saved CPT identity comparison to /home/shamim_ist/AgentBN/workspace/alarm/cpt_comparison_analysis.json
BN number: 4
Agent change verdict: good
Expected changed CPTs: ['HYPOVOLEMIA', 'LVEDVOLUME']
Agent changed CPTs: ['BP', 'LVEDVOLUME']
Unexpected changed CPTs: ['BP']
{'bn_number': 4, 'agent_changed_cpt_count': 2, 'agent_changed_cpts': ['BP', 'LVEDVOLUME'], 'agent_change_report': {'verdict': 'good', 'total_cpts': 37, 'expected_changed_count': 2, 'expected_changed_cpts': ['HYPOVOLEMIA', 'LVEDVOLUME'], 'agent_changed_count': 2, 'agent_changed_cpts': ['BP', 'LVEDVOLUME'], 'matched_expected_count': 1, 'matched_expected_cpts': ['LVEDVOLUME'], 'missed_expected_count': 1, 'missed_expected_cpts': ['HYPOVOLEMIA'], 'unexpected_changed_count': 1, 'unexpected_changed_cpts': ['BP'], 'unflawed_cpt_count': 35, 'untouched_unflawed_count': 34, 'untouched_unflawed_cpts': ['ANAPHYLAXIS', 'ARTCO2', 'CATECHOL', 'CO', 'CVP', 'DISCONNECT', 'ERRCAUTER', 'ERRLOWOUTPUT', 'EXPCO2', 'FIO2', 'HISTORY', 'HR', 'HRBP', 'HREKG', 'HRSAT', 'INSUFFANESTH', 'INTUBATION', 'KINKEDTUBE', 'LVFAILURE', 'MINVOL', 'MINVOLSET', 'PAP', 'PCWP', 'PRESS', 'PULMEMBOLUS', 'PVSAT', 'SAO2', 'SHUNT', 'STROKEVOLUME', 'TPR', 'VENTALV', 'VENTLUNG', 'VENTMACH', 'VENTTUBE'], 'expected_change_recall': 0.5, 'unexpected_change_rate': 0.0286, 'unflawed_preservation_rate': 0.9714}}
======================================================================
BP                             0.01025906
  Column 7:
    Flawed : [0.05 0.2  0.75]
    Prop   : [0.02 0.08 0.9 ]
    GT     : [0.05 0.2  0.75]
----------------------------------------------------------------------
HYPOVOLEMIA                    0.07144859
  Column 0:
    Flawed : [0.08 0.92]
    Prop   : [0.08 0.92]
    GT     : [0.2 0.8]
----------------------------------------------------------------------
LVEDVOLUME                     0.48551537
  Column 0:
    Flawed : [0.65 0.33 0.02]
    Prop   : [0.65 0.33 0.02]
    GT     : [0.95 0.04 0.01]
  Column 2:
    Flawed : [0.68 0.3  0.02]
    Prop   : [0.68 0.3  0.02]
    GT     : [0.98 0.01 0.01]
  Column 3:
    Flawed : [0.05 0.9  0.05]
    Prop   : [0.8  0.18 0.02]
    GT     : [0.05 0.9  0.05]
----------------------------------------------------------------------
======================================================================
Overall Average CPT KL = 0.00866601
======================================================================
BP                             RMSE = 0.03741657
  Column 7:
    Flawed : [0.05 0.2  0.75]
    Prop   : [0.02 0.08 0.9 ]
    GT     : [0.05 0.2  0.75]
----------------------------------------------------------------------
HYPOVOLEMIA                    RMSE = 0.12000000
  Column 0:
    Flawed : [0.08 0.92]
    Prop   : [0.08 0.92]
    GT     : [0.2 0.8]
----------------------------------------------------------------------
LVEDVOLUME                     RMSE = 0.34522939
  Column 0:
    Flawed : [0.65 0.33 0.02]
    Prop   : [0.65 0.33 0.02]
    GT     : [0.95 0.04 0.01]
  Column 2:
    Flawed : [0.68 0.3  0.02]
    Prop   : [0.68 0.3  0.02]
    GT     : [0.98 0.01 0.01]
  Column 3:
    Flawed : [0.05 0.9  0.05]
    Prop   : [0.8  0.18 0.02]
    GT     : [0.05 0.9  0.05]
----------------------------------------------------------------------
======================================================================
Overall CPT RMSE = 0.04461419
======================================================================
BP                             Hellinger = 0.01583179
  Column 7:
    Flawed : [0.05 0.2  0.75]
    Prop   : [0.02 0.08 0.9 ]
    GT     : [0.05 0.2  0.75]
----------------------------------------------------------------------
HYPOVOLEMIA                    Hellinger = 0.12491785
  Column 0:
    Flawed : [0.08 0.92]
    Prop   : [0.08 0.92]
    GT     : [0.2 0.8]
----------------------------------------------------------------------
LVEDVOLUME                     Hellinger = 0.30886215
  Column 0:
    Flawed : [0.65 0.33 0.02]
    Prop   : [0.65 0.33 0.02]
    GT     : [0.95 0.04 0.01]
  Column 2:
    Flawed : [0.68 0.3  0.02]
    Prop   : [0.68 0.3  0.02]
    GT     : [0.98 0.01 0.01]
  Column 3:
    Flawed : [0.05 0.9  0.05]
    Prop   : [0.8  0.18 0.02]
    GT     : [0.05 0.9  0.05]
----------------------------------------------------------------------
======================================================================
Overall Average Hellinger = 0.00618458
###------------------------------###

Restart 0 finished.
###------------------------------###

==============================
PIPELINE RESTART #1
==============================
Cleared: /home/shamim_ist/AgentBN/workspace/alarm/bn_analysis.json
Cleared: /home/shamim_ist/AgentBN/workspace/alarm/last_proposed_bn.jsonl
Cleared: /home/shamim_ist/AgentBN/workspace/alarm/dangerous_cpt_report.json
Cleared: /home/shamim_ist/AgentBN/workspace/alarm/failure_parameter_statistics.json
Cleared: /home/shamim_ist/AgentBN/workspace/alarm/diagnostic_report.json

===================================================
Dataset: agentbn_train_subset_4.csv
===================================================
Accuracy: 79.09 %
Total: 330
Successes: 261
Failures: 69
Flawed BN Accuracy: 79.09%
Initial Acceptance Threshold: 85.36%

Initial Generation Attempt 0

Activation trace saved to /home/shamim_ist/AgentBN/workspace/alarm/activation_trace.csv
Failure parameter statistics saved to '/home/shamim_ist/AgentBN/workspace/alarm/failure_parameter_statistics.json'
Valid response received on attempt 1.
Valid response received on attempt 1.

===================================================

Accuracy: 79.09%

Workflow analysis for BN #0 stored in /home/shamim_ist/AgentBN/workspace/alarm/bn_analysis.json
Valid response received on attempt 1.
Selected baseline BN: 0

===================================================
Dataset: agentbn_train_subset_4.csv
===================================================
Accuracy: 79.09 %
Total: 330
Successes: 261
Failures: 69

Candidate 1: Accuracy = 0.7909, Failures = 69, Successes = 261

===================================================
Dataset: agentbn_train_subset_4.csv
===================================================
Accuracy: 79.09 %
Total: 330
Successes: 261
Failures: 69

Candidate 2: Accuracy = 0.7909, Failures = 69, Successes = 261

===================================================
Dataset: agentbn_train_subset_4.csv
===================================================
Accuracy: 79.09 %
Total: 330
Successes: 261
Failures: 69

Candidate 3: Accuracy = 0.7909, Failures = 69, Successes = 261

========================================
BEST REFINEMENT CANDIDATE
========================================
Candidate: 1
Modified CPTs: ['LVEDVOLUME']
Accuracy: 0.7909
Failures: 69
Successes: 261

===================================================
Dataset: agentbn_train_subset_4.csv
===================================================
Accuracy: 79.09 %
Total: 330
Successes: 261
Failures: 69
Accuracy = 79.09%

Initial Generation Attempt 1
Removed workflow analysis for BN #0 from /home/shamim_ist/AgentBN/workspace/alarm/bn_analysis.json

Activation trace saved to /home/shamim_ist/AgentBN/workspace/alarm/activation_trace.csv
Failure parameter statistics saved to '/home/shamim_ist/AgentBN/workspace/alarm/failure_parameter_statistics.json'
Valid response received on attempt 1.
Valid response received on attempt 1.

===================================================

Accuracy: 79.09%

Workflow analysis for BN #0 stored in /home/shamim_ist/AgentBN/workspace/alarm/bn_analysis.json
Valid response received on attempt 1.
Selected baseline BN: 0

===================================================
Dataset: agentbn_train_subset_4.csv
===================================================
Accuracy: 96.36 %
Total: 330
Successes: 318
Failures: 12

Candidate 1: Accuracy = 0.9636, Failures = 12, Successes = 318

===================================================
Dataset: agentbn_train_subset_4.csv
===================================================
Accuracy: 83.94 %
Total: 330
Successes: 277
Failures: 53

Candidate 2: Accuracy = 0.8394, Failures = 53, Successes = 277

===================================================
Dataset: agentbn_train_subset_4.csv
===================================================
Accuracy: 83.94 %
Total: 330
Successes: 277
Failures: 53

Candidate 3: Accuracy = 0.8394, Failures = 53, Successes = 277

========================================
BEST REFINEMENT CANDIDATE
========================================
Candidate: 1
Modified CPTs: ['LVEDVOLUME']
Accuracy: 0.9636
Failures: 12
Successes: 318

===================================================
Dataset: agentbn_train_subset_4.csv
===================================================
Accuracy: 96.36 %
Total: 330
Successes: 318
Failures: 12
Accuracy = 96.36%
Initial BN accepted.
Accepted initial BN (96.36%).
Removed workflow analysis for BN #0 from /home/shamim_ist/AgentBN/workspace/alarm/bn_analysis.json

Initial BN generated

===== ITERATION 1 =====

===================================================
Dataset: agentbn_train_subset_4.csv
===================================================
Accuracy: 96.36 %
Total: 330
Successes: 318
Failures: 12

Activation trace saved to /home/shamim_ist/AgentBN/workspace/alarm/activation_trace.csv
Failure parameter statistics saved to '/home/shamim_ist/AgentBN/workspace/alarm/failure_parameter_statistics.json'
Valid response received on attempt 1.
Valid response received on attempt 1.

===================================================

Accuracy: 96.36%

Workflow analysis for BN #1 stored in /home/shamim_ist/AgentBN/workspace/alarm/bn_analysis.json
Valid response received on attempt 1.
Selected baseline BN: 1

===================================================
Dataset: agentbn_train_subset_4.csv
===================================================
Accuracy: 96.36 %
Total: 330
Successes: 318
Failures: 12

Candidate 1: Accuracy = 0.9636, Failures = 12, Successes = 318

===================================================
Dataset: agentbn_train_subset_4.csv
===================================================
Accuracy: 96.36 %
Total: 330
Successes: 318
Failures: 12

Candidate 2: Accuracy = 0.9636, Failures = 12, Successes = 318

===================================================
Dataset: agentbn_train_subset_4.csv
===================================================
Accuracy: 96.06 %
Total: 330
Successes: 317
Failures: 13

Candidate 3: Accuracy = 0.9606, Failures = 13, Successes = 317

========================================
BEST REFINEMENT CANDIDATE
========================================
Candidate: 1
Modified CPTs: ['CVP']
Accuracy: 0.9636
Failures: 12
Successes: 318

===================================================
Dataset: agentbn_train_subset_4.csv
===================================================
Accuracy: 96.36 %
Total: 330
Successes: 318
Failures: 12

Accuracy did not improve. Need improvement from 96.36% 
Removed 1 record(s) with bn_number=2
Valid response received on attempt 1.
Selected baseline BN: 1

===================================================
Dataset: agentbn_train_subset_4.csv
===================================================
Accuracy: 96.36 %
Total: 330
Successes: 318
Failures: 12

Candidate 1: Accuracy = 0.9636, Failures = 12, Successes = 318

===================================================
Dataset: agentbn_train_subset_4.csv
===================================================
Accuracy: 96.36 %
Total: 330
Successes: 318
Failures: 12

Candidate 2: Accuracy = 0.9636, Failures = 12, Successes = 318

===================================================
Dataset: agentbn_train_subset_4.csv
===================================================
Accuracy: 96.36 %
Total: 330
Successes: 318
Failures: 12

Candidate 3: Accuracy = 0.9636, Failures = 12, Successes = 318

========================================
BEST REFINEMENT CANDIDATE
========================================
Candidate: 1
Modified CPTs: ['CVP']
Accuracy: 0.9636
Failures: 12
Successes: 318

===================================================
Dataset: agentbn_train_subset_4.csv
===================================================
Accuracy: 96.36 %
Total: 330
Successes: 318
Failures: 12
Removed 1 record(s) with bn_number=2
Valid response received on attempt 1.
Selected baseline BN: 1

===================================================
Dataset: agentbn_train_subset_4.csv
===================================================
Accuracy: 96.36 %
Total: 330
Successes: 318
Failures: 12

Candidate 1: Accuracy = 0.9636, Failures = 12, Successes = 318

===================================================
Dataset: agentbn_train_subset_4.csv
===================================================
Accuracy: 96.36 %
Total: 330
Successes: 318
Failures: 12

Candidate 2: Accuracy = 0.9636, Failures = 12, Successes = 318

===================================================
Dataset: agentbn_train_subset_4.csv
===================================================
Accuracy: 96.06 %
Total: 330
Successes: 317
Failures: 13

Candidate 3: Accuracy = 0.9606, Failures = 13, Successes = 317

========================================
BEST REFINEMENT CANDIDATE
========================================
Candidate: 1
Modified CPTs: ['CVP']
Accuracy: 0.9636
Failures: 12
Successes: 318

===================================================
Dataset: agentbn_train_subset_4.csv
===================================================
Accuracy: 96.36 %
Total: 330
Successes: 318
Failures: 12
Removed 1 record(s) with bn_number=2
Valid response received on attempt 1.
Selected baseline BN: 1

===================================================
Dataset: agentbn_train_subset_4.csv
===================================================
Accuracy: 96.36 %
Total: 330
Successes: 318
Failures: 12

Candidate 1: Accuracy = 0.9636, Failures = 12, Successes = 318

===================================================
Dataset: agentbn_train_subset_4.csv
===================================================
Accuracy: 96.36 %
Total: 330
Successes: 318
Failures: 12

Candidate 2: Accuracy = 0.9636, Failures = 12, Successes = 318

===================================================
Dataset: agentbn_train_subset_4.csv
===================================================
Accuracy: 96.06 %
Total: 330
Successes: 317
Failures: 13

Candidate 3: Accuracy = 0.9606, Failures = 13, Successes = 317

========================================
BEST REFINEMENT CANDIDATE
========================================
Candidate: 1
Modified CPTs: ['CVP']
Accuracy: 0.9636
Failures: 12
Successes: 318

===================================================
Dataset: agentbn_train_subset_4.csv
===================================================
Accuracy: 96.36 %
Total: 330
Successes: 318
Failures: 12

No improvement after 3 retries. Selecting best retry candidate (accuracy=96.36%).
Removed 1 record(s) with bn_number=2
Continuing with retry candidate (accuracy=96.36%).

===== ITERATION 2 =====

===================================================
Dataset: agentbn_train_subset_4.csv
===================================================
Accuracy: 96.36 %
Total: 330
Successes: 318
Failures: 12

Activation trace saved to /home/shamim_ist/AgentBN/workspace/alarm/activation_trace.csv
Failure parameter statistics saved to '/home/shamim_ist/AgentBN/workspace/alarm/failure_parameter_statistics.json'
Valid response received on attempt 1.
Valid response received on attempt 1.

===================================================

Accuracy: 96.36%

Workflow analysis for BN #2 stored in /home/shamim_ist/AgentBN/workspace/alarm/bn_analysis.json
Valid response received on attempt 1.
Selected baseline BN: 1

===================================================
Dataset: agentbn_train_subset_4.csv
===================================================
Accuracy: 96.36 %
Total: 330
Successes: 318
Failures: 12

Candidate 1: Accuracy = 0.9636, Failures = 12, Successes = 318

===================================================
Dataset: agentbn_train_subset_4.csv
===================================================
Accuracy: 96.36 %
Total: 330
Successes: 318
Failures: 12

Candidate 2: Accuracy = 0.9636, Failures = 12, Successes = 318

===================================================
Dataset: agentbn_train_subset_4.csv
===================================================
Accuracy: 96.36 %
Total: 330
Successes: 318
Failures: 12

Candidate 3: Accuracy = 0.9636, Failures = 12, Successes = 318

========================================
BEST REFINEMENT CANDIDATE
========================================
Candidate: 1
Modified CPTs: ['CVP']
Accuracy: 0.9636
Failures: 12
Successes: 318

===================================================
Dataset: agentbn_train_subset_4.csv
===================================================
Accuracy: 96.36 %
Total: 330
Successes: 318
Failures: 12

Accuracy did not improve. Need improvement from 96.36% 
Removed 1 record(s) with bn_number=3
Valid response received on attempt 1.
Selected baseline BN: 1

===================================================
Dataset: agentbn_train_subset_4.csv
===================================================
Accuracy: 96.36 %
Total: 330
Successes: 318
Failures: 12

Candidate 1: Accuracy = 0.9636, Failures = 12, Successes = 318

===================================================
Dataset: agentbn_train_subset_4.csv
===================================================
Accuracy: 96.36 %
Total: 330
Successes: 318
Failures: 12

Candidate 2: Accuracy = 0.9636, Failures = 12, Successes = 318

===================================================
Dataset: agentbn_train_subset_4.csv
===================================================
Accuracy: 96.06 %
Total: 330
Successes: 317
Failures: 13

Candidate 3: Accuracy = 0.9606, Failures = 13, Successes = 317

========================================
BEST REFINEMENT CANDIDATE
========================================
Candidate: 1
Modified CPTs: ['CVP']
Accuracy: 0.9636
Failures: 12
Successes: 318

===================================================
Dataset: agentbn_train_subset_4.csv
===================================================
Accuracy: 96.36 %
Total: 330
Successes: 318
Failures: 12
Removed 1 record(s) with bn_number=3
Valid response received on attempt 1.
Selected baseline BN: 1

===================================================
Dataset: agentbn_train_subset_4.csv
===================================================
Accuracy: 96.36 %
Total: 330
Successes: 318
Failures: 12

Candidate 1: Accuracy = 0.9636, Failures = 12, Successes = 318

===================================================
Dataset: agentbn_train_subset_4.csv
===================================================
Accuracy: 96.36 %
Total: 330
Successes: 318
Failures: 12

Candidate 2: Accuracy = 0.9636, Failures = 12, Successes = 318

===================================================
Dataset: agentbn_train_subset_4.csv
===================================================
Accuracy: 96.36 %
Total: 330
Successes: 318
Failures: 12

Candidate 3: Accuracy = 0.9636, Failures = 12, Successes = 318

========================================
BEST REFINEMENT CANDIDATE
========================================
Candidate: 1
Modified CPTs: ['CVP']
Accuracy: 0.9636
Failures: 12
Successes: 318

===================================================
Dataset: agentbn_train_subset_4.csv
===================================================
Accuracy: 96.36 %
Total: 330
Successes: 318
Failures: 12
Removed 1 record(s) with bn_number=3
Valid response received on attempt 1.
Selected baseline BN: 1

===================================================
Dataset: agentbn_train_subset_4.csv
===================================================
Accuracy: 96.36 %
Total: 330
Successes: 318
Failures: 12

Candidate 1: Accuracy = 0.9636, Failures = 12, Successes = 318

===================================================
Dataset: agentbn_train_subset_4.csv
===================================================
Accuracy: 96.36 %
Total: 330
Successes: 318
Failures: 12

Candidate 2: Accuracy = 0.9636, Failures = 12, Successes = 318

===================================================
Dataset: agentbn_train_subset_4.csv
===================================================
Accuracy: 96.36 %
Total: 330
Successes: 318
Failures: 12

Candidate 3: Accuracy = 0.9636, Failures = 12, Successes = 318

========================================
BEST REFINEMENT CANDIDATE
========================================
Candidate: 1
Modified CPTs: ['CVP']
Accuracy: 0.9636
Failures: 12
Successes: 318

===================================================
Dataset: agentbn_train_subset_4.csv
===================================================
Accuracy: 96.36 %
Total: 330
Successes: 318
Failures: 12

No improvement after 3 retries. Selecting best retry candidate (accuracy=96.36%).
Removed 1 record(s) with bn_number=3
Continuing with retry candidate (accuracy=96.36%).

===== ITERATION 3 =====

===================================================
Dataset: agentbn_train_subset_4.csv
===================================================
Accuracy: 96.36 %
Total: 330
Successes: 318
Failures: 12

Activation trace saved to /home/shamim_ist/AgentBN/workspace/alarm/activation_trace.csv
Failure parameter statistics saved to '/home/shamim_ist/AgentBN/workspace/alarm/failure_parameter_statistics.json'
Valid response received on attempt 1.
Valid response received on attempt 1.

===================================================

Accuracy: 96.36%

Workflow analysis for BN #3 stored in /home/shamim_ist/AgentBN/workspace/alarm/bn_analysis.json
Valid response received on attempt 1.
Selected baseline BN: 1

===================================================
Dataset: agentbn_train_subset_4.csv
===================================================
Accuracy: 96.36 %
Total: 330
Successes: 318
Failures: 12

Candidate 1: Accuracy = 0.9636, Failures = 12, Successes = 318

===================================================
Dataset: agentbn_train_subset_4.csv
===================================================
Accuracy: 96.36 %
Total: 330
Successes: 318
Failures: 12

Candidate 2: Accuracy = 0.9636, Failures = 12, Successes = 318

===================================================
Dataset: agentbn_train_subset_4.csv
===================================================
Accuracy: 95.15 %
Total: 330
Successes: 314
Failures: 16

Candidate 3: Accuracy = 0.9515, Failures = 16, Successes = 314

========================================
BEST REFINEMENT CANDIDATE
========================================
Candidate: 1
Modified CPTs: ['CVP']
Accuracy: 0.9636
Failures: 12
Successes: 318

===================================================
Dataset: agentbn_train_subset_4.csv
===================================================
Accuracy: 96.36 %
Total: 330
Successes: 318
Failures: 12

Accuracy did not improve. Need improvement from 96.36% 
Removed 1 record(s) with bn_number=4
Valid response received on attempt 1.
Selected baseline BN: 1

===================================================
Dataset: agentbn_train_subset_4.csv
===================================================
Accuracy: 96.36 %
Total: 330
Successes: 318
Failures: 12

Candidate 1: Accuracy = 0.9636, Failures = 12, Successes = 318

===================================================
Dataset: agentbn_train_subset_4.csv
===================================================
Accuracy: 96.36 %
Total: 330
Successes: 318
Failures: 12

Candidate 2: Accuracy = 0.9636, Failures = 12, Successes = 318

===================================================
Dataset: agentbn_train_subset_4.csv
===================================================
Accuracy: 96.06 %
Total: 330
Successes: 317
Failures: 13

Candidate 3: Accuracy = 0.9606, Failures = 13, Successes = 317

========================================
BEST REFINEMENT CANDIDATE
========================================
Candidate: 1
Modified CPTs: ['CVP']
Accuracy: 0.9636
Failures: 12
Successes: 318

===================================================
Dataset: agentbn_train_subset_4.csv
===================================================
Accuracy: 96.36 %
Total: 330
Successes: 318
Failures: 12
Removed 1 record(s) with bn_number=4
Valid response received on attempt 1.
Selected baseline BN: 1

===================================================
Dataset: agentbn_train_subset_4.csv
===================================================
Accuracy: 96.36 %
Total: 330
Successes: 318
Failures: 12

Candidate 1: Accuracy = 0.9636, Failures = 12, Successes = 318

===================================================
Dataset: agentbn_train_subset_4.csv
===================================================
Accuracy: 96.36 %
Total: 330
Successes: 318
Failures: 12

Candidate 2: Accuracy = 0.9636, Failures = 12, Successes = 318

===================================================
Dataset: agentbn_train_subset_4.csv
===================================================
Accuracy: 96.36 %
Total: 330
Successes: 318
Failures: 12

Candidate 3: Accuracy = 0.9636, Failures = 12, Successes = 318

========================================
BEST REFINEMENT CANDIDATE
========================================
Candidate: 1
Modified CPTs: ['CVP']
Accuracy: 0.9636
Failures: 12
Successes: 318

===================================================
Dataset: agentbn_train_subset_4.csv
===================================================
Accuracy: 96.36 %
Total: 330
Successes: 318
Failures: 12
Removed 1 record(s) with bn_number=4
Valid response received on attempt 1.
Selected baseline BN: 1

===================================================
Dataset: agentbn_train_subset_4.csv
===================================================
Accuracy: 96.36 %
Total: 330
Successes: 318
Failures: 12

Candidate 1: Accuracy = 0.9636, Failures = 12, Successes = 318

===================================================
Dataset: agentbn_train_subset_4.csv
===================================================
Accuracy: 96.36 %
Total: 330
Successes: 318
Failures: 12

Candidate 2: Accuracy = 0.9636, Failures = 12, Successes = 318

===================================================
Dataset: agentbn_train_subset_4.csv
===================================================
Accuracy: 96.06 %
Total: 330
Successes: 317
Failures: 13

Candidate 3: Accuracy = 0.9606, Failures = 13, Successes = 317

========================================
BEST REFINEMENT CANDIDATE
========================================
Candidate: 1
Modified CPTs: ['CVP']
Accuracy: 0.9636
Failures: 12
Successes: 318

===================================================
Dataset: agentbn_train_subset_4.csv
===================================================
Accuracy: 96.36 %
Total: 330
Successes: 318
Failures: 12

No improvement after 3 retries. Selecting best retry candidate (accuracy=96.36%).
Removed 1 record(s) with bn_number=4
Continuing with retry candidate (accuracy=96.36%).

===================================================
Dataset: agentbn_train_subset_4.csv
===================================================
Accuracy: 79.09 %
Total: 330
Successes: 261
Failures: 69

===================================================
Dataset: agentbn_train_subset_4.csv
===================================================
Accuracy: 96.36 %
Total: 330
Successes: 318
Failures: 12

===================================================
Dataset: agentbn_train_subset_4.csv
===================================================
Accuracy: 96.36 %
Total: 330
Successes: 318
Failures: 12

===================================================
Dataset: agentbn_train_subset_4.csv
===================================================
Accuracy: 96.36 %
Total: 330
Successes: 318
Failures: 12

===================================================
Dataset: agentbn_train_subset_4.csv
===================================================
Accuracy: 96.36 %
Total: 330
Successes: 318
Failures: 12


Best BN Number: 4
Best BN Accuracy: 0.9636363636363636
Saved CPT identity comparison to /home/shamim_ist/AgentBN/workspace/alarm/cpt_comparison_analysis.json
BN number: 4
Agent change verdict: good
Expected changed CPTs: ['HYPOVOLEMIA', 'LVEDVOLUME']
Agent changed CPTs: ['CVP', 'LVEDVOLUME']
Unexpected changed CPTs: ['CVP']
{'bn_number': 4, 'agent_changed_cpt_count': 2, 'agent_changed_cpts': ['CVP', 'LVEDVOLUME'], 'agent_change_report': {'verdict': 'good', 'total_cpts': 37, 'expected_changed_count': 2, 'expected_changed_cpts': ['HYPOVOLEMIA', 'LVEDVOLUME'], 'agent_changed_count': 2, 'agent_changed_cpts': ['CVP', 'LVEDVOLUME'], 'matched_expected_count': 1, 'matched_expected_cpts': ['LVEDVOLUME'], 'missed_expected_count': 1, 'missed_expected_cpts': ['HYPOVOLEMIA'], 'unexpected_changed_count': 1, 'unexpected_changed_cpts': ['CVP'], 'unflawed_cpt_count': 35, 'untouched_unflawed_count': 34, 'untouched_unflawed_cpts': ['ANAPHYLAXIS', 'ARTCO2', 'BP', 'CATECHOL', 'CO', 'DISCONNECT', 'ERRCAUTER', 'ERRLOWOUTPUT', 'EXPCO2', 'FIO2', 'HISTORY', 'HR', 'HRBP', 'HREKG', 'HRSAT', 'INSUFFANESTH', 'INTUBATION', 'KINKEDTUBE', 'LVFAILURE', 'MINVOL', 'MINVOLSET', 'PAP', 'PCWP', 'PRESS', 'PULMEMBOLUS', 'PVSAT', 'SAO2', 'SHUNT', 'STROKEVOLUME', 'TPR', 'VENTALV', 'VENTLUNG', 'VENTMACH', 'VENTTUBE'], 'expected_change_recall': 0.5, 'unexpected_change_rate': 0.0286, 'unflawed_preservation_rate': 0.9714}}
======================================================================
CVP                            0.00324566
  Column 2:
    Flawed : [0.01 0.29 0.7 ]
    Prop   : [0.03 0.27 0.7 ]
    GT     : [0.01 0.29 0.7 ]
----------------------------------------------------------------------
HYPOVOLEMIA                    0.07144859
  Column 0:
    Flawed : [0.08 0.92]
    Prop   : [0.08 0.92]
    GT     : [0.2 0.8]
----------------------------------------------------------------------
LVEDVOLUME                     0.48551537
  Column 0:
    Flawed : [0.65 0.33 0.02]
    Prop   : [0.65 0.33 0.02]
    GT     : [0.95 0.04 0.01]
  Column 2:
    Flawed : [0.68 0.3  0.02]
    Prop   : [0.68 0.3  0.02]
    GT     : [0.98 0.01 0.01]
  Column 3:
    Flawed : [0.05 0.9  0.05]
    Prop   : [0.8  0.18 0.02]
    GT     : [0.05 0.9  0.05]
----------------------------------------------------------------------
======================================================================
Overall Average CPT KL = 0.00832612
======================================================================
CVP                            RMSE = 0.00942809
  Column 2:
    Flawed : [0.01 0.29 0.7 ]
    Prop   : [0.03 0.27 0.7 ]
    GT     : [0.01 0.29 0.7 ]
----------------------------------------------------------------------
HYPOVOLEMIA                    RMSE = 0.12000000
  Column 0:
    Flawed : [0.08 0.92]
    Prop   : [0.08 0.92]
    GT     : [0.2 0.8]
----------------------------------------------------------------------
LVEDVOLUME                     RMSE = 0.34522939
  Column 0:
    Flawed : [0.65 0.33 0.02]
    Prop   : [0.65 0.33 0.02]
    GT     : [0.95 0.04 0.01]
  Column 2:
    Flawed : [0.68 0.3  0.02]
    Prop   : [0.68 0.3  0.02]
    GT     : [0.98 0.01 0.01]
  Column 3:
    Flawed : [0.05 0.9  0.05]
    Prop   : [0.8  0.18 0.02]
    GT     : [0.05 0.9  0.05]
----------------------------------------------------------------------
======================================================================
Overall CPT RMSE = 0.04405932
======================================================================
CVP                            Hellinger = 0.01782046
  Column 2:
    Flawed : [0.01 0.29 0.7 ]
    Prop   : [0.03 0.27 0.7 ]
    GT     : [0.01 0.29 0.7 ]
----------------------------------------------------------------------
HYPOVOLEMIA                    Hellinger = 0.12491785
  Column 0:
    Flawed : [0.08 0.92]
    Prop   : [0.08 0.92]
    GT     : [0.2 0.8]
----------------------------------------------------------------------
LVEDVOLUME                     Hellinger = 0.30886215
  Column 0:
    Flawed : [0.65 0.33 0.02]
    Prop   : [0.65 0.33 0.02]
    GT     : [0.95 0.04 0.01]
  Column 2:
    Flawed : [0.68 0.3  0.02]
    Prop   : [0.68 0.3  0.02]
    GT     : [0.98 0.01 0.01]
  Column 3:
    Flawed : [0.05 0.9  0.05]
    Prop   : [0.8  0.18 0.02]
    GT     : [0.05 0.9  0.05]
----------------------------------------------------------------------
======================================================================
Overall Average Hellinger = 0.00581822
###------------------------------###

Restart 1 finished.
###------------------------------###

==============================
PIPELINE RESTART #2
==============================
Cleared: /home/shamim_ist/AgentBN/workspace/alarm/bn_analysis.json
Cleared: /home/shamim_ist/AgentBN/workspace/alarm/last_proposed_bn.jsonl
Cleared: /home/shamim_ist/AgentBN/workspace/alarm/dangerous_cpt_report.json
Cleared: /home/shamim_ist/AgentBN/workspace/alarm/failure_parameter_statistics.json
Cleared: /home/shamim_ist/AgentBN/workspace/alarm/diagnostic_report.json

===================================================
Dataset: agentbn_train_subset_4.csv
===================================================
Accuracy: 79.09 %
Total: 330
Successes: 261
Failures: 69
Flawed BN Accuracy: 79.09%
Initial Acceptance Threshold: 85.36%

Initial Generation Attempt 0

Activation trace saved to /home/shamim_ist/AgentBN/workspace/alarm/activation_trace.csv
Failure parameter statistics saved to '/home/shamim_ist/AgentBN/workspace/alarm/failure_parameter_statistics.json'
Valid response received on attempt 1.
Valid response received on attempt 1.

===================================================

Accuracy: 79.09%

Workflow analysis for BN #0 stored in /home/shamim_ist/AgentBN/workspace/alarm/bn_analysis.json
Valid response received on attempt 1.
Selected baseline BN: 0

===================================================
Dataset: agentbn_train_subset_4.csv
===================================================
Accuracy: 83.94 %
Total: 330
Successes: 277
Failures: 53

Candidate 1: Accuracy = 0.8394, Failures = 53, Successes = 277

===================================================
Dataset: agentbn_train_subset_4.csv
===================================================
Accuracy: 94.55 %
Total: 330
Successes: 312
Failures: 18

Candidate 2: Accuracy = 0.9455, Failures = 18, Successes = 312

===================================================
Dataset: agentbn_train_subset_4.csv
===================================================
Accuracy: 83.94 %
Total: 330
Successes: 277
Failures: 53

Candidate 3: Accuracy = 0.8394, Failures = 53, Successes = 277

========================================
BEST REFINEMENT CANDIDATE
========================================
Candidate: 2
Modified CPTs: ['LVEDVOLUME']
Accuracy: 0.9455
Failures: 18
Successes: 312

===================================================
Dataset: agentbn_train_subset_4.csv
===================================================
Accuracy: 94.55 %
Total: 330
Successes: 312
Failures: 18
Accuracy = 94.55%
Initial BN accepted.
Accepted initial BN (94.55%).
Removed workflow analysis for BN #0 from /home/shamim_ist/AgentBN/workspace/alarm/bn_analysis.json

Initial BN generated

===== ITERATION 1 =====

===================================================
Dataset: agentbn_train_subset_4.csv
===================================================
Accuracy: 94.55 %
Total: 330
Successes: 312
Failures: 18

Activation trace saved to /home/shamim_ist/AgentBN/workspace/alarm/activation_trace.csv
Failure parameter statistics saved to '/home/shamim_ist/AgentBN/workspace/alarm/failure_parameter_statistics.json'
Valid response received on attempt 1.
Valid response received on attempt 1.

===================================================

Accuracy: 94.55%

Workflow analysis for BN #1 stored in /home/shamim_ist/AgentBN/workspace/alarm/bn_analysis.json
Valid response received on attempt 1.
Selected baseline BN: 1

===================================================
Dataset: agentbn_train_subset_4.csv
===================================================
Accuracy: 94.55 %
Total: 330
Successes: 312
Failures: 18

Candidate 1: Accuracy = 0.9455, Failures = 18, Successes = 312

===================================================
Dataset: agentbn_train_subset_4.csv
===================================================
Accuracy: 94.55 %
Total: 330
Successes: 312
Failures: 18

Candidate 2: Accuracy = 0.9455, Failures = 18, Successes = 312

===================================================
Dataset: agentbn_train_subset_4.csv
===================================================
Accuracy: 94.55 %
Total: 330
Successes: 312
Failures: 18

Candidate 3: Accuracy = 0.9455, Failures = 18, Successes = 312

========================================
BEST REFINEMENT CANDIDATE
========================================
Candidate: 1
Modified CPTs: ['CVP']
Accuracy: 0.9455
Failures: 18
Successes: 312

===================================================
Dataset: agentbn_train_subset_4.csv
===================================================
Accuracy: 94.55 %
Total: 330
Successes: 312
Failures: 18

Accuracy did not improve. Need improvement from 94.55% 
Removed 1 record(s) with bn_number=2
Valid response received on attempt 1.
Selected baseline BN: 1

===================================================
Dataset: agentbn_train_subset_4.csv
===================================================
Accuracy: 94.55 %
Total: 330
Successes: 312
Failures: 18

Candidate 1: Accuracy = 0.9455, Failures = 18, Successes = 312

===================================================
Dataset: agentbn_train_subset_4.csv
===================================================
Accuracy: 94.55 %
Total: 330
Successes: 312
Failures: 18

Candidate 2: Accuracy = 0.9455, Failures = 18, Successes = 312

===================================================
Dataset: agentbn_train_subset_4.csv
===================================================
Accuracy: 94.55 %
Total: 330
Successes: 312
Failures: 18

Candidate 3: Accuracy = 0.9455, Failures = 18, Successes = 312

========================================
BEST REFINEMENT CANDIDATE
========================================
Candidate: 1
Modified CPTs: ['CVP']
Accuracy: 0.9455
Failures: 18
Successes: 312

===================================================
Dataset: agentbn_train_subset_4.csv
===================================================
Accuracy: 94.55 %
Total: 330
Successes: 312
Failures: 18
Removed 1 record(s) with bn_number=2
Valid response received on attempt 1.
Selected baseline BN: 1

===================================================
Dataset: agentbn_train_subset_4.csv
===================================================
Accuracy: 94.55 %
Total: 330
Successes: 312
Failures: 18

Candidate 1: Accuracy = 0.9455, Failures = 18, Successes = 312

===================================================
Dataset: agentbn_train_subset_4.csv
===================================================
Accuracy: 94.55 %
Total: 330
Successes: 312
Failures: 18

Candidate 2: Accuracy = 0.9455, Failures = 18, Successes = 312

===================================================
Dataset: agentbn_train_subset_4.csv
===================================================
Accuracy: 94.55 %
Total: 330
Successes: 312
Failures: 18

Candidate 3: Accuracy = 0.9455, Failures = 18, Successes = 312

========================================
BEST REFINEMENT CANDIDATE
========================================
Candidate: 1
Modified CPTs: ['CVP']
Accuracy: 0.9455
Failures: 18
Successes: 312

===================================================
Dataset: agentbn_train_subset_4.csv
===================================================
Accuracy: 94.55 %
Total: 330
Successes: 312
Failures: 18
Removed 1 record(s) with bn_number=2
Valid response received on attempt 1.
Selected baseline BN: 1

===================================================
Dataset: agentbn_train_subset_4.csv
===================================================
Accuracy: 94.55 %
Total: 330
Successes: 312
Failures: 18

Candidate 1: Accuracy = 0.9455, Failures = 18, Successes = 312

===================================================
Dataset: agentbn_train_subset_4.csv
===================================================
Accuracy: 94.55 %
Total: 330
Successes: 312
Failures: 18

Candidate 2: Accuracy = 0.9455, Failures = 18, Successes = 312

===================================================
Dataset: agentbn_train_subset_4.csv
===================================================
Accuracy: 94.55 %
Total: 330
Successes: 312
Failures: 18

Candidate 3: Accuracy = 0.9455, Failures = 18, Successes = 312

========================================
BEST REFINEMENT CANDIDATE
========================================
Candidate: 1
Modified CPTs: ['CVP']
Accuracy: 0.9455
Failures: 18
Successes: 312

===================================================
Dataset: agentbn_train_subset_4.csv
===================================================
Accuracy: 94.55 %
Total: 330
Successes: 312
Failures: 18

No improvement after 3 retries. Selecting best retry candidate (accuracy=94.55%).
Removed 1 record(s) with bn_number=2
Continuing with retry candidate (accuracy=94.55%).

===== ITERATION 2 =====

===================================================
Dataset: agentbn_train_subset_4.csv
===================================================
Accuracy: 94.55 %
Total: 330
Successes: 312
Failures: 18

Activation trace saved to /home/shamim_ist/AgentBN/workspace/alarm/activation_trace.csv
Failure parameter statistics saved to '/home/shamim_ist/AgentBN/workspace/alarm/failure_parameter_statistics.json'
Valid response received on attempt 1.
Valid response received on attempt 1.

===================================================

Accuracy: 94.55%

Workflow analysis for BN #2 stored in /home/shamim_ist/AgentBN/workspace/alarm/bn_analysis.json
Valid response received on attempt 1.
Selected baseline BN: 1

===================================================
Dataset: agentbn_train_subset_4.csv
===================================================
Accuracy: 94.55 %
Total: 330
Successes: 312
Failures: 18

Candidate 1: Accuracy = 0.9455, Failures = 18, Successes = 312

===================================================
Dataset: agentbn_train_subset_4.csv
===================================================
Accuracy: 94.55 %
Total: 330
Successes: 312
Failures: 18

Candidate 2: Accuracy = 0.9455, Failures = 18, Successes = 312

===================================================
Dataset: agentbn_train_subset_4.csv
===================================================
Accuracy: 94.55 %
Total: 330
Successes: 312
Failures: 18

Candidate 3: Accuracy = 0.9455, Failures = 18, Successes = 312

========================================
BEST REFINEMENT CANDIDATE
========================================
Candidate: 1
Modified CPTs: ['CVP']
Accuracy: 0.9455
Failures: 18
Successes: 312

===================================================
Dataset: agentbn_train_subset_4.csv
===================================================
Accuracy: 94.55 %
Total: 330
Successes: 312
Failures: 18

Accuracy did not improve. Need improvement from 94.55% 
Removed 1 record(s) with bn_number=3
Valid response received on attempt 1.
Selected baseline BN: 1

===================================================
Dataset: agentbn_train_subset_4.csv
===================================================
Accuracy: 94.55 %
Total: 330
Successes: 312
Failures: 18

Candidate 1: Accuracy = 0.9455, Failures = 18, Successes = 312

===================================================
Dataset: agentbn_train_subset_4.csv
===================================================
Accuracy: 94.55 %
Total: 330
Successes: 312
Failures: 18

Candidate 2: Accuracy = 0.9455, Failures = 18, Successes = 312

===================================================
Dataset: agentbn_train_subset_4.csv
===================================================
Accuracy: 94.55 %
Total: 330
Successes: 312
Failures: 18

Candidate 3: Accuracy = 0.9455, Failures = 18, Successes = 312

========================================
BEST REFINEMENT CANDIDATE
========================================
Candidate: 1
Modified CPTs: ['CVP']
Accuracy: 0.9455
Failures: 18
Successes: 312

===================================================
Dataset: agentbn_train_subset_4.csv
===================================================
Accuracy: 94.55 %
Total: 330
Successes: 312
Failures: 18
Removed 1 record(s) with bn_number=3
Valid response received on attempt 1.
Selected baseline BN: 1

===================================================
Dataset: agentbn_train_subset_4.csv
===================================================
Accuracy: 94.55 %
Total: 330
Successes: 312
Failures: 18

Candidate 1: Accuracy = 0.9455, Failures = 18, Successes = 312

===================================================
Dataset: agentbn_train_subset_4.csv
===================================================
Accuracy: 94.55 %
Total: 330
Successes: 312
Failures: 18

Candidate 2: Accuracy = 0.9455, Failures = 18, Successes = 312

===================================================
Dataset: agentbn_train_subset_4.csv
===================================================
Accuracy: 94.55 %
Total: 330
Successes: 312
Failures: 18

Candidate 3: Accuracy = 0.9455, Failures = 18, Successes = 312

========================================
BEST REFINEMENT CANDIDATE
========================================
Candidate: 1
Modified CPTs: ['CVP']
Accuracy: 0.9455
Failures: 18
Successes: 312

===================================================
Dataset: agentbn_train_subset_4.csv
===================================================
Accuracy: 94.55 %
Total: 330
Successes: 312
Failures: 18
Removed 1 record(s) with bn_number=3
Valid response received on attempt 1.
Selected baseline BN: 1

===================================================
Dataset: agentbn_train_subset_4.csv
===================================================
Accuracy: 94.55 %
Total: 330
Successes: 312
Failures: 18

Candidate 1: Accuracy = 0.9455, Failures = 18, Successes = 312

===================================================
Dataset: agentbn_train_subset_4.csv
===================================================
Accuracy: 94.55 %
Total: 330
Successes: 312
Failures: 18

Candidate 2: Accuracy = 0.9455, Failures = 18, Successes = 312

===================================================
Dataset: agentbn_train_subset_4.csv
===================================================
Accuracy: 94.55 %
Total: 330
Successes: 312
Failures: 18

Candidate 3: Accuracy = 0.9455, Failures = 18, Successes = 312

========================================
BEST REFINEMENT CANDIDATE
========================================
Candidate: 1
Modified CPTs: ['CVP']
Accuracy: 0.9455
Failures: 18
Successes: 312

===================================================
Dataset: agentbn_train_subset_4.csv
===================================================
Accuracy: 94.55 %
Total: 330
Successes: 312
Failures: 18

No improvement after 3 retries. Selecting best retry candidate (accuracy=94.55%).
Removed 1 record(s) with bn_number=3
Continuing with retry candidate (accuracy=94.55%).

===== ITERATION 3 =====

===================================================
Dataset: agentbn_train_subset_4.csv
===================================================
Accuracy: 94.55 %
Total: 330
Successes: 312
Failures: 18

Activation trace saved to /home/shamim_ist/AgentBN/workspace/alarm/activation_trace.csv
Failure parameter statistics saved to '/home/shamim_ist/AgentBN/workspace/alarm/failure_parameter_statistics.json'
Valid response received on attempt 1.
Valid response received on attempt 1.

===================================================

Accuracy: 94.55%

Workflow analysis for BN #3 stored in /home/shamim_ist/AgentBN/workspace/alarm/bn_analysis.json
Valid response received on attempt 1.
Selected baseline BN: 1

===================================================
Dataset: agentbn_train_subset_4.csv
===================================================
Accuracy: 94.55 %
Total: 330
Successes: 312
Failures: 18

Candidate 1: Accuracy = 0.9455, Failures = 18, Successes = 312

===================================================
Dataset: agentbn_train_subset_4.csv
===================================================
Accuracy: 94.55 %
Total: 330
Successes: 312
Failures: 18

Candidate 2: Accuracy = 0.9455, Failures = 18, Successes = 312

===================================================
Dataset: agentbn_train_subset_4.csv
===================================================
Accuracy: 94.55 %
Total: 330
Successes: 312
Failures: 18

Candidate 3: Accuracy = 0.9455, Failures = 18, Successes = 312

========================================
BEST REFINEMENT CANDIDATE
========================================
Candidate: 1
Modified CPTs: ['CVP']
Accuracy: 0.9455
Failures: 18
Successes: 312

===================================================
Dataset: agentbn_train_subset_4.csv
===================================================
Accuracy: 94.55 %
Total: 330
Successes: 312
Failures: 18

Accuracy did not improve. Need improvement from 94.55% 
Removed 1 record(s) with bn_number=4
Valid response received on attempt 1.
Selected baseline BN: 1

===================================================
Dataset: agentbn_train_subset_4.csv
===================================================
Accuracy: 94.55 %
Total: 330
Successes: 312
Failures: 18

Candidate 1: Accuracy = 0.9455, Failures = 18, Successes = 312

===================================================
Dataset: agentbn_train_subset_4.csv
===================================================
Accuracy: 94.55 %
Total: 330
Successes: 312
Failures: 18

Candidate 2: Accuracy = 0.9455, Failures = 18, Successes = 312

===================================================
Dataset: agentbn_train_subset_4.csv
===================================================
Accuracy: 94.55 %
Total: 330
Successes: 312
Failures: 18

Candidate 3: Accuracy = 0.9455, Failures = 18, Successes = 312

========================================
BEST REFINEMENT CANDIDATE
========================================
Candidate: 1
Modified CPTs: ['CVP']
Accuracy: 0.9455
Failures: 18
Successes: 312

===================================================
Dataset: agentbn_train_subset_4.csv
===================================================
Accuracy: 94.55 %
Total: 330
Successes: 312
Failures: 18
Removed 1 record(s) with bn_number=4
Valid response received on attempt 1.
Selected baseline BN: 1

===================================================
Dataset: agentbn_train_subset_4.csv
===================================================
Accuracy: 94.55 %
Total: 330
Successes: 312
Failures: 18

Candidate 1: Accuracy = 0.9455, Failures = 18, Successes = 312

===================================================
Dataset: agentbn_train_subset_4.csv
===================================================
Accuracy: 94.55 %
Total: 330
Successes: 312
Failures: 18

Candidate 2: Accuracy = 0.9455, Failures = 18, Successes = 312

===================================================
Dataset: agentbn_train_subset_4.csv
===================================================
Accuracy: 94.55 %
Total: 330
Successes: 312
Failures: 18

Candidate 3: Accuracy = 0.9455, Failures = 18, Successes = 312

========================================
BEST REFINEMENT CANDIDATE
========================================
Candidate: 1
Modified CPTs: ['CVP']
Accuracy: 0.9455
Failures: 18
Successes: 312

===================================================
Dataset: agentbn_train_subset_4.csv
===================================================
Accuracy: 94.55 %
Total: 330
Successes: 312
Failures: 18
Removed 1 record(s) with bn_number=4
Valid response received on attempt 1.
Selected baseline BN: 1

===================================================
Dataset: agentbn_train_subset_4.csv
===================================================
Accuracy: 94.55 %
Total: 330
Successes: 312
Failures: 18

Candidate 1: Accuracy = 0.9455, Failures = 18, Successes = 312

===================================================
Dataset: agentbn_train_subset_4.csv
===================================================
Accuracy: 94.55 %
Total: 330
Successes: 312
Failures: 18

Candidate 2: Accuracy = 0.9455, Failures = 18, Successes = 312

===================================================
Dataset: agentbn_train_subset_4.csv
===================================================
Accuracy: 94.55 %
Total: 330
Successes: 312
Failures: 18

Candidate 3: Accuracy = 0.9455, Failures = 18, Successes = 312

========================================
BEST REFINEMENT CANDIDATE
========================================
Candidate: 1
Modified CPTs: ['CVP']
Accuracy: 0.9455
Failures: 18
Successes: 312

===================================================
Dataset: agentbn_train_subset_4.csv
===================================================
Accuracy: 94.55 %
Total: 330
Successes: 312
Failures: 18

No improvement after 3 retries. Selecting best retry candidate (accuracy=94.55%).
Removed 1 record(s) with bn_number=4
Continuing with retry candidate (accuracy=94.55%).

===================================================
Dataset: agentbn_train_subset_4.csv
===================================================
Accuracy: 79.09 %
Total: 330
Successes: 261
Failures: 69

===================================================
Dataset: agentbn_train_subset_4.csv
===================================================
Accuracy: 94.55 %
Total: 330
Successes: 312
Failures: 18

===================================================
Dataset: agentbn_train_subset_4.csv
===================================================
Accuracy: 94.55 %
Total: 330
Successes: 312
Failures: 18

===================================================
Dataset: agentbn_train_subset_4.csv
===================================================
Accuracy: 94.55 %
Total: 330
Successes: 312
Failures: 18

===================================================
Dataset: agentbn_train_subset_4.csv
===================================================
Accuracy: 94.55 %
Total: 330
Successes: 312
Failures: 18


Best BN Number: 4
Best BN Accuracy: 0.9454545454545454
Saved CPT identity comparison to /home/shamim_ist/AgentBN/workspace/alarm/cpt_comparison_analysis.json
BN number: 4
Agent change verdict: good
Expected changed CPTs: ['HYPOVOLEMIA', 'LVEDVOLUME']
Agent changed CPTs: ['CVP', 'LVEDVOLUME']
Unexpected changed CPTs: ['CVP']
{'bn_number': 4, 'agent_changed_cpt_count': 2, 'agent_changed_cpts': ['CVP', 'LVEDVOLUME'], 'agent_change_report': {'verdict': 'good', 'total_cpts': 37, 'expected_changed_count': 2, 'expected_changed_cpts': ['HYPOVOLEMIA', 'LVEDVOLUME'], 'agent_changed_count': 2, 'agent_changed_cpts': ['CVP', 'LVEDVOLUME'], 'matched_expected_count': 1, 'matched_expected_cpts': ['LVEDVOLUME'], 'missed_expected_count': 1, 'missed_expected_cpts': ['HYPOVOLEMIA'], 'unexpected_changed_count': 1, 'unexpected_changed_cpts': ['CVP'], 'unflawed_cpt_count': 35, 'untouched_unflawed_count': 34, 'untouched_unflawed_cpts': ['ANAPHYLAXIS', 'ARTCO2', 'BP', 'CATECHOL', 'CO', 'DISCONNECT', 'ERRCAUTER', 'ERRLOWOUTPUT', 'EXPCO2', 'FIO2', 'HISTORY', 'HR', 'HRBP', 'HREKG', 'HRSAT', 'INSUFFANESTH', 'INTUBATION', 'KINKEDTUBE', 'LVFAILURE', 'MINVOL', 'MINVOLSET', 'PAP', 'PCWP', 'PRESS', 'PULMEMBOLUS', 'PVSAT', 'SAO2', 'SHUNT', 'STROKEVOLUME', 'TPR', 'VENTALV', 'VENTLUNG', 'VENTMACH', 'VENTTUBE'], 'expected_change_recall': 0.5, 'unexpected_change_rate': 0.0286, 'unflawed_preservation_rate': 0.9714}}
======================================================================
CVP                            0.07343692
  Column 0:
    Flawed : [0.95 0.04 0.01]
    Prop   : [0.96 0.04 0.  ]
    GT     : [0.95 0.04 0.01]
----------------------------------------------------------------------
HYPOVOLEMIA                    0.07144859
  Column 0:
    Flawed : [0.08 0.92]
    Prop   : [0.08 0.92]
    GT     : [0.2 0.8]
----------------------------------------------------------------------
LVEDVOLUME                     0.54996765
  Column 0:
    Flawed : [0.65 0.33 0.02]
    Prop   : [0.65 0.33 0.02]
    GT     : [0.95 0.04 0.01]
  Column 2:
    Flawed : [0.68 0.3  0.02]
    Prop   : [0.68 0.3  0.02]
    GT     : [0.98 0.01 0.01]
  Column 3:
    Flawed : [0.05 0.9  0.05]
    Prop   : [0.85 0.14 0.01]
    GT     : [0.05 0.9  0.05]
----------------------------------------------------------------------
======================================================================
Overall Average CPT KL = 0.01025362
======================================================================
CVP                            RMSE = 0.00471405
  Column 0:
    Flawed : [0.95 0.04 0.01]
    Prop   : [0.96 0.04 0.  ]
    GT     : [0.95 0.04 0.01]
----------------------------------------------------------------------
HYPOVOLEMIA                    RMSE = 0.12000000
  Column 0:
    Flawed : [0.08 0.92]
    Prop   : [0.08 0.92]
    GT     : [0.2 0.8]
----------------------------------------------------------------------
LVEDVOLUME                     RMSE = 0.36143234
  Column 0:
    Flawed : [0.65 0.33 0.02]
    Prop   : [0.65 0.33 0.02]
    GT     : [0.95 0.04 0.01]
  Column 2:
    Flawed : [0.68 0.3  0.02]
    Prop   : [0.68 0.3  0.02]
    GT     : [0.98 0.01 0.01]
  Column 3:
    Flawed : [0.05 0.9  0.05]
    Prop   : [0.85 0.14 0.01]
    GT     : [0.05 0.9  0.05]
----------------------------------------------------------------------
======================================================================
Overall CPT RMSE = 0.04607752
======================================================================
CVP                            Hellinger = 0.02360106
  Column 0:
    Flawed : [0.95 0.04 0.01]
    Prop   : [0.96 0.04 0.  ]
    GT     : [0.95 0.04 0.01]
----------------------------------------------------------------------
HYPOVOLEMIA                    Hellinger = 0.12491785
  Column 0:
    Flawed : [0.08 0.92]
    Prop   : [0.08 0.92]
    GT     : [0.2 0.8]
----------------------------------------------------------------------
LVEDVOLUME                     Hellinger = 0.31898684
  Column 0:
    Flawed : [0.65 0.33 0.02]
    Prop   : [0.65 0.33 0.02]
    GT     : [0.95 0.04 0.01]
  Column 2:
    Flawed : [0.68 0.3  0.02]
    Prop   : [0.68 0.3  0.02]
    GT     : [0.98 0.01 0.01]
  Column 3:
    Flawed : [0.05 0.9  0.05]
    Prop   : [0.85 0.14 0.01]
    GT     : [0.05 0.9  0.05]
----------------------------------------------------------------------
======================================================================
Overall Average Hellinger = 0.00605625
###------------------------------###

Restart 2 finished.
###------------------------------###
Restart: 0
BN keys: dict_keys(['edges', 'nodes'])
Evaluating restart 0

===================================================
Dataset: agentbn_train_subset_4.csv
===================================================
Accuracy: 96.36 %
Total: 330
Successes: 318
Failures: 12
Restart: 1
BN keys: dict_keys(['edges', 'nodes'])
Evaluating restart 1

===================================================
Dataset: agentbn_train_subset_4.csv
===================================================
Accuracy: 96.36 %
Total: 330
Successes: 318
Failures: 12
Restart: 2
BN keys: dict_keys(['edges', 'nodes'])
Evaluating restart 2

===================================================
Dataset: agentbn_train_subset_4.csv
===================================================
Accuracy: 94.55 %
Total: 330
Successes: 312
Failures: 18

===================================
BEST RESTART
===================================
Restart: 0
Train Accuracy: 0.9636363636363636

===================================================
Dataset: /home/shamim_ist/AgentBN/datasets/alarm/combined_test_scenarios.csv
===================================================
Accuracy: 96.95 %
Total: 328
Successes: 318
Failures: 10
Test Accuracy: 0.9695121951219512
Test Failures:      Scenario      Prediction  Confidence    Ground Truth                                                                   Posterior  Success
18         19  No_Hypovolemia    0.875011     Hypovolemia  {'Hypovolemia': 0.12498884853564461, 'No_Hypovolemia': 0.8750111514643555}    False
67         68  No_Hypovolemia    0.506365  No_Hypovolemia  {'Hypovolemia': 0.49363509966873087, 'No_Hypovolemia': 0.5063649003312692}    False
72         73  No_Hypovolemia    0.876274     Hypovolemia   {'Hypovolemia': 0.1237261397917408, 'No_Hypovolemia': 0.8762738602082591}    False
130       131  No_Hypovolemia    0.877601     Hypovolemia  {'Hypovolemia': 0.12239872294842792, 'No_Hypovolemia': 0.8776012770515721}    False
160       161  No_Hypovolemia    0.567108  No_Hypovolemia  {'Hypovolemia': 0.43289181458623943, 'No_Hypovolemia': 0.5671081854137606}    False
185       186  No_Hypovolemia    0.545561  No_Hypovolemia  {'Hypovolemia': 0.45443914038279354, 'No_Hypovolemia': 0.5455608596172065}    False
221       222  No_Hypovolemia    0.563829  No_Hypovolemia  {'Hypovolemia': 0.43617137390866473, 'No_Hypovolemia': 0.5638286260913353}    False
293       294  No_Hypovolemia    0.541709  No_Hypovolemia   {'Hypovolemia': 0.45829073846837304, 'No_Hypovolemia': 0.541709261531627}    False
295       296  No_Hypovolemia    0.874233     Hypovolemia  {'Hypovolemia': 0.12576657775375788, 'No_Hypovolemia': 0.8742334222462421}    False
324       325  No_Hypovolemia    0.502503  No_Hypovolemia  {'Hypovolemia': 0.49749675263019344, 'No_Hypovolemia': 0.5025032473698064}    False
Stored final AgentBN for subset 4 in /home/shamim_ist/AgentBN/workspace/alarm/agentbn_subset_bns.jsonl
Saved CPT identity comparison to /home/shamim_ist/AgentBN/workspace/alarm/cpt_comparison_analysis.json
BN number: None
Agent change verdict: good
Expected changed CPTs: ['HYPOVOLEMIA', 'LVEDVOLUME']
Agent changed CPTs: ['BP', 'LVEDVOLUME']
Unexpected changed CPTs: ['BP']
{'bn_number': None, 'agent_changed_cpt_count': 2, 'agent_changed_cpts': ['BP', 'LVEDVOLUME'], 'agent_change_report': {'verdict': 'good', 'total_cpts': 37, 'expected_changed_count': 2, 'expected_changed_cpts': ['HYPOVOLEMIA', 'LVEDVOLUME'], 'agent_changed_count': 2, 'agent_changed_cpts': ['BP', 'LVEDVOLUME'], 'matched_expected_count': 1, 'matched_expected_cpts': ['LVEDVOLUME'], 'missed_expected_count': 1, 'missed_expected_cpts': ['HYPOVOLEMIA'], 'unexpected_changed_count': 1, 'unexpected_changed_cpts': ['BP'], 'unflawed_cpt_count': 35, 'untouched_unflawed_count': 34, 'untouched_unflawed_cpts': ['ANAPHYLAXIS', 'ARTCO2', 'CATECHOL', 'CO', 'CVP', 'DISCONNECT', 'ERRCAUTER', 'ERRLOWOUTPUT', 'EXPCO2', 'FIO2', 'HISTORY', 'HR', 'HRBP', 'HREKG', 'HRSAT', 'INSUFFANESTH', 'INTUBATION', 'KINKEDTUBE', 'LVFAILURE', 'MINVOL', 'MINVOLSET', 'PAP', 'PCWP', 'PRESS', 'PULMEMBOLUS', 'PVSAT', 'SAO2', 'SHUNT', 'STROKEVOLUME', 'TPR', 'VENTALV', 'VENTLUNG', 'VENTMACH', 'VENTTUBE'], 'expected_change_recall': 0.5, 'unexpected_change_rate': 0.0286, 'unflawed_preservation_rate': 0.9714}}
======================================================================
BP                             0.01025906
  Column 7:
    Flawed : [0.05 0.2  0.75]
    Prop   : [0.02 0.08 0.9 ]
    GT     : [0.05 0.2  0.75]
----------------------------------------------------------------------
HYPOVOLEMIA                    0.07144859
  Column 0:
    Flawed : [0.08 0.92]
    Prop   : [0.08 0.92]
    GT     : [0.2 0.8]
----------------------------------------------------------------------
LVEDVOLUME                     0.48551537
  Column 0:
    Flawed : [0.65 0.33 0.02]
    Prop   : [0.65 0.33 0.02]
    GT     : [0.95 0.04 0.01]
  Column 2:
    Flawed : [0.68 0.3  0.02]
    Prop   : [0.68 0.3  0.02]
    GT     : [0.98 0.01 0.01]
  Column 3:
    Flawed : [0.05 0.9  0.05]
    Prop   : [0.8  0.18 0.02]
    GT     : [0.05 0.9  0.05]
----------------------------------------------------------------------
======================================================================
Overall Average CPT KL = 0.00866601
======================================================================
BP                             RMSE = 0.03741657
  Column 7:
    Flawed : [0.05 0.2  0.75]
    Prop   : [0.02 0.08 0.9 ]
    GT     : [0.05 0.2  0.75]
----------------------------------------------------------------------
HYPOVOLEMIA                    RMSE = 0.12000000
  Column 0:
    Flawed : [0.08 0.92]
    Prop   : [0.08 0.92]
    GT     : [0.2 0.8]
----------------------------------------------------------------------
LVEDVOLUME                     RMSE = 0.34522939
  Column 0:
    Flawed : [0.65 0.33 0.02]
    Prop   : [0.65 0.33 0.02]
    GT     : [0.95 0.04 0.01]
  Column 2:
    Flawed : [0.68 0.3  0.02]
    Prop   : [0.68 0.3  0.02]
    GT     : [0.98 0.01 0.01]
  Column 3:
    Flawed : [0.05 0.9  0.05]
    Prop   : [0.8  0.18 0.02]
    GT     : [0.05 0.9  0.05]
----------------------------------------------------------------------
======================================================================
Overall CPT RMSE = 0.04461419
======================================================================
BP                             Hellinger = 0.01583179
  Column 7:
    Flawed : [0.05 0.2  0.75]
    Prop   : [0.02 0.08 0.9 ]
    GT     : [0.05 0.2  0.75]
----------------------------------------------------------------------
HYPOVOLEMIA                    Hellinger = 0.12491785
  Column 0:
    Flawed : [0.08 0.92]
    Prop   : [0.08 0.92]
    GT     : [0.2 0.8]
----------------------------------------------------------------------
LVEDVOLUME                     Hellinger = 0.30886215
  Column 0:
    Flawed : [0.65 0.33 0.02]
    Prop   : [0.65 0.33 0.02]
    GT     : [0.95 0.04 0.01]
  Column 2:
    Flawed : [0.68 0.3  0.02]
    Prop   : [0.68 0.3  0.02]
    GT     : [0.98 0.01 0.01]
  Column 3:
    Flawed : [0.05 0.9  0.05]
    Prop   : [0.8  0.18 0.02]
    GT     : [0.05 0.9  0.05]
----------------------------------------------------------------------
======================================================================
Overall Average Hellinger = 0.00618458
###------------------------------###

Pipeline finished.
###------------------------------###
