AgentBN subset 2: 330 scenarios
Cleared: /home/shamim_ist/AgentBN/workspace/alarm/bn_analysis.json
Cleared: /home/shamim_ist/AgentBN/workspace/alarm/last_proposed_bn.jsonl
Cleared: /home/shamim_ist/AgentBN/workspace/alarm/dangerous_cpt_report.json
Cleared: /home/shamim_ist/AgentBN/workspace/alarm/diagnostic_report.json
Cleared: /home/shamim_ist/AgentBN/workspace/alarm/failure_parameter_statistics.json
Cleared: /home/shamim_ist/AgentBN/workspace/alarm/restart_final_bns.jsonl
Cleared: /home/shamim_ist/AgentBN/workspace/alarm/restart_bn_analysis.jsonl

==============================
PIPELINE RESTART #0
==============================
Cleared: /home/shamim_ist/AgentBN/workspace/alarm/bn_analysis.json
Cleared: /home/shamim_ist/AgentBN/workspace/alarm/last_proposed_bn.jsonl
Cleared: /home/shamim_ist/AgentBN/workspace/alarm/dangerous_cpt_report.json
Cleared: /home/shamim_ist/AgentBN/workspace/alarm/failure_parameter_statistics.json
Cleared: /home/shamim_ist/AgentBN/workspace/alarm/diagnostic_report.json

===================================================
Dataset: agentbn_train_subset_2.csv
===================================================
Accuracy: 75.15 %
Total: 330
Successes: 248
Failures: 82
Flawed BN Accuracy: 75.15%
Initial Acceptance Threshold: 82.61%

Initial Generation Attempt 0

Activation trace saved to /home/shamim_ist/AgentBN/workspace/alarm/activation_trace.csv
Failure parameter statistics saved to '/home/shamim_ist/AgentBN/workspace/alarm/failure_parameter_statistics.json'
Valid response received on attempt 1.
Valid response received on attempt 1.

===================================================

Accuracy: 75.15%

Workflow analysis for BN #0 stored in /home/shamim_ist/AgentBN/workspace/alarm/bn_analysis.json
Valid response received on attempt 1.
Selected baseline BN: 0

===================================================
Dataset: agentbn_train_subset_2.csv
===================================================
Accuracy: 74.55 %
Total: 330
Successes: 246
Failures: 84

Candidate 1: Accuracy = 0.7455, Failures = 84, Successes = 246

===================================================
Dataset: agentbn_train_subset_2.csv
===================================================
Accuracy: 75.15 %
Total: 330
Successes: 248
Failures: 82

Candidate 2: Accuracy = 0.7515, Failures = 82, Successes = 248

===================================================
Dataset: agentbn_train_subset_2.csv
===================================================
Accuracy: 75.15 %
Total: 330
Successes: 248
Failures: 82

Candidate 3: Accuracy = 0.7515, Failures = 82, Successes = 248

========================================
BEST REFINEMENT CANDIDATE
========================================
Candidate: 2
Modified CPTs: ['CVP']
Accuracy: 0.7515
Failures: 82
Successes: 248

===================================================
Dataset: agentbn_train_subset_2.csv
===================================================
Accuracy: 75.15 %
Total: 330
Successes: 248
Failures: 82
Accuracy = 75.15%

Initial Generation Attempt 1
Removed workflow analysis for BN #0 from /home/shamim_ist/AgentBN/workspace/alarm/bn_analysis.json

Activation trace saved to /home/shamim_ist/AgentBN/workspace/alarm/activation_trace.csv
Failure parameter statistics saved to '/home/shamim_ist/AgentBN/workspace/alarm/failure_parameter_statistics.json'
Valid response received on attempt 1.
Valid response received on attempt 1.

===================================================

Accuracy: 75.15%

Workflow analysis for BN #0 stored in /home/shamim_ist/AgentBN/workspace/alarm/bn_analysis.json
Valid response received on attempt 1.
Selected baseline BN: 0

===================================================
Dataset: agentbn_train_subset_2.csv
===================================================
Accuracy: 75.76 %
Total: 330
Successes: 250
Failures: 80

Candidate 1: Accuracy = 0.7576, Failures = 80, Successes = 250

===================================================
Dataset: agentbn_train_subset_2.csv
===================================================
Accuracy: 75.45 %
Total: 330
Successes: 249
Failures: 81

Candidate 2: Accuracy = 0.7545, Failures = 81, Successes = 249

===================================================
Dataset: agentbn_train_subset_2.csv
===================================================
Accuracy: 75.76 %
Total: 330
Successes: 250
Failures: 80

Candidate 3: Accuracy = 0.7576, Failures = 80, Successes = 250

========================================
BEST REFINEMENT CANDIDATE
========================================
Candidate: 1
Modified CPTs: ['STROKEVOLUME']
Accuracy: 0.7576
Failures: 80
Successes: 250

===================================================
Dataset: agentbn_train_subset_2.csv
===================================================
Accuracy: 75.76 %
Total: 330
Successes: 250
Failures: 80
Accuracy = 75.76%

Initial Generation Attempt 2
Removed workflow analysis for BN #0 from /home/shamim_ist/AgentBN/workspace/alarm/bn_analysis.json

Activation trace saved to /home/shamim_ist/AgentBN/workspace/alarm/activation_trace.csv
Failure parameter statistics saved to '/home/shamim_ist/AgentBN/workspace/alarm/failure_parameter_statistics.json'
Valid response received on attempt 1.
Valid response received on attempt 1.

===================================================

Accuracy: 75.15%

Workflow analysis for BN #0 stored in /home/shamim_ist/AgentBN/workspace/alarm/bn_analysis.json
Valid response received on attempt 1.
Selected baseline BN: 0

===================================================
Dataset: agentbn_train_subset_2.csv
===================================================
Accuracy: 75.15 %
Total: 330
Successes: 248
Failures: 82

Candidate 1: Accuracy = 0.7515, Failures = 82, Successes = 248

===================================================
Dataset: agentbn_train_subset_2.csv
===================================================
Accuracy: 77.58 %
Total: 330
Successes: 256
Failures: 74

Candidate 2: Accuracy = 0.7758, Failures = 74, Successes = 256

===================================================
Dataset: agentbn_train_subset_2.csv
===================================================
Accuracy: 75.15 %
Total: 330
Successes: 248
Failures: 82

Candidate 3: Accuracy = 0.7515, Failures = 82, Successes = 248

========================================
BEST REFINEMENT CANDIDATE
========================================
Candidate: 2
Modified CPTs: ['STROKEVOLUME']
Accuracy: 0.7758
Failures: 74
Successes: 256

===================================================
Dataset: agentbn_train_subset_2.csv
===================================================
Accuracy: 77.58 %
Total: 330
Successes: 256
Failures: 74
Accuracy = 77.58%
Threshold (82.61%) not reached after 3 attempts. Using best generated BN (77.58%).
Removed workflow analysis for BN #0 from /home/shamim_ist/AgentBN/workspace/alarm/bn_analysis.json

Initial BN generated

===== ITERATION 1 =====

===================================================
Dataset: agentbn_train_subset_2.csv
===================================================
Accuracy: 77.58 %
Total: 330
Successes: 256
Failures: 74

Activation trace saved to /home/shamim_ist/AgentBN/workspace/alarm/activation_trace.csv
Failure parameter statistics saved to '/home/shamim_ist/AgentBN/workspace/alarm/failure_parameter_statistics.json'
Valid response received on attempt 1.
Valid response received on attempt 1.

===================================================

Accuracy: 77.58%

Workflow analysis for BN #1 stored in /home/shamim_ist/AgentBN/workspace/alarm/bn_analysis.json
Valid response received on attempt 1.
Selected baseline BN: 1

===================================================
Dataset: agentbn_train_subset_2.csv
===================================================
Accuracy: 80.3 %
Total: 330
Successes: 265
Failures: 65

Candidate 1: Accuracy = 0.8030, Failures = 65, Successes = 265

===================================================
Dataset: agentbn_train_subset_2.csv
===================================================
Accuracy: 96.67 %
Total: 330
Successes: 319
Failures: 11

Candidate 2: Accuracy = 0.9667, Failures = 11, Successes = 319

===================================================
Dataset: agentbn_train_subset_2.csv
===================================================
Accuracy: 79.09 %
Total: 330
Successes: 261
Failures: 69

Candidate 3: Accuracy = 0.7909, Failures = 69, Successes = 261

========================================
BEST REFINEMENT CANDIDATE
========================================
Candidate: 2
Modified CPTs: ['LVEDVOLUME']
Accuracy: 0.9667
Failures: 11
Successes: 319

===================================================
Dataset: agentbn_train_subset_2.csv
===================================================
Accuracy: 96.67 %
Total: 330
Successes: 319
Failures: 11

Accuracy improved from 77.58% to 96.67%.

===== ITERATION 2 =====

===================================================
Dataset: agentbn_train_subset_2.csv
===================================================
Accuracy: 96.67 %
Total: 330
Successes: 319
Failures: 11

Activation trace saved to /home/shamim_ist/AgentBN/workspace/alarm/activation_trace.csv
Failure parameter statistics saved to '/home/shamim_ist/AgentBN/workspace/alarm/failure_parameter_statistics.json'
Valid response received on attempt 1.
Valid response received on attempt 1.

===================================================

Accuracy: 96.67%

Workflow analysis for BN #2 stored in /home/shamim_ist/AgentBN/workspace/alarm/bn_analysis.json
Valid response received on attempt 1.
Selected baseline BN: 2

===================================================
Dataset: agentbn_train_subset_2.csv
===================================================
Accuracy: 96.67 %
Total: 330
Successes: 319
Failures: 11

Candidate 1: Accuracy = 0.9667, Failures = 11, Successes = 319

===================================================
Dataset: agentbn_train_subset_2.csv
===================================================
Accuracy: 96.67 %
Total: 330
Successes: 319
Failures: 11

Candidate 2: Accuracy = 0.9667, Failures = 11, Successes = 319

===================================================
Dataset: agentbn_train_subset_2.csv
===================================================
Accuracy: 96.67 %
Total: 330
Successes: 319
Failures: 11

Candidate 3: Accuracy = 0.9667, Failures = 11, Successes = 319

========================================
BEST REFINEMENT CANDIDATE
========================================
Candidate: 1
Modified CPTs: ['CVP']
Accuracy: 0.9667
Failures: 11
Successes: 319

===================================================
Dataset: agentbn_train_subset_2.csv
===================================================
Accuracy: 96.67 %
Total: 330
Successes: 319
Failures: 11

Accuracy did not improve. Need improvement from 96.67% 
Removed 1 record(s) with bn_number=3
Valid response received on attempt 1.
Selected baseline BN: 2

===================================================
Dataset: agentbn_train_subset_2.csv
===================================================
Accuracy: 96.67 %
Total: 330
Successes: 319
Failures: 11

Candidate 1: Accuracy = 0.9667, Failures = 11, Successes = 319

===================================================
Dataset: agentbn_train_subset_2.csv
===================================================
Accuracy: 96.67 %
Total: 330
Successes: 319
Failures: 11

Candidate 2: Accuracy = 0.9667, Failures = 11, Successes = 319

===================================================
Dataset: agentbn_train_subset_2.csv
===================================================
Accuracy: 96.67 %
Total: 330
Successes: 319
Failures: 11

Candidate 3: Accuracy = 0.9667, Failures = 11, Successes = 319

========================================
BEST REFINEMENT CANDIDATE
========================================
Candidate: 1
Modified CPTs: ['CVP']
Accuracy: 0.9667
Failures: 11
Successes: 319

===================================================
Dataset: agentbn_train_subset_2.csv
===================================================
Accuracy: 96.67 %
Total: 330
Successes: 319
Failures: 11
Removed 1 record(s) with bn_number=3
Valid response received on attempt 1.
Selected baseline BN: 2

===================================================
Dataset: agentbn_train_subset_2.csv
===================================================
Accuracy: 96.67 %
Total: 330
Successes: 319
Failures: 11

Candidate 1: Accuracy = 0.9667, Failures = 11, Successes = 319

===================================================
Dataset: agentbn_train_subset_2.csv
===================================================
Accuracy: 96.67 %
Total: 330
Successes: 319
Failures: 11

Candidate 2: Accuracy = 0.9667, Failures = 11, Successes = 319

===================================================
Dataset: agentbn_train_subset_2.csv
===================================================
Accuracy: 96.67 %
Total: 330
Successes: 319
Failures: 11

Candidate 3: Accuracy = 0.9667, Failures = 11, Successes = 319

========================================
BEST REFINEMENT CANDIDATE
========================================
Candidate: 1
Modified CPTs: ['CVP']
Accuracy: 0.9667
Failures: 11
Successes: 319

===================================================
Dataset: agentbn_train_subset_2.csv
===================================================
Accuracy: 96.67 %
Total: 330
Successes: 319
Failures: 11
Removed 1 record(s) with bn_number=3
Valid response received on attempt 1.
Selected baseline BN: 2

===================================================
Dataset: agentbn_train_subset_2.csv
===================================================
Accuracy: 96.67 %
Total: 330
Successes: 319
Failures: 11

Candidate 1: Accuracy = 0.9667, Failures = 11, Successes = 319

===================================================
Dataset: agentbn_train_subset_2.csv
===================================================
Accuracy: 96.67 %
Total: 330
Successes: 319
Failures: 11

Candidate 2: Accuracy = 0.9667, Failures = 11, Successes = 319

===================================================
Dataset: agentbn_train_subset_2.csv
===================================================
Accuracy: 96.67 %
Total: 330
Successes: 319
Failures: 11

Candidate 3: Accuracy = 0.9667, Failures = 11, Successes = 319

========================================
BEST REFINEMENT CANDIDATE
========================================
Candidate: 1
Modified CPTs: ['CVP']
Accuracy: 0.9667
Failures: 11
Successes: 319

===================================================
Dataset: agentbn_train_subset_2.csv
===================================================
Accuracy: 96.67 %
Total: 330
Successes: 319
Failures: 11

No improvement after 3 retries. Selecting best retry candidate (accuracy=96.67%).
Removed 1 record(s) with bn_number=3
Continuing with retry candidate (accuracy=96.67%).

===== ITERATION 3 =====

===================================================
Dataset: agentbn_train_subset_2.csv
===================================================
Accuracy: 96.67 %
Total: 330
Successes: 319
Failures: 11

Activation trace saved to /home/shamim_ist/AgentBN/workspace/alarm/activation_trace.csv
Failure parameter statistics saved to '/home/shamim_ist/AgentBN/workspace/alarm/failure_parameter_statistics.json'
Valid response received on attempt 1.
Valid response received on attempt 1.

===================================================

Accuracy: 96.67%

Workflow analysis for BN #3 stored in /home/shamim_ist/AgentBN/workspace/alarm/bn_analysis.json
Valid response received on attempt 1.
Selected baseline BN: 2

===================================================
Dataset: agentbn_train_subset_2.csv
===================================================
Accuracy: 96.67 %
Total: 330
Successes: 319
Failures: 11

Candidate 1: Accuracy = 0.9667, Failures = 11, Successes = 319

===================================================
Dataset: agentbn_train_subset_2.csv
===================================================
Accuracy: 96.67 %
Total: 330
Successes: 319
Failures: 11

Candidate 2: Accuracy = 0.9667, Failures = 11, Successes = 319

===================================================
Dataset: agentbn_train_subset_2.csv
===================================================
Accuracy: 96.67 %
Total: 330
Successes: 319
Failures: 11

Candidate 3: Accuracy = 0.9667, Failures = 11, Successes = 319

========================================
BEST REFINEMENT CANDIDATE
========================================
Candidate: 1
Modified CPTs: ['CVP']
Accuracy: 0.9667
Failures: 11
Successes: 319

===================================================
Dataset: agentbn_train_subset_2.csv
===================================================
Accuracy: 96.67 %
Total: 330
Successes: 319
Failures: 11

Accuracy did not improve. Need improvement from 96.67% 
Removed 1 record(s) with bn_number=4
Valid response received on attempt 1.
Selected baseline BN: 2

===================================================
Dataset: agentbn_train_subset_2.csv
===================================================
Accuracy: 96.67 %
Total: 330
Successes: 319
Failures: 11

Candidate 1: Accuracy = 0.9667, Failures = 11, Successes = 319

===================================================
Dataset: agentbn_train_subset_2.csv
===================================================
Accuracy: 96.67 %
Total: 330
Successes: 319
Failures: 11

Candidate 2: Accuracy = 0.9667, Failures = 11, Successes = 319

===================================================
Dataset: agentbn_train_subset_2.csv
===================================================
Accuracy: 96.67 %
Total: 330
Successes: 319
Failures: 11

Candidate 3: Accuracy = 0.9667, Failures = 11, Successes = 319

========================================
BEST REFINEMENT CANDIDATE
========================================
Candidate: 1
Modified CPTs: ['CVP']
Accuracy: 0.9667
Failures: 11
Successes: 319

===================================================
Dataset: agentbn_train_subset_2.csv
===================================================
Accuracy: 96.67 %
Total: 330
Successes: 319
Failures: 11
Removed 1 record(s) with bn_number=4
Valid response received on attempt 1.
Selected baseline BN: 2

===================================================
Dataset: agentbn_train_subset_2.csv
===================================================
Accuracy: 96.67 %
Total: 330
Successes: 319
Failures: 11

Candidate 1: Accuracy = 0.9667, Failures = 11, Successes = 319

===================================================
Dataset: agentbn_train_subset_2.csv
===================================================
Accuracy: 96.67 %
Total: 330
Successes: 319
Failures: 11

Candidate 2: Accuracy = 0.9667, Failures = 11, Successes = 319

===================================================
Dataset: agentbn_train_subset_2.csv
===================================================
Accuracy: 96.67 %
Total: 330
Successes: 319
Failures: 11

Candidate 3: Accuracy = 0.9667, Failures = 11, Successes = 319

========================================
BEST REFINEMENT CANDIDATE
========================================
Candidate: 1
Modified CPTs: ['CVP']
Accuracy: 0.9667
Failures: 11
Successes: 319

===================================================
Dataset: agentbn_train_subset_2.csv
===================================================
Accuracy: 96.67 %
Total: 330
Successes: 319
Failures: 11
Removed 1 record(s) with bn_number=4
Valid response received on attempt 1.
Selected baseline BN: 2

===================================================
Dataset: agentbn_train_subset_2.csv
===================================================
Accuracy: 96.67 %
Total: 330
Successes: 319
Failures: 11

Candidate 1: Accuracy = 0.9667, Failures = 11, Successes = 319

===================================================
Dataset: agentbn_train_subset_2.csv
===================================================
Accuracy: 96.67 %
Total: 330
Successes: 319
Failures: 11

Candidate 2: Accuracy = 0.9667, Failures = 11, Successes = 319

===================================================
Dataset: agentbn_train_subset_2.csv
===================================================
Accuracy: 96.67 %
Total: 330
Successes: 319
Failures: 11

Candidate 3: Accuracy = 0.9667, Failures = 11, Successes = 319

========================================
BEST REFINEMENT CANDIDATE
========================================
Candidate: 1
Modified CPTs: ['CVP']
Accuracy: 0.9667
Failures: 11
Successes: 319

===================================================
Dataset: agentbn_train_subset_2.csv
===================================================
Accuracy: 96.67 %
Total: 330
Successes: 319
Failures: 11

No improvement after 3 retries. Selecting best retry candidate (accuracy=96.67%).
Removed 1 record(s) with bn_number=4
Continuing with retry candidate (accuracy=96.67%).

===================================================
Dataset: agentbn_train_subset_2.csv
===================================================
Accuracy: 75.15 %
Total: 330
Successes: 248
Failures: 82

===================================================
Dataset: agentbn_train_subset_2.csv
===================================================
Accuracy: 77.58 %
Total: 330
Successes: 256
Failures: 74

===================================================
Dataset: agentbn_train_subset_2.csv
===================================================
Accuracy: 96.67 %
Total: 330
Successes: 319
Failures: 11

===================================================
Dataset: agentbn_train_subset_2.csv
===================================================
Accuracy: 96.67 %
Total: 330
Successes: 319
Failures: 11

===================================================
Dataset: agentbn_train_subset_2.csv
===================================================
Accuracy: 96.67 %
Total: 330
Successes: 319
Failures: 11


Best BN Number: 4
Best BN Accuracy: 0.9666666666666667
Saved CPT identity comparison to /home/shamim_ist/AgentBN/workspace/alarm/cpt_comparison_analysis.json
BN number: 4
Agent change verdict: good
Expected changed CPTs: ['HYPOVOLEMIA', 'LVEDVOLUME']
Agent changed CPTs: ['CVP', 'LVEDVOLUME', 'STROKEVOLUME']
Unexpected changed CPTs: ['CVP', 'STROKEVOLUME']
{'bn_number': 4, 'agent_changed_cpt_count': 3, 'agent_changed_cpts': ['CVP', 'LVEDVOLUME', 'STROKEVOLUME'], 'agent_change_report': {'verdict': 'good', 'total_cpts': 37, 'expected_changed_count': 2, 'expected_changed_cpts': ['HYPOVOLEMIA', 'LVEDVOLUME'], 'agent_changed_count': 3, 'agent_changed_cpts': ['CVP', 'LVEDVOLUME', 'STROKEVOLUME'], 'matched_expected_count': 1, 'matched_expected_cpts': ['LVEDVOLUME'], 'missed_expected_count': 1, 'missed_expected_cpts': ['HYPOVOLEMIA'], 'unexpected_changed_count': 2, 'unexpected_changed_cpts': ['CVP', 'STROKEVOLUME'], 'unflawed_cpt_count': 35, 'untouched_unflawed_count': 33, 'untouched_unflawed_cpts': ['ANAPHYLAXIS', 'ARTCO2', 'BP', 'CATECHOL', 'CO', 'DISCONNECT', 'ERRCAUTER', 'ERRLOWOUTPUT', 'EXPCO2', 'FIO2', 'HISTORY', 'HR', 'HRBP', 'HREKG', 'HRSAT', 'INSUFFANESTH', 'INTUBATION', 'KINKEDTUBE', 'LVFAILURE', 'MINVOL', 'MINVOLSET', 'PAP', 'PCWP', 'PRESS', 'PULMEMBOLUS', 'PVSAT', 'SAO2', 'SHUNT', 'TPR', 'VENTALV', 'VENTLUNG', 'VENTMACH', 'VENTTUBE'], 'expected_change_recall': 0.5, 'unexpected_change_rate': 0.0571, 'unflawed_preservation_rate': 0.9429}}
======================================================================
CVP                            0.00324566
  Column 2:
    Flawed : [0.01 0.29 0.7 ]
    Prop   : [0.03 0.27 0.7 ]
    GT     : [0.01 0.29 0.7 ]
----------------------------------------------------------------------
HYPOVOLEMIA                    0.07144859
  Column 0:
    Flawed : [0.08 0.92]
    Prop   : [0.08 0.92]
    GT     : [0.2 0.8]
----------------------------------------------------------------------
LVEDVOLUME                     0.54996765
  Column 0:
    Flawed : [0.65 0.33 0.02]
    Prop   : [0.65 0.33 0.02]
    GT     : [0.95 0.04 0.01]
  Column 2:
    Flawed : [0.68 0.3  0.02]
    Prop   : [0.68 0.3  0.02]
    GT     : [0.98 0.01 0.01]
  Column 3:
    Flawed : [0.05 0.9  0.05]
    Prop   : [0.85 0.14 0.01]
    GT     : [0.05 0.9  0.05]
----------------------------------------------------------------------
STROKEVOLUME                   0.01197329
  Column 1:
    Flawed : [0.5  0.49 0.01]
    Prop   : [0.65 0.34 0.01]
    GT     : [0.5  0.49 0.01]
----------------------------------------------------------------------
======================================================================
Overall Average CPT KL = 0.00958415
======================================================================
CVP                            RMSE = 0.00942809
  Column 2:
    Flawed : [0.01 0.29 0.7 ]
    Prop   : [0.03 0.27 0.7 ]
    GT     : [0.01 0.29 0.7 ]
----------------------------------------------------------------------
HYPOVOLEMIA                    RMSE = 0.12000000
  Column 0:
    Flawed : [0.08 0.92]
    Prop   : [0.08 0.92]
    GT     : [0.2 0.8]
----------------------------------------------------------------------
LVEDVOLUME                     RMSE = 0.36143234
  Column 0:
    Flawed : [0.65 0.33 0.02]
    Prop   : [0.65 0.33 0.02]
    GT     : [0.95 0.04 0.01]
  Column 2:
    Flawed : [0.68 0.3  0.02]
    Prop   : [0.68 0.3  0.02]
    GT     : [0.98 0.01 0.01]
  Column 3:
    Flawed : [0.05 0.9  0.05]
    Prop   : [0.85 0.14 0.01]
    GT     : [0.05 0.9  0.05]
----------------------------------------------------------------------
STROKEVOLUME                   RMSE = 0.06123724
  Column 1:
    Flawed : [0.5  0.49 0.01]
    Prop   : [0.65 0.34 0.01]
    GT     : [0.5  0.49 0.01]
----------------------------------------------------------------------
======================================================================
Overall CPT RMSE = 0.04673090
======================================================================
CVP                            Hellinger = 0.01782046
  Column 2:
    Flawed : [0.01 0.29 0.7 ]
    Prop   : [0.03 0.27 0.7 ]
    GT     : [0.01 0.29 0.7 ]
----------------------------------------------------------------------
HYPOVOLEMIA                    Hellinger = 0.12491785
  Column 0:
    Flawed : [0.08 0.92]
    Prop   : [0.08 0.92]
    GT     : [0.2 0.8]
----------------------------------------------------------------------
LVEDVOLUME                     Hellinger = 0.31898684
  Column 0:
    Flawed : [0.65 0.33 0.02]
    Prop   : [0.65 0.33 0.02]
    GT     : [0.95 0.04 0.01]
  Column 2:
    Flawed : [0.68 0.3  0.02]
    Prop   : [0.68 0.3  0.02]
    GT     : [0.98 0.01 0.01]
  Column 3:
    Flawed : [0.05 0.9  0.05]
    Prop   : [0.85 0.14 0.01]
    GT     : [0.05 0.9  0.05]
----------------------------------------------------------------------
STROKEVOLUME                   Hellinger = 0.02709434
  Column 1:
    Flawed : [0.5  0.49 0.01]
    Prop   : [0.65 0.34 0.01]
    GT     : [0.5  0.49 0.01]
----------------------------------------------------------------------
======================================================================
Overall Average Hellinger = 0.00643088
###------------------------------###

Restart 0 finished.
###------------------------------###

==============================
PIPELINE RESTART #1
==============================
Cleared: /home/shamim_ist/AgentBN/workspace/alarm/bn_analysis.json
Cleared: /home/shamim_ist/AgentBN/workspace/alarm/last_proposed_bn.jsonl
Cleared: /home/shamim_ist/AgentBN/workspace/alarm/dangerous_cpt_report.json
Cleared: /home/shamim_ist/AgentBN/workspace/alarm/failure_parameter_statistics.json
Cleared: /home/shamim_ist/AgentBN/workspace/alarm/diagnostic_report.json

===================================================
Dataset: agentbn_train_subset_2.csv
===================================================
Accuracy: 75.15 %
Total: 330
Successes: 248
Failures: 82
Flawed BN Accuracy: 75.15%
Initial Acceptance Threshold: 82.61%

Initial Generation Attempt 0

Activation trace saved to /home/shamim_ist/AgentBN/workspace/alarm/activation_trace.csv
Failure parameter statistics saved to '/home/shamim_ist/AgentBN/workspace/alarm/failure_parameter_statistics.json'
Valid response received on attempt 1.
Valid response received on attempt 1.

===================================================

Accuracy: 75.15%

Workflow analysis for BN #0 stored in /home/shamim_ist/AgentBN/workspace/alarm/bn_analysis.json
Valid response received on attempt 1.
Selected baseline BN: 0

===================================================
Dataset: agentbn_train_subset_2.csv
===================================================
Accuracy: 75.15 %
Total: 330
Successes: 248
Failures: 82

Candidate 1: Accuracy = 0.7515, Failures = 82, Successes = 248

===================================================
Dataset: agentbn_train_subset_2.csv
===================================================
Accuracy: 77.58 %
Total: 330
Successes: 256
Failures: 74

Candidate 2: Accuracy = 0.7758, Failures = 74, Successes = 256

===================================================
Dataset: agentbn_train_subset_2.csv
===================================================
Accuracy: 75.15 %
Total: 330
Successes: 248
Failures: 82

Candidate 3: Accuracy = 0.7515, Failures = 82, Successes = 248

========================================
BEST REFINEMENT CANDIDATE
========================================
Candidate: 2
Modified CPTs: ['STROKEVOLUME']
Accuracy: 0.7758
Failures: 74
Successes: 256

===================================================
Dataset: agentbn_train_subset_2.csv
===================================================
Accuracy: 77.58 %
Total: 330
Successes: 256
Failures: 74
Accuracy = 77.58%

Initial Generation Attempt 1
Removed workflow analysis for BN #0 from /home/shamim_ist/AgentBN/workspace/alarm/bn_analysis.json

Activation trace saved to /home/shamim_ist/AgentBN/workspace/alarm/activation_trace.csv
Failure parameter statistics saved to '/home/shamim_ist/AgentBN/workspace/alarm/failure_parameter_statistics.json'
Valid response received on attempt 1.
Valid response received on attempt 1.

===================================================

Accuracy: 75.15%

Workflow analysis for BN #0 stored in /home/shamim_ist/AgentBN/workspace/alarm/bn_analysis.json
Valid response received on attempt 1.
Selected baseline BN: 0

===================================================
Dataset: agentbn_train_subset_2.csv
===================================================
Accuracy: 75.15 %
Total: 330
Successes: 248
Failures: 82

Candidate 1: Accuracy = 0.7515, Failures = 82, Successes = 248

===================================================
Dataset: agentbn_train_subset_2.csv
===================================================
Accuracy: 75.15 %
Total: 330
Successes: 248
Failures: 82

Candidate 2: Accuracy = 0.7515, Failures = 82, Successes = 248

===================================================
Dataset: agentbn_train_subset_2.csv
===================================================
Accuracy: 75.15 %
Total: 330
Successes: 248
Failures: 82

Candidate 3: Accuracy = 0.7515, Failures = 82, Successes = 248

========================================
BEST REFINEMENT CANDIDATE
========================================
Candidate: 1
Modified CPTs: ['CVP']
Accuracy: 0.7515
Failures: 82
Successes: 248

===================================================
Dataset: agentbn_train_subset_2.csv
===================================================
Accuracy: 75.15 %
Total: 330
Successes: 248
Failures: 82
Accuracy = 75.15%

Initial Generation Attempt 2
Removed workflow analysis for BN #0 from /home/shamim_ist/AgentBN/workspace/alarm/bn_analysis.json

Activation trace saved to /home/shamim_ist/AgentBN/workspace/alarm/activation_trace.csv
Failure parameter statistics saved to '/home/shamim_ist/AgentBN/workspace/alarm/failure_parameter_statistics.json'
Valid response received on attempt 1.
Valid response received on attempt 1.

===================================================

Accuracy: 75.15%

Workflow analysis for BN #0 stored in /home/shamim_ist/AgentBN/workspace/alarm/bn_analysis.json
Valid response received on attempt 1.
Selected baseline BN: 0

===================================================
Dataset: agentbn_train_subset_2.csv
===================================================
Accuracy: 77.58 %
Total: 330
Successes: 256
Failures: 74

Candidate 1: Accuracy = 0.7758, Failures = 74, Successes = 256

===================================================
Dataset: agentbn_train_subset_2.csv
===================================================
Accuracy: 78.48 %
Total: 330
Successes: 259
Failures: 71

Candidate 2: Accuracy = 0.7848, Failures = 71, Successes = 259

===================================================
Dataset: agentbn_train_subset_2.csv
===================================================
Accuracy: 76.67 %
Total: 330
Successes: 253
Failures: 77

Candidate 3: Accuracy = 0.7667, Failures = 77, Successes = 253

========================================
BEST REFINEMENT CANDIDATE
========================================
Candidate: 2
Modified CPTs: ['STROKEVOLUME']
Accuracy: 0.7848
Failures: 71
Successes: 259

===================================================
Dataset: agentbn_train_subset_2.csv
===================================================
Accuracy: 78.48 %
Total: 330
Successes: 259
Failures: 71
Accuracy = 78.48%
Threshold (82.61%) not reached after 3 attempts. Using best generated BN (78.48%).
Removed workflow analysis for BN #0 from /home/shamim_ist/AgentBN/workspace/alarm/bn_analysis.json

Initial BN generated

===== ITERATION 1 =====

===================================================
Dataset: agentbn_train_subset_2.csv
===================================================
Accuracy: 78.48 %
Total: 330
Successes: 259
Failures: 71

Activation trace saved to /home/shamim_ist/AgentBN/workspace/alarm/activation_trace.csv
Failure parameter statistics saved to '/home/shamim_ist/AgentBN/workspace/alarm/failure_parameter_statistics.json'
Valid response received on attempt 1.
Valid response received on attempt 1.

===================================================

Accuracy: 78.48%

Workflow analysis for BN #1 stored in /home/shamim_ist/AgentBN/workspace/alarm/bn_analysis.json
Valid response received on attempt 1.
Selected baseline BN: 1

===================================================
Dataset: agentbn_train_subset_2.csv
===================================================
Accuracy: 78.18 %
Total: 330
Successes: 258
Failures: 72

Candidate 1: Accuracy = 0.7818, Failures = 72, Successes = 258

===================================================
Dataset: agentbn_train_subset_2.csv
===================================================
Accuracy: 78.48 %
Total: 330
Successes: 259
Failures: 71

Candidate 2: Accuracy = 0.7848, Failures = 71, Successes = 259

===================================================
Dataset: agentbn_train_subset_2.csv
===================================================
Accuracy: 78.18 %
Total: 330
Successes: 258
Failures: 72

Candidate 3: Accuracy = 0.7818, Failures = 72, Successes = 258

========================================
BEST REFINEMENT CANDIDATE
========================================
Candidate: 2
Modified CPTs: ['BP']
Accuracy: 0.7848
Failures: 71
Successes: 259

===================================================
Dataset: agentbn_train_subset_2.csv
===================================================
Accuracy: 78.48 %
Total: 330
Successes: 259
Failures: 71

Accuracy did not improve. Need improvement from 78.48% 
Removed 1 record(s) with bn_number=2
Valid response received on attempt 1.
Selected baseline BN: 1

===================================================
Dataset: agentbn_train_subset_2.csv
===================================================
Accuracy: 77.88 %
Total: 330
Successes: 257
Failures: 73

Candidate 1: Accuracy = 0.7788, Failures = 73, Successes = 257

===================================================
Dataset: agentbn_train_subset_2.csv
===================================================
Accuracy: 78.48 %
Total: 330
Successes: 259
Failures: 71

Candidate 2: Accuracy = 0.7848, Failures = 71, Successes = 259

===================================================
Dataset: agentbn_train_subset_2.csv
===================================================
Accuracy: 77.58 %
Total: 330
Successes: 256
Failures: 74

Candidate 3: Accuracy = 0.7758, Failures = 74, Successes = 256

========================================
BEST REFINEMENT CANDIDATE
========================================
Candidate: 2
Modified CPTs: ['BP']
Accuracy: 0.7848
Failures: 71
Successes: 259

===================================================
Dataset: agentbn_train_subset_2.csv
===================================================
Accuracy: 78.48 %
Total: 330
Successes: 259
Failures: 71
Removed 1 record(s) with bn_number=2
[Format Retry 1/2] Expecting ',' delimiter: line 221 column 13 (char 4492)
Valid response received on attempt 2.
Selected baseline BN: 1

===================================================
Dataset: agentbn_train_subset_2.csv
===================================================
Accuracy: 77.88 %
Total: 330
Successes: 257
Failures: 73

Candidate 1: Accuracy = 0.7788, Failures = 73, Successes = 257

===================================================
Dataset: agentbn_train_subset_2.csv
===================================================
Accuracy: 78.48 %
Total: 330
Successes: 259
Failures: 71

Candidate 2: Accuracy = 0.7848, Failures = 71, Successes = 259

===================================================
Dataset: agentbn_train_subset_2.csv
===================================================
Accuracy: 77.88 %
Total: 330
Successes: 257
Failures: 73

Candidate 3: Accuracy = 0.7788, Failures = 73, Successes = 257

========================================
BEST REFINEMENT CANDIDATE
========================================
Candidate: 2
Modified CPTs: ['BP']
Accuracy: 0.7848
Failures: 71
Successes: 259

===================================================
Dataset: agentbn_train_subset_2.csv
===================================================
Accuracy: 78.48 %
Total: 330
Successes: 259
Failures: 71
Removed 1 record(s) with bn_number=2
Valid response received on attempt 1.
Selected baseline BN: 1

===================================================
Dataset: agentbn_train_subset_2.csv
===================================================
Accuracy: 77.88 %
Total: 330
Successes: 257
Failures: 73

Candidate 1: Accuracy = 0.7788, Failures = 73, Successes = 257

===================================================
Dataset: agentbn_train_subset_2.csv
===================================================
Accuracy: 78.48 %
Total: 330
Successes: 259
Failures: 71

Candidate 2: Accuracy = 0.7848, Failures = 71, Successes = 259

===================================================
Dataset: agentbn_train_subset_2.csv
===================================================
Accuracy: 77.88 %
Total: 330
Successes: 257
Failures: 73

Candidate 3: Accuracy = 0.7788, Failures = 73, Successes = 257

========================================
BEST REFINEMENT CANDIDATE
========================================
Candidate: 2
Modified CPTs: ['BP']
Accuracy: 0.7848
Failures: 71
Successes: 259

===================================================
Dataset: agentbn_train_subset_2.csv
===================================================
Accuracy: 78.48 %
Total: 330
Successes: 259
Failures: 71

No improvement after 3 retries. Selecting best retry candidate (accuracy=78.48%).
Removed 1 record(s) with bn_number=2
Continuing with retry candidate (accuracy=78.48%).

===== ITERATION 2 =====

===================================================
Dataset: agentbn_train_subset_2.csv
===================================================
Accuracy: 78.48 %
Total: 330
Successes: 259
Failures: 71

Activation trace saved to /home/shamim_ist/AgentBN/workspace/alarm/activation_trace.csv
Failure parameter statistics saved to '/home/shamim_ist/AgentBN/workspace/alarm/failure_parameter_statistics.json'
Valid response received on attempt 1.
Valid response received on attempt 1.

===================================================

Accuracy: 78.48%

Workflow analysis for BN #2 stored in /home/shamim_ist/AgentBN/workspace/alarm/bn_analysis.json
Valid response received on attempt 1.
Selected baseline BN: 1

===================================================
Dataset: agentbn_train_subset_2.csv
===================================================
Accuracy: 77.88 %
Total: 330
Successes: 257
Failures: 73

Candidate 1: Accuracy = 0.7788, Failures = 73, Successes = 257

===================================================
Dataset: agentbn_train_subset_2.csv
===================================================
Accuracy: 78.48 %
Total: 330
Successes: 259
Failures: 71

Candidate 2: Accuracy = 0.7848, Failures = 71, Successes = 259

===================================================
Dataset: agentbn_train_subset_2.csv
===================================================
Accuracy: 77.88 %
Total: 330
Successes: 257
Failures: 73

Candidate 3: Accuracy = 0.7788, Failures = 73, Successes = 257

========================================
BEST REFINEMENT CANDIDATE
========================================
Candidate: 2
Modified CPTs: ['BP']
Accuracy: 0.7848
Failures: 71
Successes: 259

===================================================
Dataset: agentbn_train_subset_2.csv
===================================================
Accuracy: 78.48 %
Total: 330
Successes: 259
Failures: 71

Accuracy did not improve. Need improvement from 78.48% 
Removed 1 record(s) with bn_number=3
Valid response received on attempt 1.
Selected baseline BN: 1

===================================================
Dataset: agentbn_train_subset_2.csv
===================================================
Accuracy: 78.18 %
Total: 330
Successes: 258
Failures: 72

Candidate 1: Accuracy = 0.7818, Failures = 72, Successes = 258

===================================================
Dataset: agentbn_train_subset_2.csv
===================================================
Accuracy: 78.48 %
Total: 330
Successes: 259
Failures: 71

Candidate 2: Accuracy = 0.7848, Failures = 71, Successes = 259

===================================================
Dataset: agentbn_train_subset_2.csv
===================================================
Accuracy: 77.27 %
Total: 330
Successes: 255
Failures: 75

Candidate 3: Accuracy = 0.7727, Failures = 75, Successes = 255

========================================
BEST REFINEMENT CANDIDATE
========================================
Candidate: 2
Modified CPTs: ['BP']
Accuracy: 0.7848
Failures: 71
Successes: 259

===================================================
Dataset: agentbn_train_subset_2.csv
===================================================
Accuracy: 78.48 %
Total: 330
Successes: 259
Failures: 71
Removed 1 record(s) with bn_number=3
Valid response received on attempt 1.
Selected baseline BN: 1

===================================================
Dataset: agentbn_train_subset_2.csv
===================================================
Accuracy: 78.18 %
Total: 330
Successes: 258
Failures: 72

Candidate 1: Accuracy = 0.7818, Failures = 72, Successes = 258

===================================================
Dataset: agentbn_train_subset_2.csv
===================================================
Accuracy: 78.48 %
Total: 330
Successes: 259
Failures: 71

Candidate 2: Accuracy = 0.7848, Failures = 71, Successes = 259

===================================================
Dataset: agentbn_train_subset_2.csv
===================================================
Accuracy: 78.18 %
Total: 330
Successes: 258
Failures: 72

Candidate 3: Accuracy = 0.7818, Failures = 72, Successes = 258

========================================
BEST REFINEMENT CANDIDATE
========================================
Candidate: 2
Modified CPTs: ['BP']
Accuracy: 0.7848
Failures: 71
Successes: 259

===================================================
Dataset: agentbn_train_subset_2.csv
===================================================
Accuracy: 78.48 %
Total: 330
Successes: 259
Failures: 71
Removed 1 record(s) with bn_number=3
Valid response received on attempt 1.
Selected baseline BN: 1

===================================================
Dataset: agentbn_train_subset_2.csv
===================================================
Accuracy: 78.18 %
Total: 330
Successes: 258
Failures: 72

Candidate 1: Accuracy = 0.7818, Failures = 72, Successes = 258

===================================================
Dataset: agentbn_train_subset_2.csv
===================================================
Accuracy: 78.48 %
Total: 330
Successes: 259
Failures: 71

Candidate 2: Accuracy = 0.7848, Failures = 71, Successes = 259

===================================================
Dataset: agentbn_train_subset_2.csv
===================================================
Accuracy: 78.18 %
Total: 330
Successes: 258
Failures: 72

Candidate 3: Accuracy = 0.7818, Failures = 72, Successes = 258

========================================
BEST REFINEMENT CANDIDATE
========================================
Candidate: 2
Modified CPTs: ['BP']
Accuracy: 0.7848
Failures: 71
Successes: 259

===================================================
Dataset: agentbn_train_subset_2.csv
===================================================
Accuracy: 78.48 %
Total: 330
Successes: 259
Failures: 71

No improvement after 3 retries. Selecting best retry candidate (accuracy=78.48%).
Removed 1 record(s) with bn_number=3
Continuing with retry candidate (accuracy=78.48%).

===== ITERATION 3 =====

===================================================
Dataset: agentbn_train_subset_2.csv
===================================================
Accuracy: 78.48 %
Total: 330
Successes: 259
Failures: 71

Activation trace saved to /home/shamim_ist/AgentBN/workspace/alarm/activation_trace.csv
Failure parameter statistics saved to '/home/shamim_ist/AgentBN/workspace/alarm/failure_parameter_statistics.json'
Valid response received on attempt 1.
Valid response received on attempt 1.

===================================================

Accuracy: 78.48%

Workflow analysis for BN #3 stored in /home/shamim_ist/AgentBN/workspace/alarm/bn_analysis.json
Valid response received on attempt 1.
Selected baseline BN: 1

===================================================
Dataset: agentbn_train_subset_2.csv
===================================================
Accuracy: 78.18 %
Total: 330
Successes: 258
Failures: 72

Candidate 1: Accuracy = 0.7818, Failures = 72, Successes = 258

===================================================
Dataset: agentbn_train_subset_2.csv
===================================================
Accuracy: 78.48 %
Total: 330
Successes: 259
Failures: 71

Candidate 2: Accuracy = 0.7848, Failures = 71, Successes = 259

===================================================
Dataset: agentbn_train_subset_2.csv
===================================================
Accuracy: 78.18 %
Total: 330
Successes: 258
Failures: 72

Candidate 3: Accuracy = 0.7818, Failures = 72, Successes = 258

========================================
BEST REFINEMENT CANDIDATE
========================================
Candidate: 2
Modified CPTs: ['BP']
Accuracy: 0.7848
Failures: 71
Successes: 259

===================================================
Dataset: agentbn_train_subset_2.csv
===================================================
Accuracy: 78.48 %
Total: 330
Successes: 259
Failures: 71

Accuracy did not improve. Need improvement from 78.48% 
Removed 1 record(s) with bn_number=4
Valid response received on attempt 1.
Selected baseline BN: 1

===================================================
Dataset: agentbn_train_subset_2.csv
===================================================
Accuracy: 78.18 %
Total: 330
Successes: 258
Failures: 72

Candidate 1: Accuracy = 0.7818, Failures = 72, Successes = 258

===================================================
Dataset: agentbn_train_subset_2.csv
===================================================
Accuracy: 78.48 %
Total: 330
Successes: 259
Failures: 71

Candidate 2: Accuracy = 0.7848, Failures = 71, Successes = 259

===================================================
Dataset: agentbn_train_subset_2.csv
===================================================
Accuracy: 78.18 %
Total: 330
Successes: 258
Failures: 72

Candidate 3: Accuracy = 0.7818, Failures = 72, Successes = 258

========================================
BEST REFINEMENT CANDIDATE
========================================
Candidate: 2
Modified CPTs: ['BP']
Accuracy: 0.7848
Failures: 71
Successes: 259

===================================================
Dataset: agentbn_train_subset_2.csv
===================================================
Accuracy: 78.48 %
Total: 330
Successes: 259
Failures: 71
Removed 1 record(s) with bn_number=4
Valid response received on attempt 1.
Selected baseline BN: 1

===================================================
Dataset: agentbn_train_subset_2.csv
===================================================
Accuracy: 77.88 %
Total: 330
Successes: 257
Failures: 73

Candidate 1: Accuracy = 0.7788, Failures = 73, Successes = 257

===================================================
Dataset: agentbn_train_subset_2.csv
===================================================
Accuracy: 78.48 %
Total: 330
Successes: 259
Failures: 71

Candidate 2: Accuracy = 0.7848, Failures = 71, Successes = 259

===================================================
Dataset: agentbn_train_subset_2.csv
===================================================
Accuracy: 77.58 %
Total: 330
Successes: 256
Failures: 74

Candidate 3: Accuracy = 0.7758, Failures = 74, Successes = 256

========================================
BEST REFINEMENT CANDIDATE
========================================
Candidate: 2
Modified CPTs: ['BP']
Accuracy: 0.7848
Failures: 71
Successes: 259

===================================================
Dataset: agentbn_train_subset_2.csv
===================================================
Accuracy: 78.48 %
Total: 330
Successes: 259
Failures: 71
Removed 1 record(s) with bn_number=4
Valid response received on attempt 1.
Selected baseline BN: 1

===================================================
Dataset: agentbn_train_subset_2.csv
===================================================
Accuracy: 78.18 %
Total: 330
Successes: 258
Failures: 72

Candidate 1: Accuracy = 0.7818, Failures = 72, Successes = 258

===================================================
Dataset: agentbn_train_subset_2.csv
===================================================
Accuracy: 78.48 %
Total: 330
Successes: 259
Failures: 71

Candidate 2: Accuracy = 0.7848, Failures = 71, Successes = 259

===================================================
Dataset: agentbn_train_subset_2.csv
===================================================
Accuracy: 78.18 %
Total: 330
Successes: 258
Failures: 72

Candidate 3: Accuracy = 0.7818, Failures = 72, Successes = 258

========================================
BEST REFINEMENT CANDIDATE
========================================
Candidate: 2
Modified CPTs: ['BP']
Accuracy: 0.7848
Failures: 71
Successes: 259

===================================================
Dataset: agentbn_train_subset_2.csv
===================================================
Accuracy: 78.48 %
Total: 330
Successes: 259
Failures: 71

No improvement after 3 retries. Selecting best retry candidate (accuracy=78.48%).
Removed 1 record(s) with bn_number=4
Continuing with retry candidate (accuracy=78.48%).

===================================================
Dataset: agentbn_train_subset_2.csv
===================================================
Accuracy: 75.15 %
Total: 330
Successes: 248
Failures: 82

===================================================
Dataset: agentbn_train_subset_2.csv
===================================================
Accuracy: 78.48 %
Total: 330
Successes: 259
Failures: 71

===================================================
Dataset: agentbn_train_subset_2.csv
===================================================
Accuracy: 78.48 %
Total: 330
Successes: 259
Failures: 71

===================================================
Dataset: agentbn_train_subset_2.csv
===================================================
Accuracy: 78.48 %
Total: 330
Successes: 259
Failures: 71

===================================================
Dataset: agentbn_train_subset_2.csv
===================================================
Accuracy: 78.48 %
Total: 330
Successes: 259
Failures: 71


Best BN Number: 4
Best BN Accuracy: 0.7848484848484848
Saved CPT identity comparison to /home/shamim_ist/AgentBN/workspace/alarm/cpt_comparison_analysis.json
BN number: 4
Agent change verdict: poor
Expected changed CPTs: ['HYPOVOLEMIA', 'LVEDVOLUME']
Agent changed CPTs: ['BP', 'STROKEVOLUME']
Unexpected changed CPTs: ['BP', 'STROKEVOLUME']
{'bn_number': 4, 'agent_changed_cpt_count': 2, 'agent_changed_cpts': ['BP', 'STROKEVOLUME'], 'agent_change_report': {'verdict': 'poor', 'total_cpts': 37, 'expected_changed_count': 2, 'expected_changed_cpts': ['HYPOVOLEMIA', 'LVEDVOLUME'], 'agent_changed_count': 2, 'agent_changed_cpts': ['BP', 'STROKEVOLUME'], 'matched_expected_count': 0, 'matched_expected_cpts': [], 'missed_expected_count': 2, 'missed_expected_cpts': ['HYPOVOLEMIA', 'LVEDVOLUME'], 'unexpected_changed_count': 2, 'unexpected_changed_cpts': ['BP', 'STROKEVOLUME'], 'unflawed_cpt_count': 35, 'untouched_unflawed_count': 33, 'untouched_unflawed_cpts': ['ANAPHYLAXIS', 'ARTCO2', 'CATECHOL', 'CO', 'CVP', 'DISCONNECT', 'ERRCAUTER', 'ERRLOWOUTPUT', 'EXPCO2', 'FIO2', 'HISTORY', 'HR', 'HRBP', 'HREKG', 'HRSAT', 'INSUFFANESTH', 'INTUBATION', 'KINKEDTUBE', 'LVFAILURE', 'MINVOL', 'MINVOLSET', 'PAP', 'PCWP', 'PRESS', 'PULMEMBOLUS', 'PVSAT', 'SAO2', 'SHUNT', 'TPR', 'VENTALV', 'VENTLUNG', 'VENTMACH', 'VENTTUBE'], 'expected_change_recall': 0.0, 'unexpected_change_rate': 0.0571, 'unflawed_preservation_rate': 0.9429}}
======================================================================
BP                             0.00619208
  Column 1:
    Flawed : [0.98 0.01 0.01]
    Prop   : [0.9  0.08 0.02]
    GT     : [0.98 0.01 0.01]
----------------------------------------------------------------------
HYPOVOLEMIA                    0.07144859
  Column 0:
    Flawed : [0.08 0.92]
    Prop   : [0.08 0.92]
    GT     : [0.2 0.8]
----------------------------------------------------------------------
LVEDVOLUME                     0.14659557
  Column 0:
    Flawed : [0.65 0.33 0.02]
    Prop   : [0.65 0.33 0.02]
    GT     : [0.95 0.04 0.01]
  Column 2:
    Flawed : [0.68 0.3  0.02]
    Prop   : [0.68 0.3  0.02]
    GT     : [0.98 0.01 0.01]
----------------------------------------------------------------------
STROKEVOLUME                   0.05730376
  Column 1:
    Flawed : [0.5  0.49 0.01]
    Prop   : [0.8  0.19 0.01]
    GT     : [0.5  0.49 0.01]
----------------------------------------------------------------------
======================================================================
Overall Average CPT KL = 0.00387973
======================================================================
BP                             RMSE = 0.02054805
  Column 1:
    Flawed : [0.98 0.01 0.01]
    Prop   : [0.9  0.08 0.02]
    GT     : [0.98 0.01 0.01]
----------------------------------------------------------------------
HYPOVOLEMIA                    RMSE = 0.12000000
  Column 0:
    Flawed : [0.08 0.92]
    Prop   : [0.08 0.92]
    GT     : [0.2 0.8]
----------------------------------------------------------------------
LVEDVOLUME                     RMSE = 0.17039171
  Column 0:
    Flawed : [0.65 0.33 0.02]
    Prop   : [0.65 0.33 0.02]
    GT     : [0.95 0.04 0.01]
  Column 2:
    Flawed : [0.68 0.3  0.02]
    Prop   : [0.68 0.3  0.02]
    GT     : [0.98 0.01 0.01]
----------------------------------------------------------------------
STROKEVOLUME                   RMSE = 0.12247449
  Column 1:
    Flawed : [0.5  0.49 0.01]
    Prop   : [0.8  0.19 0.01]
    GT     : [0.5  0.49 0.01]
----------------------------------------------------------------------
======================================================================
Overall CPT RMSE = 0.02749758
======================================================================
BP                             Hellinger = 0.01508210
  Column 1:
    Flawed : [0.98 0.01 0.01]
    Prop   : [0.9  0.08 0.02]
    GT     : [0.98 0.01 0.01]
----------------------------------------------------------------------
HYPOVOLEMIA                    Hellinger = 0.12491785
  Column 0:
    Flawed : [0.08 0.92]
    Prop   : [0.08 0.92]
    GT     : [0.2 0.8]
----------------------------------------------------------------------
LVEDVOLUME                     Hellinger = 0.15764108
  Column 0:
    Flawed : [0.65 0.33 0.02]
    Prop   : [0.65 0.33 0.02]
    GT     : [0.95 0.04 0.01]
  Column 2:
    Flawed : [0.68 0.3  0.02]
    Prop   : [0.68 0.3  0.02]
    GT     : [0.98 0.01 0.01]
----------------------------------------------------------------------
STROKEVOLUME                   Hellinger = 0.05723938
  Column 1:
    Flawed : [0.5  0.49 0.01]
    Prop   : [0.8  0.19 0.01]
    GT     : [0.5  0.49 0.01]
----------------------------------------------------------------------
======================================================================
Overall Average Hellinger = 0.00460979
###------------------------------###

Restart 1 finished.
###------------------------------###

==============================
PIPELINE RESTART #2
==============================
Cleared: /home/shamim_ist/AgentBN/workspace/alarm/bn_analysis.json
Cleared: /home/shamim_ist/AgentBN/workspace/alarm/last_proposed_bn.jsonl
Cleared: /home/shamim_ist/AgentBN/workspace/alarm/dangerous_cpt_report.json
Cleared: /home/shamim_ist/AgentBN/workspace/alarm/failure_parameter_statistics.json
Cleared: /home/shamim_ist/AgentBN/workspace/alarm/diagnostic_report.json

===================================================
Dataset: agentbn_train_subset_2.csv
===================================================
Accuracy: 75.15 %
Total: 330
Successes: 248
Failures: 82
Flawed BN Accuracy: 75.15%
Initial Acceptance Threshold: 82.61%

Initial Generation Attempt 0

Activation trace saved to /home/shamim_ist/AgentBN/workspace/alarm/activation_trace.csv
Failure parameter statistics saved to '/home/shamim_ist/AgentBN/workspace/alarm/failure_parameter_statistics.json'
Valid response received on attempt 1.
Valid response received on attempt 1.

===================================================

Accuracy: 75.15%

Workflow analysis for BN #0 stored in /home/shamim_ist/AgentBN/workspace/alarm/bn_analysis.json
Valid response received on attempt 1.
Selected baseline BN: 0

===================================================
Dataset: agentbn_train_subset_2.csv
===================================================
Accuracy: 77.58 %
Total: 330
Successes: 256
Failures: 74

Candidate 1: Accuracy = 0.7758, Failures = 74, Successes = 256

===================================================
Dataset: agentbn_train_subset_2.csv
===================================================
Accuracy: 78.48 %
Total: 330
Successes: 259
Failures: 71

Candidate 2: Accuracy = 0.7848, Failures = 71, Successes = 259

===================================================
Dataset: agentbn_train_subset_2.csv
===================================================
Accuracy: 77.88 %
Total: 330
Successes: 257
Failures: 73

Candidate 3: Accuracy = 0.7788, Failures = 73, Successes = 257

========================================
BEST REFINEMENT CANDIDATE
========================================
Candidate: 2
Modified CPTs: ['STROKEVOLUME']
Accuracy: 0.7848
Failures: 71
Successes: 259

===================================================
Dataset: agentbn_train_subset_2.csv
===================================================
Accuracy: 78.48 %
Total: 330
Successes: 259
Failures: 71
Accuracy = 78.48%

Initial Generation Attempt 1
Removed workflow analysis for BN #0 from /home/shamim_ist/AgentBN/workspace/alarm/bn_analysis.json

Activation trace saved to /home/shamim_ist/AgentBN/workspace/alarm/activation_trace.csv
Failure parameter statistics saved to '/home/shamim_ist/AgentBN/workspace/alarm/failure_parameter_statistics.json'
Valid response received on attempt 1.
Valid response received on attempt 1.

===================================================

Accuracy: 75.15%

Workflow analysis for BN #0 stored in /home/shamim_ist/AgentBN/workspace/alarm/bn_analysis.json
Valid response received on attempt 1.
Selected baseline BN: 0

===================================================
Dataset: agentbn_train_subset_2.csv
===================================================
Accuracy: 75.76 %
Total: 330
Successes: 250
Failures: 80

Candidate 1: Accuracy = 0.7576, Failures = 80, Successes = 250

===================================================
Dataset: agentbn_train_subset_2.csv
===================================================
Accuracy: 75.15 %
Total: 330
Successes: 248
Failures: 82

Candidate 2: Accuracy = 0.7515, Failures = 82, Successes = 248

===================================================
Dataset: agentbn_train_subset_2.csv
===================================================
Accuracy: 76.67 %
Total: 330
Successes: 253
Failures: 77

Candidate 3: Accuracy = 0.7667, Failures = 77, Successes = 253

========================================
BEST REFINEMENT CANDIDATE
========================================
Candidate: 3
Modified CPTs: ['BP']
Accuracy: 0.7667
Failures: 77
Successes: 253

===================================================
Dataset: agentbn_train_subset_2.csv
===================================================
Accuracy: 76.67 %
Total: 330
Successes: 253
Failures: 77
Accuracy = 76.67%

Initial Generation Attempt 2
Removed workflow analysis for BN #0 from /home/shamim_ist/AgentBN/workspace/alarm/bn_analysis.json

Activation trace saved to /home/shamim_ist/AgentBN/workspace/alarm/activation_trace.csv
Failure parameter statistics saved to '/home/shamim_ist/AgentBN/workspace/alarm/failure_parameter_statistics.json'
Valid response received on attempt 1.
Valid response received on attempt 1.

===================================================

Accuracy: 75.15%

Workflow analysis for BN #0 stored in /home/shamim_ist/AgentBN/workspace/alarm/bn_analysis.json
[Format Retry 1/2] Expecting ',' delimiter: line 222 column 13 (char 4541)
Valid response received on attempt 2.
Selected baseline BN: 0

===================================================
Dataset: agentbn_train_subset_2.csv
===================================================
Accuracy: 75.76 %
Total: 330
Successes: 250
Failures: 80

Candidate 1: Accuracy = 0.7576, Failures = 80, Successes = 250

===================================================
Dataset: agentbn_train_subset_2.csv
===================================================
Accuracy: 74.85 %
Total: 330
Successes: 247
Failures: 83

Candidate 2: Accuracy = 0.7485, Failures = 83, Successes = 247

===================================================
Dataset: agentbn_train_subset_2.csv
===================================================
Accuracy: 73.94 %
Total: 330
Successes: 244
Failures: 86

Candidate 3: Accuracy = 0.7394, Failures = 86, Successes = 244

========================================
BEST REFINEMENT CANDIDATE
========================================
Candidate: 1
Modified CPTs: ['STROKEVOLUME']
Accuracy: 0.7576
Failures: 80
Successes: 250

===================================================
Dataset: agentbn_train_subset_2.csv
===================================================
Accuracy: 75.76 %
Total: 330
Successes: 250
Failures: 80
Accuracy = 75.76%
Threshold (82.61%) not reached after 3 attempts. Using best generated BN (78.48%).
Removed workflow analysis for BN #0 from /home/shamim_ist/AgentBN/workspace/alarm/bn_analysis.json

Initial BN generated

===== ITERATION 1 =====

===================================================
Dataset: agentbn_train_subset_2.csv
===================================================
Accuracy: 78.48 %
Total: 330
Successes: 259
Failures: 71

Activation trace saved to /home/shamim_ist/AgentBN/workspace/alarm/activation_trace.csv
Failure parameter statistics saved to '/home/shamim_ist/AgentBN/workspace/alarm/failure_parameter_statistics.json'
Valid response received on attempt 1.
Valid response received on attempt 1.

===================================================

Accuracy: 78.48%

Workflow analysis for BN #1 stored in /home/shamim_ist/AgentBN/workspace/alarm/bn_analysis.json
Valid response received on attempt 1.
Selected baseline BN: 1

===================================================
Dataset: agentbn_train_subset_2.csv
===================================================
Accuracy: 78.48 %
Total: 330
Successes: 259
Failures: 71

Candidate 1: Accuracy = 0.7848, Failures = 71, Successes = 259

===================================================
Dataset: agentbn_train_subset_2.csv
===================================================
Accuracy: 78.48 %
Total: 330
Successes: 259
Failures: 71

Candidate 2: Accuracy = 0.7848, Failures = 71, Successes = 259

===================================================
Dataset: agentbn_train_subset_2.csv
===================================================
Accuracy: 78.18 %
Total: 330
Successes: 258
Failures: 72

Candidate 3: Accuracy = 0.7818, Failures = 72, Successes = 258

========================================
BEST REFINEMENT CANDIDATE
========================================
Candidate: 1
Modified CPTs: ['BP']
Accuracy: 0.7848
Failures: 71
Successes: 259

===================================================
Dataset: agentbn_train_subset_2.csv
===================================================
Accuracy: 78.48 %
Total: 330
Successes: 259
Failures: 71

Accuracy did not improve. Need improvement from 78.48% 
Removed 1 record(s) with bn_number=2
[Format Retry 1/2] Expecting ',' delimiter: line 169 column 13 (char 3393)
Valid response received on attempt 2.
Selected baseline BN: 1

===================================================
Dataset: agentbn_train_subset_2.csv
===================================================
Accuracy: 78.48 %
Total: 330
Successes: 259
Failures: 71

Candidate 1: Accuracy = 0.7848, Failures = 71, Successes = 259

===================================================
Dataset: agentbn_train_subset_2.csv
===================================================
Accuracy: 78.48 %
Total: 330
Successes: 259
Failures: 71

Candidate 2: Accuracy = 0.7848, Failures = 71, Successes = 259

===================================================
Dataset: agentbn_train_subset_2.csv
===================================================
Accuracy: 78.18 %
Total: 330
Successes: 258
Failures: 72

Candidate 3: Accuracy = 0.7818, Failures = 72, Successes = 258

========================================
BEST REFINEMENT CANDIDATE
========================================
Candidate: 1
Modified CPTs: ['BP']
Accuracy: 0.7848
Failures: 71
Successes: 259

===================================================
Dataset: agentbn_train_subset_2.csv
===================================================
Accuracy: 78.48 %
Total: 330
Successes: 259
Failures: 71
Removed 1 record(s) with bn_number=2
Valid response received on attempt 1.
Selected baseline BN: 1

===================================================
Dataset: agentbn_train_subset_2.csv
===================================================
Accuracy: 78.48 %
Total: 330
Successes: 259
Failures: 71

Candidate 1: Accuracy = 0.7848, Failures = 71, Successes = 259

===================================================
Dataset: agentbn_train_subset_2.csv
===================================================
Accuracy: 78.18 %
Total: 330
Successes: 258
Failures: 72

Candidate 2: Accuracy = 0.7818, Failures = 72, Successes = 258

===================================================
Dataset: agentbn_train_subset_2.csv
===================================================
Accuracy: 77.88 %
Total: 330
Successes: 257
Failures: 73

Candidate 3: Accuracy = 0.7788, Failures = 73, Successes = 257

========================================
BEST REFINEMENT CANDIDATE
========================================
Candidate: 1
Modified CPTs: ['BP']
Accuracy: 0.7848
Failures: 71
Successes: 259

===================================================
Dataset: agentbn_train_subset_2.csv
===================================================
Accuracy: 78.48 %
Total: 330
Successes: 259
Failures: 71
Removed 1 record(s) with bn_number=2
Valid response received on attempt 1.
Selected baseline BN: 1

===================================================
Dataset: agentbn_train_subset_2.csv
===================================================
Accuracy: 78.48 %
Total: 330
Successes: 259
Failures: 71

Candidate 1: Accuracy = 0.7848, Failures = 71, Successes = 259

===================================================
Dataset: agentbn_train_subset_2.csv
===================================================
Accuracy: 78.18 %
Total: 330
Successes: 258
Failures: 72

Candidate 2: Accuracy = 0.7818, Failures = 72, Successes = 258

===================================================
Dataset: agentbn_train_subset_2.csv
===================================================
Accuracy: 78.48 %
Total: 330
Successes: 259
Failures: 71

Candidate 3: Accuracy = 0.7848, Failures = 71, Successes = 259

========================================
BEST REFINEMENT CANDIDATE
========================================
Candidate: 1
Modified CPTs: ['BP']
Accuracy: 0.7848
Failures: 71
Successes: 259

===================================================
Dataset: agentbn_train_subset_2.csv
===================================================
Accuracy: 78.48 %
Total: 330
Successes: 259
Failures: 71

No improvement after 3 retries. Selecting best retry candidate (accuracy=78.48%).
Removed 1 record(s) with bn_number=2
Continuing with retry candidate (accuracy=78.48%).

===== ITERATION 2 =====

===================================================
Dataset: agentbn_train_subset_2.csv
===================================================
Accuracy: 78.48 %
Total: 330
Successes: 259
Failures: 71

Activation trace saved to /home/shamim_ist/AgentBN/workspace/alarm/activation_trace.csv
Failure parameter statistics saved to '/home/shamim_ist/AgentBN/workspace/alarm/failure_parameter_statistics.json'
Valid response received on attempt 1.
Valid response received on attempt 1.

===================================================

Accuracy: 78.48%

Workflow analysis for BN #2 stored in /home/shamim_ist/AgentBN/workspace/alarm/bn_analysis.json
Valid response received on attempt 1.
Selected baseline BN: 1

===================================================
Dataset: agentbn_train_subset_2.csv
===================================================
Accuracy: 78.48 %
Total: 330
Successes: 259
Failures: 71

Candidate 1: Accuracy = 0.7848, Failures = 71, Successes = 259

===================================================
Dataset: agentbn_train_subset_2.csv
===================================================
Accuracy: 78.18 %
Total: 330
Successes: 258
Failures: 72

Candidate 2: Accuracy = 0.7818, Failures = 72, Successes = 258

===================================================
Dataset: agentbn_train_subset_2.csv
===================================================
Accuracy: 78.48 %
Total: 330
Successes: 259
Failures: 71

Candidate 3: Accuracy = 0.7848, Failures = 71, Successes = 259

========================================
BEST REFINEMENT CANDIDATE
========================================
Candidate: 1
Modified CPTs: ['BP']
Accuracy: 0.7848
Failures: 71
Successes: 259

===================================================
Dataset: agentbn_train_subset_2.csv
===================================================
Accuracy: 78.48 %
Total: 330
Successes: 259
Failures: 71

Accuracy did not improve. Need improvement from 78.48% 
Removed 1 record(s) with bn_number=3
Valid response received on attempt 1.
Selected baseline BN: 1

===================================================
Dataset: agentbn_train_subset_2.csv
===================================================
Accuracy: 78.48 %
Total: 330
Successes: 259
Failures: 71

Candidate 1: Accuracy = 0.7848, Failures = 71, Successes = 259

===================================================
Dataset: agentbn_train_subset_2.csv
===================================================
Accuracy: 78.48 %
Total: 330
Successes: 259
Failures: 71

Candidate 2: Accuracy = 0.7848, Failures = 71, Successes = 259

===================================================
Dataset: agentbn_train_subset_2.csv
===================================================
Accuracy: 78.18 %
Total: 330
Successes: 258
Failures: 72

Candidate 3: Accuracy = 0.7818, Failures = 72, Successes = 258

========================================
BEST REFINEMENT CANDIDATE
========================================
Candidate: 1
Modified CPTs: ['BP']
Accuracy: 0.7848
Failures: 71
Successes: 259

===================================================
Dataset: agentbn_train_subset_2.csv
===================================================
Accuracy: 78.48 %
Total: 330
Successes: 259
Failures: 71
Removed 1 record(s) with bn_number=3
Valid response received on attempt 1.
Selected baseline BN: 1

===================================================
Dataset: agentbn_train_subset_2.csv
===================================================
Accuracy: 78.48 %
Total: 330
Successes: 259
Failures: 71

Candidate 1: Accuracy = 0.7848, Failures = 71, Successes = 259

===================================================
Dataset: agentbn_train_subset_2.csv
===================================================
Accuracy: 78.48 %
Total: 330
Successes: 259
Failures: 71

Candidate 2: Accuracy = 0.7848, Failures = 71, Successes = 259

===================================================
Dataset: agentbn_train_subset_2.csv
===================================================
Accuracy: 78.18 %
Total: 330
Successes: 258
Failures: 72

Candidate 3: Accuracy = 0.7818, Failures = 72, Successes = 258

========================================
BEST REFINEMENT CANDIDATE
========================================
Candidate: 1
Modified CPTs: ['BP']
Accuracy: 0.7848
Failures: 71
Successes: 259

===================================================
Dataset: agentbn_train_subset_2.csv
===================================================
Accuracy: 78.48 %
Total: 330
Successes: 259
Failures: 71
Removed 1 record(s) with bn_number=3
[Format Retry 1/2] Expecting ',' delimiter: line 169 column 13 (char 3393)
Valid response received on attempt 2.
Selected baseline BN: 1

===================================================
Dataset: agentbn_train_subset_2.csv
===================================================
Accuracy: 78.48 %
Total: 330
Successes: 259
Failures: 71

Candidate 1: Accuracy = 0.7848, Failures = 71, Successes = 259

===================================================
Dataset: agentbn_train_subset_2.csv
===================================================
Accuracy: 78.18 %
Total: 330
Successes: 258
Failures: 72

Candidate 2: Accuracy = 0.7818, Failures = 72, Successes = 258

===================================================
Dataset: agentbn_train_subset_2.csv
===================================================
Accuracy: 78.48 %
Total: 330
Successes: 259
Failures: 71

Candidate 3: Accuracy = 0.7848, Failures = 71, Successes = 259

========================================
BEST REFINEMENT CANDIDATE
========================================
Candidate: 1
Modified CPTs: ['BP']
Accuracy: 0.7848
Failures: 71
Successes: 259

===================================================
Dataset: agentbn_train_subset_2.csv
===================================================
Accuracy: 78.48 %
Total: 330
Successes: 259
Failures: 71

No improvement after 3 retries. Selecting best retry candidate (accuracy=78.48%).
Removed 1 record(s) with bn_number=3
Continuing with retry candidate (accuracy=78.48%).

===== ITERATION 3 =====

===================================================
Dataset: agentbn_train_subset_2.csv
===================================================
Accuracy: 78.48 %
Total: 330
Successes: 259
Failures: 71

Activation trace saved to /home/shamim_ist/AgentBN/workspace/alarm/activation_trace.csv
Failure parameter statistics saved to '/home/shamim_ist/AgentBN/workspace/alarm/failure_parameter_statistics.json'
Valid response received on attempt 1.
Valid response received on attempt 1.

===================================================

Accuracy: 78.48%

Workflow analysis for BN #3 stored in /home/shamim_ist/AgentBN/workspace/alarm/bn_analysis.json
Valid response received on attempt 1.
Selected baseline BN: 1

===================================================
Dataset: agentbn_train_subset_2.csv
===================================================
Accuracy: 78.48 %
Total: 330
Successes: 259
Failures: 71

Candidate 1: Accuracy = 0.7848, Failures = 71, Successes = 259

===================================================
Dataset: agentbn_train_subset_2.csv
===================================================
Accuracy: 78.48 %
Total: 330
Successes: 259
Failures: 71

Candidate 2: Accuracy = 0.7848, Failures = 71, Successes = 259

===================================================
Dataset: agentbn_train_subset_2.csv
===================================================
Accuracy: 77.58 %
Total: 330
Successes: 256
Failures: 74

Candidate 3: Accuracy = 0.7758, Failures = 74, Successes = 256

========================================
BEST REFINEMENT CANDIDATE
========================================
Candidate: 1
Modified CPTs: ['BP']
Accuracy: 0.7848
Failures: 71
Successes: 259

===================================================
Dataset: agentbn_train_subset_2.csv
===================================================
Accuracy: 78.48 %
Total: 330
Successes: 259
Failures: 71

Accuracy did not improve. Need improvement from 78.48% 
Removed 1 record(s) with bn_number=4
Valid response received on attempt 1.
Selected baseline BN: 1

===================================================
Dataset: agentbn_train_subset_2.csv
===================================================
Accuracy: 78.48 %
Total: 330
Successes: 259
Failures: 71

Candidate 1: Accuracy = 0.7848, Failures = 71, Successes = 259

===================================================
Dataset: agentbn_train_subset_2.csv
===================================================
Accuracy: 78.18 %
Total: 330
Successes: 258
Failures: 72

Candidate 2: Accuracy = 0.7818, Failures = 72, Successes = 258

===================================================
Dataset: agentbn_train_subset_2.csv
===================================================
Accuracy: 77.88 %
Total: 330
Successes: 257
Failures: 73

Candidate 3: Accuracy = 0.7788, Failures = 73, Successes = 257

========================================
BEST REFINEMENT CANDIDATE
========================================
Candidate: 1
Modified CPTs: ['BP']
Accuracy: 0.7848
Failures: 71
Successes: 259

===================================================
Dataset: agentbn_train_subset_2.csv
===================================================
Accuracy: 78.48 %
Total: 330
Successes: 259
Failures: 71
Removed 1 record(s) with bn_number=4
Valid response received on attempt 1.
Selected baseline BN: 1

===================================================
Dataset: agentbn_train_subset_2.csv
===================================================
Accuracy: 78.48 %
Total: 330
Successes: 259
Failures: 71

Candidate 1: Accuracy = 0.7848, Failures = 71, Successes = 259

===================================================
Dataset: agentbn_train_subset_2.csv
===================================================
Accuracy: 78.18 %
Total: 330
Successes: 258
Failures: 72

Candidate 2: Accuracy = 0.7818, Failures = 72, Successes = 258

===================================================
Dataset: agentbn_train_subset_2.csv
===================================================
Accuracy: 77.88 %
Total: 330
Successes: 257
Failures: 73

Candidate 3: Accuracy = 0.7788, Failures = 73, Successes = 257

========================================
BEST REFINEMENT CANDIDATE
========================================
Candidate: 1
Modified CPTs: ['BP']
Accuracy: 0.7848
Failures: 71
Successes: 259

===================================================
Dataset: agentbn_train_subset_2.csv
===================================================
Accuracy: 78.48 %
Total: 330
Successes: 259
Failures: 71
Removed 1 record(s) with bn_number=4
Valid response received on attempt 1.
Selected baseline BN: 1

===================================================
Dataset: agentbn_train_subset_2.csv
===================================================
Accuracy: 78.48 %
Total: 330
Successes: 259
Failures: 71

Candidate 1: Accuracy = 0.7848, Failures = 71, Successes = 259

===================================================
Dataset: agentbn_train_subset_2.csv
===================================================
Accuracy: 78.18 %
Total: 330
Successes: 258
Failures: 72

Candidate 2: Accuracy = 0.7818, Failures = 72, Successes = 258

===================================================
Dataset: agentbn_train_subset_2.csv
===================================================
Accuracy: 77.88 %
Total: 330
Successes: 257
Failures: 73

Candidate 3: Accuracy = 0.7788, Failures = 73, Successes = 257

========================================
BEST REFINEMENT CANDIDATE
========================================
Candidate: 1
Modified CPTs: ['BP']
Accuracy: 0.7848
Failures: 71
Successes: 259

===================================================
Dataset: agentbn_train_subset_2.csv
===================================================
Accuracy: 78.48 %
Total: 330
Successes: 259
Failures: 71

No improvement after 3 retries. Selecting best retry candidate (accuracy=78.48%).
Removed 1 record(s) with bn_number=4
Continuing with retry candidate (accuracy=78.48%).

===================================================
Dataset: agentbn_train_subset_2.csv
===================================================
Accuracy: 75.15 %
Total: 330
Successes: 248
Failures: 82

===================================================
Dataset: agentbn_train_subset_2.csv
===================================================
Accuracy: 78.48 %
Total: 330
Successes: 259
Failures: 71

===================================================
Dataset: agentbn_train_subset_2.csv
===================================================
Accuracy: 78.48 %
Total: 330
Successes: 259
Failures: 71

===================================================
Dataset: agentbn_train_subset_2.csv
===================================================
Accuracy: 78.48 %
Total: 330
Successes: 259
Failures: 71

===================================================
Dataset: agentbn_train_subset_2.csv
===================================================
Accuracy: 78.48 %
Total: 330
Successes: 259
Failures: 71


Best BN Number: 4
Best BN Accuracy: 0.7848484848484848
Saved CPT identity comparison to /home/shamim_ist/AgentBN/workspace/alarm/cpt_comparison_analysis.json
BN number: 4
Agent change verdict: poor
Expected changed CPTs: ['HYPOVOLEMIA', 'LVEDVOLUME']
Agent changed CPTs: ['BP', 'STROKEVOLUME']
Unexpected changed CPTs: ['BP', 'STROKEVOLUME']
{'bn_number': 4, 'agent_changed_cpt_count': 2, 'agent_changed_cpts': ['BP', 'STROKEVOLUME'], 'agent_change_report': {'verdict': 'poor', 'total_cpts': 37, 'expected_changed_count': 2, 'expected_changed_cpts': ['HYPOVOLEMIA', 'LVEDVOLUME'], 'agent_changed_count': 2, 'agent_changed_cpts': ['BP', 'STROKEVOLUME'], 'matched_expected_count': 0, 'matched_expected_cpts': [], 'missed_expected_count': 2, 'missed_expected_cpts': ['HYPOVOLEMIA', 'LVEDVOLUME'], 'unexpected_changed_count': 2, 'unexpected_changed_cpts': ['BP', 'STROKEVOLUME'], 'unflawed_cpt_count': 35, 'untouched_unflawed_count': 33, 'untouched_unflawed_cpts': ['ANAPHYLAXIS', 'ARTCO2', 'CATECHOL', 'CO', 'CVP', 'DISCONNECT', 'ERRCAUTER', 'ERRLOWOUTPUT', 'EXPCO2', 'FIO2', 'HISTORY', 'HR', 'HRBP', 'HREKG', 'HRSAT', 'INSUFFANESTH', 'INTUBATION', 'KINKEDTUBE', 'LVFAILURE', 'MINVOL', 'MINVOLSET', 'PAP', 'PCWP', 'PRESS', 'PULMEMBOLUS', 'PVSAT', 'SAO2', 'SHUNT', 'TPR', 'VENTALV', 'VENTLUNG', 'VENTMACH', 'VENTTUBE'], 'expected_change_recall': 0.0, 'unexpected_change_rate': 0.0571, 'unflawed_preservation_rate': 0.9429}}
======================================================================
BP                             0.00222720
  Column 1:
    Flawed : [0.98 0.01 0.01]
    Prop   : [0.94 0.04 0.02]
    GT     : [0.98 0.01 0.01]
----------------------------------------------------------------------
HYPOVOLEMIA                    0.07144859
  Column 0:
    Flawed : [0.08 0.92]
    Prop   : [0.08 0.92]
    GT     : [0.2 0.8]
----------------------------------------------------------------------
LVEDVOLUME                     0.14659557
  Column 0:
    Flawed : [0.65 0.33 0.02]
    Prop   : [0.65 0.33 0.02]
    GT     : [0.95 0.04 0.01]
  Column 2:
    Flawed : [0.68 0.3  0.02]
    Prop   : [0.68 0.3  0.02]
    GT     : [0.98 0.01 0.01]
----------------------------------------------------------------------
STROKEVOLUME                   0.05730376
  Column 1:
    Flawed : [0.5  0.49 0.01]
    Prop   : [0.8  0.19 0.01]
    GT     : [0.5  0.49 0.01]
----------------------------------------------------------------------
======================================================================
Overall Average CPT KL = 0.00373288
======================================================================
BP                             RMSE = 0.00981307
  Column 1:
    Flawed : [0.98 0.01 0.01]
    Prop   : [0.94 0.04 0.02]
    GT     : [0.98 0.01 0.01]
----------------------------------------------------------------------
HYPOVOLEMIA                    RMSE = 0.12000000
  Column 0:
    Flawed : [0.08 0.92]
    Prop   : [0.08 0.92]
    GT     : [0.2 0.8]
----------------------------------------------------------------------
LVEDVOLUME                     RMSE = 0.17039171
  Column 0:
    Flawed : [0.65 0.33 0.02]
    Prop   : [0.65 0.33 0.02]
    GT     : [0.95 0.04 0.01]
  Column 2:
    Flawed : [0.68 0.3  0.02]
    Prop   : [0.68 0.3  0.02]
    GT     : [0.98 0.01 0.01]
----------------------------------------------------------------------
STROKEVOLUME                   RMSE = 0.12247449
  Column 1:
    Flawed : [0.5  0.49 0.01]
    Prop   : [0.8  0.19 0.01]
    GT     : [0.5  0.49 0.01]
----------------------------------------------------------------------
======================================================================
Overall CPT RMSE = 0.02728397
======================================================================
BP                             Hellinger = 0.00865399
  Column 1:
    Flawed : [0.98 0.01 0.01]
    Prop   : [0.94 0.04 0.02]
    GT     : [0.98 0.01 0.01]
----------------------------------------------------------------------
HYPOVOLEMIA                    Hellinger = 0.12491785
  Column 0:
    Flawed : [0.08 0.92]
    Prop   : [0.08 0.92]
    GT     : [0.2 0.8]
----------------------------------------------------------------------
LVEDVOLUME                     Hellinger = 0.15764108
  Column 0:
    Flawed : [0.65 0.33 0.02]
    Prop   : [0.65 0.33 0.02]
    GT     : [0.95 0.04 0.01]
  Column 2:
    Flawed : [0.68 0.3  0.02]
    Prop   : [0.68 0.3  0.02]
    GT     : [0.98 0.01 0.01]
----------------------------------------------------------------------
STROKEVOLUME                   Hellinger = 0.05723938
  Column 1:
    Flawed : [0.5  0.49 0.01]
    Prop   : [0.8  0.19 0.01]
    GT     : [0.5  0.49 0.01]
----------------------------------------------------------------------
======================================================================
Overall Average Hellinger = 0.00437171
###------------------------------###

Restart 2 finished.
###------------------------------###
Restart: 0
BN keys: dict_keys(['edges', 'nodes'])
Evaluating restart 0

===================================================
Dataset: agentbn_train_subset_2.csv
===================================================
Accuracy: 96.67 %
Total: 330
Successes: 319
Failures: 11
Restart: 1
BN keys: dict_keys(['edges', 'nodes'])
Evaluating restart 1

===================================================
Dataset: agentbn_train_subset_2.csv
===================================================
Accuracy: 78.48 %
Total: 330
Successes: 259
Failures: 71
Restart: 2
BN keys: dict_keys(['edges', 'nodes'])
Evaluating restart 2

===================================================
Dataset: agentbn_train_subset_2.csv
===================================================
Accuracy: 78.48 %
Total: 330
Successes: 259
Failures: 71

===================================
BEST RESTART
===================================
Restart: 0
Train Accuracy: 0.9666666666666667

===================================================
Dataset: /home/shamim_ist/AgentBN/datasets/alarm/combined_test_scenarios.csv
===================================================
Accuracy: 96.95 %
Total: 328
Successes: 318
Failures: 10
Test Accuracy: 0.9695121951219512
Test Failures:      Scenario      Prediction  Confidence    Ground Truth                                                                   Posterior  Success
18         19  No_Hypovolemia    0.705239     Hypovolemia  {'Hypovolemia': 0.29476077058027156, 'No_Hypovolemia': 0.7052392294197284}    False
67         68     Hypovolemia    0.516175  No_Hypovolemia  {'Hypovolemia': 0.5161753464585832, 'No_Hypovolemia': 0.48382465354141674}    False
72         73  No_Hypovolemia    0.703700     Hypovolemia   {'Hypovolemia': 0.2962996559804856, 'No_Hypovolemia': 0.7037003440195145}    False
130       131  No_Hypovolemia    0.711137     Hypovolemia   {'Hypovolemia': 0.2888625055369925, 'No_Hypovolemia': 0.7111374944630076}    False
160       161  No_Hypovolemia    0.511146  No_Hypovolemia  {'Hypovolemia': 0.48885435595951165, 'No_Hypovolemia': 0.5111456440404882}    False
185       186     Hypovolemia    0.519049  No_Hypovolemia   {'Hypovolemia': 0.5190485340651311, 'No_Hypovolemia': 0.4809514659348689}    False
221       222  No_Hypovolemia    0.506058  No_Hypovolemia  {'Hypovolemia': 0.49394208470223483, 'No_Hypovolemia': 0.5060579152977652}    False
293       294     Hypovolemia    0.518692  No_Hypovolemia  {'Hypovolemia': 0.5186924287177781, 'No_Hypovolemia': 0.48130757128222196}    False
295       296  No_Hypovolemia    0.699150     Hypovolemia  {'Hypovolemia': 0.30084985102425715, 'No_Hypovolemia': 0.6991501489757428}    False
324       325     Hypovolemia    0.515959  No_Hypovolemia   {'Hypovolemia': 0.5159586783216196, 'No_Hypovolemia': 0.4840413216783805}    False
Stored final AgentBN for subset 2 in /home/shamim_ist/AgentBN/workspace/alarm/agentbn_subset_bns.jsonl
Saved CPT identity comparison to /home/shamim_ist/AgentBN/workspace/alarm/cpt_comparison_analysis.json
BN number: None
Agent change verdict: good
Expected changed CPTs: ['HYPOVOLEMIA', 'LVEDVOLUME']
Agent changed CPTs: ['CVP', 'LVEDVOLUME', 'STROKEVOLUME']
Unexpected changed CPTs: ['CVP', 'STROKEVOLUME']
{'bn_number': None, 'agent_changed_cpt_count': 3, 'agent_changed_cpts': ['CVP', 'LVEDVOLUME', 'STROKEVOLUME'], 'agent_change_report': {'verdict': 'good', 'total_cpts': 37, 'expected_changed_count': 2, 'expected_changed_cpts': ['HYPOVOLEMIA', 'LVEDVOLUME'], 'agent_changed_count': 3, 'agent_changed_cpts': ['CVP', 'LVEDVOLUME', 'STROKEVOLUME'], 'matched_expected_count': 1, 'matched_expected_cpts': ['LVEDVOLUME'], 'missed_expected_count': 1, 'missed_expected_cpts': ['HYPOVOLEMIA'], 'unexpected_changed_count': 2, 'unexpected_changed_cpts': ['CVP', 'STROKEVOLUME'], 'unflawed_cpt_count': 35, 'untouched_unflawed_count': 33, 'untouched_unflawed_cpts': ['ANAPHYLAXIS', 'ARTCO2', 'BP', 'CATECHOL', 'CO', 'DISCONNECT', 'ERRCAUTER', 'ERRLOWOUTPUT', 'EXPCO2', 'FIO2', 'HISTORY', 'HR', 'HRBP', 'HREKG', 'HRSAT', 'INSUFFANESTH', 'INTUBATION', 'KINKEDTUBE', 'LVFAILURE', 'MINVOL', 'MINVOLSET', 'PAP', 'PCWP', 'PRESS', 'PULMEMBOLUS', 'PVSAT', 'SAO2', 'SHUNT', 'TPR', 'VENTALV', 'VENTLUNG', 'VENTMACH', 'VENTTUBE'], 'expected_change_recall': 0.5, 'unexpected_change_rate': 0.0571, 'unflawed_preservation_rate': 0.9429}}
======================================================================
CVP                            0.00324566
  Column 2:
    Flawed : [0.01 0.29 0.7 ]
    Prop   : [0.03 0.27 0.7 ]
    GT     : [0.01 0.29 0.7 ]
----------------------------------------------------------------------
HYPOVOLEMIA                    0.07144859
  Column 0:
    Flawed : [0.08 0.92]
    Prop   : [0.08 0.92]
    GT     : [0.2 0.8]
----------------------------------------------------------------------
LVEDVOLUME                     0.54996765
  Column 0:
    Flawed : [0.65 0.33 0.02]
    Prop   : [0.65 0.33 0.02]
    GT     : [0.95 0.04 0.01]
  Column 2:
    Flawed : [0.68 0.3  0.02]
    Prop   : [0.68 0.3  0.02]
    GT     : [0.98 0.01 0.01]
  Column 3:
    Flawed : [0.05 0.9  0.05]
    Prop   : [0.85 0.14 0.01]
    GT     : [0.05 0.9  0.05]
----------------------------------------------------------------------
STROKEVOLUME                   0.01197329
  Column 1:
    Flawed : [0.5  0.49 0.01]
    Prop   : [0.65 0.34 0.01]
    GT     : [0.5  0.49 0.01]
----------------------------------------------------------------------
======================================================================
Overall Average CPT KL = 0.00958415
======================================================================
CVP                            RMSE = 0.00942809
  Column 2:
    Flawed : [0.01 0.29 0.7 ]
    Prop   : [0.03 0.27 0.7 ]
    GT     : [0.01 0.29 0.7 ]
----------------------------------------------------------------------
HYPOVOLEMIA                    RMSE = 0.12000000
  Column 0:
    Flawed : [0.08 0.92]
    Prop   : [0.08 0.92]
    GT     : [0.2 0.8]
----------------------------------------------------------------------
LVEDVOLUME                     RMSE = 0.36143234
  Column 0:
    Flawed : [0.65 0.33 0.02]
    Prop   : [0.65 0.33 0.02]
    GT     : [0.95 0.04 0.01]
  Column 2:
    Flawed : [0.68 0.3  0.02]
    Prop   : [0.68 0.3  0.02]
    GT     : [0.98 0.01 0.01]
  Column 3:
    Flawed : [0.05 0.9  0.05]
    Prop   : [0.85 0.14 0.01]
    GT     : [0.05 0.9  0.05]
----------------------------------------------------------------------
STROKEVOLUME                   RMSE = 0.06123724
  Column 1:
    Flawed : [0.5  0.49 0.01]
    Prop   : [0.65 0.34 0.01]
    GT     : [0.5  0.49 0.01]
----------------------------------------------------------------------
======================================================================
Overall CPT RMSE = 0.04673090
======================================================================
CVP                            Hellinger = 0.01782046
  Column 2:
    Flawed : [0.01 0.29 0.7 ]
    Prop   : [0.03 0.27 0.7 ]
    GT     : [0.01 0.29 0.7 ]
----------------------------------------------------------------------
HYPOVOLEMIA                    Hellinger = 0.12491785
  Column 0:
    Flawed : [0.08 0.92]
    Prop   : [0.08 0.92]
    GT     : [0.2 0.8]
----------------------------------------------------------------------
LVEDVOLUME                     Hellinger = 0.31898684
  Column 0:
    Flawed : [0.65 0.33 0.02]
    Prop   : [0.65 0.33 0.02]
    GT     : [0.95 0.04 0.01]
  Column 2:
    Flawed : [0.68 0.3  0.02]
    Prop   : [0.68 0.3  0.02]
    GT     : [0.98 0.01 0.01]
  Column 3:
    Flawed : [0.05 0.9  0.05]
    Prop   : [0.85 0.14 0.01]
    GT     : [0.05 0.9  0.05]
----------------------------------------------------------------------
STROKEVOLUME                   Hellinger = 0.02709434
  Column 1:
    Flawed : [0.5  0.49 0.01]
    Prop   : [0.65 0.34 0.01]
    GT     : [0.5  0.49 0.01]
----------------------------------------------------------------------
======================================================================
Overall Average Hellinger = 0.00643088
###------------------------------###

Pipeline finished.
###------------------------------###
